 gmcl_navigation_win32

 Timestamp is 50de2476 (Fri Dec 28 18:00:06 2012)

 Preferred load address is 10000000

 Start         Length     Name                   Class
 0001:00000000 0002b84aH .text                   CODE
 0001:0002b850 00000d9aH .text$x                 CODE
 0001:0002c5f0 0000098aH .text$yc                CODE
 0001:0002cf80 000000b8H .text$yd                CODE
 0002:00000000 00000180H .idata$5                DATA
 0002:00000180 00000004H .CRT$XCA                DATA
 0002:00000184 0000015cH .CRT$XCU                DATA
 0002:000002e0 00000004H .CRT$XCZ                DATA
 0002:000002e4 00000004H .CRT$XIA                DATA
 0002:000002e8 00000014H .CRT$XIC                DATA
 0002:000002fc 00000004H .CRT$XIU                DATA
 0002:00000300 00000004H .CRT$XIZ                DATA
 0002:00000304 00000004H .CRT$XLA                DATA
 0002:00000308 00000004H .CRT$XLC                DATA
 0002:0000030c 00000004H .CRT$XLZ                DATA
 0002:00000310 00000004H .CRT$XPA                DATA
 0002:00000314 00000008H .CRT$XPX                DATA
 0002:0000031c 00000004H .CRT$XPXA               DATA
 0002:00000320 00000004H .CRT$XPZ                DATA
 0002:00000324 00000004H .CRT$XTA                DATA
 0002:00000328 00000004H .CRT$XTU                DATA
 0002:0000032c 00000004H .CRT$XTZ                DATA
 0002:00000330 0000d958H .rdata                  DATA
 0002:0000dc88 00000018H .rdata$T                DATA
 0002:0000dca0 0000008cH .rdata$debug            DATA
 0002:0000dd2c 00000f59H .rdata$r                DATA
 0002:0000ec90 00000150H .rdata$sxdata           DATA
 0002:0000ede0 00000004H .rtc$IAA                DATA
 0002:0000ede4 00000004H .rtc$IZZ                DATA
 0002:0000ede8 00000004H .rtc$TAA                DATA
 0002:0000edec 00000004H .rtc$TZZ                DATA
 0002:0000edf0 00001b78H .xdata$x                DATA
 0002:00010968 00000028H .idata$2                DATA
 0002:00010990 00000014H .idata$3                DATA
 0002:000109a4 00000180H .idata$4                DATA
 0002:00010b24 000006eaH .idata$6                DATA
 0002:00011210 00000089H .edata                  DATA
 0003:00000000 00002678H .data                   DATA
 0003:00002680 0000a1b8H .bss                    DATA
 0004:00000000 00000001H .tls                    DATA
 0004:00000001 00000001H .tls$ZZZ                DATA
 0005:00000000 00000058H .rsrc$01                DATA
 0005:00000060 00000180H .rsrc$02                DATA

  Address         Publics by Value              Rva+Base       Lib:Object

 0000:00000000       __except_list              00000000     <absolute>
 0000:00000054       ___safe_se_handler_count   00000054     <absolute>
 0000:00000000       ___ImageBase               10000000     <linker-defined>
 0001:00000000       ??2@YAPAXIPAX@Z            10001000 f i ILuaInterface.obj
 0001:00000008       ?UtlMemory_CalcNewAllocationCount@@YAHHHHH@Z 10001008 f i ILuaInterface.obj
 0001:0000004d       ??0Vector2D@@QAE@MM@Z      1000104d f i ILuaInterface.obj
 0001:00000074       ??_H@YGXPAXIHP6EPAX0@Z@Z   10001074 f i ILuaInterface.obj
 0001:00000095       ?V_memmove@@YAXPAXPBXH@Z   10001095 f i ILuaInterface.obj
 0001:000000ab       ??0ILuaInterface@@QAE@PAUlua_State@@@Z 100010ab f   ILuaInterface.obj
 0001:00000250       ??1ILuaInterface@@QAE@XZ   10001250 f   ILuaInterface.obj
 0001:00000285       ?GetNewTable@ILuaInterface@@QAEPAVILuaObject@@XZ 10001285 f   ILuaInterface.obj
 0001:00000310       ?NewTable@ILuaInterface@@QAEXXZ 10001310 f   ILuaInterface.obj
 0001:0000032a       ?PushUserData@ILuaInterface@@QAEXPAVILuaObject@@PAXE@Z 1000132a f   ILuaInterface.obj
 0001:000003d3       ?Error@ILuaInterface@@QAAXPBDZZ 100013d3 f   ILuaInterface.obj
 0001:00000432       ?ErrorNoHalt@ILuaInterface@@QAAXPBDZZ 10001432 f   ILuaInterface.obj
 0001:000004af       ?GetGlobal@ILuaInterface@@QAEPAVILuaObject@@PBD@Z 100014af f   ILuaInterface.obj
 0001:00000579       ?SetGlobal@ILuaInterface@@QAEXPBDPAVILuaObject@@@Z 10001579 f   ILuaInterface.obj
 0001:000005de       ?GetObject@ILuaInterface@@QAEPAVILuaObject@@H@Z 100015de f   ILuaInterface.obj
 0001:0000067d       ?GetString@ILuaInterface@@QAEPBDHPAI@Z 1000167d f   ILuaInterface.obj
 0001:0000069f       ?GetInteger@ILuaInterface@@QAEHH@Z 1000169f f   ILuaInterface.obj
 0001:000006c3       ?GetNumber@ILuaInterface@@QAENH@Z 100016c3 f   ILuaInterface.obj
 0001:000006e2       ?GetBool@ILuaInterface@@QAE_NH@Z 100016e2 f   ILuaInterface.obj
 0001:00000701       ?GetUserData@ILuaInterface@@QAEPAXH@Z 10001701 f   ILuaInterface.obj
 0001:00000729       ?DeleteLuaVector@ILuaInterface@@QAEXPAV?$CUtlVector@ULuaKeyValue@@V?$CUtlMemory@ULuaKeyValue@@H@@@@@Z 10001729 f   ILuaInterface.obj
 0001:000007ac       ??_G?$CUtlVector@ULuaKeyValue@@V?$CUtlMemory@ULuaKeyValue@@H@@@@QAEPAXI@Z 100017ac f i ILuaInterface.obj
 0001:000007d3       ?GetReference@ILuaInterface@@QAEHH@Z 100017d3 f   ILuaInterface.obj
 0001:0000080c       ?FreeReference@ILuaInterface@@QAEXH@Z 1000180c f   ILuaInterface.obj
 0001:0000082e       ?PushReference@ILuaInterface@@QAEXH@Z 1000182e f   ILuaInterface.obj
 0001:00000850       ?Pop@ILuaInterface@@QAEXH@Z 10001850 f   ILuaInterface.obj
 0001:0000086f       ?Push@ILuaInterface@@QAEXPAVILuaObject@@@Z 1000186f f   ILuaInterface.obj
 0001:00000882       ?Push@ILuaInterface@@QAEXPBDI@Z 10001882 f   ILuaInterface.obj
 0001:000008a4       ?Push@ILuaInterface@@QAEX_N@Z 100018a4 f   ILuaInterface.obj
 0001:000008c3       ?Push@ILuaInterface@@QAEXP6AHPAUlua_State@@@Z@Z 100018c3 f   ILuaInterface.obj
 0001:000008e5       ?Push@ILuaInterface@@QAEXM@Z 100018e5 f   ILuaInterface.obj
 0001:0000090d       ?CheckType@ILuaInterface@@QAEXHH@Z 1000190d f   ILuaInterface.obj
 0001:0000092f       ?GetType@ILuaInterface@@QAEHH@Z 1000192f f   ILuaInterface.obj
 0001:00000951       ?GetReturn@ILuaInterface@@QAEPAVILuaObject@@H@Z 10001951 f   ILuaInterface.obj
 0001:00000967       ?Call@ILuaInterface@@QAEXHH@Z 10001967 f   ILuaInterface.obj
 0001:00000989       ?GetMetaTable@ILuaInterface@@QAEPAVILuaObject@@PBDH@Z 10001989 f   ILuaInterface.obj
 0001:00000a28       ??$vsprintf_s@$0EAA@@@YAHAAY0EAA@DPBDPAD@Z 10001a28 f i ILuaInterface.obj
 0001:00000a43       ??0?$CUtlVector@ULuaKeyValue@@V?$CUtlMemory@ULuaKeyValue@@H@@@@QAE@HH@Z 10001a43 f i ILuaInterface.obj
 0001:00000aa0       ??1?$CUtlVector@ULuaKeyValue@@V?$CUtlMemory@ULuaKeyValue@@H@@@@QAE@XZ 10001aa0 f i ILuaInterface.obj
 0001:00000aeb       ?Element@?$CUtlVector@ULuaKeyValue@@V?$CUtlMemory@ULuaKeyValue@@H@@@@QAEAAULuaKeyValue@@H@Z 10001aeb f i ILuaInterface.obj
 0001:00000b01       ?Head@?$CUtlLinkedList@UAirSeedSpot@@H$0A@HV?$CUtlMemory@U?$UtlLinkedListElem_t@UAirSeedSpot@@H@@H@@@@QBEHXZ 10001b01 f i nav.obj
 0001:00000b01       ?Count@?$CUtlVector@ULuaKeyValue@@V?$CUtlMemory@ULuaKeyValue@@H@@@@QBEHXZ 10001b01 f i ILuaInterface.obj
 0001:00000b01       ?Head@?$CUtlLinkedList@UGroundSeedSpot@@H$0A@HV?$CUtlMemory@U?$UtlLinkedListElem_t@UGroundSeedSpot@@H@@H@@@@QBEHXZ 10001b01 f i nav.obj
 0001:00000b01       ?Size@?$CUtlVector@PAVNode@@V?$CUtlMemory@PAVNode@@H@@@@QBEHXZ 10001b01 f i main.obj
 0001:00000b01       ?Count@?$CUtlVector@PAVNode@@V?$CUtlMemory@PAVNode@@H@@@@QBEHXZ 10001b01 f i main.obj
 0001:00000b01       ?Count@?$CUtlVector@PAUBorder@@V?$CUtlMemory@PAUBorder@@H@@@@QBEHXZ 10001b01 f i nav.obj
 0001:00000b01       ?Size@?$CUtlVector@PAUJobInfo_t@@V?$CUtlMemory@PAUJobInfo_t@@H@@@@QBEHXZ 10001b01 f i main.obj
 0001:00000b10       ?AddToTail@?$CUtlVector@ULuaKeyValue@@V?$CUtlMemory@ULuaKeyValue@@H@@@@QAEHABULuaKeyValue@@@Z 10001b10 f i ILuaInterface.obj
 0001:00000b2c       ?ResetDbgInfo@?$CUtlVector@PAUBorder@@V?$CUtlMemory@PAUBorder@@H@@@@IAEXXZ 10001b2c f i nav.obj
 0001:00000b2c       ?ResetDbgInfo@?$CUtlVector@PAUJobInfo_t@@V?$CUtlMemory@PAUJobInfo_t@@H@@@@IAEXXZ 10001b2c f i main.obj
 0001:00000b2c       ?ResetDbgInfo@?$CUtlVector@PAVNode@@V?$CUtlMemory@PAVNode@@H@@@@IAEXXZ 10001b2c f i main.obj
 0001:00000b2c       ?ResetDbgInfo@?$CUtlVector@ULuaKeyValue@@V?$CUtlMemory@ULuaKeyValue@@H@@@@IAEXXZ 10001b2c f i ILuaInterface.obj
 0001:00000b43       ?Base@?$CUtlVector@ULuaKeyValue@@V?$CUtlMemory@ULuaKeyValue@@H@@@@QAEPAULuaKeyValue@@XZ 10001b43 f i ILuaInterface.obj
 0001:00000b43       ?Base@?$CUtlVector@PAUJobInfo_t@@V?$CUtlMemory@PAUJobInfo_t@@H@@@@QAEPAPAUJobInfo_t@@XZ 10001b43 f i main.obj
 0001:00000b43       ?Base@?$CUtlVector@PAUBorder@@V?$CUtlMemory@PAUBorder@@H@@@@QAEPAPAUBorder@@XZ 10001b43 f i nav.obj
 0001:00000b43       ?Base@?$CUtlVector@PAVNode@@V?$CUtlMemory@PAVNode@@H@@@@QAEPAPAVNode@@XZ 10001b43 f i main.obj
 0001:00000b54       ?InsertBefore@?$CUtlVector@ULuaKeyValue@@V?$CUtlMemory@ULuaKeyValue@@H@@@@QAEHHABULuaKeyValue@@@Z 10001b54 f i ILuaInterface.obj
 0001:00000b8f       ?Purge@?$CUtlVector@ULuaKeyValue@@V?$CUtlMemory@ULuaKeyValue@@H@@@@QAEXXZ 10001b8f f i ILuaInterface.obj
 0001:00000bb0       ??0?$CUtlMemory@ULuaKeyValue@@H@@QAE@HH@Z 10001bb0 f i ILuaInterface.obj
 0001:00000c0a       ??1?$CUtlMemory@ULuaKeyValue@@H@@QAE@XZ 10001c0a f i ILuaInterface.obj
 0001:00000c0a       ??1?$CUtlMemory@PAUJobInfo_t@@H@@QAE@XZ 10001c0a f i main.obj
 0001:00000c0a       ??1?$CUtlMemory@U?$UtlLinkedListElem_t@UAirSeedSpot@@H@@H@@QAE@XZ 10001c0a f i nav.obj
 0001:00000c0a       ??1?$CUtlMemory@PAVNode@@H@@QAE@XZ 10001c0a f i main.obj
 0001:00000c0a       ??1?$CUtlMemory@U?$UtlLinkedListElem_t@UGroundSeedSpot@@H@@H@@QAE@XZ 10001c0a f i nav.obj
 0001:00000c0a       ??1?$CUtlMemory@PAUBorder@@H@@QAE@XZ 10001c0a f i nav.obj
 0001:00000c1b       ??A?$CUtlMemory@ULuaKeyValue@@H@@QAEAAULuaKeyValue@@H@Z 10001c1b f i ILuaInterface.obj
 0001:00000c31       ?_Mynode@?$_Tree_unchecked_const_iterator@V?$_Tree_val@U?$_Tree_simple_types@U?$pair@QBXUtss_data_node@detail@boost@@@std@@@std@@@std@@U_Iterator_base0@2@@std@@QBEPAU?$_Tree_node@U?$pair@QBXUtss_data_node@detail@boost@@@std@@PAX@2@XZ 10001c31 f i nav.obj
 0001:00000c31       ?get@?$refcount_ptr@Uerror_info_container@exception_detail@boost@@@exception_detail@boost@@QBEPAUerror_info_container@23@XZ 10001c31 f i main.obj
 0001:00000c31       ?value@error_condition@std@@QBEHXZ 10001c31 f i ILuaObject.obj
 0001:00000c31       ?as_number@?$int_adapter@I@date_time@boost@@QBEIXZ 10001c31 f i main.obj
 0001:00000c31       ?_Mynode@?$_Tree_unchecked_const_iterator@V?$_Tree_val@U?$_Tree_simple_types@U?$pair@QAUlua_State@@PAVILuaInterface@@@std@@@std@@@std@@U_Iterator_base0@2@@std@@QBEPAU?$_Tree_node@U?$pair@QAUlua_State@@PAVILuaInterface@@@std@@PAX@2@XZ 10001c31 f i ILuaModuleManager.obj
 0001:00000c31       ?Base@?$CUtlMemory@PAVNode@@H@@QAEPAPAVNode@@XZ 10001c31 f i main.obj
 0001:00000c31       ?day_number@date@gregorian@boost@@QBEIXZ 10001c31 f i main.obj
 0001:00000c31       ?value@error_code@system@boost@@QBEHXZ 10001c31 f i nav.obj
 0001:00000c31       ?Base@?$CUtlMemory@PAUBorder@@H@@QAEPAPAUBorder@@XZ 10001c31 f i nav.obj
 0001:00000c31       ?Base@?$CUtlMemory@U?$UtlLinkedListElem_t@UGroundSeedSpot@@H@@H@@QAEPAU?$UtlLinkedListElem_t@UGroundSeedSpot@@H@@XZ 10001c31 f i nav.obj
 0001:00000c31       ?Base@?$CUtlMemory@ULuaKeyValue@@H@@QAEPAULuaKeyValue@@XZ 10001c31 f i ILuaInterface.obj
 0001:00000c31       ?Base@?$CUtlMemory@U?$UtlLinkedListElem_t@UAirSeedSpot@@H@@H@@QAEPAU?$UtlLinkedListElem_t@UAirSeedSpot@@H@@XZ 10001c31 f i nav.obj
 0001:00000c31       ?Base@?$CUtlMemory@PAUJobInfo_t@@H@@QAEPAPAUJobInfo_t@@XZ 10001c31 f i main.obj
 0001:00000c31       ?value@error_code@std@@QBEHXZ 10001c31 f i ILuaObject.obj
 0001:00000c3f       ?ValidateGrowSize@?$CUtlMemory@PAUJobInfo_t@@H@@IAEXXZ 10001c3f f i main.obj
 0001:00000c3f       ?ValidateGrowSize@?$CUtlMemory@U?$UtlLinkedListElem_t@UGroundSeedSpot@@H@@H@@IAEXXZ 10001c3f f i nav.obj
 0001:00000c3f       ?ValidateGrowSize@?$CUtlMemory@PAUBorder@@H@@IAEXXZ 10001c3f f i nav.obj
 0001:00000c3f       ?ValidateGrowSize@?$CUtlMemory@U?$UtlLinkedListElem_t@UAirSeedSpot@@H@@H@@IAEXXZ 10001c3f f i nav.obj
 0001:00000c3f       ?_Orphan_all@_Container_base0@std@@QAEXXZ 10001c3f f i nav.obj
 0001:00000c3f       ?ValidateGrowSize@?$CUtlMemory@PAVNode@@H@@IAEXXZ 10001c3f f i main.obj
 0001:00000c3f       ?ValidateGrowSize@?$CUtlMemory@ULuaKeyValue@@H@@IAEXXZ 10001c3f f i ILuaInterface.obj
 0001:00000c3f       ??1ILuaObject@@QAE@XZ      10001c3f f i ILuaObject.obj
 0001:00000c48       ?RemoveAll@?$CUtlVector@ULuaKeyValue@@V?$CUtlMemory@ULuaKeyValue@@H@@@@QAEXXZ 10001c48 f i ILuaInterface.obj
 0001:00000c7f       ?GrowVector@?$CUtlVector@ULuaKeyValue@@V?$CUtlMemory@ULuaKeyValue@@H@@@@IAEXH@Z 10001c7f f i ILuaInterface.obj
 0001:00000cd4       ?ShiftElementsRight@?$CUtlVector@ULuaKeyValue@@V?$CUtlMemory@ULuaKeyValue@@H@@@@IAEXHH@Z 10001cd4 f i ILuaInterface.obj
 0001:00000d26       ??$CopyConstruct@ULuaKeyValue@@@@YAXPAULuaKeyValue@@ABU0@@Z 10001d26 f i ILuaInterface.obj
 0001:00000d5e       ?Purge@?$CUtlMemory@ULuaKeyValue@@H@@QAEXXZ 10001d5e f i ILuaInterface.obj
 0001:00000d5e       ?Purge@?$CUtlMemory@PAUJobInfo_t@@H@@QAEXXZ 10001d5e f i main.obj
 0001:00000d5e       ?Purge@?$CUtlMemory@PAVNode@@H@@QAEXXZ 10001d5e f i main.obj
 0001:00000d5e       ?Purge@?$CUtlMemory@U?$UtlLinkedListElem_t@UAirSeedSpot@@H@@H@@QAEXXZ 10001d5e f i nav.obj
 0001:00000d5e       ?Purge@?$CUtlMemory@U?$UtlLinkedListElem_t@UGroundSeedSpot@@H@@H@@QAEXXZ 10001d5e f i nav.obj
 0001:00000d5e       ?Purge@?$CUtlMemory@PAUBorder@@H@@QAEXXZ 10001d5e f i nav.obj
 0001:00000da4       ?throw_exception_assert_compatibility@boost@@YAXABVexception@std@@@Z 10001da4 f i main.obj
 0001:00000da4       ??$Destruct@UGroundSeedSpot@@@@YAXPAUGroundSeedSpot@@@Z 10001da4 f i nav.obj
 0001:00000da4       ??$Destruct@ULuaKeyValue@@@@YAXPAULuaKeyValue@@@Z 10001da4 f i ILuaInterface.obj
 0001:00000da4       ??3@YAXPAX0@Z              10001da4 f i ILuaModuleManager.obj
 0001:00000da4       ??$unused_var@W4dst_flags@date_time@boost@@@?$counted_time_system@U?$counted_time_rep@Vmillisec_posix_time_system_config@posix_time@boost@@@date_time@boost@@@date_time@boost@@SAXABW4dst_flags@12@@Z 10001da4 f i main.obj
 0001:00000da4       ??$Destruct@PAVNode@@@@YAXPAPAVNode@@@Z 10001da4 f i main.obj
 0001:00000da4       ??$Destruct@UAirSeedSpot@@@@YAXPAUAirSeedSpot@@@Z 10001da4 f i nav.obj
 0001:00000da4       ??$Destruct@PAUBorder@@@@YAXPAPAUBorder@@@Z 10001da4 f i nav.obj
 0001:00000da4       ??$Destruct@PAUJobInfo_t@@@@YAXPAPAUJobInfo_t@@@Z 10001da4 f i main.obj
 0001:00000da9       ?NumAllocated@?$CUtlMemory@PAUBorder@@H@@QBEHXZ 10001da9 f i nav.obj
 0001:00000da9       ?category@error_code@std@@QBEABVerror_category@2@XZ 10001da9 f i ILuaObject.obj
 0001:00000da9       ?size@?$_Tree@V?$_Tmap_traits@PAUlua_State@@PAVILuaInterface@@U?$less@PAUlua_State@@@std@@V?$allocator@U?$pair@QAUlua_State@@PAVILuaInterface@@@std@@@4@$0A@@std@@@std@@QBEIXZ 10001da9 f i ILuaModuleManager.obj
 0001:00000da9       ?category@error_condition@std@@QBEABVerror_category@2@XZ 10001da9 f i ILuaObject.obj
 0001:00000da9       ?NumAllocated@?$CUtlMemory@PAUJobInfo_t@@H@@QBEHXZ 10001da9 f i main.obj
 0001:00000da9       ?NumAllocated@?$CUtlMemory@PAVNode@@H@@QBEHXZ 10001da9 f i nav.obj
 0001:00000da9       ?NumAllocated@?$CUtlMemory@ULuaKeyValue@@H@@QBEHXZ 10001da9 f i ILuaInterface.obj
 0001:00000db8       ?Grow@?$CUtlMemory@ULuaKeyValue@@H@@QAEXH@Z 10001db8 f i ILuaInterface.obj
 0001:00000eb2       ?IsExternallyAllocated@?$CUtlMemory@U?$UtlLinkedListElem_t@UAirSeedSpot@@H@@H@@QBE_NXZ 10001eb2 f i nav.obj
 0001:00000eb2       ?IsExternallyAllocated@?$CUtlMemory@PAVNode@@H@@QBE_NXZ 10001eb2 f i main.obj
 0001:00000eb2       ?IsExternallyAllocated@?$CUtlMemory@PAUBorder@@H@@QBE_NXZ 10001eb2 f i nav.obj
 0001:00000eb2       ?IsExternallyAllocated@?$CUtlMemory@U?$UtlLinkedListElem_t@UGroundSeedSpot@@H@@H@@QBE_NXZ 10001eb2 f i nav.obj
 0001:00000eb2       ?IsExternallyAllocated@?$CUtlMemory@PAUJobInfo_t@@H@@QBE_NXZ 10001eb2 f i main.obj
 0001:00000eb2       ?IsExternallyAllocated@?$CUtlMemory@ULuaKeyValue@@H@@QBE_NXZ 10001eb2 f i ILuaInterface.obj
 0001:00000ed5       ??$destroy@PAD@?$allocator@D@std@@QAEXPAPAD@Z 10001ed5 f i ILuaObject.obj
 0001:00000ed5       ??$destroy@U?$pair@QAUlua_State@@PAVILuaInterface@@@std@@@?$allocator@U?$_Tree_node@U?$pair@QAUlua_State@@PAVILuaInterface@@@std@@PAX@std@@@std@@QAEXPAU?$pair@QAUlua_State@@PAVILuaInterface@@@1@@Z 10001ed5 f i ILuaModuleManager.obj
 0001:00000ed5       ??$destroy@PAU?$_Tree_node@U?$pair@QBXUtss_data_node@detail@boost@@@std@@PAX@std@@@?$allocator@U?$_Tree_node@U?$pair@QBXUtss_data_node@detail@boost@@@std@@PAX@std@@@std@@QAEXPAPAU?$_Tree_node@U?$pair@QBXUtss_data_node@detail@boost@@@std@@PAX@1@@Z 10001ed5 f i nav.obj
 0001:00000ed5       ??$destroy@PAU?$_Tree_node@U?$pair@QAUlua_State@@PAVILuaInterface@@@std@@PAX@std@@@?$allocator@U?$_Tree_node@U?$pair@QAUlua_State@@PAVILuaInterface@@@std@@PAX@std@@@std@@QAEXPAPAU?$_Tree_node@U?$pair@QAUlua_State@@PAVILuaInterface@@@std@@PAX@1@@Z 10001ed5 f i ILuaModuleManager.obj
 0001:00000ed5       ?_Adopt@_Iterator_base0@std@@QAEXPBX@Z 10001ed5 f i ILuaModuleManager.obj
 0001:00000ed5       ??$destroy@U?$pair@PAVcondition_variable@boost@@PAVmutex@2@@std@@@?$allocator@U?$pair@PAVcondition_variable@boost@@PAVmutex@2@@std@@@std@@QAEXPAU?$pair@PAVcondition_variable@boost@@PAVmutex@2@@1@@Z 10001ed5 f i nav.obj
 0001:00000ee0       ?CreateInterface@ILuaModuleManager@@QAEXPAUlua_State@@@Z 10001ee0 f   ILuaModuleManager.obj
 0001:00000f5b       ?DestroyInterface@ILuaModuleManager@@QAEXPAUlua_State@@@Z 10001f5b f   ILuaModuleManager.obj
 0001:00000fa7       ??_GILuaInterface@@QAEPAXI@Z 10001fa7 f i ILuaModuleManager.obj
 0001:00000fce       ?GetLuaInterface@ILuaModuleManager@@QAEPAVILuaInterface@@PAUlua_State@@@Z 10001fce f   ILuaModuleManager.obj
 0001:00000fe7       ??0ILuaModuleManager@@QAE@XZ 10001fe7 f i ILuaModuleManager.obj
 0001:00000ffb       ??0?$map@PAUlua_State@@PAVILuaInterface@@U?$less@PAUlua_State@@@std@@V?$allocator@U?$pair@QAUlua_State@@PAVILuaInterface@@@std@@@4@@std@@QAE@XZ 10001ffb f i ILuaModuleManager.obj
 0001:0000101d       ??A?$map@PAUlua_State@@PAVILuaInterface@@U?$less@PAUlua_State@@@std@@V?$allocator@U?$pair@QAUlua_State@@PAVILuaInterface@@@std@@@4@@std@@QAEAAPAVILuaInterface@@ABQAUlua_State@@@Z 1000201d f i ILuaModuleManager.obj
 0001:000010bf       ?erase@?$_Tree@V?$_Tmap_traits@PAUlua_State@@PAVILuaInterface@@U?$less@PAUlua_State@@@std@@V?$allocator@U?$pair@QAUlua_State@@PAVILuaInterface@@@std@@@4@$0A@@std@@@std@@QAEIABQAUlua_State@@@Z 100020bf f i ILuaModuleManager.obj
 0001:0000111d       ??0?$_Tree@V?$_Tmap_traits@PAUlua_State@@PAVILuaInterface@@U?$less@PAUlua_State@@@std@@V?$allocator@U?$pair@QAUlua_State@@PAVILuaInterface@@@std@@@4@$0A@@std@@@std@@QAE@ABU?$less@PAUlua_State@@@1@ABV?$allocator@U?$pair@QAUlua_State@@PAVILuaInterface@@@std@@@1@@Z 1000211d f i ILuaModuleManager.obj
 0001:00001139       ?end@?$_Tree@V?$_Tmap_traits@PBXUtss_data_node@detail@boost@@U?$less@PBX@std@@V?$allocator@U?$pair@QBXUtss_data_node@detail@boost@@@std@@@5@$0A@@std@@@std@@QAE?AV?$_Tree_iterator@V?$_Tree_val@U?$_Tree_simple_types@U?$pair@QBXUtss_data_node@detail@boost@@@std@@@std@@@std@@@2@XZ 10002139 f i nav.obj
 0001:00001139       ?end@?$_Tree@V?$_Tmap_traits@PAUlua_State@@PAVILuaInterface@@U?$less@PAUlua_State@@@std@@V?$allocator@U?$pair@QAUlua_State@@PAVILuaInterface@@@std@@@4@$0A@@std@@@std@@QAE?AV?$_Tree_iterator@V?$_Tree_val@U?$_Tree_simple_types@U?$pair@QAUlua_State@@PAVILuaInterface@@@std@@@std@@@std@@@2@XZ 10002139 f i ILuaModuleManager.obj
 0001:00001157       ?erase@?$_Tree@V?$_Tmap_traits@PAUlua_State@@PAVILuaInterface@@U?$less@PAUlua_State@@@std@@V?$allocator@U?$pair@QAUlua_State@@PAVILuaInterface@@@std@@@4@$0A@@std@@@std@@QAE?AV?$_Tree_iterator@V?$_Tree_val@U?$_Tree_simple_types@U?$pair@QAUlua_State@@PAVILuaInterface@@@std@@@std@@@std@@@2@V?$_Tree_const_iterator@V?$_Tree_val@U?$_Tree_simple_types@U?$pair@QAUlua_State@@PAVILuaInterface@@@std@@@std@@@std@@@2@0@Z 10002157 f i ILuaModuleManager.obj
 0001:000011f8       ?lower_bound@?$_Tree@V?$_Tmap_traits@PAUlua_State@@PAVILuaInterface@@U?$less@PAUlua_State@@@std@@V?$allocator@U?$pair@QAUlua_State@@PAVILuaInterface@@@std@@@4@$0A@@std@@@std@@QAE?AV?$_Tree_iterator@V?$_Tree_val@U?$_Tree_simple_types@U?$pair@QAUlua_State@@PAVILuaInterface@@@std@@@std@@@std@@@2@ABQAUlua_State@@@Z 100021f8 f i ILuaModuleManager.obj
 0001:0000121d       ?equal_range@?$_Tree@V?$_Tmap_traits@PAUlua_State@@PAVILuaInterface@@U?$less@PAUlua_State@@@std@@V?$allocator@U?$pair@QAUlua_State@@PAVILuaInterface@@@std@@@4@$0A@@std@@@std@@QAE?AU?$pair@V?$_Tree_iterator@V?$_Tree_val@U?$_Tree_simple_types@U?$pair@QAUlua_State@@PAVILuaInterface@@@std@@@std@@@std@@@std@@V12@@2@ABQAUlua_State@@@Z 1000221d f i ILuaModuleManager.obj
 0001:00001247       ?_Key@?$_Tree@V?$_Tmap_traits@PAUlua_State@@PAVILuaInterface@@U?$less@PAUlua_State@@@std@@V?$allocator@U?$pair@QAUlua_State@@PAVILuaInterface@@@std@@@4@$0A@@std@@@std@@IBEABQAUlua_State@@PAU?$_Tree_node@U?$pair@QAUlua_State@@PAVILuaInterface@@@std@@PAX@2@@Z 10002247 f i ILuaModuleManager.obj
 0001:00001264       ??R?$less@PAUlua_State@@@std@@QBE_NABQAUlua_State@@0@Z 10002264 f i ILuaModuleManager.obj
 0001:0000128c       ?_Getcomp@?$_Tree_comp@$0A@V?$_Tmap_traits@PAUlua_State@@PAVILuaInterface@@U?$less@PAUlua_State@@@std@@V?$allocator@U?$pair@QAUlua_State@@PAVILuaInterface@@@std@@@4@$0A@@std@@@std@@QBE?AU?$less@PAUlua_State@@@2@XZ 1000228c f i ILuaModuleManager.obj
 0001:0000129a       ??0?$arg@$02@boost@@QAE@XZ 1000229a f i main.obj
 0001:0000129a       ??0?$arg@$07@boost@@QAE@XZ 1000229a f i main.obj
 0001:0000129a       ??0?$allocator@D@std@@QAE@XZ 1000229a f i ILuaObject.obj
 0001:0000129a       ??0?$arg@$00@boost@@QAE@XZ 1000229a f i main.obj
 0001:0000129a       ??0?$allocator@U?$pair@QBXUtss_data_node@detail@boost@@@std@@@std@@QAE@XZ 1000229a f i nav.obj
 0001:0000129a       ??0?$arg@$08@boost@@QAE@XZ 1000229a f i main.obj
 0001:0000129a       ??0?$arg@$01@boost@@QAE@XZ 1000229a f i main.obj
 0001:0000129a       ??0?$allocator@U?$pair@PAVcondition_variable@boost@@PAVmutex@2@@std@@@std@@QAE@XZ 1000229a f i nav.obj
 0001:0000129a       ?get@?$value@PA_N@_bi@boost@@QAEAAPA_NXZ 1000229a f i nav.obj
 0001:0000129a       ??0?$arg@$03@boost@@QAE@XZ 1000229a f i main.obj
 0001:0000129a       ?get@?$value@PAVNode@@@_bi@boost@@QAEAAPAVNode@@XZ 1000229a f i nav.obj
 0001:0000129a       ?get@?$value@PAVNav@@@_bi@boost@@QAEAAPAVNav@@XZ 1000229a f i nav.obj
 0001:0000129a       ?GetPosition@Node@@QAEPBVVector@@XZ 1000229a f i node.obj
 0001:0000129a       ??0Vector@@QAE@XZ          1000229a f i main.obj
 0001:0000129a       ??0_Ignore@std@@QAE@XZ     1000229a f i main.obj
 0001:0000129a       ??0?$arg@$05@boost@@QAE@XZ 1000229a f i main.obj
 0001:0000129a       ?get@?$value@PAUJobInfo_t@@@_bi@boost@@QAEAAPAUJobInfo_t@@XZ 1000229a f i nav.obj
 0001:0000129a       ??0?$allocator@U?$_Tree_node@U?$pair@QAUlua_State@@PAVILuaInterface@@@std@@PAX@std@@@std@@QAE@XZ 1000229a f i ILuaModuleManager.obj
 0001:0000129a       ??0?$arg@$04@boost@@QAE@XZ 1000229a f i main.obj
 0001:0000129a       ??0?$allocator@U?$pair@QAUlua_State@@PAVILuaInterface@@@std@@@std@@QAE@XZ 1000229a f i ILuaModuleManager.obj
 0001:0000129a       ??0list0@_bi@boost@@QAE@XZ 1000229a f i nav.obj
 0001:0000129a       ??0?$allocator@U?$_Tree_node@U?$pair@QBXUtss_data_node@detail@boost@@@std@@PAX@std@@@std@@QAE@XZ 1000229a f i nav.obj
 0001:0000129a       ??0?$arg@$06@boost@@QAE@XZ 1000229a f i main.obj
 0001:000012a6       ??8?$_Tree_const_iterator@V?$_Tree_val@U?$_Tree_simple_types@U?$pair@QAUlua_State@@PAVILuaInterface@@@std@@@std@@@std@@@std@@QBE_NABV01@@Z 100022a6 f i ILuaModuleManager.obj
 0001:000012a6       ??8?$_Tree_const_iterator@V?$_Tree_val@U?$_Tree_simple_types@U?$pair@QBXUtss_data_node@detail@boost@@@std@@@std@@@std@@@std@@QBE_NABV01@@Z 100022a6 f i nav.obj
 0001:000012ce       ??C?$_Tree_iterator@V?$_Tree_val@U?$_Tree_simple_types@U?$pair@QAUlua_State@@PAVILuaInterface@@@std@@@std@@@std@@@std@@QBEPAU?$pair@QAUlua_State@@PAVILuaInterface@@@1@XZ 100022ce f i ILuaModuleManager.obj
 0001:000012e6       ?begin@?$_Tree@V?$_Tmap_traits@PBXUtss_data_node@detail@boost@@U?$less@PBX@std@@V?$allocator@U?$pair@QBXUtss_data_node@detail@boost@@@std@@@5@$0A@@std@@@std@@QAE?AV?$_Tree_iterator@V?$_Tree_val@U?$_Tree_simple_types@U?$pair@QBXUtss_data_node@detail@boost@@@std@@@std@@@std@@@2@XZ 100022e6 f i nav.obj
 0001:000012e6       ?begin@?$_Tree@V?$_Tmap_traits@PAUlua_State@@PAVILuaInterface@@U?$less@PAUlua_State@@@std@@V?$allocator@U?$pair@QAUlua_State@@PAVILuaInterface@@@std@@@4@$0A@@std@@@std@@QAE?AV?$_Tree_iterator@V?$_Tree_val@U?$_Tree_simple_types@U?$pair@QAUlua_State@@PAVILuaInterface@@@std@@@std@@@std@@@2@XZ 100022e6 f i ILuaModuleManager.obj
 0001:00001309       ?erase@?$_Tree@V?$_Tmap_traits@PAUlua_State@@PAVILuaInterface@@U?$less@PAUlua_State@@@std@@V?$allocator@U?$pair@QAUlua_State@@PAVILuaInterface@@@std@@@4@$0A@@std@@@std@@QAE?AV?$_Tree_iterator@V?$_Tree_val@U?$_Tree_simple_types@U?$pair@QAUlua_State@@PAVILuaInterface@@@std@@@std@@@std@@@2@V?$_Tree_const_iterator@V?$_Tree_val@U?$_Tree_simple_types@U?$pair@QAUlua_State@@PAVILuaInterface@@@std@@@std@@@std@@@2@@Z 10002309 f i ILuaModuleManager.obj
 0001:00001979       ?clear@?$_Tree@V?$_Tmap_traits@PAUlua_State@@PAVILuaInterface@@U?$less@PAUlua_State@@@std@@V?$allocator@U?$pair@QAUlua_State@@PAVILuaInterface@@@std@@@4@$0A@@std@@@std@@QAEXXZ 10002979 f i ILuaModuleManager.obj
 0001:000019c8       ?_Eqrange@?$_Tree@V?$_Tmap_traits@PAUlua_State@@PAVILuaInterface@@U?$less@PAUlua_State@@@std@@V?$allocator@U?$pair@QAUlua_State@@PAVILuaInterface@@@std@@@4@$0A@@std@@@std@@IAE?AU?$pair@V?$_Tree_iterator@V?$_Tree_val@U?$_Tree_simple_types@U?$pair@QAUlua_State@@PAVILuaInterface@@@std@@@std@@@std@@@std@@V12@@2@ABQAUlua_State@@@Z 100029c8 f i ILuaModuleManager.obj
 0001:00001b65       ?_Lbound@?$_Tree@V?$_Tmap_traits@PAUlua_State@@PAVILuaInterface@@U?$less@PAUlua_State@@@std@@V?$allocator@U?$pair@QAUlua_State@@PAVILuaInterface@@@std@@@4@$0A@@std@@@std@@IAEPAU?$_Tree_node@U?$pair@QAUlua_State@@PAVILuaInterface@@@std@@PAX@2@ABQAUlua_State@@@Z 10002b65 f i ILuaModuleManager.obj
 0001:00001be9       ?_Kfn@?$_Tree@V?$_Tmap_traits@PAUlua_State@@PAVILuaInterface@@U?$less@PAUlua_State@@@std@@V?$allocator@U?$pair@QAUlua_State@@PAVILuaInterface@@@std@@@4@$0A@@std@@@std@@IBEABQAUlua_State@@ABU?$pair@QAUlua_State@@PAVILuaInterface@@@2@@Z 10002be9 f i ILuaModuleManager.obj
 0001:00001bfd       ??0?$_Tree_comp@$0A@V?$_Tmap_traits@PAUlua_State@@PAVILuaInterface@@U?$less@PAUlua_State@@@std@@V?$allocator@U?$pair@QAUlua_State@@PAVILuaInterface@@@std@@@4@$0A@@std@@@std@@QAE@ABU?$less@PAUlua_State@@@1@ABV?$allocator@U?$pair@QAUlua_State@@PAVILuaInterface@@@std@@@1@@Z 10002bfd f i ILuaModuleManager.obj
 0001:00001c16       ?_Myval@?$_Tree_val@U?$_Tree_simple_types@U?$pair@QBXUtss_data_node@detail@boost@@@std@@@std@@@std@@SAAAU?$pair@QBXUtss_data_node@detail@boost@@@2@PAU?$_Tree_node@U?$pair@QBXUtss_data_node@detail@boost@@@std@@PAX@2@@Z 10002c16 f i nav.obj
 0001:00001c16       ?_Myval@?$_Tree_val@U?$_Tree_simple_types@U?$pair@QAUlua_State@@PAVILuaInterface@@@std@@@std@@@std@@SAAAU?$pair@QAUlua_State@@PAVILuaInterface@@@2@PAU?$_Tree_node@U?$pair@QAUlua_State@@PAVILuaInterface@@@std@@PAX@2@@Z 10002c16 f i ILuaModuleManager.obj
 0001:00001c21       ??E?$_Tree_const_iterator@V?$_Tree_val@U?$_Tree_simple_types@U?$pair@QBXUtss_data_node@detail@boost@@@std@@@std@@@std@@@std@@QAE?AV01@H@Z 10002c21 f i nav.obj
 0001:00001c21       ??E?$_Tree_const_iterator@V?$_Tree_val@U?$_Tree_simple_types@U?$pair@QAUlua_State@@PAVILuaInterface@@@std@@@std@@@std@@@std@@QAE?AV01@H@Z 10002c21 f i ILuaModuleManager.obj
 0001:00001c48       ??9?$_Tree_const_iterator@V?$_Tree_val@U?$_Tree_simple_types@U?$pair@QAUlua_State@@PAVILuaInterface@@@std@@@std@@@std@@@std@@QBE_NABV01@@Z 10002c48 f i ILuaModuleManager.obj
 0001:00001c48       ??9?$_Tree_const_iterator@V?$_Tree_val@U?$_Tree_simple_types@U?$pair@QBXUtss_data_node@detail@boost@@@std@@@std@@@std@@@std@@QBE_NABV01@@Z 10002c48 f i nav.obj
 0001:00001c76       ??0?$_Tree_iterator@V?$_Tree_val@U?$_Tree_simple_types@U?$pair@QBXUtss_data_node@detail@boost@@@std@@@std@@@std@@@std@@QAE@PAU?$_Tree_node@U?$pair@QBXUtss_data_node@detail@boost@@@std@@PAX@1@PBV?$_Tree_val@U?$_Tree_simple_types@U?$pair@QBXUtss_data_node@detail@boost@@@std@@@std@@@1@@Z 10002c76 f i nav.obj
 0001:00001c76       ??0?$_Tree_iterator@V?$_Tree_val@U?$_Tree_simple_types@U?$pair@QAUlua_State@@PAVILuaInterface@@@std@@@std@@@std@@@std@@QAE@PAU?$_Tree_node@U?$pair@QAUlua_State@@PAVILuaInterface@@@std@@PAX@1@PBV?$_Tree_val@U?$_Tree_simple_types@U?$pair@QAUlua_State@@PAVILuaInterface@@@std@@@std@@@1@@Z 10002c76 f i ILuaModuleManager.obj
 0001:00001c92       ??D?$_Tree_iterator@V?$_Tree_val@U?$_Tree_simple_types@U?$pair@QAUlua_State@@PAVILuaInterface@@@std@@@std@@@std@@@std@@QBEAAU?$pair@QAUlua_State@@PAVILuaInterface@@@1@XZ 10002c92 f i ILuaModuleManager.obj
 0001:00001ca3       ?pointer_to@?$pointer_traits@PAU?$pair@QAUlua_State@@PAVILuaInterface@@@std@@@std@@SAPAU?$pair@QAUlua_State@@PAVILuaInterface@@@2@AAU32@@Z 10002ca3 f i ILuaModuleManager.obj
 0001:00001cb1       ?_Erase@?$_Tree@V?$_Tmap_traits@PAUlua_State@@PAVILuaInterface@@U?$less@PAUlua_State@@@std@@V?$allocator@U?$pair@QAUlua_State@@PAVILuaInterface@@@std@@@4@$0A@@std@@@std@@IAEXPAU?$_Tree_node@U?$pair@QAUlua_State@@PAVILuaInterface@@@std@@PAX@2@@Z 10002cb1 f i ILuaModuleManager.obj
 0001:00001d3b       ?_Lmost@?$_Tree@V?$_Tmap_traits@PBXUtss_data_node@detail@boost@@U?$less@PBX@std@@V?$allocator@U?$pair@QBXUtss_data_node@detail@boost@@@std@@@5@$0A@@std@@@std@@IBEAAPAU?$_Tree_node@U?$pair@QBXUtss_data_node@detail@boost@@@std@@PAX@2@XZ 10002d3b f i nav.obj
 0001:00001d3b       ?_Lmost@?$_Tree@V?$_Tmap_traits@PAUlua_State@@PAVILuaInterface@@U?$less@PAUlua_State@@@std@@V?$allocator@U?$pair@QAUlua_State@@PAVILuaInterface@@@std@@@4@$0A@@std@@@std@@IBEAAPAU?$_Tree_node@U?$pair@QAUlua_State@@PAVILuaInterface@@@std@@PAX@2@XZ 10002d3b f i ILuaModuleManager.obj
 0001:00001d4f       ?_Lrotate@?$_Tree@V?$_Tmap_traits@PAUlua_State@@PAVILuaInterface@@U?$less@PAUlua_State@@@std@@V?$allocator@U?$pair@QAUlua_State@@PAVILuaInterface@@@std@@@4@$0A@@std@@@std@@IAEXPAU?$_Tree_node@U?$pair@QAUlua_State@@PAVILuaInterface@@@std@@PAX@2@@Z 10002d4f f i ILuaModuleManager.obj
 0001:00001d4f       ?_Lrotate@?$_Tree@V?$_Tmap_traits@PBXUtss_data_node@detail@boost@@U?$less@PBX@std@@V?$allocator@U?$pair@QBXUtss_data_node@detail@boost@@@std@@@5@$0A@@std@@@std@@IAEXPAU?$_Tree_node@U?$pair@QBXUtss_data_node@detail@boost@@@std@@PAX@2@@Z 10002d4f f i nav.obj
 0001:00001e49       ?_Rmost@?$_Tree@V?$_Tmap_traits@PAUlua_State@@PAVILuaInterface@@U?$less@PAUlua_State@@@std@@V?$allocator@U?$pair@QAUlua_State@@PAVILuaInterface@@@std@@@4@$0A@@std@@@std@@IBEAAPAU?$_Tree_node@U?$pair@QAUlua_State@@PAVILuaInterface@@@std@@PAX@2@XZ 10002e49 f i ILuaModuleManager.obj
 0001:00001e49       ?_Rmost@?$_Tree@V?$_Tmap_traits@PBXUtss_data_node@detail@boost@@U?$less@PBX@std@@V?$allocator@U?$pair@QBXUtss_data_node@detail@boost@@@std@@@5@$0A@@std@@@std@@IBEAAPAU?$_Tree_node@U?$pair@QBXUtss_data_node@detail@boost@@@std@@PAX@2@XZ 10002e49 f i nav.obj
 0001:00001e5d       ?_Root@?$_Tree@V?$_Tmap_traits@PBXUtss_data_node@detail@boost@@U?$less@PBX@std@@V?$allocator@U?$pair@QBXUtss_data_node@detail@boost@@@std@@@5@$0A@@std@@@std@@IBEAAPAU?$_Tree_node@U?$pair@QBXUtss_data_node@detail@boost@@@std@@PAX@2@XZ 10002e5d f i nav.obj
 0001:00001e5d       ?_Root@?$_Tree@V?$_Tmap_traits@PAUlua_State@@PAVILuaInterface@@U?$less@PAUlua_State@@@std@@V?$allocator@U?$pair@QAUlua_State@@PAVILuaInterface@@@std@@@4@$0A@@std@@@std@@IBEAAPAU?$_Tree_node@U?$pair@QAUlua_State@@PAVILuaInterface@@@std@@PAX@2@XZ 10002e5d f i ILuaModuleManager.obj
 0001:00001e71       ?_Rrotate@?$_Tree@V?$_Tmap_traits@PBXUtss_data_node@detail@boost@@U?$less@PBX@std@@V?$allocator@U?$pair@QBXUtss_data_node@detail@boost@@@std@@@5@$0A@@std@@@std@@IAEXPAU?$_Tree_node@U?$pair@QBXUtss_data_node@detail@boost@@@std@@PAX@2@@Z 10002e71 f i nav.obj
 0001:00001e71       ?_Rrotate@?$_Tree@V?$_Tmap_traits@PAUlua_State@@PAVILuaInterface@@U?$less@PAUlua_State@@@std@@V?$allocator@U?$pair@QAUlua_State@@PAVILuaInterface@@@std@@@4@$0A@@std@@@std@@IAEXPAU?$_Tree_node@U?$pair@QAUlua_State@@PAVILuaInterface@@@std@@PAX@2@@Z 10002e71 f i ILuaModuleManager.obj
 0001:00001f6b       ??0?$_Tree_buy@U?$pair@QAUlua_State@@PAVILuaInterface@@@std@@V?$allocator@U?$pair@QAUlua_State@@PAVILuaInterface@@@std@@@2@@std@@QAE@ABV?$allocator@U?$pair@QAUlua_State@@PAVILuaInterface@@@std@@@1@@Z 10002f6b f i ILuaModuleManager.obj
 0001:00001f84       ?_Getal@?$_Tree_alloc@$0A@U?$_Tree_base_types@U?$pair@QAUlua_State@@PAVILuaInterface@@@std@@V?$allocator@U?$pair@QAUlua_State@@PAVILuaInterface@@@std@@@2@@std@@@std@@QBE?AU?$_Wrap_alloc@V?$allocator@U?$_Tree_node@U?$pair@QAUlua_State@@PAVILuaInterface@@@std@@PAX@std@@@std@@@2@XZ 10002f84 f i ILuaModuleManager.obj
 0001:00001f84       ?_Getal@?$_Vector_alloc@$0A@U?$_Vec_base_types@U?$pair@PAVcondition_variable@boost@@PAVmutex@2@@std@@V?$allocator@U?$pair@PAVcondition_variable@boost@@PAVmutex@2@@std@@@2@@std@@@std@@QBE?AU?$_Wrap_alloc@V?$allocator@U?$pair@PAVcondition_variable@boost@@PAVmutex@2@@std@@@std@@@2@XZ 10002f84 f i nav.obj
 0001:00001f84       ?_Getal@?$_String_alloc@$0A@U?$_String_base_types@DV?$allocator@D@std@@@std@@@std@@QBE?AU?$_Wrap_alloc@V?$allocator@D@std@@@2@XZ 10002f84 f i ILuaObject.obj
 0001:00001f84       ?_Getal@?$_Tree_alloc@$0A@U?$_Tree_base_types@U?$pair@QBXUtss_data_node@detail@boost@@@std@@V?$allocator@U?$pair@QBXUtss_data_node@detail@boost@@@std@@@2@@std@@@std@@QBE?AU?$_Wrap_alloc@V?$allocator@U?$_Tree_node@U?$pair@QBXUtss_data_node@detail@boost@@@std@@PAX@std@@@std@@@2@XZ 10002f84 f i nav.obj
 0001:00001f9a       ?deallocate@?$_Wrap_alloc@V?$allocator@U?$pair@PAVcondition_variable@boost@@PAVmutex@2@@std@@@std@@@std@@QAEXPAU?$pair@PAVcondition_variable@boost@@PAVmutex@2@@2@I@Z 10002f9a f i nav.obj
 0001:00001f9a       ?deallocate@?$_Wrap_alloc@V?$allocator@U?$_Tree_node@U?$pair@QBXUtss_data_node@detail@boost@@@std@@PAX@std@@@std@@@std@@QAEXPAU?$_Tree_node@U?$pair@QBXUtss_data_node@detail@boost@@@std@@PAX@2@I@Z 10002f9a f i nav.obj
 0001:00001f9a       ?deallocate@?$_Wrap_alloc@V?$allocator@U?$_Tree_node@U?$pair@QAUlua_State@@PAVILuaInterface@@@std@@PAX@std@@@std@@@std@@QAEXPAU?$_Tree_node@U?$pair@QAUlua_State@@PAVILuaInterface@@@std@@PAX@2@I@Z 10002f9a f i ILuaModuleManager.obj
 0001:00001f9a       ?deallocate@?$_Wrap_alloc@V?$allocator@D@std@@@std@@QAEXPADI@Z 10002f9a f i ILuaObject.obj
 0001:00001fb3       ?_Color@?$_Tree_val@U?$_Tree_simple_types@U?$pair@QAUlua_State@@PAVILuaInterface@@@std@@@std@@@std@@SAAADPAU?$_Tree_node@U?$pair@QAUlua_State@@PAVILuaInterface@@@std@@PAX@2@@Z 10002fb3 f i ILuaModuleManager.obj
 0001:00001fb3       ?_Color@?$_Tree_val@U?$_Tree_simple_types@U?$pair@QBXUtss_data_node@detail@boost@@@std@@@std@@@std@@SAAADPAU?$_Tree_node@U?$pair@QBXUtss_data_node@detail@boost@@@std@@PAX@2@@Z 10002fb3 f i nav.obj
 0001:00001fbe       ?_Isnil@?$_Tree_val@U?$_Tree_simple_types@U?$pair@QAUlua_State@@PAVILuaInterface@@@std@@@std@@@std@@SAAADPAU?$_Tree_node@U?$pair@QAUlua_State@@PAVILuaInterface@@@std@@PAX@2@@Z 10002fbe f i ILuaModuleManager.obj
 0001:00001fbe       ?_Isnil@?$_Tree_val@U?$_Tree_simple_types@U?$pair@QBXUtss_data_node@detail@boost@@@std@@@std@@@std@@SAAADPAU?$_Tree_node@U?$pair@QBXUtss_data_node@detail@boost@@@std@@PAX@2@@Z 10002fbe f i nav.obj
 0001:00001fc9       ??$forward@AAV?$_Tree_iterator@V?$_Tree_val@U?$_Tree_simple_types@U?$pair@QAUlua_State@@PAVILuaInterface@@@std@@@std@@@std@@@std@@@std@@YAAAV?$_Tree_iterator@V?$_Tree_val@U?$_Tree_simple_types@U?$pair@QAUlua_State@@PAVILuaInterface@@@std@@@std@@@std@@@0@AAV10@@Z 10002fc9 f i ILuaModuleManager.obj
 0001:00001fc9       ??$forward@PAVILuaInterface@@@std@@YA$$QAPAVILuaInterface@@AAPAV1@@Z 10002fc9 f i ILuaModuleManager.obj
 0001:00001fc9       ??$forward@V?$bind_t@XV?$mf3@XVNav@@PAUJobInfo_t@@PAVNode@@PAV3@@_mfi@boost@@V?$list4@V?$value@PAVNav@@@_bi@boost@@V?$value@PAUJobInfo_t@@@23@V?$value@PAVNode@@@23@V523@@_bi@3@@_bi@boost@@AAV123@@boost@@YA$$QAV?$bind_t@XV?$mf3@XVNav@@PAUJobInfo_t@@PAVNode@@PAV3@@_mfi@boost@@V?$list4@V?$value@PAVNav@@@_bi@boost@@V?$value@PAUJobInfo_t@@@23@V?$value@PAVNode@@@23@V523@@_bi@3@@_bi@0@AAV120@PAX@Z 10002fc9 f i nav.obj
 0001:00001fc9       ??$addressof@PAU?$_Tree_node@U?$pair@QAUlua_State@@PAVILuaInterface@@@std@@PAX@std@@@std@@YAPAPAU?$_Tree_node@U?$pair@QAUlua_State@@PAVILuaInterface@@@std@@PAX@0@AAPAU10@@Z 10002fc9 f i ILuaModuleManager.obj
 0001:00001fc9       ??$addressof@U?$pair@QBXUtss_data_node@detail@boost@@@std@@@std@@YAPAU?$pair@QBXUtss_data_node@detail@boost@@@0@AAU10@@Z 10002fc9 f i nav.obj
 0001:00001fc9       ?unwrap@?$unwrapper@V?$mf1@XVNav@@PA_N@_mfi@boost@@@_bi@boost@@SAAAV?$mf1@XVNav@@PA_N@_mfi@3@AAV453@J@Z 10002fc9 f i nav.obj
 0001:00001fc9       ??$forward@V?$_Tree_iterator@V?$_Tree_val@U?$_Tree_simple_types@U?$pair@QAUlua_State@@PAVILuaInterface@@@std@@@std@@@std@@@std@@@std@@YA$$QAV?$_Tree_iterator@V?$_Tree_val@U?$_Tree_simple_types@U?$pair@QAUlua_State@@PAVILuaInterface@@@std@@@std@@@std@@@0@AAV10@@Z 10002fc9 f i ILuaModuleManager.obj
 0001:00001fc9       ??$forward@AAPAD@std@@YAAAPADAAPAD@Z 10002fc9 f i ILuaObject.obj
 0001:00001fc9       ??$forward@V?$bind_t@XV?$mf1@XVNav@@PA_N@_mfi@boost@@V?$list2@V?$value@PAVNav@@@_bi@boost@@V?$value@PA_N@23@@_bi@3@@_bi@boost@@AAV123@@boost@@YA$$QAV?$bind_t@XV?$mf1@XVNav@@PA_N@_mfi@boost@@V?$list2@V?$value@PAVNav@@@_bi@boost@@V?$value@PA_N@23@@_bi@3@@_bi@0@AAV120@PAX@Z 10002fc9 f i nav.obj
 0001:00001fc9       ??$forward@PAUlua_State@@@std@@YA$$QAPAUlua_State@@AAPAU1@@Z 10002fc9 f i ILuaModuleManager.obj
 0001:00001fc9       ?_Left@?$_Tree_val@U?$_Tree_simple_types@U?$pair@QAUlua_State@@PAVILuaInterface@@@std@@@std@@@std@@SAAAPAU?$_Tree_node@U?$pair@QAUlua_State@@PAVILuaInterface@@@std@@PAX@2@PAU32@@Z 10002fc9 f i ILuaModuleManager.obj
 0001:00001fc9       ??$forward@AAPAU?$_Tree_node@U?$pair@QBXUtss_data_node@detail@boost@@@std@@PAX@std@@@std@@YAAAPAU?$_Tree_node@U?$pair@QBXUtss_data_node@detail@boost@@@std@@PAX@0@AAPAU10@@Z 10002fc9 f i nav.obj
 0001:00001fc9       ??$_Move@AAD@std@@YA$$QADAAD@Z 10002fc9 f i ILuaModuleManager.obj
 0001:00001fc9       ?unwrap@?$unwrapper@V?$mf3@XVNav@@PAUJobInfo_t@@PAVNode@@PAV3@@_mfi@boost@@@_bi@boost@@SAAAV?$mf3@XVNav@@PAUJobInfo_t@@PAVNode@@PAV3@@_mfi@3@AAV453@J@Z 10002fc9 f i nav.obj
 0001:00001fc9       ??$forward@_N@std@@YA$$QA_NAA_N@Z 10002fc9 f i ILuaModuleManager.obj
 0001:00001fc9       ??$forward@AAPAU?$_Tree_node@U?$pair@QAUlua_State@@PAVILuaInterface@@@std@@PAX@std@@@std@@YAAAPAU?$_Tree_node@U?$pair@QAUlua_State@@PAVILuaInterface@@@std@@PAX@0@AAPAU10@@Z 10002fc9 f i ILuaModuleManager.obj
 0001:00001fc9       ??$addressof@D@std@@YAPADAAD@Z 10002fc9 f i ILuaObject.obj
 0001:00001fc9       ??$forward@ABQAUlua_State@@@std@@YAABQAUlua_State@@ABQAU1@@Z 10002fc9 f i ILuaModuleManager.obj
 0001:00001fc9       ??$addressof@U?$pair@QAUlua_State@@PAVILuaInterface@@@std@@@std@@YAPAU?$pair@QAUlua_State@@PAVILuaInterface@@@0@AAU10@@Z 10002fc9 f i ILuaModuleManager.obj
 0001:00001fc9       ?_Left@?$_Tree_val@U?$_Tree_simple_types@U?$pair@QBXUtss_data_node@detail@boost@@@std@@@std@@@std@@SAAAPAU?$_Tree_node@U?$pair@QBXUtss_data_node@detail@boost@@@std@@PAX@2@PAU32@@Z 10002fc9 f i nav.obj
 0001:00001fc9       ??$forward@AAU?$pair@QAUlua_State@@PAVILuaInterface@@@std@@@std@@YAAAU?$pair@QAUlua_State@@PAVILuaInterface@@@0@AAU10@@Z 10002fc9 f i ILuaModuleManager.obj
 0001:00001fc9       ??$addressof@PAU?$_Tree_node@U?$pair@QBXUtss_data_node@detail@boost@@@std@@PAX@std@@@std@@YAPAPAU?$_Tree_node@U?$pair@QBXUtss_data_node@detail@boost@@@std@@PAX@0@AAPAU10@@Z 10002fc9 f i nav.obj
 0001:00001fc9       ??$forward@U?$pair@PAUlua_State@@PAVILuaInterface@@@std@@@std@@YA$$QAU?$pair@PAUlua_State@@PAVILuaInterface@@@0@AAU10@@Z 10002fc9 f i ILuaModuleManager.obj
 0001:00001fc9       ??$_Kfn@QAUlua_State@@PAVILuaInterface@@@?$_Tmap_traits@PAUlua_State@@PAVILuaInterface@@U?$less@PAUlua_State@@@std@@V?$allocator@U?$pair@QAUlua_State@@PAVILuaInterface@@@std@@@4@$0A@@std@@SAABQAUlua_State@@ABU?$pair@QAUlua_State@@PAVILuaInterface@@@1@@Z 10002fc9 f i ILuaModuleManager.obj
 0001:00001fd1       ?_Parent@?$_Tree_val@U?$_Tree_simple_types@U?$pair@QBXUtss_data_node@detail@boost@@@std@@@std@@@std@@SAAAPAU?$_Tree_node@U?$pair@QBXUtss_data_node@detail@boost@@@std@@PAX@2@PAU32@@Z 10002fd1 f i nav.obj
 0001:00001fd1       ?_Parent@?$_Tree_val@U?$_Tree_simple_types@U?$pair@QAUlua_State@@PAVILuaInterface@@@std@@@std@@@std@@SAAAPAU?$_Tree_node@U?$pair@QAUlua_State@@PAVILuaInterface@@@std@@PAX@2@PAU32@@Z 10002fd1 f i ILuaModuleManager.obj
 0001:00001fdc       ?_Right@?$_Tree_val@U?$_Tree_simple_types@U?$pair@QBXUtss_data_node@detail@boost@@@std@@@std@@@std@@SAAAPAU?$_Tree_node@U?$pair@QBXUtss_data_node@detail@boost@@@std@@PAX@2@PAU32@@Z 10002fdc f i nav.obj
 0001:00001fdc       ?_Right@?$_Tree_val@U?$_Tree_simple_types@U?$pair@QAUlua_State@@PAVILuaInterface@@@std@@@std@@@std@@SAAAPAU?$_Tree_node@U?$pair@QAUlua_State@@PAVILuaInterface@@@std@@PAX@2@PAU32@@Z 10002fdc f i ILuaModuleManager.obj
 0001:00001fe7       ?_Max@?$_Tree_val@U?$_Tree_simple_types@U?$pair@QAUlua_State@@PAVILuaInterface@@@std@@@std@@@std@@SAPAU?$_Tree_node@U?$pair@QAUlua_State@@PAVILuaInterface@@@std@@PAX@2@PAU32@@Z 10002fe7 f i ILuaModuleManager.obj
 0001:00001fe7       ?_Max@?$_Tree_val@U?$_Tree_simple_types@U?$pair@QBXUtss_data_node@detail@boost@@@std@@@std@@@std@@SAPAU?$_Tree_node@U?$pair@QBXUtss_data_node@detail@boost@@@std@@PAX@2@PAU32@@Z 10002fe7 f i nav.obj
 0001:00002017       ?_Min@?$_Tree_val@U?$_Tree_simple_types@U?$pair@QBXUtss_data_node@detail@boost@@@std@@@std@@@std@@SAPAU?$_Tree_node@U?$pair@QBXUtss_data_node@detail@boost@@@std@@PAX@2@PAU32@@Z 10003017 f i nav.obj
 0001:00002017       ?_Min@?$_Tree_val@U?$_Tree_simple_types@U?$pair@QAUlua_State@@PAVILuaInterface@@@std@@@std@@@std@@SAPAU?$_Tree_node@U?$pair@QAUlua_State@@PAVILuaInterface@@@std@@PAX@2@PAU32@@Z 10003017 f i ILuaModuleManager.obj
 0001:00002047       ??0?$_Tree_const_iterator@V?$_Tree_val@U?$_Tree_simple_types@U?$pair@QAUlua_State@@PAVILuaInterface@@@std@@@std@@@std@@@std@@QAE@PAU?$_Tree_node@U?$pair@QAUlua_State@@PAVILuaInterface@@@std@@PAX@1@PBV?$_Tree_val@U?$_Tree_simple_types@U?$pair@QAUlua_State@@PAVILuaInterface@@@std@@@std@@@1@@Z 10003047 f i ILuaModuleManager.obj
 0001:00002047       ??0?$_Tree_const_iterator@V?$_Tree_val@U?$_Tree_simple_types@U?$pair@QBXUtss_data_node@detail@boost@@@std@@@std@@@std@@@std@@QAE@PAU?$_Tree_node@U?$pair@QBXUtss_data_node@detail@boost@@@std@@PAX@1@PBV?$_Tree_val@U?$_Tree_simple_types@U?$pair@QBXUtss_data_node@detail@boost@@@std@@@std@@@1@@Z 10003047 f i nav.obj
 0001:00002063       ??D?$_Tree_const_iterator@V?$_Tree_val@U?$_Tree_simple_types@U?$pair@QAUlua_State@@PAVILuaInterface@@@std@@@std@@@std@@@std@@QBEABU?$pair@QAUlua_State@@PAVILuaInterface@@@1@XZ 10003063 f i ILuaModuleManager.obj
 0001:00002077       ??E?$_Tree_const_iterator@V?$_Tree_val@U?$_Tree_simple_types@U?$pair@QBXUtss_data_node@detail@boost@@@std@@@std@@@std@@@std@@QAEAAV01@XZ 10003077 f i nav.obj
 0001:00002077       ??E?$_Tree_const_iterator@V?$_Tree_val@U?$_Tree_simple_types@U?$pair@QAUlua_State@@PAVILuaInterface@@@std@@@std@@@std@@@std@@QAEAAV01@XZ 10003077 f i ILuaModuleManager.obj
 0001:0000208b       ??0?$_Tree_alloc@$0A@U?$_Tree_base_types@U?$pair@QAUlua_State@@PAVILuaInterface@@@std@@V?$allocator@U?$pair@QAUlua_State@@PAVILuaInterface@@@std@@@2@@std@@@std@@QAE@ABV?$allocator@U?$pair@QAUlua_State@@PAVILuaInterface@@@std@@@1@@Z 1000308b f i ILuaModuleManager.obj
 0001:000020ae       ??0VectorAligned@@QAE@XZ   100030ae f i nav.obj
 0001:000020ae       ??0?$_Wrap_alloc@V?$allocator@U?$_Tree_node@U?$pair@QAUlua_State@@PAVILuaInterface@@@std@@PAX@std@@@std@@@std@@QAE@XZ 100030ae f i ILuaModuleManager.obj
 0001:000020ae       ??0?$_Wrap_alloc@V?$allocator@U?$_Tree_node@U?$pair@QBXUtss_data_node@detail@boost@@@std@@PAX@std@@@std@@@std@@QAE@XZ 100030ae f i nav.obj
 0001:000020ae       ??0cplane_t@@QAE@XZ        100030ae f i nav.obj
 0001:000020ae       ??0?$_Wrap_alloc@V?$allocator@D@std@@@std@@QAE@XZ 100030ae f i ILuaObject.obj
 0001:000020ae       ??0?$_Wrap_alloc@V?$allocator@U?$pair@PAVcondition_variable@boost@@PAVmutex@2@@std@@@std@@@std@@QAE@XZ 100030ae f i nav.obj
 0001:000020c2       ?deallocate@?$allocator@U?$pair@PAVcondition_variable@boost@@PAVmutex@2@@std@@@std@@QAEXPAU?$pair@PAVcondition_variable@boost@@PAVmutex@2@@2@I@Z 100030c2 f i nav.obj
 0001:000020c2       ?deallocate@?$allocator@U?$_Tree_node@U?$pair@QAUlua_State@@PAVILuaInterface@@@std@@PAX@std@@@std@@QAEXPAU?$_Tree_node@U?$pair@QAUlua_State@@PAVILuaInterface@@@std@@PAX@2@I@Z 100030c2 f i ILuaModuleManager.obj
 0001:000020c2       ?deallocate@?$allocator@D@std@@QAEXPADI@Z 100030c2 f i ILuaObject.obj
 0001:000020c2       ?deallocate@?$allocator@U?$_Tree_node@U?$pair@QBXUtss_data_node@detail@boost@@@std@@PAX@std@@@std@@QAEXPAU?$_Tree_node@U?$pair@QBXUtss_data_node@detail@boost@@@std@@PAX@2@I@Z 100030c2 f i nav.obj
 0001:000020d6       ??0?$_Tree_unchecked_const_iterator@V?$_Tree_val@U?$_Tree_simple_types@U?$pair@QBXUtss_data_node@detail@boost@@@std@@@std@@@std@@U_Iterator_base0@2@@std@@QAE@PAU?$_Tree_node@U?$pair@QBXUtss_data_node@detail@boost@@@std@@PAX@1@PBV?$_Tree_val@U?$_Tree_simple_types@U?$pair@QBXUtss_data_node@detail@boost@@@std@@@std@@@1@@Z 100030d6 f i nav.obj
 0001:000020d6       ??0?$_Tree_unchecked_const_iterator@V?$_Tree_val@U?$_Tree_simple_types@U?$pair@QAUlua_State@@PAVILuaInterface@@@std@@@std@@@std@@U_Iterator_base0@2@@std@@QAE@PAU?$_Tree_node@U?$pair@QAUlua_State@@PAVILuaInterface@@@std@@PAX@1@PBV?$_Tree_val@U?$_Tree_simple_types@U?$pair@QAUlua_State@@PAVILuaInterface@@@std@@@std@@@1@@Z 100030d6 f i ILuaModuleManager.obj
 0001:000020f7       ??E?$_Tree_unchecked_const_iterator@V?$_Tree_val@U?$_Tree_simple_types@U?$pair@QBXUtss_data_node@detail@boost@@@std@@@std@@@std@@U_Iterator_base0@2@@std@@QAEAAV01@XZ 100030f7 f i nav.obj
 0001:000020f7       ??E?$_Tree_unchecked_const_iterator@V?$_Tree_val@U?$_Tree_simple_types@U?$pair@QAUlua_State@@PAVILuaInterface@@@std@@@std@@@std@@U_Iterator_base0@2@@std@@QAEAAV01@XZ 100030f7 f i ILuaModuleManager.obj
 0001:00002190       ?_Buyheadnode@?$_Tree_alloc@$0A@U?$_Tree_base_types@U?$pair@QAUlua_State@@PAVILuaInterface@@@std@@V?$allocator@U?$pair@QAUlua_State@@PAVILuaInterface@@@std@@@2@@std@@@std@@QAEPAU?$_Tree_node@U?$pair@QAUlua_State@@PAVILuaInterface@@@std@@PAX@2@XZ 10003190 f i ILuaModuleManager.obj
 0001:000022cc       ??0?$_Tree_val@U?$_Tree_simple_types@U?$pair@QBXUtss_data_node@detail@boost@@@std@@@std@@@std@@QAE@XZ 100032cc f i nav.obj
 0001:000022cc       ??0?$_Tree_val@U?$_Tree_simple_types@U?$pair@QAUlua_State@@PAVILuaInterface@@@std@@@std@@@std@@QAE@XZ 100032cc f i ILuaModuleManager.obj
 0001:000022e5       ?allocate@?$_Wrap_alloc@V?$allocator@U?$_Tree_node@U?$pair@QAUlua_State@@PAVILuaInterface@@@std@@PAX@std@@@std@@@std@@QAEPAU?$_Tree_node@U?$pair@QAUlua_State@@PAVILuaInterface@@@std@@PAX@2@I@Z 100032e5 f i ILuaModuleManager.obj
 0001:000022fb       ?allocate@?$allocator@U?$_Tree_node@U?$pair@QAUlua_State@@PAVILuaInterface@@@std@@PAX@std@@@std@@QAEPAU?$_Tree_node@U?$pair@QAUlua_State@@PAVILuaInterface@@@std@@PAX@2@I@Z 100032fb f i ILuaModuleManager.obj
 0001:00002312       ??$?0ABQAUlua_State@@PAVILuaInterface@@@?$pair@PAUlua_State@@PAVILuaInterface@@@std@@QAE@ABQAUlua_State@@$$QAPAVILuaInterface@@PAPAX@Z 10003312 f i ILuaModuleManager.obj
 0001:00002341       ??$insert@U?$pair@PAUlua_State@@PAVILuaInterface@@@std@@@?$_Tree@V?$_Tmap_traits@PAUlua_State@@PAVILuaInterface@@U?$less@PAUlua_State@@@std@@V?$allocator@U?$pair@QAUlua_State@@PAVILuaInterface@@@std@@@4@$0A@@std@@@std@@QAE?AV?$_Tree_iterator@V?$_Tree_val@U?$_Tree_simple_types@U?$pair@QAUlua_State@@PAVILuaInterface@@@std@@@std@@@std@@@1@V?$_Tree_const_iterator@V?$_Tree_val@U?$_Tree_simple_types@U?$pair@QAUlua_State@@PAVILuaInterface@@@std@@@std@@@std@@@1@$$QAU?$pair@PAUlua_State@@PAVILuaInterface@@@1@@Z 10003341 f i ILuaModuleManager.obj
 0001:00002380       ??$?0V?$_Tree_iterator@V?$_Tree_val@U?$_Tree_simple_types@U?$pair@QAUlua_State@@PAVILuaInterface@@@std@@@std@@@std@@@std@@V01@@?$pair@V?$_Tree_iterator@V?$_Tree_val@U?$_Tree_simple_types@U?$pair@QAUlua_State@@PAVILuaInterface@@@std@@@std@@@std@@@std@@V12@@std@@QAE@$$QAU01@PAPAX@Z 10003380 f i ILuaModuleManager.obj
 0001:000023b3       ??$_Distance@V?$_Tree_iterator@V?$_Tree_val@U?$_Tree_simple_types@U?$pair@QAUlua_State@@PAVILuaInterface@@@std@@@std@@@std@@@std@@I@std@@YAXV?$_Tree_iterator@V?$_Tree_val@U?$_Tree_simple_types@U?$pair@QAUlua_State@@PAVILuaInterface@@@std@@@std@@@std@@@0@0AAI@Z 100033b3 f i ILuaModuleManager.obj
 0001:000023df       ??$swap@D@std@@YAXAAD0@Z   100033df f i ILuaModuleManager.obj
 0001:00002414       ??$destroy@U?$pair@PAVcondition_variable@boost@@PAVmutex@2@@std@@@?$_Wrap_alloc@V?$allocator@U?$pair@PAVcondition_variable@boost@@PAVmutex@2@@std@@@std@@@std@@QAEXPAU?$pair@PAVcondition_variable@boost@@PAVmutex@2@@1@@Z 10003414 f i nav.obj
 0001:00002414       ??$destroy@U?$pair@QAUlua_State@@PAVILuaInterface@@@std@@@?$_Wrap_alloc@V?$allocator@U?$_Tree_node@U?$pair@QAUlua_State@@PAVILuaInterface@@@std@@PAX@std@@@std@@@std@@QAEXPAU?$pair@QAUlua_State@@PAVILuaInterface@@@1@@Z 10003414 f i ILuaModuleManager.obj
 0001:00002414       ??$destroy@PAD@?$_Wrap_alloc@V?$allocator@D@std@@@std@@QAEXPAPAD@Z 10003414 f i ILuaObject.obj
 0001:00002414       ??$destroy@PAU?$_Tree_node@U?$pair@QAUlua_State@@PAVILuaInterface@@@std@@PAX@std@@@?$_Wrap_alloc@V?$allocator@U?$_Tree_node@U?$pair@QAUlua_State@@PAVILuaInterface@@@std@@PAX@std@@@std@@@std@@QAEXPAPAU?$_Tree_node@U?$pair@QAUlua_State@@PAVILuaInterface@@@std@@PAX@1@@Z 10003414 f i ILuaModuleManager.obj
 0001:00002414       ??$destroy@PAU?$_Tree_node@U?$pair@QBXUtss_data_node@detail@boost@@@std@@PAX@std@@@?$_Wrap_alloc@V?$allocator@U?$_Tree_node@U?$pair@QBXUtss_data_node@detail@boost@@@std@@PAX@std@@@std@@@std@@QAEXPAPAU?$_Tree_node@U?$pair@QBXUtss_data_node@detail@boost@@@std@@PAX@1@@Z 10003414 f i nav.obj
 0001:0000242c       ??$?0AAV?$_Tree_iterator@V?$_Tree_val@U?$_Tree_simple_types@U?$pair@QAUlua_State@@PAVILuaInterface@@@std@@@std@@@std@@@std@@AAV01@@?$pair@V?$_Tree_iterator@V?$_Tree_val@U?$_Tree_simple_types@U?$pair@QAUlua_State@@PAVILuaInterface@@@std@@@std@@@std@@@std@@V12@@std@@QAE@AAV?$_Tree_iterator@V?$_Tree_val@U?$_Tree_simple_types@U?$pair@QAUlua_State@@PAVILuaInterface@@@std@@@std@@@std@@@1@0PAPAX@Z 1000342c f i ILuaModuleManager.obj
 0001:0000245b       ??$construct@PAU?$_Tree_node@U?$pair@QAUlua_State@@PAVILuaInterface@@@std@@PAX@std@@AAPAU12@@?$_Wrap_alloc@V?$allocator@U?$_Tree_node@U?$pair@QAUlua_State@@PAVILuaInterface@@@std@@PAX@std@@@std@@@std@@QAEXPAPAU?$_Tree_node@U?$pair@QAUlua_State@@PAVILuaInterface@@@std@@PAX@1@AAPAU21@@Z 1000345b f i ILuaModuleManager.obj
 0001:0000245b       ??$construct@PAU?$_Tree_node@U?$pair@QBXUtss_data_node@detail@boost@@@std@@PAX@std@@AAPAU12@@?$_Wrap_alloc@V?$allocator@U?$_Tree_node@U?$pair@QBXUtss_data_node@detail@boost@@@std@@PAX@std@@@std@@@std@@QAEXPAPAU?$_Tree_node@U?$pair@QBXUtss_data_node@detail@boost@@@std@@PAX@1@AAPAU21@@Z 1000345b f i nav.obj
 0001:0000245b       ??$construct@PADAAPAD@?$_Wrap_alloc@V?$allocator@D@std@@@std@@QAEXPAPADAAPAD@Z 1000345b f i ILuaObject.obj
 0001:0000247e       ??$_Allocate@U?$_Tree_node@U?$pair@QAUlua_State@@PAVILuaInterface@@@std@@PAX@std@@@std@@YAPAU?$_Tree_node@U?$pair@QAUlua_State@@PAVILuaInterface@@@std@@PAX@0@IPAU10@@Z 1000347e f i ILuaModuleManager.obj
 0001:000024b7       ??$_Buynode@U?$pair@PAUlua_State@@PAVILuaInterface@@@std@@@?$_Tree_buy@U?$pair@QAUlua_State@@PAVILuaInterface@@@std@@V?$allocator@U?$pair@QAUlua_State@@PAVILuaInterface@@@std@@@2@@std@@QAEPAU?$_Tree_node@U?$pair@QAUlua_State@@PAVILuaInterface@@@std@@PAX@1@$$QAU?$pair@PAUlua_State@@PAVILuaInterface@@@1@@Z 100034b7 f i ILuaModuleManager.obj
 0001:00002584       ??$_Insert_hint@AAU?$pair@QAUlua_State@@PAVILuaInterface@@@std@@PAU?$_Tree_node@U?$pair@QAUlua_State@@PAVILuaInterface@@@std@@PAX@2@@?$_Tree@V?$_Tmap_traits@PAUlua_State@@PAVILuaInterface@@U?$less@PAUlua_State@@@std@@V?$allocator@U?$pair@QAUlua_State@@PAVILuaInterface@@@std@@@4@$0A@@std@@@std@@IAE?AV?$_Tree_iterator@V?$_Tree_val@U?$_Tree_simple_types@U?$pair@QAUlua_State@@PAVILuaInterface@@@std@@@std@@@std@@@1@V?$_Tree_const_iterator@V?$_Tree_val@U?$_Tree_simple_types@U?$pair@QAUlua_State@@PAVILuaInterface@@@std@@@std@@@std@@@1@AAU?$pair@QAUlua_State@@PAVILuaInterface@@@1@PAU?$_Tree_node@U?$pair@QAUlua_State@@PAVILuaInterface@@@std@@PAX@1@@Z 10003584 f i ILuaModuleManager.obj
 0001:00003088       ??$_Iter_cat@V?$_Tree_iterator@V?$_Tree_val@U?$_Tree_simple_types@U?$pair@QAUlua_State@@PAVILuaInterface@@@std@@@std@@@std@@@std@@@std@@YA?AUbidirectional_iterator_tag@0@ABV?$_Tree_iterator@V?$_Tree_val@U?$_Tree_simple_types@U?$pair@QAUlua_State@@PAVILuaInterface@@@std@@@std@@@std@@@0@@Z 10004088 f i ILuaModuleManager.obj
 0001:00003099       ??$_Distance2@V?$_Tree_iterator@V?$_Tree_val@U?$_Tree_simple_types@U?$pair@QAUlua_State@@PAVILuaInterface@@@std@@@std@@@std@@@std@@I@std@@YAXV?$_Tree_iterator@V?$_Tree_val@U?$_Tree_simple_types@U?$pair@QAUlua_State@@PAVILuaInterface@@@std@@@std@@@std@@@0@0AAIUbidirectional_iterator_tag@0@@Z 10004099 f i ILuaModuleManager.obj
 0001:000030c8       ??$destroy@PAU?$_Tree_node@U?$pair@QBXUtss_data_node@detail@boost@@@std@@PAX@std@@@?$allocator_traits@V?$allocator@U?$_Tree_node@U?$pair@QBXUtss_data_node@detail@boost@@@std@@PAX@std@@@std@@@std@@SAXAAV?$allocator@U?$_Tree_node@U?$pair@QBXUtss_data_node@detail@boost@@@std@@PAX@std@@@1@PAPAU?$_Tree_node@U?$pair@QBXUtss_data_node@detail@boost@@@std@@PAX@1@@Z 100040c8 f i nav.obj
 0001:000030c8       ??$destroy@U?$pair@PAVcondition_variable@boost@@PAVmutex@2@@std@@@?$allocator_traits@V?$allocator@U?$pair@PAVcondition_variable@boost@@PAVmutex@2@@std@@@std@@@std@@SAXAAV?$allocator@U?$pair@PAVcondition_variable@boost@@PAVmutex@2@@std@@@1@PAU?$pair@PAVcondition_variable@boost@@PAVmutex@2@@1@@Z 100040c8 f i nav.obj
 0001:000030c8       ??$destroy@PAU?$_Tree_node@U?$pair@QAUlua_State@@PAVILuaInterface@@@std@@PAX@std@@@?$allocator_traits@V?$allocator@U?$_Tree_node@U?$pair@QAUlua_State@@PAVILuaInterface@@@std@@PAX@std@@@std@@@std@@SAXAAV?$allocator@U?$_Tree_node@U?$pair@QAUlua_State@@PAVILuaInterface@@@std@@PAX@std@@@1@PAPAU?$_Tree_node@U?$pair@QAUlua_State@@PAVILuaInterface@@@std@@PAX@1@@Z 100040c8 f i ILuaModuleManager.obj
 0001:000030c8       ??$destroy@PAD@?$allocator_traits@V?$allocator@D@std@@@std@@SAXAAV?$allocator@D@1@PAPAD@Z 100040c8 f i ILuaObject.obj
 0001:000030c8       ??$destroy@U?$pair@QAUlua_State@@PAVILuaInterface@@@std@@@?$allocator_traits@V?$allocator@U?$_Tree_node@U?$pair@QAUlua_State@@PAVILuaInterface@@@std@@PAX@std@@@std@@@std@@SAXAAV?$allocator@U?$_Tree_node@U?$pair@QAUlua_State@@PAVILuaInterface@@@std@@PAX@std@@@1@PAU?$pair@QAUlua_State@@PAVILuaInterface@@@1@@Z 100040c8 f i ILuaModuleManager.obj
 0001:000030d8       ??$construct@PADAAPAD@?$allocator_traits@V?$allocator@D@std@@@std@@SAXAAV?$allocator@D@1@PAPADAAPAD@Z 100040d8 f i ILuaObject.obj
 0001:000030d8       ??$construct@PAU?$_Tree_node@U?$pair@QAUlua_State@@PAVILuaInterface@@@std@@PAX@std@@AAPAU12@@?$allocator_traits@V?$allocator@U?$_Tree_node@U?$pair@QAUlua_State@@PAVILuaInterface@@@std@@PAX@std@@@std@@@std@@SAXAAV?$allocator@U?$_Tree_node@U?$pair@QAUlua_State@@PAVILuaInterface@@@std@@PAX@std@@@1@PAPAU?$_Tree_node@U?$pair@QAUlua_State@@PAVILuaInterface@@@std@@PAX@1@AAPAU31@@Z 100040d8 f i ILuaModuleManager.obj
 0001:000030d8       ??$construct@PAU?$_Tree_node@U?$pair@QBXUtss_data_node@detail@boost@@@std@@PAX@std@@AAPAU12@@?$allocator_traits@V?$allocator@U?$_Tree_node@U?$pair@QBXUtss_data_node@detail@boost@@@std@@PAX@std@@@std@@@std@@SAXAAV?$allocator@U?$_Tree_node@U?$pair@QBXUtss_data_node@detail@boost@@@std@@PAX@std@@@1@PAPAU?$_Tree_node@U?$pair@QBXUtss_data_node@detail@boost@@@std@@PAX@1@AAPAU31@@Z 100040d8 f i nav.obj
 0001:000030f2       ?_Destroy_if_not_nil@?$_Tree@V?$_Tmap_traits@PAUlua_State@@PAVILuaInterface@@U?$less@PAUlua_State@@@std@@V?$allocator@U?$pair@QAUlua_State@@PAVILuaInterface@@@std@@@4@$0A@@std@@@std@@IAEXPAU?$_Tree_node@U?$pair@QAUlua_State@@PAVILuaInterface@@@std@@PAX@2@@Z 100040f2 f i ILuaModuleManager.obj
 0001:0000313a       ?_Buynode0@?$_Tree_buy@U?$pair@QAUlua_State@@PAVILuaInterface@@@std@@V?$allocator@U?$pair@QAUlua_State@@PAVILuaInterface@@@std@@@2@@std@@QAEPAU?$_Tree_node@U?$pair@QAUlua_State@@PAVILuaInterface@@@std@@PAX@2@XZ 1000413a f i ILuaModuleManager.obj
 0001:0000325b       ?_Freenode0@?$_Tree_buy@U?$pair@QAUlua_State@@PAVILuaInterface@@@std@@V?$allocator@U?$pair@QAUlua_State@@PAVILuaInterface@@@std@@@2@@std@@QAEXPAU?$_Tree_node@U?$pair@QAUlua_State@@PAVILuaInterface@@@std@@PAX@2@@Z 1000425b f i ILuaModuleManager.obj
 0001:0000325b       ?_Freeheadnode@?$_Tree_alloc@$0A@U?$_Tree_base_types@U?$pair@QBXUtss_data_node@detail@boost@@@std@@V?$allocator@U?$pair@QBXUtss_data_node@detail@boost@@@std@@@2@@std@@@std@@QAEXPAU?$_Tree_node@U?$pair@QBXUtss_data_node@detail@boost@@@std@@PAX@2@@Z 1000425b f i nav.obj
 0001:000032eb       ??0?$_Tree_const_iterator@V?$_Tree_val@U?$_Tree_simple_types@U?$pair@QAUlua_State@@PAVILuaInterface@@@std@@@std@@@std@@@std@@QAE@XZ 100042eb f i ILuaModuleManager.obj
 0001:000032ff       ??F?$_Tree_const_iterator@V?$_Tree_val@U?$_Tree_simple_types@U?$pair@QAUlua_State@@PAVILuaInterface@@@std@@@std@@@std@@@std@@QAEAAV01@XZ 100042ff f i ILuaModuleManager.obj
 0001:00003313       ??E?$_Tree_iterator@V?$_Tree_val@U?$_Tree_simple_types@U?$pair@QAUlua_State@@PAVILuaInterface@@@std@@@std@@@std@@@std@@QAEAAV01@XZ 10004313 f i ILuaModuleManager.obj
 0001:00003327       ??0?$_Tree_unchecked_const_iterator@V?$_Tree_val@U?$_Tree_simple_types@U?$pair@QAUlua_State@@PAVILuaInterface@@@std@@@std@@@std@@U_Iterator_base0@2@@std@@QAE@XZ 10004327 f i ILuaModuleManager.obj
 0001:00003327       ??0?$refcount_ptr@Uerror_info_container@exception_detail@boost@@@exception_detail@boost@@QAE@XZ 10004327 f i main.obj
 0001:00003327       ??0?$intrusive_ptr@Uthread_data_base@detail@boost@@@boost@@QAE@XZ 10004327 f i nav.obj
 0001:00003339       ??F?$_Tree_unchecked_const_iterator@V?$_Tree_val@U?$_Tree_simple_types@U?$pair@QAUlua_State@@PAVILuaInterface@@@std@@@std@@@std@@U_Iterator_base0@2@@std@@QAEAAV01@XZ 10004339 f i ILuaModuleManager.obj
 0001:000033fb       ??$construct@U?$pair@QAUlua_State@@PAVILuaInterface@@@std@@U?$pair@PAUlua_State@@PAVILuaInterface@@@2@@?$_Wrap_alloc@V?$allocator@U?$_Tree_node@U?$pair@QAUlua_State@@PAVILuaInterface@@@std@@PAX@std@@@std@@@std@@QAEXPAU?$pair@QAUlua_State@@PAVILuaInterface@@@1@$$QAU?$pair@PAUlua_State@@PAVILuaInterface@@@1@@Z 100043fb f i ILuaModuleManager.obj
 0001:0000341e       ??$_Insert_at@AAU?$pair@QAUlua_State@@PAVILuaInterface@@@std@@PAU?$_Tree_node@U?$pair@QAUlua_State@@PAVILuaInterface@@@std@@PAX@2@@?$_Tree@V?$_Tmap_traits@PAUlua_State@@PAVILuaInterface@@U?$less@PAUlua_State@@@std@@V?$allocator@U?$pair@QAUlua_State@@PAVILuaInterface@@@std@@@4@$0A@@std@@@std@@IAE?AV?$_Tree_iterator@V?$_Tree_val@U?$_Tree_simple_types@U?$pair@QAUlua_State@@PAVILuaInterface@@@std@@@std@@@std@@@1@_NPAU?$_Tree_node@U?$pair@QAUlua_State@@PAVILuaInterface@@@std@@PAX@1@AAU?$pair@QAUlua_State@@PAVILuaInterface@@@1@1@Z 1000441e f i ILuaModuleManager.obj
 0001:0000378c       ??$_Insert_nohint@AAU?$pair@QAUlua_State@@PAVILuaInterface@@@std@@PAU?$_Tree_node@U?$pair@QAUlua_State@@PAVILuaInterface@@@std@@PAX@2@@?$_Tree@V?$_Tmap_traits@PAUlua_State@@PAVILuaInterface@@U?$less@PAUlua_State@@@std@@V?$allocator@U?$pair@QAUlua_State@@PAVILuaInterface@@@std@@@4@$0A@@std@@@std@@IAE?AU?$pair@V?$_Tree_iterator@V?$_Tree_val@U?$_Tree_simple_types@U?$pair@QAUlua_State@@PAVILuaInterface@@@std@@@std@@@std@@@std@@_N@1@_NAAU?$pair@QAUlua_State@@PAVILuaInterface@@@1@PAU?$_Tree_node@U?$pair@QAUlua_State@@PAVILuaInterface@@@std@@PAX@1@@Z 1000478c f i ILuaModuleManager.obj
 0001:00003b22       ??$construct@PAU?$_Tree_node@U?$pair@QBXUtss_data_node@detail@boost@@@std@@PAX@std@@AAPAU12@@?$allocator@U?$_Tree_node@U?$pair@QBXUtss_data_node@detail@boost@@@std@@PAX@std@@@std@@QAEXPAPAU?$_Tree_node@U?$pair@QBXUtss_data_node@detail@boost@@@std@@PAX@1@AAPAU21@@Z 10004b22 f i nav.obj
 0001:00003b22       ??$construct@PADAAPAD@?$allocator@D@std@@QAEXPAPADAAPAD@Z 10004b22 f i ILuaObject.obj
 0001:00003b22       ??$construct@PAU?$_Tree_node@U?$pair@QAUlua_State@@PAVILuaInterface@@@std@@PAX@std@@AAPAU12@@?$allocator@U?$_Tree_node@U?$pair@QAUlua_State@@PAVILuaInterface@@@std@@PAX@std@@@std@@QAEXPAPAU?$_Tree_node@U?$pair@QAUlua_State@@PAVILuaInterface@@@std@@PAX@1@AAPAU21@@Z 10004b22 f i ILuaModuleManager.obj
 0001:00003b98       ?max_size@?$_Tree@V?$_Tmap_traits@PAUlua_State@@PAVILuaInterface@@U?$less@PAUlua_State@@@std@@V?$allocator@U?$pair@QAUlua_State@@PAVILuaInterface@@@std@@@4@$0A@@std@@@std@@QBEIXZ 10004b98 f i ILuaModuleManager.obj
 0001:00003bb5       ??F?$_Tree_iterator@V?$_Tree_val@U?$_Tree_simple_types@U?$pair@QAUlua_State@@PAVILuaInterface@@@std@@@std@@@std@@@std@@QAEAAV01@XZ 10004bb5 f i ILuaModuleManager.obj
 0001:00003bc9       ?max_size@?$_Wrap_alloc@V?$allocator@U?$_Tree_node@U?$pair@QAUlua_State@@PAVILuaInterface@@@std@@PAX@std@@@std@@@std@@QBEIXZ 10004bc9 f i ILuaModuleManager.obj
 0001:00003bdb       ?max_size@?$allocator_traits@V?$allocator@U?$_Tree_node@U?$pair@QAUlua_State@@PAVILuaInterface@@@std@@PAX@std@@@std@@@std@@SAIABV?$allocator@U?$_Tree_node@U?$pair@QAUlua_State@@PAVILuaInterface@@@std@@PAX@std@@@2@@Z 10004bdb f i ILuaModuleManager.obj
 0001:00003be8       ?max_size@?$allocator@U?$_Tree_node@U?$pair@QAUlua_State@@PAVILuaInterface@@@std@@PAX@std@@@std@@QBEIXZ 10004be8 f i ILuaModuleManager.obj
 0001:00003bf6       ??$construct@U?$pair@QAUlua_State@@PAVILuaInterface@@@std@@U?$pair@PAUlua_State@@PAVILuaInterface@@@2@@?$allocator_traits@V?$allocator@U?$_Tree_node@U?$pair@QAUlua_State@@PAVILuaInterface@@@std@@PAX@std@@@std@@@std@@SAXAAV?$allocator@U?$_Tree_node@U?$pair@QAUlua_State@@PAVILuaInterface@@@std@@PAX@std@@@1@PAU?$pair@QAUlua_State@@PAVILuaInterface@@@1@$$QAU?$pair@PAUlua_State@@PAVILuaInterface@@@1@@Z 10004bf6 f i ILuaModuleManager.obj
 0001:00003c10       ??$_Buynode_if_nil@AAU?$pair@QAUlua_State@@PAVILuaInterface@@@std@@@?$_Tree@V?$_Tmap_traits@PAUlua_State@@PAVILuaInterface@@U?$less@PAUlua_State@@@std@@V?$allocator@U?$pair@QAUlua_State@@PAVILuaInterface@@@std@@@4@$0A@@std@@@std@@IAEPAU?$_Tree_node@U?$pair@QAUlua_State@@PAVILuaInterface@@@std@@PAX@1@PAU21@AAU?$pair@QAUlua_State@@PAVILuaInterface@@@1@@Z 10004c10 f i ILuaModuleManager.obj
 0001:00003c1e       ??$?0V?$_Tree_iterator@V?$_Tree_val@U?$_Tree_simple_types@U?$pair@QAUlua_State@@PAVILuaInterface@@@std@@@std@@@std@@@std@@_N@?$pair@V?$_Tree_iterator@V?$_Tree_val@U?$_Tree_simple_types@U?$pair@QAUlua_State@@PAVILuaInterface@@@std@@@std@@@std@@@std@@_N@std@@QAE@$$QAV?$_Tree_iterator@V?$_Tree_val@U?$_Tree_simple_types@U?$pair@QAUlua_State@@PAVILuaInterface@@@std@@@std@@@std@@@1@$$QA_NPAPAX@Z 10004c1e f i ILuaModuleManager.obj
 0001:00003c1e       ??$?0AAV?$_Tree_iterator@V?$_Tree_val@U?$_Tree_simple_types@U?$pair@QAUlua_State@@PAVILuaInterface@@@std@@@std@@@std@@@std@@_N@?$pair@V?$_Tree_iterator@V?$_Tree_val@U?$_Tree_simple_types@U?$pair@QAUlua_State@@PAVILuaInterface@@@std@@@std@@@std@@@std@@_N@std@@QAE@AAV?$_Tree_iterator@V?$_Tree_val@U?$_Tree_simple_types@U?$pair@QAUlua_State@@PAVILuaInterface@@@std@@@std@@@std@@@1@$$QA_NPAPAX@Z 10004c1e f i ILuaModuleManager.obj
 0001:00003c4d       ??$?0V?$_Tree_iterator@V?$_Tree_val@U?$_Tree_simple_types@U?$pair@QAUlua_State@@PAVILuaInterface@@@std@@@std@@@std@@@std@@_N@?$pair@V?$_Tree_iterator@V?$_Tree_val@U?$_Tree_simple_types@U?$pair@QAUlua_State@@PAVILuaInterface@@@std@@@std@@@std@@@std@@_N@std@@QAE@$$QAU01@PAPAX@Z 10004c4d f i ILuaModuleManager.obj
 0001:00003c80       ??$construct@U?$pair@QAUlua_State@@PAVILuaInterface@@@std@@U?$pair@PAUlua_State@@PAVILuaInterface@@@2@@?$allocator@U?$_Tree_node@U?$pair@QAUlua_State@@PAVILuaInterface@@@std@@PAX@std@@@std@@QAEXPAU?$pair@QAUlua_State@@PAVILuaInterface@@@1@$$QAU?$pair@PAUlua_State@@PAVILuaInterface@@@1@@Z 10004c80 f i ILuaModuleManager.obj
 0001:00003cf7       ??$?0PAUlua_State@@PAVILuaInterface@@@?$pair@QAUlua_State@@PAVILuaInterface@@@std@@QAE@$$QAU?$pair@PAUlua_State@@PAVILuaInterface@@@1@PAPAX@Z 10004cf7 f i ILuaModuleManager.obj
 0001:00003d2a       ?length@?$char_traits@D@std@@SAIPBD@Z 10004d2a f i ILuaObject.obj
 0001:00003d72       ?copy@?$char_traits@D@std@@SAPADPADPBDI@Z 10004d72 f i ILuaObject.obj
 0001:00003d9d       ?move@?$char_traits@D@std@@SAPADPADPBDI@Z 10004d9d f i ILuaObject.obj
 0001:00003dc8       ?assign@?$char_traits@D@std@@SAXAADABD@Z 10004dc8 f i ILuaObject.obj
 0001:00003dd7       ??0?$mf1@XVNav@@PA_N@_mfi@boost@@QAE@P8Nav@@AEXPA_N@Z@Z 10004dd7 f i nav.obj
 0001:00003dd7       ??0?$int_adapter@I@date_time@boost@@QAE@I@Z 10004dd7 f i main.obj
 0001:00003dd7       ??0handle_manager@win32@detail@boost@@QAE@PAX@Z 10004dd7 f i nav.obj
 0001:00003dd7       ??0Iterator_t@?$CUtlMemory@U?$UtlLinkedListElem_t@UGroundSeedSpot@@H@@H@@QAE@H@Z 10004dd7 f i nav.obj
 0001:00003dd7       ??0?$mf3@XVNav@@PAUJobInfo_t@@PAVNode@@PAV3@@_mfi@boost@@QAE@P8Nav@@AEXPAUJobInfo_t@@PAVNode@@1@Z@Z 10004dd7 f i nav.obj
 0001:00003dd7       ??0id@locale@std@@QAE@I@Z  10004dd7 f i ILuaObject.obj
 0001:00003dd7       ??0Iterator_t@?$CUtlMemory@U?$UtlLinkedListElem_t@UAirSeedSpot@@H@@H@@QAE@H@Z 10004dd7 f i nav.obj
 0001:00003dd7       ??0?$storage1@V?$value@PAVNav@@@_bi@boost@@@_bi@boost@@QAE@V?$value@PAVNav@@@12@@Z 10004dd7 f i nav.obj
 0001:00003ded       ??0error_category@std@@QAE@XZ 10004ded f i ILuaObject.obj
 0001:00003e02       ??1error_category@std@@UAE@XZ 10004e02 f i ILuaObject.obj
 0001:00003e14       ??8error_category@std@@QBE_NABV01@@Z 10004e14 f i ILuaObject.obj
 0001:00003e38       ??_Eerror_category@std@@UAEPAXI@Z 10004e38 f i * CIL library *:* CIL module *
 0001:00003e38       ??_Gerror_category@std@@UAEPAXI@Z 10004e38 f i ILuaObject.obj
 0001:00003e5f       ??0ILuaObject@@QAE@PAVILuaBase@Lua@GarrysMod@@H@Z 10004e5f f i ILuaObject.obj
 0001:00003e5f       ??0error_code@system@boost@@QAE@HABVerror_category@12@@Z 10004e5f f i nav.obj
 0001:00003e5f       ??0error_condition@std@@QAE@HABVerror_category@1@@Z 10004e5f f i ILuaObject.obj
 0001:00003e7e       ??8error_condition@std@@QBE_NABV01@@Z 10004e7e f i ILuaObject.obj
 0001:00003ed1       ?default_error_condition@error_category@std@@UBE?AVerror_condition@2@H@Z 10004ed1 f i ILuaObject.obj
 0001:00003eed       ?equivalent@error_category@std@@UBE_NHABVerror_condition@2@@Z 10004eed f i ILuaObject.obj
 0001:00003f16       ?equivalent@error_category@std@@UBE_NABVerror_code@2@H@Z 10004f16 f i ILuaObject.obj
 0001:00003f57       ??0_Generic_error_category@std@@QAE@XZ 10004f57 f i ILuaObject.obj
 0001:00003f74       ?name@_Generic_error_category@std@@UBEPBDXZ 10004f74 f i ILuaObject.obj
 0001:00003f82       ?message@_Generic_error_category@std@@UBE?AV?$basic_string@DU?$char_traits@D@std@@V?$allocator@D@2@@2@H@Z 10004f82 f i ILuaObject.obj
 0001:00003fcb       ??_E_Generic_error_category@std@@UAEPAXI@Z 10004fcb f i * CIL library *:* CIL module *
 0001:00003fcb       ??_G_Generic_error_category@std@@UAEPAXI@Z 10004fcb f i ILuaObject.obj
 0001:00003ff2       ??1_Generic_error_category@std@@UAE@XZ 10004ff2 f i ILuaObject.obj
 0001:00004003       ??0_Iostream_error_category@std@@QAE@XZ 10005003 f i ILuaObject.obj
 0001:00004020       ?name@_Iostream_error_category@std@@UBEPBDXZ 10005020 f i ILuaObject.obj
 0001:0000402e       ?message@_Iostream_error_category@std@@UBE?AV?$basic_string@DU?$char_traits@D@std@@V?$allocator@D@2@@2@H@Z 1000502e f i ILuaObject.obj
 0001:0000407b       ??_E_Iostream_error_category@std@@UAEPAXI@Z 1000507b f i * CIL library *:* CIL module *
 0001:0000407b       ??_G_Iostream_error_category@std@@UAEPAXI@Z 1000507b f i ILuaObject.obj
 0001:0000407b       ??_G_System_error_category@std@@UAEPAXI@Z 1000507b f i ILuaObject.obj
 0001:0000407b       ??_E_System_error_category@std@@UAEPAXI@Z 1000507b f i * CIL library *:* CIL module *
 0001:000040a2       ??1_Iostream_error_category@std@@UAE@XZ 100050a2 f i ILuaObject.obj
 0001:000040a2       ??1_System_error_category@std@@UAE@XZ 100050a2 f i ILuaObject.obj
 0001:000040b3       ??0_System_error_category@std@@QAE@XZ 100050b3 f i ILuaObject.obj
 0001:000040d0       ?name@_System_error_category@std@@UBEPBDXZ 100050d0 f i ILuaObject.obj
 0001:000040de       ?message@_System_error_category@std@@UBE?AV?$basic_string@DU?$char_traits@D@std@@V?$allocator@D@2@@2@H@Z 100050de f i ILuaObject.obj
 0001:00004127       ?default_error_condition@_System_error_category@std@@UBE?AVerror_condition@2@H@Z 10005127 f i ILuaObject.obj
 0001:0000416b       ?generic_category@std@@YAABVerror_category@1@XZ 1000516b f i ILuaObject.obj
 0001:00004175       ?system_category@std@@YAABVerror_category@1@XZ 10005175 f i ILuaObject.obj
 0001:0000417f       ?UnReference@ILuaObject@@QAEXXZ 1000517f f   ILuaObject.obj
 0001:000041c7       ??_GILuaObject@@QAEPAXI@Z  100051c7 f i ILuaObject.obj
 0001:000041ee       ?GetType@ILuaObject@@QAEHXZ 100051ee f   ILuaObject.obj
 0001:0000422b       ?GetFloat@ILuaObject@@QAEMXZ 1000522b f   ILuaObject.obj
 0001:00004265       ?GetUserData@ILuaObject@@QAEPAXXZ 10005265 f   ILuaObject.obj
 0001:000042a1       ?GetMembers@ILuaObject@@QAEPAV?$CUtlVector@ULuaKeyValue@@V?$CUtlMemory@ULuaKeyValue@@H@@@@XZ 100052a1 f   ILuaObject.obj
 0001:0000445a       ?SetMember@ILuaObject@@QAEXPBDPAV1@@Z 1000545a f   ILuaObject.obj
 0001:000044ab       ?SetMember@ILuaObject@@QAEXPBDN@Z 100054ab f   ILuaObject.obj
 0001:0000450f       ?SetMember@ILuaObject@@QAEXPBDP6AHPAUlua_State@@@Z@Z 1000550f f   ILuaObject.obj
 0001:0000456d       ?SetMember@ILuaObject@@QAEXNPAV1@@Z 1000556d f   ILuaObject.obj
 0001:000045c5       ?SetMember@ILuaObject@@QAEXMPAV1@@Z 100055c5 f   ILuaObject.obj
 0001:000045e7       ?SetMember@ILuaObject@@QAEXHPAV1@@Z 100055e7 f   ILuaObject.obj
 0001:00004609       ?GetMember@ILuaObject@@QAEPAV1@PBD@Z 10005609 f   ILuaObject.obj
 0001:000046be       ?GetMember@ILuaObject@@QAEPAV1@N@Z 100056be f   ILuaObject.obj
 0001:0000478b       ?GetMember@ILuaObject@@QAEPAV1@H@Z 1000578b f   ILuaObject.obj
 0001:000047aa       ?Push@ILuaObject@@QAEXXZ   100057aa f   ILuaObject.obj
 0001:000047cb       ??0?$basic_string@DU?$char_traits@D@std@@V?$allocator@D@2@@std@@QAE@PBD@Z 100057cb f i ILuaObject.obj
 0001:00004802       ??1?$basic_string@DU?$char_traits@D@std@@V?$allocator@D@2@@std@@QAE@XZ 10005802 f i ILuaObject.obj
 0001:00004817       ?assign@?$basic_string@DU?$char_traits@D@std@@V?$allocator@D@2@@std@@QAEAAV12@PBD@Z 10005817 f i ILuaObject.obj
 0001:00004837       ?size@?$basic_string@DU?$char_traits@D@std@@V?$allocator@D@2@@std@@QBEIXZ 10005837 f i ILuaObject.obj
 0001:00004846       ?_Tidy@?$basic_string@DU?$char_traits@D@std@@V?$allocator@D@2@@std@@QAEX_NI@Z 10005846 f i ILuaObject.obj
 0001:000048d5       ??0?$_String_alloc@$0A@U?$_String_base_types@DV?$allocator@D@std@@@std@@@std@@QAE@ABV?$allocator@D@1@@Z 100058d5 f i ILuaObject.obj
 0001:000048eb       ?_Myptr@?$_String_val@U?$_Simple_types@D@std@@@std@@QAEPADXZ 100058eb f i ILuaObject.obj
 0001:000048eb       ?_Myptr@?$_String_val@U?$_Simple_types@D@std@@@std@@QBEPBDXZ 100058eb f i ILuaObject.obj
 0001:00004917       ?assign@?$basic_string@DU?$char_traits@D@std@@V?$allocator@D@2@@std@@QAEAAV12@PBDI@Z 10005917 f i ILuaObject.obj
 0001:0000498b       ?_Eos@?$basic_string@DU?$char_traits@D@std@@V?$allocator@D@2@@std@@QAEXI@Z 1000598b f i ILuaObject.obj
 0001:000049bb       ?_Xran@?$basic_string@DU?$char_traits@D@std@@V?$allocator@D@2@@std@@QBEXXZ 100059bb f i ILuaObject.obj
 0001:000049ce       ??0?$_String_val@U?$_Simple_types@D@std@@@std@@QAE@XZ 100059ce f i ILuaObject.obj
 0001:000049e8       ?assign@?$basic_string@DU?$char_traits@D@std@@V?$allocator@D@2@@std@@QAEAAV12@ABV12@II@Z 100059e8 f i ILuaObject.obj
 0001:00004a8d       ?_Grow@?$basic_string@DU?$char_traits@D@std@@V?$allocator@D@2@@std@@QAE_NI_N@Z 10005a8d f i ILuaObject.obj
 0001:00004b2c       ?_Inside@?$basic_string@DU?$char_traits@D@std@@V?$allocator@D@2@@std@@QAE_NPBD@Z 10005b2c f i ILuaObject.obj
 0001:00004b65       ?_Xlen@?$basic_string@DU?$char_traits@D@std@@V?$allocator@D@2@@std@@QBEXXZ 10005b65 f i ILuaObject.obj
 0001:00004b78       ?erase@?$basic_string@DU?$char_traits@D@std@@V?$allocator@D@2@@std@@QAEAAV12@I@Z 10005b78 f i ILuaObject.obj
 0001:00004ba4       ?erase@?$basic_string@DU?$char_traits@D@std@@V?$allocator@D@2@@std@@QAEAAV12@II@Z 10005ba4 f i ILuaObject.obj
 0001:00004c26       ?max_size@?$basic_string@DU?$char_traits@D@std@@V?$allocator@D@2@@std@@QBEIXZ 10005c26 f i ILuaObject.obj
 0001:00004c60       ?_Copy@?$basic_string@DU?$char_traits@D@std@@V?$allocator@D@2@@std@@QAEXII@Z 10005c60 f i ILuaObject.obj
 0001:00004e00       ?allocate@?$_Wrap_alloc@V?$allocator@D@std@@@std@@QAEPADI@Z 10005e00 f i ILuaObject.obj
 0001:00004e16       ?max_size@?$_Wrap_alloc@V?$allocator@D@std@@@std@@QBEIXZ 10005e16 f i ILuaObject.obj
 0001:00004e28       ?allocate@?$allocator@D@std@@QAEPADI@Z 10005e28 f i ILuaObject.obj
 0001:00004e3f       ?max_size@?$allocator_traits@V?$allocator@D@std@@@std@@SAIABV?$allocator@D@2@@Z 10005e3f f i ILuaObject.obj
 0001:00004e4c       ?max_size@?$allocator@D@std@@QBEIXZ 10005e4c f i ILuaObject.obj
 0001:00004e58       ??$_Allocate@D@std@@YAPADIPAD@Z 10005e58 f i ILuaObject.obj
 0001:00004e8a       ??0Vector@@QAE@MMM@Z       10005e8a f i main.obj
 0001:00004ebe       ??4Vector@@QAEAAV0@ABV0@@Z 10005ebe f i main.obj
 0001:00004eee       ?VectorSubtract@@YAXABVVector@@0AAV1@@Z 10005eee f i main.obj
 0001:00004f38       ?VectorLength@@YAMABVVector@@@Z 10005f38 f i main.obj
 0001:00004f80       ?Length@Vector@@QBEMXZ     10005f80 f i main.obj
 0001:00004f92       ?DistTo@Vector@@QBEMABV1@@Z 10005f92 f i main.obj
 0001:00004fc1       ??0Vector4D@@QAE@MMMM@Z    10005fc1 f i main.obj
 0001:00005037       ?min@?$numeric_limits@I@std@@SAIXZ 10006037 f i main.obj
 0001:0000503e       ?InvalidIndex@?$CUtlMemory@U?$UtlLinkedListElem_t@UAirSeedSpot@@H@@H@@SAHXZ 1000603e f i nav.obj
 0001:0000503e       ?InvalidIndex@?$CUtlMemory@U?$UtlLinkedListElem_t@UGroundSeedSpot@@H@@H@@SAHXZ 1000603e f i nav.obj
 0001:0000503e       ?max@?$numeric_limits@I@std@@SAIXZ 1000603e f i main.obj
 0001:00005046       ?min@?$numeric_limits@_J@std@@SA_JXZ 10006046 f i main.obj
 0001:00005052       ?max@?$numeric_limits@_J@std@@SA_JXZ 10006052 f i main.obj
 0001:0000505f       ??0logic_error@std@@QAE@PBD@Z 1000605f f i main.obj
 0001:00005082       ??_Elogic_error@std@@UAEPAXI@Z 10006082 f i * CIL library *:* CIL module *
 0001:00005082       ??_Glogic_error@std@@UAEPAXI@Z 10006082 f i main.obj
 0001:00005082       ??_Eruntime_error@std@@UAEPAXI@Z 10006082 f i * CIL library *:* CIL module *
 0001:00005082       ??_Gruntime_error@std@@UAEPAXI@Z 10006082 f i main.obj
 0001:000050a9       ??1logic_error@std@@UAE@XZ 100060a9 f i main.obj
 0001:000050a9       ??1runtime_error@std@@UAE@XZ 100060a9 f i main.obj
 0001:000050ba       ??0out_of_range@std@@QAE@ABV?$basic_string@DU?$char_traits@D@std@@V?$allocator@D@2@@1@@Z 100060ba f i main.obj
 0001:000050e2       ??_Gout_of_range@std@@UAEPAXI@Z 100060e2 f i main.obj
 0001:000050e2       ??_Eout_of_range@std@@UAEPAXI@Z 100060e2 f i * CIL library *:* CIL module *
 0001:00005109       ??1out_of_range@std@@UAE@XZ 10006109 f i main.obj
 0001:0000511a       ??0runtime_error@std@@QAE@PBD@Z 1000611a f i main.obj
 0001:0000513d       ??0runtime_error@std@@QAE@ABV01@@Z 1000613d f i main.obj
 0001:0000515f       ??0exception@boost@@IAE@XZ 1000615f f i main.obj
 0001:00005194       ??1exception@boost@@MAE@XZ 10006194 f i main.obj
 0001:000051b1       ??1clone_base@exception_detail@boost@@UAE@XZ 100061b1 f i main.obj
 0001:000051c3       ??_Eclone_base@exception_detail@boost@@UAEPAXI@Z 100061c3 f i * CIL library *:* CIL module *
 0001:000051c3       ??_Gclone_base@exception_detail@boost@@UAEPAXI@Z 100061c3 f i main.obj
 0001:000051ea       ?copy_boost_exception@exception_detail@boost@@YAXPAVexception@2@PBV32@@Z 100061ea f i main.obj
 0001:000052ae       ?gmtime@c_time@date_time@boost@@SAPAUtm@@PB_JPAU4@@Z 100062ae f i main.obj
 0001:00005323       ?get_system_time_as_file_time@winapi@date_time@boost@@YAXAAUFILETIME@123@@Z 10006323 f i main.obj
 0001:00005331       ?as_number@time_resolution_traits_adapted64_impl@date_time@boost@@SA_JV?$int_adapter@_J@23@@Z 10006331 f i main.obj
 0001:0000533e       ?is_adapted@time_resolution_traits_adapted64_impl@date_time@boost@@SA_NXZ 1000633e f i main.obj
 0001:00005345       ??0bad_day_of_month@gregorian@boost@@QAE@XZ 10006345 f i main.obj
 0001:000053c4       ??0bad_day_of_month@gregorian@boost@@QAE@ABV?$basic_string@DU?$char_traits@D@std@@V?$allocator@D@2@@std@@@Z 100063c4 f i main.obj
 0001:000053e6       ??_Ebad_day_of_month@gregorian@boost@@UAEPAXI@Z 100063e6 f i * CIL library *:* CIL module *
 0001:000053e6       ??_Gbad_day_of_month@gregorian@boost@@UAEPAXI@Z 100063e6 f i main.obj
 0001:000053e6       ??_Gbad_year@gregorian@boost@@UAEPAXI@Z 100063e6 f i main.obj
 0001:000053e6       ??_Gbad_month@gregorian@boost@@UAEPAXI@Z 100063e6 f i main.obj
 0001:000053e6       ??_Ebad_year@gregorian@boost@@UAEPAXI@Z 100063e6 f i * CIL library *:* CIL module *
 0001:000053e6       ??_Ebad_month@gregorian@boost@@UAEPAXI@Z 100063e6 f i * CIL library *:* CIL module *
 0001:0000540d       ??1bad_day_of_month@gregorian@boost@@UAE@XZ 1000640d f i main.obj
 0001:0000540d       ??1bad_month@gregorian@boost@@UAE@XZ 1000640d f i main.obj
 0001:0000540d       ??1bad_year@gregorian@boost@@UAE@XZ 1000640d f i main.obj
 0001:0000541e       ??0greg_day@gregorian@boost@@QAE@G@Z 1000641e f i main.obj
 0001:00005437       ??Bgreg_month@gregorian@boost@@QBEGXZ 10006437 f i main.obj
 0001:00005437       ??Bgreg_day@gregorian@boost@@QBEGXZ 10006437 f i main.obj
 0001:00005437       ??Bgreg_year@gregorian@boost@@QBEGXZ 10006437 f i main.obj
 0001:00005446       ??0bad_year@gregorian@boost@@QAE@XZ 10006446 f i main.obj
 0001:000054c5       ??0greg_year@gregorian@boost@@QAE@G@Z 100064c5 f i main.obj
 0001:000054de       ??0bad_month@gregorian@boost@@QAE@XZ 100064de f i main.obj
 0001:0000555d       ??0greg_month@gregorian@boost@@QAE@G@Z 1000655d f i main.obj
 0001:00005576       ??0date@gregorian@boost@@QAE@Vgreg_year@12@Vgreg_month@12@Vgreg_day@12@@Z 10006576 f i main.obj
 0001:00005641       ??0time_duration@posix_time@boost@@QAE@HHH_J@Z 10006641 f i main.obj
 0001:00005666       ??0?$counted_time_rep@Vmillisec_posix_time_system_config@posix_time@boost@@@date_time@boost@@QAE@_J@Z 10006666 f i main.obj
 0001:00005666       ??0time_duration@posix_time@boost@@IAE@V?$int_adapter@_J@date_time@2@@Z 10006666 f i main.obj
 0001:00005682       ??0ptime@posix_time@boost@@QAE@Vdate@gregorian@2@Vtime_duration@12@@Z 10006682 f i main.obj
 0001:000056a2       ??0time_duration@posix_time@boost@@QAE@ABV012@@Z 100066a2 f i main.obj
 0001:000056a2       ??0ptime@posix_time@boost@@QAE@ABU?$counted_time_rep@Vmillisec_posix_time_system_config@posix_time@boost@@@date_time@2@@Z 100066a2 f i main.obj
 0001:000056bb       ?get_system_time@boost@@YA?AVptime@posix_time@1@XZ 100066bb f i main.obj
 0001:000056cc       ?free_raw_heap_memory@detail@boost@@YAXPAX@Z 100066cc f i main.obj
 0001:000056e3       ?intrusive_ptr_release@detail@boost@@YAXPAUthread_data_base@12@@Z 100066e3 f i main.obj
 0001:00005701       ??0timeout@detail@boost@@QAE@_K@Z 10006701 f i main.obj
[...]
 0002:000107f4       __unwindtable$?create_anonymous_event@win32@detail@boost@@YAPAXW4event_type@123@W4initial_event_state@123@@Z 1003f7f4     * CIL library *:* CIL module *
 0002:000107fc       __ehfuncinfo$?what@system_error@system@boost@@UBEPBDXZ 1003f7fc     * CIL library *:* CIL module *
 0002:00010820       __unwindtable$?what@system_error@system@boost@@UBEPBDXZ 1003f820     * CIL library *:* CIL module *
 0002:00010838       __tryblocktable$?what@system_error@system@boost@@UBEPBDXZ 1003f838     * CIL library *:* CIL module *
 0002:0001084c       __catchsym$?what@system_error@system@boost@@UBEPBDXZ$3 1003f84c     * CIL library *:* CIL module *
 0002:0001085c       __ehfuncinfo$?Flood@Nav@@QAEXPAUlua_State@@PAV?$CUtlVector@ULuaKeyValue@@V?$CUtlMemory@ULuaKeyValue@@H@@@@@Z 1003f85c     * CIL library *:* CIL module *
 0002:00010880       __unwindtable$?Flood@Nav@@QAEXPAUlua_State@@PAV?$CUtlVector@ULuaKeyValue@@V?$CUtlMemory@ULuaKeyValue@@H@@@@@Z 1003f880     * CIL library *:* CIL module *
 0002:00010890       __ehfuncinfo$?GenerateQueue@Nav@@QAEXPAUJobInfo_t@@@Z 1003f890     * CIL library *:* CIL module *
 0002:00010890       __ehfuncinfo$?FindPathQueue@Nav@@QAEXPAUJobInfo_t@@@Z 1003f890     * CIL library *:* CIL module *
 0002:000108b4       __unwindtable$?FindPathQueue@Nav@@QAEXPAUJobInfo_t@@@Z 1003f8b4     * CIL library *:* CIL module *
 0002:000108b4       __unwindtable$?GenerateQueue@Nav@@QAEXPAUJobInfo_t@@@Z 1003f8b4     * CIL library *:* CIL module *
 0002:000108bc       __ehfuncinfo$?Load@Nav@@QAE_NPBD@Z 1003f8bc     * CIL library *:* CIL module *
 0002:000108e0       __unwindtable$?Load@Nav@@QAE_NPBD@Z 1003f8e0     * CIL library *:* CIL module *
 0002:000108e8       __ehfuncinfo$?AddNode@Nav@@QAEPAVNode@@ABVVector@@0W4NavDirType@@PAV2@@Z 1003f8e8     * CIL library *:* CIL module *
 0002:0001090c       __unwindtable$?AddNode@Nav@@QAEPAVNode@@ABVVector@@0W4NavDirType@@PAV2@@Z 1003f90c     * CIL library *:* CIL module *
 0002:00010914       __ehfuncinfo$??0Nav@@QAE@H@Z 1003f914     * CIL library *:* CIL module *
 0002:00010938       __unwindtable$??0Nav@@QAE@H@Z 1003f938     * CIL library *:* CIL module *
 0002:00010bb2       .idata$6                   1003fbb2     tier0:tier0.dll
 0002:00010c80       .idata$6                   1003fc80     kernel32:KERNEL32.dll
 0002:00011210       .edata                     10040210     gmcl_navigation_win32.exp
 0002:00011238       rgpv                       10040238     gmcl_navigation_win32.exp
 0002:00011244       rgszName                   10040244     gmcl_navigation_win32.exp
 0002:00011250       rgwOrd                     10040250     gmcl_navigation_win32.exp
 0002:00011256       szName                     10040256     gmcl_navigation_win32.exp
 0002:00011270       $N00001                    10040270     gmcl_navigation_win32.exp
 0002:00011280       $N00002                    10040280     gmcl_navigation_win32.exp
 0002:0001128d       $N00003                    1004028d     gmcl_navigation_win32.exp
 0003:00000020       _vec2_invalid              10041020     mathlib:mathlib_base.obj
 0003:00000480       _vec2_invalid              10041480     mathlib:color_conversion.obj
 0003:00000488       _vec2_invalid              10041488     mathlib:sse.obj
 0003:00000490       _vec2_invalid              10041490     mathlib:3dnow.obj
 0003:00000498       _s_BackSlashMap            10041498     tier1:strtools.obj
 0003:000004a4       _vec2_invalid              100414a4     tier1:strtools.obj
 0003:000004d0       _NAME_                     100414d0     LIBCMT:acos.obj
 0003:000004e0       _NAME_                     100414e0     LIBCMT:asin.obj
 0003:000004f8       POW_name                   100414f8     LIBCMT:pow.obj
 0003:00000518       _errtable                  10041518     LIBCMT:dosmap.obj
 0003:00000680       _ErrnoNoMem                10041680     LIBCMT:dosmap.obj
 0003:00000684       _DoserrorNoMem             10041684     LIBCMT:dosmap.obj
 0003:000009d4       ?isPackaged@?1??__crtIsPackagedApp@@9@9 100419d4     LIBCMT:winapisupp.obj
 0003:00000a00       _newcw                     10041a00     LIBCMT:floor.obj
 0003:00000a14       ___rgctypeflag             10041a14     LIBCMT:mbctype.obj
 0003:00000a18       ___rgcode_page_info        10041a18     LIBCMT:mbctype.obj
 0003:00001160       __ctype_loc_style          10042160     LIBCMT:wsetloca.obj
 0003:00001170       __locktable                10042170     LIBCMT:mlock.obj
 0003:000012d0       ?_names@?1??_get_fname@@9@9 100422d0     LIBCMT:fpexcept.obj
 0003:000013b8       _over                      100423b8     LIBCMT:fpctrl.obj
 0003:000013c4       _under                     100423c4     LIBCMT:fpctrl.obj
 0003:000013d0       ?__DAZ_ENABLED@?1??__set_fpsr_sse2@@9@9 100423d0     LIBCMT:fpctrl.obj
 0003:00001540       _DoubleFormat              10042540     LIBCMT:intrncvt.obj
 0003:00001558       _FloatFormat               10042558     LIBCMT:intrncvt.obj
 0003:00001978       _Name                      10042978     * CIL library *:* CIL module *
 0003:00001a08       _Name                      10042a08     * CIL library *:* CIL module *
 0003:00001a98       _Name                      10042a98     * CIL library *:* CIL module *
 0003:00001b28       _Name                      10042b28     * CIL library *:* CIL module *
 0003:00001bb8       _Name                      10042bb8     * CIL library *:* CIL module *
 0003:00001c48       _Name                      10042c48     * CIL library *:* CIL module *
 0003:00002670       _NAME_                     10043670     LIBCMT:sqrt.obj
 0003:00002a81       _s_b3DNowEnabled           10043a81     mathlib:mathlib_base.obj
 0003:00002a82       _s_bMMXEnabled             10043a82     mathlib:mathlib_base.obj
 0003:00002a83       _s_bSSEEnabled             10043a83     mathlib:mathlib_base.obj
 0003:00002a84       _s_bSSE2Enabled            10043a84     mathlib:mathlib_base.obj
 0003:00002a88       _vec2_origin               10043a88     mathlib:mathlib_base.obj
 0003:00002aa8       _texturetolinear           10043aa8     mathlib:color_conversion.obj
 0003:00003ea8       _g_Mathlib_LinearToGamma   10044ea8     mathlib:color_conversion.obj
 0003:000042a8       _lineartotexture           100452a8     mathlib:color_conversion.obj
 0003:000052a8       _lineartoscreen            100462a8     mathlib:color_conversion.obj
 0003:000062a8       _g_Mathlib_GammaToLinear   100472a8     mathlib:color_conversion.obj
 0003:0000a6a8       _texgammatable             1004b6a8     mathlib:color_conversion.obj
 0003:0000a7a8       _vec2_origin               1004b7a8     mathlib:color_conversion.obj
 0003:0000a7b0       _vec2_origin               1004b7b0     mathlib:sse.obj
 0003:0000a7b8       _vec2_origin               1004b7b8     mathlib:3dnow.obj
 0003:0000a7c4       _vec2_origin               1004b7c4     tier1:strtools.obj
 0003:0000a7cc       ___proc_attached           1004b7cc     LIBCMT:dllcrt0.obj
 0003:0000a7e0       _GS_ExceptionRecord        1004b7e0     LIBCMT:gs_report.obj
 0003:0000a830       _GS_ContextRecord          1004b830     LIBCMT:gs_report.obj
 0003:0000aafc       _DebuggerWasPresent        1004bafc     LIBCMT:gs_report.obj
 0003:0000ab50       ?outmsg@?8??_NMSG_WRITE@@9@9 1004bb50     LIBCMT:crt0msg.obj
 0003:0000b17c       ___type_info_root_node     1004c17c     LIBCMT:typname.obj
 0003:0000b298       ?_pgmname@?1??_setargv@@9@9 1004c298     LIBCMT:stdargv.obj
 0003:0000b3a0       __pmatherr_set             1004c3a0     LIBCMT:libm_error.obj
 0003:0000b3bc       _fSystemSet                1004c3bc     LIBCMT:mbctype.obj
 0003:0000b3c4       ___enable_percent_n        1004c3c4     LIBCMT:printf.obj
 0003:0000b3d0       _lclcritsects              1004c3d0     LIBCMT:mlock.obj
 0003:0000b524       _g_pfnRtlGenRandom         1004c524     LIBCMT:rand_s.obj
 0003:0000b528       _ctrlc_action              1004c528     LIBCMT:winsig.obj
 0003:0000b52c       _ctrlbreak_action          1004c52c     LIBCMT:winsig.obj
 0003:0000b530       _abort_action              1004c530     LIBCMT:winsig.obj
 0003:0000b534       _term_action               1004c534     LIBCMT:winsig.obj
 0003:0000b538       _ConsoleCtrlHandler_Installed 1004c538     LIBCMT:winsig.obj
 0003:0000b540       ?pfnMessageBox@?1??__crtMessageBoxW@@9@9 1004c540     LIBCMT:crtmboxw.obj
 0003:0000b544       ?pfnGetActiveWindow@?1??__crtMessageBoxW@@9@9 1004c544     LIBCMT:crtmboxw.obj
 0003:0000b548       ?pfnGetLastActivePopup@?1??__crtMessageBoxW@@9@9 1004c548     LIBCMT:crtmboxw.obj
 0003:0000b54c       ?pfnGetProcessWindowStation@?1??__crtMessageBoxW@@9@9 1004c54c     LIBCMT:crtmboxw.obj
 0003:0000b550       ?pfnGetUserObjectInformation@?1??__crtMessageBoxW@@9@9 1004c550     LIBCMT:crtmboxw.obj
 0003:0000b554       ___crtCallProc             1004c554     LIBCMT:winapinls.obj
 0003:0000b580       _heap                      1004c580     LIBCMT:undname.obj
 0003:0000b5a8       __Tuple_alloc              1004c5a8     libcpmt:xthrow.obj
 0003:0000b5a9       _ignore                    1004c5a9     libcpmt:xthrow.obj
 0003:0000b5aa       _allocator_arg             1004c5aa     libcpmt:xthrow.obj
 0003:0000b5ab       _piecewise_construct       1004c5ab     libcpmt:xthrow.obj
 0003:0000b5ac       _allocator_arg             1004c5ac     libcpmt:syserror.obj
 0003:0000b5ad       _piecewise_construct       1004c5ad     libcpmt:syserror.obj
 0003:0000b5b8       __8                        1004c5b8     libboost_thread-vc110-mt-s-1_52:thread.obj
 0003:0000b5b9       __1                        1004c5b9     libboost_thread-vc110-mt-s-1_52:thread.obj
 0003:0000b5ba       __Tuple_alloc              1004c5ba     libboost_thread-vc110-mt-s-1_52:thread.obj
 0003:0000b5bb       __5                        1004c5bb     libboost_thread-vc110-mt-s-1_52:thread.obj
 0003:0000b5bc       __9                        1004c5bc     libboost_thread-vc110-mt-s-1_52:thread.obj
 0003:0000b5bd       __4                        1004c5bd     libboost_thread-vc110-mt-s-1_52:thread.obj
 0003:0000b5be       __2                        1004c5be     libboost_thread-vc110-mt-s-1_52:thread.obj
 0003:0000b5bf       __7                        1004c5bf     libboost_thread-vc110-mt-s-1_52:thread.obj
 0003:0000b5c0       _ignore                    1004c5c0     libboost_thread-vc110-mt-s-1_52:thread.obj
 0003:0000b5c1       __3                        1004c5c1     libboost_thread-vc110-mt-s-1_52:thread.obj
 0003:0000b5c2       _allocator_arg             1004c5c2     libboost_thread-vc110-mt-s-1_52:thread.obj
 0003:0000b5c3       _piecewise_construct       1004c5c3     libboost_thread-vc110-mt-s-1_52:thread.obj
 0003:0000b5c4       __6                        1004c5c4     libboost_thread-vc110-mt-s-1_52:thread.obj
 0003:0000b5c5       _piecewise_construct       1004c5c5     libboost_thread-vc110-mt-s-1_52:tss_pe.obj
 0003:0000b5c8       __Tuple_alloc              1004c5c8     libboost_system-vc110-mt-s-1_52:error_code.obj
 0003:0000b5c9       _ignore                    1004c5c9     libboost_system-vc110-mt-s-1_52:error_code.obj
 0003:0000b5ca       _allocator_arg             1004c5ca     libboost_system-vc110-mt-s-1_52:error_code.obj
 0003:0000b5cb       _piecewise_construct       1004c5cb     libboost_system-vc110-mt-s-1_52:error_code.obj
 0003:0000b5cc       _errno_ecat                1004c5cc     libboost_system-vc110-mt-s-1_52:error_code.obj
 0003:0000b5d8       _native_ecat               1004c5d8     libboost_system-vc110-mt-s-1_52:error_code.obj
 0003:0000b5dc       _posix_category            1004c5dc     libboost_system-vc110-mt-s-1_52:error_code.obj
 0003:0000b5e0       ?unknown_err@?1??message@generic_error_category@?A0xe218785f@@UBE?AV?$basic_string@DU?$char_traits@D@std@@V?$allocator@D@2@@std@@H@Z@4V45@A 1004c5e0     libboost_system-vc110-mt-s-1_52:error_code.obj
 0003:0000b5f8       ?$S1@?1??message@generic_error_category@?A0xe218785f@@UBE?AV?$basic_string@DU?$char_traits@D@std@@V?$allocator@D@2@@std@@H@Z@4IA 1004c5f8     libboost_system-vc110-mt-s-1_52:error_code.obj
 0003:0000b5fc       ?system_category_const@?1??system_category@system@boost@@YAABVerror_category@23@XZ@4Vsystem_error_category@?A0xe218785f@@B 1004c5fc     libboost_system-vc110-mt-s-1_52:error_code.obj
 0003:0000b600       ?$S2@?1??system_category@system@boost@@YAABVerror_category@23@XZ@4IA 1004c600     libboost_system-vc110-mt-s-1_52:error_code.obj
 0003:0000b604       ?generic_category_const@?1??generic_category@system@boost@@YAABVerror_category@23@XZ@4Vgeneric_error_category@?A0xe218785f@@B 1004c604     libboost_system-vc110-mt-s-1_52:error_code.obj
 0003:0000b608       ?$S3@?1??generic_category@system@boost@@YAABVerror_category@23@XZ@4IA 1004c608     libboost_system-vc110-mt-s-1_52:error_code.obj
 0003:0000b60c       ?s_roinit@?1??_initMTAoncurrentthread@@9@9 1004c60c     LIBCMT:threadex.obj
 0003:0000b610       ?s_initialized@?1??_initMTAoncurrentthread@@9@9 1004c610     LIBCMT:threadex.obj
 0003:0000b614       ?s_rouninit@?1??_uninitMTAoncurrentthread@@9@9 1004c614     LIBCMT:threadex.obj
 0003:0000b618       ?s_initialized@?1??_uninitMTAoncurrentthread@@9@9 1004c618     LIBCMT:threadex.obj
 0003:0000b630       _vec2_origin               1004c630     * CIL library *:* CIL module *
 0003:0000b638       _vec2_invalid              1004c638     * CIL library *:* CIL module *
 0003:0000b640       _allocator_arg             1004c640     * CIL library *:* CIL module *
 0003:0000b641       _piecewise_construct       1004c641     * CIL library *:* CIL module *
 0003:0000b642       _allocator_arg             1004c642     * CIL library *:* CIL module *
 0003:0000b643       _piecewise_construct       1004c643     * CIL library *:* CIL module *
 0003:0000b644       _vec2_origin               1004c644     * CIL library *:* CIL module *
 0003:0000b64c       _vec2_invalid              1004c64c     * CIL library *:* CIL module *
 0003:0000b658       _vec2_origin               1004c658     * CIL library *:* CIL module *
 0003:0000b660       _vec2_invalid              1004c660     * CIL library *:* CIL module *
 0003:0000b668       __Tuple_alloc              1004c668     * CIL library *:* CIL module *
 0003:0000b669       _ignore                    1004c669     * CIL library *:* CIL module *
 0003:0000b66a       _allocator_arg             1004c66a     * CIL library *:* CIL module *
 0003:0000b66b       __9                        1004c66b     * CIL library *:* CIL module *
 0003:0000b66c       _vec4_origin               1004c66c     * CIL library *:* CIL module *
 0003:0000b67c       _errno_ecat                1004c67c     * CIL library *:* CIL module *
 0003:0000b688       _vec2_origin               1004c688     * CIL library *:* CIL module *
 0003:0000b690       __2                        1004c690     * CIL library *:* CIL module *
 0003:0000b691       __7                        1004c691     * CIL library *:* CIL module *
 0003:0000b692       __5                        1004c692     * CIL library *:* CIL module *
 0003:0000b693       __8                        1004c693     * CIL library *:* CIL module *
 0003:0000b694       __1                        1004c694     * CIL library *:* CIL module *
 0003:0000b695       __4                        1004c695     * CIL library *:* CIL module *
 0003:0000b696       __3                        1004c696     * CIL library *:* CIL module *
 0003:0000b697       _piecewise_construct       1004c697     * CIL library *:* CIL module *
 0003:0000b698       _vector_origin             1004c698     * CIL library *:* CIL module *
 0003:0000b6a4       _native_ecat               1004c6a4     * CIL library *:* CIL module *
 0003:0000b6a8       _vec4_invalid              1004c6a8     * CIL library *:* CIL module *
 0003:0000b6b8       _vec2_invalid              1004c6b8     * CIL library *:* CIL module *
 0003:0000b6c0       __6                        1004c6c0     * CIL library *:* CIL module *
 0003:0000b6c1       __Tuple_alloc              1004c6c1     * CIL library *:* CIL module *
 0003:0000b6c2       _ignore                    1004c6c2     * CIL library *:* CIL module *
 0003:0000b6c3       _allocator_arg             1004c6c3     * CIL library *:* CIL module *
 0003:0000b6e0       _posix_category            1004c6e0     * CIL library *:* CIL module *
 0003:0000b6e4       _vec4_origin               1004c6e4     * CIL library *:* CIL module *
 0003:0000b6f4       _errno_ecat                1004c6f4     * CIL library *:* CIL module *
 0003:0000b6f8       __9                        1004c6f8     * CIL library *:* CIL module *
 0003:0000b6f9       __2                        1004c6f9     * CIL library *:* CIL module *
 0003:0000b6fa       __7                        1004c6fa     * CIL library *:* CIL module *
 0003:0000b6fb       __5                        1004c6fb     * CIL library *:* CIL module *
 0003:0000b6fc       __8                        1004c6fc     * CIL library *:* CIL module *
 0003:0000b6fd       __1                        1004c6fd     * CIL library *:* CIL module *
 0003:0000b6fe       __4                        1004c6fe     * CIL library *:* CIL module *
 0003:0000b6ff       __3                        1004c6ff     * CIL library *:* CIL module *
 0003:0000b700       _vec2_origin               1004c700     * CIL library *:* CIL module *
 0003:0000b708       _vector_origin             1004c708     * CIL library *:* CIL module *
 0003:0000b714       _native_ecat               1004c714     * CIL library *:* CIL module *
 0003:0000b718       _vec4_invalid              1004c718     * CIL library *:* CIL module *
 0003:0000b728       _piecewise_construct       1004c728     * CIL library *:* CIL module *
 0003:0000b729       __6                        1004c729     * CIL library *:* CIL module *
 0003:0000b72a       __Tuple_alloc              1004c72a     * CIL library *:* CIL module *
 0003:0000b72b       _ignore                    1004c72b     * CIL library *:* CIL module *
 0003:0000b72c       _vec2_invalid              1004c72c     * CIL library *:* CIL module *
 0003:0000b734       _posix_category            1004c734     * CIL library *:* CIL module *
 0003:0000b738       _errno_ecat                1004c738     * CIL library *:* CIL module *
 0003:0000b73c       _allocator_arg             1004c73c     * CIL library *:* CIL module *
 0003:0000b73d       _piecewise_construct       1004c73d     * CIL library *:* CIL module *
 0003:0000b73e       __9                        1004c73e     * CIL library *:* CIL module *
 0003:0000b73f       __2                        1004c73f     * CIL library *:* CIL module *
 0003:0000b740       _vec2_origin               1004c740     * CIL library *:* CIL module *
 0003:0000b748       _native_ecat               1004c748     * CIL library *:* CIL module *
 0003:0000b74c       _vec2_invalid              1004c74c     * CIL library *:* CIL module *
 0003:0000b754       __7                        1004c754     * CIL library *:* CIL module *
 0003:0000b755       __5                        1004c755     * CIL library *:* CIL module *
 0003:0000b756       __8                        1004c756     * CIL library *:* CIL module *
 0003:0000b757       __1                        1004c757     * CIL library *:* CIL module *
 0003:0000b758       __4                        1004c758     * CIL library *:* CIL module *
 0003:0000b759       __3                        1004c759     * CIL library *:* CIL module *
 0003:0000b75a       __6                        1004c75a     * CIL library *:* CIL module *
 0003:0000b75c       _posix_category            1004c75c     * CIL library *:* CIL module *
 0005:00000060       $R000000                   1004f060     * linker generated manifest res *
