 gmsv_navigation_win32

 Timestamp is 50d778b2 (Sun Dec 23 16:33:38 2012)

 Preferred load address is 10000000

 Start         Length     Name                   Class
 0001:00000000 0002c50aH .text                   CODE
 0001:0002c510 00000d9aH .text$x                 CODE
 0001:0002d2b0 00000a1aH .text$yc                CODE
 0001:0002dcd0 000000b8H .text$yd                CODE
 0002:00000000 00000184H .idata$5                DATA
 0002:00000184 00000004H .CRT$XCA                DATA
 0002:00000188 00000164H .CRT$XCU                DATA
 0002:000002ec 00000004H .CRT$XCZ                DATA
 0002:000002f0 00000004H .CRT$XIA                DATA
 0002:000002f4 00000014H .CRT$XIC                DATA
 0002:00000308 00000004H .CRT$XIU                DATA
 0002:0000030c 00000004H .CRT$XIZ                DATA
 0002:00000310 00000004H .CRT$XLA                DATA
 0002:00000314 00000004H .CRT$XLC                DATA
 0002:00000318 00000004H .CRT$XLZ                DATA
 0002:0000031c 00000004H .CRT$XPA                DATA
 0002:00000320 00000008H .CRT$XPX                DATA
 0002:00000328 00000004H .CRT$XPXA               DATA
 0002:0000032c 00000004H .CRT$XPZ                DATA
 0002:00000330 00000004H .CRT$XTA                DATA
 0002:00000334 00000004H .CRT$XTU                DATA
 0002:00000338 00000004H .CRT$XTZ                DATA
 0002:00000340 0000d928H .rdata                  DATA
 0002:0000dc68 00000018H .rdata$T                DATA
 0002:0000dc80 0000008cH .rdata$debug            DATA
 0002:0000dd0c 00001039H .rdata$r                DATA
 0002:0000ed50 00000150H .rdata$sxdata           DATA
 0002:0000eea0 00000004H .rtc$IAA                DATA
 0002:0000eea4 00000004H .rtc$IZZ                DATA
 0002:0000eea8 00000004H .rtc$TAA                DATA
 0002:0000eeac 00000004H .rtc$TZZ                DATA
 0002:0000eeb0 00001bb8H .xdata$x                DATA
 0002:00010a68 00000028H .idata$2                DATA
 0002:00010a90 00000014H .idata$3                DATA
 0002:00010aa4 00000184H .idata$4                DATA
 0002:00010c28 000006fcH .idata$6                DATA
 0002:00011330 00000089H .edata                  DATA
 0003:00000000 00002748H .data                   DATA
 0003:00002760 0000b4d8H .bss                    DATA
 0004:00000000 00000001H .tls                    DATA
 0004:00000001 00000001H .tls$ZZZ                DATA
 0005:00000000 00000058H .rsrc$01                DATA
 0005:00000060 00000180H .rsrc$02                DATA

  Address         Publics by Value              Rva+Base       Lib:Object

 0000:00000000       __except_list              00000000     <absolute>
 0000:00000054       ___safe_se_handler_count   00000054     <absolute>
 0000:00000000       ___ImageBase               10000000     <linker-defined>
 0001:00000000       ??2@YAPAXIPAX@Z            10001000 f i ILuaInterface.obj
 0001:00000008       ?UtlMemory_CalcNewAllocationCount@@YAHHHHH@Z 10001008 f i ILuaInterface.obj
 0001:0000004d       ??0Vector2D@@QAE@MM@Z      1000104d f i ILuaInterface.obj
 0001:00000074       ??_H@YGXPAXIHP6EPAX0@Z@Z   10001074 f i ILuaInterface.obj
 0001:00000095       ?V_memmove@@YAXPAXPBXH@Z   10001095 f i ILuaInterface.obj
 0001:000000ab       ??0ILuaInterface@@QAE@PAUlua_State@@@Z 100010ab f   ILuaInterface.obj
 0001:00000250       ??1ILuaInterface@@QAE@XZ   10001250 f   ILuaInterface.obj
 0001:00000285       ?GetNewTable@ILuaInterface@@QAEPAVILuaObject@@XZ 10001285 f   ILuaInterface.obj
 0001:00000310       ?NewTable@ILuaInterface@@QAEXXZ 10001310 f   ILuaInterface.obj
 0001:0000032a       ?PushUserData@ILuaInterface@@QAEXPAVILuaObject@@PAXE@Z 1000132a f   ILuaInterface.obj
 0001:000003d3       ?Error@ILuaInterface@@QAAXPBDZZ 100013d3 f   ILuaInterface.obj
 0001:00000432       ?ErrorNoHalt@ILuaInterface@@QAAXPBDZZ 10001432 f   ILuaInterface.obj
 0001:000004af       ?GetGlobal@ILuaInterface@@QAEPAVILuaObject@@PBD@Z 100014af f   ILuaInterface.obj
 0001:00000579       ?SetGlobal@ILuaInterface@@QAEXPBDPAVILuaObject@@@Z 10001579 f   ILuaInterface.obj
 0001:000005de       ?GetObject@ILuaInterface@@QAEPAVILuaObject@@H@Z 100015de f   ILuaInterface.obj
 0001:0000067d       ?GetString@ILuaInterface@@QAEPBDHPAI@Z 1000167d f   ILuaInterface.obj
 0001:0000069f       ?GetInteger@ILuaInterface@@QAEHH@Z 1000169f f   ILuaInterface.obj
 0001:000006c3       ?GetNumber@ILuaInterface@@QAENH@Z 100016c3 f   ILuaInterface.obj
 0001:000006e2       ?GetBool@ILuaInterface@@QAE_NH@Z 100016e2 f   ILuaInterface.obj
 0001:00000701       ?GetUserData@ILuaInterface@@QAEPAXH@Z 10001701 f   ILuaInterface.obj
 0001:00000729       ?GetAllTableMembers@ILuaInterface@@QAEPAV?$CUtlVector@ULuaKeyValue@@V?$CUtlMemory@ULuaKeyValue@@H@@@@H@Z 10001729 f   ILuaInterface.obj
 0001:00000861       ?DeleteLuaVector@ILuaInterface@@QAEXPAV?$CUtlVector@ULuaKeyValue@@V?$CUtlMemory@ULuaKeyValue@@H@@@@@Z 10001861 f   ILuaInterface.obj
 0001:000008e4       ??_G?$CUtlVector@ULuaKeyValue@@V?$CUtlMemory@ULuaKeyValue@@H@@@@QAEPAXI@Z 100018e4 f i ILuaInterface.obj
 0001:0000090b       ?GetReference@ILuaInterface@@QAEHH@Z 1000190b f   ILuaInterface.obj
 0001:00000944       ?FreeReference@ILuaInterface@@QAEXH@Z 10001944 f   ILuaInterface.obj
 0001:00000966       ?PushReference@ILuaInterface@@QAEXH@Z 10001966 f   ILuaInterface.obj
 0001:00000988       ?Pop@ILuaInterface@@QAEXH@Z 10001988 f   ILuaInterface.obj
 0001:000009a7       ?Push@ILuaInterface@@QAEXPAVILuaObject@@@Z 100019a7 f   ILuaInterface.obj
 0001:000009ba       ?Push@ILuaInterface@@QAEXPBDI@Z 100019ba f   ILuaInterface.obj
 0001:000009dc       ?Push@ILuaInterface@@QAEX_N@Z 100019dc f   ILuaInterface.obj
 0001:000009fb       ?Push@ILuaInterface@@QAEXP6AHPAUlua_State@@@Z@Z 100019fb f   ILuaInterface.obj
 0001:00000a1d       ?Push@ILuaInterface@@QAEXM@Z 10001a1d f   ILuaInterface.obj
 0001:00000a45       ?CheckType@ILuaInterface@@QAEXHH@Z 10001a45 f   ILuaInterface.obj
 0001:00000a67       ?GetType@ILuaInterface@@QAEHH@Z 10001a67 f   ILuaInterface.obj
 0001:00000a89       ?GetReturn@ILuaInterface@@QAEPAVILuaObject@@H@Z 10001a89 f   ILuaInterface.obj
 0001:00000a9f       ?Call@ILuaInterface@@QAEXHH@Z 10001a9f f   ILuaInterface.obj
 0001:00000ac1       ?GetMetaTable@ILuaInterface@@QAEPAVILuaObject@@PBDH@Z 10001ac1 f   ILuaInterface.obj
 0001:00000b60       ??$vsprintf_s@$0EAA@@@YAHAAY0EAA@DPBDPAD@Z 10001b60 f i ILuaInterface.obj
 0001:00000b7b       ??0?$CUtlVector@ULuaKeyValue@@V?$CUtlMemory@ULuaKeyValue@@H@@@@QAE@HH@Z 10001b7b f i ILuaInterface.obj
 0001:00000bd8       ??1?$CUtlVector@ULuaKeyValue@@V?$CUtlMemory@ULuaKeyValue@@H@@@@QAE@XZ 10001bd8 f i ILuaInterface.obj
 0001:00000c23       ?Element@?$CUtlVector@ULuaKeyValue@@V?$CUtlMemory@ULuaKeyValue@@H@@@@QAEAAULuaKeyValue@@H@Z 10001c23 f i ILuaInterface.obj
 0001:00000c39       ?Count@?$CUtlVector@PAUBorder@@V?$CUtlMemory@PAUBorder@@H@@@@QBEHXZ 10001c39 f i nav.obj
 0001:00000c39       ?Head@?$CUtlLinkedList@UAirSeedSpot@@H$0A@HV?$CUtlMemory@U?$UtlLinkedListElem_t@UAirSeedSpot@@H@@H@@@@QBEHXZ 10001c39 f i nav.obj
 0001:00000c39       ?Head@?$CUtlLinkedList@UGroundSeedSpot@@H$0A@HV?$CUtlMemory@U?$UtlLinkedListElem_t@UGroundSeedSpot@@H@@H@@@@QBEHXZ 10001c39 f i nav.obj
 0001:00000c39       ?Count@?$CUtlVector@PAVNode@@V?$CUtlMemory@PAVNode@@H@@@@QBEHXZ 10001c39 f i main.obj
 0001:00000c39       ?Count@?$CUtlVector@ULuaKeyValue@@V?$CUtlMemory@ULuaKeyValue@@H@@@@QBEHXZ 10001c39 f i ILuaInterface.obj
 0001:00000c39       ?Size@?$CUtlVector@PAUJobInfo_t@@V?$CUtlMemory@PAUJobInfo_t@@H@@@@QBEHXZ 10001c39 f i main.obj
 0001:00000c39       ?Size@?$CUtlVector@PAVNode@@V?$CUtlMemory@PAVNode@@H@@@@QBEHXZ 10001c39 f i main.obj
 0001:00000c48       ?AddToTail@?$CUtlVector@ULuaKeyValue@@V?$CUtlMemory@ULuaKeyValue@@H@@@@QAEHABULuaKeyValue@@@Z 10001c48 f i ILuaInterface.obj
 0001:00000c64       ?ResetDbgInfo@?$CUtlVector@PAVNode@@V?$CUtlMemory@PAVNode@@H@@@@IAEXXZ 10001c64 f i main.obj
 0001:00000c64       ?ResetDbgInfo@?$CUtlVector@PAUBorder@@V?$CUtlMemory@PAUBorder@@H@@@@IAEXXZ 10001c64 f i nav.obj
 0001:00000c64       ?ResetDbgInfo@?$CUtlVector@ULuaKeyValue@@V?$CUtlMemory@ULuaKeyValue@@H@@@@IAEXXZ 10001c64 f i ILuaInterface.obj
 0001:00000c64       ?ResetDbgInfo@?$CUtlVector@PAUJobInfo_t@@V?$CUtlMemory@PAUJobInfo_t@@H@@@@IAEXXZ 10001c64 f i main.obj
 0001:00000c7b       ?Base@CUtlBuffer@@QAEPAXXZ 10001c7b f i nav.obj
 0001:00000c7b       ?Base@?$CUtlVector@ULuaKeyValue@@V?$CUtlMemory@ULuaKeyValue@@H@@@@QAEPAULuaKeyValue@@XZ 10001c7b f i ILuaInterface.obj
 0001:00000c7b       ?Base@?$CUtlVector@PAUJobInfo_t@@V?$CUtlMemory@PAUJobInfo_t@@H@@@@QAEPAPAUJobInfo_t@@XZ 10001c7b f i main.obj
 0001:00000c7b       ?Base@?$CUtlVector@PAVNode@@V?$CUtlMemory@PAVNode@@H@@@@QAEPAPAVNode@@XZ 10001c7b f i main.obj
 0001:00000c7b       ?Base@?$CUtlVector@PAUBorder@@V?$CUtlMemory@PAUBorder@@H@@@@QAEPAPAUBorder@@XZ 10001c7b f i nav.obj
 0001:00000c8c       ?InsertBefore@?$CUtlVector@ULuaKeyValue@@V?$CUtlMemory@ULuaKeyValue@@H@@@@QAEHHABULuaKeyValue@@@Z 10001c8c f i ILuaInterface.obj
 0001:00000cc7       ?Purge@?$CUtlVector@ULuaKeyValue@@V?$CUtlMemory@ULuaKeyValue@@H@@@@QAEXXZ 10001cc7 f i ILuaInterface.obj
 0001:00000ce8       ??0?$CUtlMemory@ULuaKeyValue@@H@@QAE@HH@Z 10001ce8 f i ILuaInterface.obj
 0001:00000d42       ??1?$CUtlMemory@PAUJobInfo_t@@H@@QAE@XZ 10001d42 f i main.obj
 0001:00000d42       ??1?$CUtlMemory@U?$UtlLinkedListElem_t@UGroundSeedSpot@@H@@H@@QAE@XZ 10001d42 f i nav.obj
 0001:00000d42       ??1?$CUtlMemory@U?$UtlLinkedListElem_t@UAirSeedSpot@@H@@H@@QAE@XZ 10001d42 f i nav.obj
 0001:00000d42       ??1?$CUtlMemory@EH@@QAE@XZ 10001d42 f i nav.obj
 0001:00000d42       ??1?$CUtlMemory@PAUBorder@@H@@QAE@XZ 10001d42 f i nav.obj
 0001:00000d42       ??1?$CUtlMemory@ULuaKeyValue@@H@@QAE@XZ 10001d42 f i ILuaInterface.obj
 0001:00000d42       ??1?$CUtlMemory@PAVNode@@H@@QAE@XZ 10001d42 f i main.obj
 0001:00000d53       ??A?$CUtlMemory@ULuaKeyValue@@H@@QAEAAULuaKeyValue@@H@Z 10001d53 f i ILuaInterface.obj
 0001:00000d69       ?Base@?$CUtlMemory@PAUJobInfo_t@@H@@QAEPAPAUJobInfo_t@@XZ 10001d69 f i main.obj
 0001:00000d69       ?get@?$refcount_ptr@Uerror_info_container@exception_detail@boost@@@exception_detail@boost@@QBEPAUerror_info_container@23@XZ 10001d69 f i main.obj
 0001:00000d69       ?Base@?$CUtlMemory@PAVNode@@H@@QAEPAPAVNode@@XZ 10001d69 f i main.obj
 0001:00000d69       ?_Mynode@?$_Tree_unchecked_const_iterator@V?$_Tree_val@U?$_Tree_simple_types@U?$pair@QAUlua_State@@PAVILuaInterface@@@std@@@std@@@std@@U_Iterator_base0@2@@std@@QBEPAU?$_Tree_node@U?$pair@QAUlua_State@@PAVILuaInterface@@@std@@PAX@2@XZ 10001d69 f i ILuaModuleManager.obj
 0001:00000d69       ?Base@?$CUtlMemory@PAUBorder@@H@@QAEPAPAUBorder@@XZ 10001d69 f i nav.obj
 0001:00000d69       ?as_number@?$int_adapter@I@date_time@boost@@QBEIXZ 10001d69 f i main.obj
 0001:00000d69       ?value@error_code@std@@QBEHXZ 10001d69 f i ILuaObject.obj
 0001:00000d69       ?Base@?$CUtlMemory@U?$UtlLinkedListElem_t@UGroundSeedSpot@@H@@H@@QAEPAU?$UtlLinkedListElem_t@UGroundSeedSpot@@H@@XZ 10001d69 f i nav.obj
 0001:00000d69       ?value@error_code@system@boost@@QBEHXZ 10001d69 f i nav.obj
 0001:00000d69       ?Base@?$CUtlMemory@ULuaKeyValue@@H@@QAEPAULuaKeyValue@@XZ 10001d69 f i ILuaInterface.obj
 0001:00000d69       ?Base@?$CUtlMemory@EH@@QAEPAEXZ 10001d69 f i nav.obj
 0001:00000d69       ?_Mynode@?$_Tree_unchecked_const_iterator@V?$_Tree_val@U?$_Tree_simple_types@U?$pair@QBXUtss_data_node@detail@boost@@@std@@@std@@@std@@U_Iterator_base0@2@@std@@QBEPAU?$_Tree_node@U?$pair@QBXUtss_data_node@detail@boost@@@std@@PAX@2@XZ 10001d69 f i nav.obj
 0001:00000d69       ?Base@?$CUtlMemory@U?$UtlLinkedListElem_t@UAirSeedSpot@@H@@H@@QAEPAU?$UtlLinkedListElem_t@UAirSeedSpot@@H@@XZ 10001d69 f i nav.obj
 0001:00000d69       ?day_number@date@gregorian@boost@@QBEIXZ 10001d69 f i main.obj
 0001:00000d69       ?value@error_condition@std@@QBEHXZ 10001d69 f i ILuaObject.obj
 0001:00000d77       ?ValidateGrowSize@?$CUtlMemory@PAUBorder@@H@@IAEXXZ 10001d77 f i nav.obj
 0001:00000d77       ?_Orphan_all@_Container_base0@std@@QAEXXZ 10001d77 f i nav.obj
 0001:00000d77       ?ValidateGrowSize@?$CUtlMemory@PAVNode@@H@@IAEXXZ 10001d77 f i main.obj
 0001:00000d77       ?ValidateGrowSize@?$CUtlMemory@ULuaKeyValue@@H@@IAEXXZ 10001d77 f i ILuaInterface.obj
 0001:00000d77       ?ValidateGrowSize@?$CUtlMemory@PAUJobInfo_t@@H@@IAEXXZ 10001d77 f i main.obj
 0001:00000d77       ??1ILuaObject@@QAE@XZ      10001d77 f i ILuaObject.obj
 0001:00000d77       ?ValidateGrowSize@?$CUtlMemory@U?$UtlLinkedListElem_t@UGroundSeedSpot@@H@@H@@IAEXXZ 10001d77 f i nav.obj
 0001:00000d77       ?ValidateGrowSize@?$CUtlMemory@U?$UtlLinkedListElem_t@UAirSeedSpot@@H@@H@@IAEXXZ 10001d77 f i nav.obj
 0001:00000d80       ?RemoveAll@?$CUtlVector@ULuaKeyValue@@V?$CUtlMemory@ULuaKeyValue@@H@@@@QAEXXZ 10001d80 f i ILuaInterface.obj
 0001:00000db7       ?GrowVector@?$CUtlVector@ULuaKeyValue@@V?$CUtlMemory@ULuaKeyValue@@H@@@@IAEXH@Z 10001db7 f i ILuaInterface.obj
 0001:00000e0c       ?ShiftElementsRight@?$CUtlVector@ULuaKeyValue@@V?$CUtlMemory@ULuaKeyValue@@H@@@@IAEXHH@Z 10001e0c f i ILuaInterface.obj
 0001:00000e5e       ??$CopyConstruct@ULuaKeyValue@@@@YAXPAULuaKeyValue@@ABU0@@Z 10001e5e f i ILuaInterface.obj
 0001:00000e96       ?Purge@?$CUtlMemory@U?$UtlLinkedListElem_t@UGroundSeedSpot@@H@@H@@QAEXXZ 10001e96 f i nav.obj
 0001:00000e96       ?Purge@?$CUtlMemory@EH@@QAEXXZ 10001e96 f i nav.obj
 0001:00000e96       ?Purge@?$CUtlMemory@PAUJobInfo_t@@H@@QAEXXZ 10001e96 f i main.obj
 0001:00000e96       ?Purge@?$CUtlMemory@U?$UtlLinkedListElem_t@UAirSeedSpot@@H@@H@@QAEXXZ 10001e96 f i nav.obj
 0001:00000e96       ?Purge@?$CUtlMemory@PAVNode@@H@@QAEXXZ 10001e96 f i main.obj
 0001:00000e96       ?Purge@?$CUtlMemory@ULuaKeyValue@@H@@QAEXXZ 10001e96 f i ILuaInterface.obj
 0001:00000e96       ?Purge@?$CUtlMemory@PAUBorder@@H@@QAEXXZ 10001e96 f i nav.obj
 0001:00000edc       ??$Destruct@UGroundSeedSpot@@@@YAXPAUGroundSeedSpot@@@Z 10001edc f i nav.obj
 0001:00000edc       ??$Destruct@PAUJobInfo_t@@@@YAXPAPAUJobInfo_t@@@Z 10001edc f i main.obj
 0001:00000edc       ??3@YAXPAX0@Z              10001edc f i ILuaModuleManager.obj
 0001:00000edc       ??$unused_var@W4dst_flags@date_time@boost@@@?$counted_time_system@U?$counted_time_rep@Vmillisec_posix_time_system_config@posix_time@boost@@@date_time@boost@@@date_time@boost@@SAXABW4dst_flags@12@@Z 10001edc f i main.obj
 0001:00000edc       ??$Destruct@PAUBorder@@@@YAXPAPAUBorder@@@Z 10001edc f i nav.obj
 0001:00000edc       ??$Destruct@UAirSeedSpot@@@@YAXPAUAirSeedSpot@@@Z 10001edc f i nav.obj
 0001:00000edc       ?throw_exception_assert_compatibility@boost@@YAXABVexception@std@@@Z 10001edc f i main.obj
 0001:00000edc       ??$Destruct@PAVNode@@@@YAXPAPAVNode@@@Z 10001edc f i main.obj
 0001:00000edc       ??$Destruct@ULuaKeyValue@@@@YAXPAULuaKeyValue@@@Z 10001edc f i ILuaInterface.obj
 0001:00000ee1       ?NumAllocated@?$CUtlMemory@PAUBorder@@H@@QBEHXZ 10001ee1 f i nav.obj
 0001:00000ee1       ?NumAllocated@?$CUtlMemory@PAVNode@@H@@QBEHXZ 10001ee1 f i nav.obj
 0001:00000ee1       ?NumAllocated@?$CUtlMemory@ULuaKeyValue@@H@@QBEHXZ 10001ee1 f i ILuaInterface.obj
 0001:00000ee1       ?NumAllocated@?$CUtlMemory@PAUJobInfo_t@@H@@QBEHXZ 10001ee1 f i main.obj
 0001:00000ee1       ?size@?$_Tree@V?$_Tmap_traits@PAUlua_State@@PAVILuaInterface@@U?$less@PAUlua_State@@@std@@V?$allocator@U?$pair@QAUlua_State@@PAVILuaInterface@@@std@@@4@$0A@@std@@@std@@QBEIXZ 10001ee1 f i ILuaModuleManager.obj
 0001:00000ee1       ?category@error_code@std@@QBEABVerror_category@2@XZ 10001ee1 f i ILuaObject.obj
 0001:00000ee1       ?category@error_condition@std@@QBEABVerror_category@2@XZ 10001ee1 f i ILuaObject.obj
 0001:00000ef0       ?Grow@?$CUtlMemory@ULuaKeyValue@@H@@QAEXH@Z 10001ef0 f i ILuaInterface.obj
 0001:00000fea       ?IsExternallyAllocated@?$CUtlMemory@ULuaKeyValue@@H@@QBE_NXZ 10001fea f i ILuaInterface.obj
 0001:00000fea       ?IsExternallyAllocated@?$CUtlMemory@PAUJobInfo_t@@H@@QBE_NXZ 10001fea f i main.obj
 0001:00000fea       ?IsExternallyAllocated@?$CUtlMemory@U?$UtlLinkedListElem_t@UAirSeedSpot@@H@@H@@QBE_NXZ 10001fea f i nav.obj
 0001:00000fea       ?IsExternallyAllocated@?$CUtlMemory@PAUBorder@@H@@QBE_NXZ 10001fea f i nav.obj
 0001:00000fea       ?IsExternallyAllocated@?$CUtlMemory@PAVNode@@H@@QBE_NXZ 10001fea f i main.obj
 0001:00000fea       ?IsExternallyAllocated@?$CUtlMemory@U?$UtlLinkedListElem_t@UGroundSeedSpot@@H@@H@@QBE_NXZ 10001fea f i nav.obj
 0001:00000fea       ?IsExternallyAllocated@?$CUtlMemory@EH@@QBE_NXZ 10001fea f i nav.obj
 0001:0000100d       ??$destroy@PAD@?$allocator@D@std@@QAEXPAPAD@Z 1000200d f i ILuaObject.obj
 0001:0000100d       ??$destroy@PAU?$_Tree_node@U?$pair@QAUlua_State@@PAVILuaInterface@@@std@@PAX@std@@@?$allocator@U?$_Tree_node@U?$pair@QAUlua_State@@PAVILuaInterface@@@std@@PAX@std@@@std@@QAEXPAPAU?$_Tree_node@U?$pair@QAUlua_State@@PAVILuaInterface@@@std@@PAX@1@@Z 1000200d f i ILuaModuleManager.obj
 0001:0000100d       ?_Adopt@_Iterator_base0@std@@QAEXPBX@Z 1000200d f i ILuaModuleManager.obj
 0001:0000100d       ??$destroy@U?$pair@PAVcondition_variable@boost@@PAVmutex@2@@std@@@?$allocator@U?$pair@PAVcondition_variable@boost@@PAVmutex@2@@std@@@std@@QAEXPAU?$pair@PAVcondition_variable@boost@@PAVmutex@2@@1@@Z 1000200d f i nav.obj
 0001:0000100d       ??$destroy@PAU?$_Tree_node@U?$pair@QBXUtss_data_node@detail@boost@@@std@@PAX@std@@@?$allocator@U?$_Tree_node@U?$pair@QBXUtss_data_node@detail@boost@@@std@@PAX@std@@@std@@QAEXPAPAU?$_Tree_node@U?$pair@QBXUtss_data_node@detail@boost@@@std@@PAX@1@@Z 1000200d f i nav.obj
 0001:0000100d       ??$destroy@U?$pair@QAUlua_State@@PAVILuaInterface@@@std@@@?$allocator@U?$_Tree_node@U?$pair@QAUlua_State@@PAVILuaInterface@@@std@@PAX@std@@@std@@QAEXPAU?$pair@QAUlua_State@@PAVILuaInterface@@@1@@Z 1000200d f i ILuaModuleManager.obj
 0001:00001018       ?CreateInterface@ILuaModuleManager@@QAEXPAUlua_State@@@Z 10002018 f   ILuaModuleManager.obj
 0001:00001093       ?DestroyInterface@ILuaModuleManager@@QAEXPAUlua_State@@@Z 10002093 f   ILuaModuleManager.obj
 0001:000010df       ??_GILuaInterface@@QAEPAXI@Z 100020df f i ILuaModuleManager.obj
 0001:00001106       ?GetLuaInterface@ILuaModuleManager@@QAEPAVILuaInterface@@PAUlua_State@@@Z 10002106 f   ILuaModuleManager.obj
 0001:0000111f       ??0ILuaModuleManager@@QAE@XZ 1000211f f i ILuaModuleManager.obj
 0001:00001133       ??0?$map@PAUlua_State@@PAVILuaInterface@@U?$less@PAUlua_State@@@std@@V?$allocator@U?$pair@QAUlua_State@@PAVILuaInterface@@@std@@@4@@std@@QAE@XZ 10002133 f i ILuaModuleManager.obj
 0001:00001155       ??A?$map@PAUlua_State@@PAVILuaInterface@@U?$less@PAUlua_State@@@std@@V?$allocator@U?$pair@QAUlua_State@@PAVILuaInterface@@@std@@@4@@std@@QAEAAPAVILuaInterface@@ABQAUlua_State@@@Z 10002155 f i ILuaModuleManager.obj
 0001:000011f7       ?erase@?$_Tree@V?$_Tmap_traits@PAUlua_State@@PAVILuaInterface@@U?$less@PAUlua_State@@@std@@V?$allocator@U?$pair@QAUlua_State@@PAVILuaInterface@@@std@@@4@$0A@@std@@@std@@QAEIABQAUlua_State@@@Z 100021f7 f i ILuaModuleManager.obj
 0001:00001255       ??0?$_Tree@V?$_Tmap_traits@PAUlua_State@@PAVILuaInterface@@U?$less@PAUlua_State@@@std@@V?$allocator@U?$pair@QAUlua_State@@PAVILuaInterface@@@std@@@4@$0A@@std@@@std@@QAE@ABU?$less@PAUlua_State@@@1@ABV?$allocator@U?$pair@QAUlua_State@@PAVILuaInterface@@@std@@@1@@Z 10002255 f i ILuaModuleManager.obj
 0001:00001271       ?end@?$_Tree@V?$_Tmap_traits@PBXUtss_data_node@detail@boost@@U?$less@PBX@std@@V?$allocator@U?$pair@QBXUtss_data_node@detail@boost@@@std@@@5@$0A@@std@@@std@@QAE?AV?$_Tree_iterator@V?$_Tree_val@U?$_Tree_simple_types@U?$pair@QBXUtss_data_node@detail@boost@@@std@@@std@@@std@@@2@XZ 10002271 f i nav.obj
 0001:00001271       ?end@?$_Tree@V?$_Tmap_traits@PAUlua_State@@PAVILuaInterface@@U?$less@PAUlua_State@@@std@@V?$allocator@U?$pair@QAUlua_State@@PAVILuaInterface@@@std@@@4@$0A@@std@@@std@@QAE?AV?$_Tree_iterator@V?$_Tree_val@U?$_Tree_simple_types@U?$pair@QAUlua_State@@PAVILuaInterface@@@std@@@std@@@std@@@2@XZ 10002271 f i ILuaModuleManager.obj
 0001:0000128f       ?erase@?$_Tree@V?$_Tmap_traits@PAUlua_State@@PAVILuaInterface@@U?$less@PAUlua_State@@@std@@V?$allocator@U?$pair@QAUlua_State@@PAVILuaInterface@@@std@@@4@$0A@@std@@@std@@QAE?AV?$_Tree_iterator@V?$_Tree_val@U?$_Tree_simple_types@U?$pair@QAUlua_State@@PAVILuaInterface@@@std@@@std@@@std@@@2@V?$_Tree_const_iterator@V?$_Tree_val@U?$_Tree_simple_types@U?$pair@QAUlua_State@@PAVILuaInterface@@@std@@@std@@@std@@@2@0@Z 1000228f f i ILuaModuleManager.obj
 0001:00001330       ?lower_bound@?$_Tree@V?$_Tmap_traits@PAUlua_State@@PAVILuaInterface@@U?$less@PAUlua_State@@@std@@V?$allocator@U?$pair@QAUlua_State@@PAVILuaInterface@@@std@@@4@$0A@@std@@@std@@QAE?AV?$_Tree_iterator@V?$_Tree_val@U?$_Tree_simple_types@U?$pair@QAUlua_State@@PAVILuaInterface@@@std@@@std@@@std@@@2@ABQAUlua_State@@@Z 10002330 f i ILuaModuleManager.obj
 0001:00001355       ?equal_range@?$_Tree@V?$_Tmap_traits@PAUlua_State@@PAVILuaInterface@@U?$less@PAUlua_State@@@std@@V?$allocator@U?$pair@QAUlua_State@@PAVILuaInterface@@@std@@@4@$0A@@std@@@std@@QAE?AU?$pair@V?$_Tree_iterator@V?$_Tree_val@U?$_Tree_simple_types@U?$pair@QAUlua_State@@PAVILuaInterface@@@std@@@std@@@std@@@std@@V12@@2@ABQAUlua_State@@@Z 10002355 f i ILuaModuleManager.obj
 0001:0000137f       ?_Key@?$_Tree@V?$_Tmap_traits@PAUlua_State@@PAVILuaInterface@@U?$less@PAUlua_State@@@std@@V?$allocator@U?$pair@QAUlua_State@@PAVILuaInterface@@@std@@@4@$0A@@std@@@std@@IBEABQAUlua_State@@PAU?$_Tree_node@U?$pair@QAUlua_State@@PAVILuaInterface@@@std@@PAX@2@@Z 1000237f f i ILuaModuleManager.obj
 0001:0000139c       ??R?$less@PAUlua_State@@@std@@QBE_NABQAUlua_State@@0@Z 1000239c f i ILuaModuleManager.obj
 0001:000013c4       ?_Getcomp@?$_Tree_comp@$0A@V?$_Tmap_traits@PAUlua_State@@PAVILuaInterface@@U?$less@PAUlua_State@@@std@@V?$allocator@U?$pair@QAUlua_State@@PAVILuaInterface@@@std@@@4@$0A@@std@@@std@@QBE?AU?$less@PAUlua_State@@@2@XZ 100023c4 f i ILuaModuleManager.obj
 0001:000013d2       ??0?$allocator@U?$_Tree_node@U?$pair@QBXUtss_data_node@detail@boost@@@std@@PAX@std@@@std@@QAE@XZ 100023d2 f i nav.obj
 0001:000013d2       ??0?$arg@$07@boost@@QAE@XZ 100023d2 f i main.obj
 0001:000013d2       ??0?$arg@$02@boost@@QAE@XZ 100023d2 f i main.obj
 0001:000013d2       ??0?$allocator@U?$pair@QBXUtss_data_node@detail@boost@@@std@@@std@@QAE@XZ 100023d2 f i nav.obj
 0001:000013d2       ??0?$allocator@U?$pair@QAUlua_State@@PAVILuaInterface@@@std@@@std@@QAE@XZ 100023d2 f i ILuaModuleManager.obj
 0001:000013d2       ??0?$arg@$01@boost@@QAE@XZ 100023d2 f i main.obj
 0001:000013d2       ??0?$arg@$08@boost@@QAE@XZ 100023d2 f i main.obj
 0001:000013d2       ??0?$arg@$00@boost@@QAE@XZ 100023d2 f i main.obj
 0001:000013d2       ?get@?$value@PAVNav@@@_bi@boost@@QAEAAPAVNav@@XZ 100023d2 f i nav.obj
 0001:000013d2       ??0?$allocator@D@std@@QAE@XZ 100023d2 f i ILuaObject.obj
 0001:000013d2       ??0?$allocator@U?$_Tree_node@U?$pair@QAUlua_State@@PAVILuaInterface@@@std@@PAX@std@@@std@@QAE@XZ 100023d2 f i ILuaModuleManager.obj
 0001:000013d2       ?GetPosition@Node@@QAEPBVVector@@XZ 100023d2 f i node.obj
 0001:000013d2       ??0?$arg@$06@boost@@QAE@XZ 100023d2 f i main.obj
 0001:000013d2       ??0list0@_bi@boost@@QAE@XZ 100023d2 f i nav.obj
 0001:000013d2       ??0?$arg@$03@boost@@QAE@XZ 100023d2 f i main.obj
 0001:000013d2       ??0Vector@@QAE@XZ          100023d2 f i main.obj
 0001:000013d2       ?get@?$value@PAVNode@@@_bi@boost@@QAEAAPAVNode@@XZ 100023d2 f i nav.obj
 0001:000013d2       ??0?$arg@$04@boost@@QAE@XZ 100023d2 f i main.obj
 0001:000013d2       ?get@?$value@PAUJobInfo_t@@@_bi@boost@@QAEAAPAUJobInfo_t@@XZ 100023d2 f i nav.obj
 0001:000013d2       ?get@?$value@PA_N@_bi@boost@@QAEAAPA_NXZ 100023d2 f i nav.obj
 0001:000013d2       ??0_Ignore@std@@QAE@XZ     100023d2 f i main.obj
 0001:000013d2       ??0?$arg@$05@boost@@QAE@XZ 100023d2 f i main.obj
 0001:000013d2       ??0?$allocator@U?$pair@PAVcondition_variable@boost@@PAVmutex@2@@std@@@std@@QAE@XZ 100023d2 f i nav.obj
 0001:000013de       ??8?$_Tree_const_iterator@V?$_Tree_val@U?$_Tree_simple_types@U?$pair@QAUlua_State@@PAVILuaInterface@@@std@@@std@@@std@@@std@@QBE_NABV01@@Z 100023de f i ILuaModuleManager.obj
 0001:000013de       ??8?$_Tree_const_iterator@V?$_Tree_val@U?$_Tree_simple_types@U?$pair@QBXUtss_data_node@detail@boost@@@std@@@std@@@std@@@std@@QBE_NABV01@@Z 100023de f i nav.obj
 0001:00001406       ??C?$_Tree_iterator@V?$_Tree_val@U?$_Tree_simple_types@U?$pair@QAUlua_State@@PAVILuaInterface@@@std@@@std@@@std@@@std@@QBEPAU?$pair@QAUlua_State@@PAVILuaInterface@@@1@XZ 10002406 f i ILuaModuleManager.obj
 0001:0000141e       ?begin@?$_Tree@V?$_Tmap_traits@PAUlua_State@@PAVILuaInterface@@U?$less@PAUlua_State@@@std@@V?$allocator@U?$pair@QAUlua_State@@PAVILuaInterface@@@std@@@4@$0A@@std@@@std@@QAE?AV?$_Tree_iterator@V?$_Tree_val@U?$_Tree_simple_types@U?$pair@QAUlua_State@@PAVILuaInterface@@@std@@@std@@@std@@@2@XZ 1000241e f i ILuaModuleManager.obj
 0001:0000141e       ?begin@?$_Tree@V?$_Tmap_traits@PBXUtss_data_node@detail@boost@@U?$less@PBX@std@@V?$allocator@U?$pair@QBXUtss_data_node@detail@boost@@@std@@@5@$0A@@std@@@std@@QAE?AV?$_Tree_iterator@V?$_Tree_val@U?$_Tree_simple_types@U?$pair@QBXUtss_data_node@detail@boost@@@std@@@std@@@std@@@2@XZ 1000241e f i nav.obj
 0001:00001441       ?erase@?$_Tree@V?$_Tmap_traits@PAUlua_State@@PAVILuaInterface@@U?$less@PAUlua_State@@@std@@V?$allocator@U?$pair@QAUlua_State@@PAVILuaInterface@@@std@@@4@$0A@@std@@@std@@QAE?AV?$_Tree_iterator@V?$_Tree_val@U?$_Tree_simple_types@U?$pair@QAUlua_State@@PAVILuaInterface@@@std@@@std@@@std@@@2@V?$_Tree_const_iterator@V?$_Tree_val@U?$_Tree_simple_types@U?$pair@QAUlua_State@@PAVILuaInterface@@@std@@@std@@@std@@@2@@Z 10002441 f i ILuaModuleManager.obj
 0001:00001ab1       ?clear@?$_Tree@V?$_Tmap_traits@PAUlua_State@@PAVILuaInterface@@U?$less@PAUlua_State@@@std@@V?$allocator@U?$pair@QAUlua_State@@PAVILuaInterface@@@std@@@4@$0A@@std@@@std@@QAEXXZ 10002ab1 f i ILuaModuleManager.obj
 0001:00001b00       ?_Eqrange@?$_Tree@V?$_Tmap_traits@PAUlua_State@@PAVILuaInterface@@U?$less@PAUlua_State@@@std@@V?$allocator@U?$pair@QAUlua_State@@PAVILuaInterface@@@std@@@4@$0A@@std@@@std@@IAE?AU?$pair@V?$_Tree_iterator@V?$_Tree_val@U?$_Tree_simple_types@U?$pair@QAUlua_State@@PAVILuaInterface@@@std@@@std@@@std@@@std@@V12@@2@ABQAUlua_State@@@Z 10002b00 f i ILuaModuleManager.obj
 0001:00001c9d       ?_Lbound@?$_Tree@V?$_Tmap_traits@PAUlua_State@@PAVILuaInterface@@U?$less@PAUlua_State@@@std@@V?$allocator@U?$pair@QAUlua_State@@PAVILuaInterface@@@std@@@4@$0A@@std@@@std@@IAEPAU?$_Tree_node@U?$pair@QAUlua_State@@PAVILuaInterface@@@std@@PAX@2@ABQAUlua_State@@@Z 10002c9d f i ILuaModuleManager.obj
 0001:00001d21       ?_Kfn@?$_Tree@V?$_Tmap_traits@PAUlua_State@@PAVILuaInterface@@U?$less@PAUlua_State@@@std@@V?$allocator@U?$pair@QAUlua_State@@PAVILuaInterface@@@std@@@4@$0A@@std@@@std@@IBEABQAUlua_State@@ABU?$pair@QAUlua_State@@PAVILuaInterface@@@2@@Z 10002d21 f i ILuaModuleManager.obj
 0001:00001d35       ??0?$_Tree_comp@$0A@V?$_Tmap_traits@PAUlua_State@@PAVILuaInterface@@U?$less@PAUlua_State@@@std@@V?$allocator@U?$pair@QAUlua_State@@PAVILuaInterface@@@std@@@4@$0A@@std@@@std@@QAE@ABU?$less@PAUlua_State@@@1@ABV?$allocator@U?$pair@QAUlua_State@@PAVILuaInterface@@@std@@@1@@Z 10002d35 f i ILuaModuleManager.obj
 0001:00001d4e       ?_Myval@?$_Tree_val@U?$_Tree_simple_types@U?$pair@QAUlua_State@@PAVILuaInterface@@@std@@@std@@@std@@SAAAU?$pair@QAUlua_State@@PAVILuaInterface@@@2@PAU?$_Tree_node@U?$pair@QAUlua_State@@PAVILuaInterface@@@std@@PAX@2@@Z 10002d4e f i ILuaModuleManager.obj
 0001:00001d4e       ?_Myval@?$_Tree_val@U?$_Tree_simple_types@U?$pair@QBXUtss_data_node@detail@boost@@@std@@@std@@@std@@SAAAU?$pair@QBXUtss_data_node@detail@boost@@@2@PAU?$_Tree_node@U?$pair@QBXUtss_data_node@detail@boost@@@std@@PAX@2@@Z 10002d4e f i nav.obj
 0001:00001d59       ??E?$_Tree_const_iterator@V?$_Tree_val@U?$_Tree_simple_types@U?$pair@QAUlua_State@@PAVILuaInterface@@@std@@@std@@@std@@@std@@QAE?AV01@H@Z 10002d59 f i ILuaModuleManager.obj
 0001:00001d59       ??E?$_Tree_const_iterator@V?$_Tree_val@U?$_Tree_simple_types@U?$pair@QBXUtss_data_node@detail@boost@@@std@@@std@@@std@@@std@@QAE?AV01@H@Z 10002d59 f i nav.obj
 0001:00001d80       ??9?$_Tree_const_iterator@V?$_Tree_val@U?$_Tree_simple_types@U?$pair@QAUlua_State@@PAVILuaInterface@@@std@@@std@@@std@@@std@@QBE_NABV01@@Z 10002d80 f i ILuaModuleManager.obj
 0001:00001d80       ??9?$_Tree_const_iterator@V?$_Tree_val@U?$_Tree_simple_types@U?$pair@QBXUtss_data_node@detail@boost@@@std@@@std@@@std@@@std@@QBE_NABV01@@Z 10002d80 f i nav.obj
 0001:00001dae       ??0?$_Tree_iterator@V?$_Tree_val@U?$_Tree_simple_types@U?$pair@QBXUtss_data_node@detail@boost@@@std@@@std@@@std@@@std@@QAE@PAU?$_Tree_node@U?$pair@QBXUtss_data_node@detail@boost@@@std@@PAX@1@PBV?$_Tree_val@U?$_Tree_simple_types@U?$pair@QBXUtss_data_node@detail@boost@@@std@@@std@@@1@@Z 10002dae f i nav.obj
 0001:00001dae       ??0?$_Tree_iterator@V?$_Tree_val@U?$_Tree_simple_types@U?$pair@QAUlua_State@@PAVILuaInterface@@@std@@@std@@@std@@@std@@QAE@PAU?$_Tree_node@U?$pair@QAUlua_State@@PAVILuaInterface@@@std@@PAX@1@PBV?$_Tree_val@U?$_Tree_simple_types@U?$pair@QAUlua_State@@PAVILuaInterface@@@std@@@std@@@1@@Z 10002dae f i ILuaModuleManager.obj
 0001:00001dca       ??D?$_Tree_iterator@V?$_Tree_val@U?$_Tree_simple_types@U?$pair@QAUlua_State@@PAVILuaInterface@@@std@@@std@@@std@@@std@@QBEAAU?$pair@QAUlua_State@@PAVILuaInterface@@@1@XZ 10002dca f i ILuaModuleManager.obj
 0001:00001ddb       ?pointer_to@?$pointer_traits@PAU?$pair@QAUlua_State@@PAVILuaInterface@@@std@@@std@@SAPAU?$pair@QAUlua_State@@PAVILuaInterface@@@2@AAU32@@Z 10002ddb f i ILuaModuleManager.obj
 0001:00001de9       ?_Erase@?$_Tree@V?$_Tmap_traits@PAUlua_State@@PAVILuaInterface@@U?$less@PAUlua_State@@@std@@V?$allocator@U?$pair@QAUlua_State@@PAVILuaInterface@@@std@@@4@$0A@@std@@@std@@IAEXPAU?$_Tree_node@U?$pair@QAUlua_State@@PAVILuaInterface@@@std@@PAX@2@@Z 10002de9 f i ILuaModuleManager.obj
 0001:00001e73       ?_Lmost@?$_Tree@V?$_Tmap_traits@PAUlua_State@@PAVILuaInterface@@U?$less@PAUlua_State@@@std@@V?$allocator@U?$pair@QAUlua_State@@PAVILuaInterface@@@std@@@4@$0A@@std@@@std@@IBEAAPAU?$_Tree_node@U?$pair@QAUlua_State@@PAVILuaInterface@@@std@@PAX@2@XZ 10002e73 f i ILuaModuleManager.obj
 0001:00001e73       ?_Lmost@?$_Tree@V?$_Tmap_traits@PBXUtss_data_node@detail@boost@@U?$less@PBX@std@@V?$allocator@U?$pair@QBXUtss_data_node@detail@boost@@@std@@@5@$0A@@std@@@std@@IBEAAPAU?$_Tree_node@U?$pair@QBXUtss_data_node@detail@boost@@@std@@PAX@2@XZ 10002e73 f i nav.obj
 0001:00001e87       ?_Lrotate@?$_Tree@V?$_Tmap_traits@PBXUtss_data_node@detail@boost@@U?$less@PBX@std@@V?$allocator@U?$pair@QBXUtss_data_node@detail@boost@@@std@@@5@$0A@@std@@@std@@IAEXPAU?$_Tree_node@U?$pair@QBXUtss_data_node@detail@boost@@@std@@PAX@2@@Z 10002e87 f i nav.obj
 0001:00001e87       ?_Lrotate@?$_Tree@V?$_Tmap_traits@PAUlua_State@@PAVILuaInterface@@U?$less@PAUlua_State@@@std@@V?$allocator@U?$pair@QAUlua_State@@PAVILuaInterface@@@std@@@4@$0A@@std@@@std@@IAEXPAU?$_Tree_node@U?$pair@QAUlua_State@@PAVILuaInterface@@@std@@PAX@2@@Z 10002e87 f i ILuaModuleManager.obj
 0001:00001f81       ?_Rmost@?$_Tree@V?$_Tmap_traits@PBXUtss_data_node@detail@boost@@U?$less@PBX@std@@V?$allocator@U?$pair@QBXUtss_data_node@detail@boost@@@std@@@5@$0A@@std@@@std@@IBEAAPAU?$_Tree_node@U?$pair@QBXUtss_data_node@detail@boost@@@std@@PAX@2@XZ 10002f81 f i nav.obj
 0001:00001f81       ?_Rmost@?$_Tree@V?$_Tmap_traits@PAUlua_State@@PAVILuaInterface@@U?$less@PAUlua_State@@@std@@V?$allocator@U?$pair@QAUlua_State@@PAVILuaInterface@@@std@@@4@$0A@@std@@@std@@IBEAAPAU?$_Tree_node@U?$pair@QAUlua_State@@PAVILuaInterface@@@std@@PAX@2@XZ 10002f81 f i ILuaModuleManager.obj
 0001:00001f95       ?_Root@?$_Tree@V?$_Tmap_traits@PAUlua_State@@PAVILuaInterface@@U?$less@PAUlua_State@@@std@@V?$allocator@U?$pair@QAUlua_State@@PAVILuaInterface@@@std@@@4@$0A@@std@@@std@@IBEAAPAU?$_Tree_node@U?$pair@QAUlua_State@@PAVILuaInterface@@@std@@PAX@2@XZ 10002f95 f i ILuaModuleManager.obj
 0001:00001f95       ?_Root@?$_Tree@V?$_Tmap_traits@PBXUtss_data_node@detail@boost@@U?$less@PBX@std@@V?$allocator@U?$pair@QBXUtss_data_node@detail@boost@@@std@@@5@$0A@@std@@@std@@IBEAAPAU?$_Tree_node@U?$pair@QBXUtss_data_node@detail@boost@@@std@@PAX@2@XZ 10002f95 f i nav.obj
 0001:00001fa9       ?_Rrotate@?$_Tree@V?$_Tmap_traits@PAUlua_State@@PAVILuaInterface@@U?$less@PAUlua_State@@@std@@V?$allocator@U?$pair@QAUlua_State@@PAVILuaInterface@@@std@@@4@$0A@@std@@@std@@IAEXPAU?$_Tree_node@U?$pair@QAUlua_State@@PAVILuaInterface@@@std@@PAX@2@@Z 10002fa9 f i ILuaModuleManager.obj
 0001:00001fa9       ?_Rrotate@?$_Tree@V?$_Tmap_traits@PBXUtss_data_node@detail@boost@@U?$less@PBX@std@@V?$allocator@U?$pair@QBXUtss_data_node@detail@boost@@@std@@@5@$0A@@std@@@std@@IAEXPAU?$_Tree_node@U?$pair@QBXUtss_data_node@detail@boost@@@std@@PAX@2@@Z 10002fa9 f i nav.obj
 0001:000020a3       ??0?$_Tree_buy@U?$pair@QAUlua_State@@PAVILuaInterface@@@std@@V?$allocator@U?$pair@QAUlua_State@@PAVILuaInterface@@@std@@@2@@std@@QAE@ABV?$allocator@U?$pair@QAUlua_State@@PAVILuaInterface@@@std@@@1@@Z 100030a3 f i ILuaModuleManager.obj
 0001:000020bc       ?_Getal@?$_Vector_alloc@$0A@U?$_Vec_base_types@U?$pair@PAVcondition_variable@boost@@PAVmutex@2@@std@@V?$allocator@U?$pair@PAVcondition_variable@boost@@PAVmutex@2@@std@@@2@@std@@@std@@QBE?AU?$_Wrap_alloc@V?$allocator@U?$pair@PAVcondition_variable@boost@@PAVmutex@2@@std@@@std@@@2@XZ 100030bc f i nav.obj
 0001:000020bc       ?_Getal@?$_Tree_alloc@$0A@U?$_Tree_base_types@U?$pair@QAUlua_State@@PAVILuaInterface@@@std@@V?$allocator@U?$pair@QAUlua_State@@PAVILuaInterface@@@std@@@2@@std@@@std@@QBE?AU?$_Wrap_alloc@V?$allocator@U?$_Tree_node@U?$pair@QAUlua_State@@PAVILuaInterface@@@std@@PAX@std@@@std@@@2@XZ 100030bc f i ILuaModuleManager.obj
 0001:000020bc       ?_Getal@?$_Tree_alloc@$0A@U?$_Tree_base_types@U?$pair@QBXUtss_data_node@detail@boost@@@std@@V?$allocator@U?$pair@QBXUtss_data_node@detail@boost@@@std@@@2@@std@@@std@@QBE?AU?$_Wrap_alloc@V?$allocator@U?$_Tree_node@U?$pair@QBXUtss_data_node@detail@boost@@@std@@PAX@std@@@std@@@2@XZ 100030bc f i nav.obj
 0001:000020bc       ?_Getal@?$_String_alloc@$0A@U?$_String_base_types@DV?$allocator@D@std@@@std@@@std@@QBE?AU?$_Wrap_alloc@V?$allocator@D@std@@@2@XZ 100030bc f i ILuaObject.obj
 0001:000020d2       ?deallocate@?$_Wrap_alloc@V?$allocator@U?$_Tree_node@U?$pair@QBXUtss_data_node@detail@boost@@@std@@PAX@std@@@std@@@std@@QAEXPAU?$_Tree_node@U?$pair@QBXUtss_data_node@detail@boost@@@std@@PAX@2@I@Z 100030d2 f i nav.obj
 0001:000020d2       ?deallocate@?$_Wrap_alloc@V?$allocator@U?$pair@PAVcondition_variable@boost@@PAVmutex@2@@std@@@std@@@std@@QAEXPAU?$pair@PAVcondition_variable@boost@@PAVmutex@2@@2@I@Z 100030d2 f i nav.obj
 0001:000020d2       ?deallocate@?$_Wrap_alloc@V?$allocator@U?$_Tree_node@U?$pair@QAUlua_State@@PAVILuaInterface@@@std@@PAX@std@@@std@@@std@@QAEXPAU?$_Tree_node@U?$pair@QAUlua_State@@PAVILuaInterface@@@std@@PAX@2@I@Z 100030d2 f i ILuaModuleManager.obj
 0001:000020d2       ?deallocate@?$_Wrap_alloc@V?$allocator@D@std@@@std@@QAEXPADI@Z 100030d2 f i ILuaObject.obj
 0001:000020eb       ?_Color@?$_Tree_val@U?$_Tree_simple_types@U?$pair@QBXUtss_data_node@detail@boost@@@std@@@std@@@std@@SAAADPAU?$_Tree_node@U?$pair@QBXUtss_data_node@detail@boost@@@std@@PAX@2@@Z 100030eb f i nav.obj
 0001:000020eb       ?_Color@?$_Tree_val@U?$_Tree_simple_types@U?$pair@QAUlua_State@@PAVILuaInterface@@@std@@@std@@@std@@SAAADPAU?$_Tree_node@U?$pair@QAUlua_State@@PAVILuaInterface@@@std@@PAX@2@@Z 100030eb f i ILuaModuleManager.obj
 0001:000020f6       ?_Isnil@?$_Tree_val@U?$_Tree_simple_types@U?$pair@QBXUtss_data_node@detail@boost@@@std@@@std@@@std@@SAAADPAU?$_Tree_node@U?$pair@QBXUtss_data_node@detail@boost@@@std@@PAX@2@@Z 100030f6 f i nav.obj
 0001:000020f6       ?_Isnil@?$_Tree_val@U?$_Tree_simple_types@U?$pair@QAUlua_State@@PAVILuaInterface@@@std@@@std@@@std@@SAAADPAU?$_Tree_node@U?$pair@QAUlua_State@@PAVILuaInterface@@@std@@PAX@2@@Z 100030f6 f i ILuaModuleManager.obj
 0001:00002101       ?unwrap@?$unwrapper@V?$mf3@XVNav@@PAUJobInfo_t@@PAVNode@@PAV3@@_mfi@boost@@@_bi@boost@@SAAAV?$mf3@XVNav@@PAUJobInfo_t@@PAVNode@@PAV3@@_mfi@3@AAV453@J@Z 10003101 f i nav.obj
 0001:00002101       ??$forward@U?$pair@PAUlua_State@@PAVILuaInterface@@@std@@@std@@YA$$QAU?$pair@PAUlua_State@@PAVILuaInterface@@@0@AAU10@@Z 10003101 f i ILuaModuleManager.obj
 0001:00002101       ??$forward@ABQAUlua_State@@@std@@YAABQAUlua_State@@ABQAU1@@Z 10003101 f i ILuaModuleManager.obj
 0001:00002101       ??$addressof@U?$pair@QBXUtss_data_node@detail@boost@@@std@@@std@@YAPAU?$pair@QBXUtss_data_node@detail@boost@@@0@AAU10@@Z 10003101 f i nav.obj
 0001:00002101       ??$forward@V?$bind_t@XV?$mf3@XVNav@@PAUJobInfo_t@@PAVNode@@PAV3@@_mfi@boost@@V?$list4@V?$value@PAVNav@@@_bi@boost@@V?$value@PAUJobInfo_t@@@23@V?$value@PAVNode@@@23@V523@@_bi@3@@_bi@boost@@AAV123@@boost@@YA$$QAV?$bind_t@XV?$mf3@XVNav@@PAUJobInfo_t@@PAVNode@@PAV3@@_mfi@boost@@V?$list4@V?$value@PAVNav@@@_bi@boost@@V?$value@PAUJobInfo_t@@@23@V?$value@PAVNode@@@23@V523@@_bi@3@@_bi@0@AAV120@PAX@Z 10003101 f i nav.obj
 0001:00002101       ??$_Move@AAD@std@@YA$$QADAAD@Z 10003101 f i ILuaModuleManager.obj
 0001:00002101       ??$addressof@U?$pair@QAUlua_State@@PAVILuaInterface@@@std@@@std@@YAPAU?$pair@QAUlua_State@@PAVILuaInterface@@@0@AAU10@@Z 10003101 f i ILuaModuleManager.obj
 0001:00002101       ??$forward@V?$_Tree_iterator@V?$_Tree_val@U?$_Tree_simple_types@U?$pair@QAUlua_State@@PAVILuaInterface@@@std@@@std@@@std@@@std@@@std@@YA$$QAV?$_Tree_iterator@V?$_Tree_val@U?$_Tree_simple_types@U?$pair@QAUlua_State@@PAVILuaInterface@@@std@@@std@@@std@@@0@AAV10@@Z 10003101 f i ILuaModuleManager.obj
 0001:00002101       ??$_Kfn@QAUlua_State@@PAVILuaInterface@@@?$_Tmap_traits@PAUlua_State@@PAVILuaInterface@@U?$less@PAUlua_State@@@std@@V?$allocator@U?$pair@QAUlua_State@@PAVILuaInterface@@@std@@@4@$0A@@std@@SAABQAUlua_State@@ABU?$pair@QAUlua_State@@PAVILuaInterface@@@1@@Z 10003101 f i ILuaModuleManager.obj
 0001:00002101       ??$addressof@PAU?$_Tree_node@U?$pair@QBXUtss_data_node@detail@boost@@@std@@PAX@std@@@std@@YAPAPAU?$_Tree_node@U?$pair@QBXUtss_data_node@detail@boost@@@std@@PAX@0@AAPAU10@@Z 10003101 f i nav.obj
 0001:00002101       ??$forward@AAPAU?$_Tree_node@U?$pair@QBXUtss_data_node@detail@boost@@@std@@PAX@std@@@std@@YAAAPAU?$_Tree_node@U?$pair@QBXUtss_data_node@detail@boost@@@std@@PAX@0@AAPAU10@@Z 10003101 f i nav.obj
 0001:00002101       ?_Left@?$_Tree_val@U?$_Tree_simple_types@U?$pair@QAUlua_State@@PAVILuaInterface@@@std@@@std@@@std@@SAAAPAU?$_Tree_node@U?$pair@QAUlua_State@@PAVILuaInterface@@@std@@PAX@2@PAU32@@Z 10003101 f i ILuaModuleManager.obj
 0001:00002101       ??$forward@_N@std@@YA$$QA_NAA_N@Z 10003101 f i ILuaModuleManager.obj
 0001:00002101       ?_Left@?$_Tree_val@U?$_Tree_simple_types@U?$pair@QBXUtss_data_node@detail@boost@@@std@@@std@@@std@@SAAAPAU?$_Tree_node@U?$pair@QBXUtss_data_node@detail@boost@@@std@@PAX@2@PAU32@@Z 10003101 f i nav.obj
 0001:00002101       ??$forward@AAPAU?$_Tree_node@U?$pair@QAUlua_State@@PAVILuaInterface@@@std@@PAX@std@@@std@@YAAAPAU?$_Tree_node@U?$pair@QAUlua_State@@PAVILuaInterface@@@std@@PAX@0@AAPAU10@@Z 10003101 f i ILuaModuleManager.obj
 0001:00002101       ??$forward@AAPAD@std@@YAAAPADAAPAD@Z 10003101 f i ILuaObject.obj
 0001:00002101       ?unwrap@?$unwrapper@V?$mf1@XVNav@@PA_N@_mfi@boost@@@_bi@boost@@SAAAV?$mf1@XVNav@@PA_N@_mfi@3@AAV453@J@Z 10003101 f i nav.obj
 0001:00002101       ??$addressof@D@std@@YAPADAAD@Z 10003101 f i ILuaObject.obj
 0001:00002101       ??$forward@AAU?$pair@QAUlua_State@@PAVILuaInterface@@@std@@@std@@YAAAU?$pair@QAUlua_State@@PAVILuaInterface@@@0@AAU10@@Z 10003101 f i ILuaModuleManager.obj
 0001:00002101       ??$forward@V?$bind_t@XV?$mf1@XVNav@@PA_N@_mfi@boost@@V?$list2@V?$value@PAVNav@@@_bi@boost@@V?$value@PA_N@23@@_bi@3@@_bi@boost@@AAV123@@boost@@YA$$QAV?$bind_t@XV?$mf1@XVNav@@PA_N@_mfi@boost@@V?$list2@V?$value@PAVNav@@@_bi@boost@@V?$value@PA_N@23@@_bi@3@@_bi@0@AAV120@PAX@Z 10003101 f i nav.obj
 0001:00002101       ??$forward@AAV?$_Tree_iterator@V?$_Tree_val@U?$_Tree_simple_types@U?$pair@QAUlua_State@@PAVILuaInterface@@@std@@@std@@@std@@@std@@@std@@YAAAV?$_Tree_iterator@V?$_Tree_val@U?$_Tree_simple_types@U?$pair@QAUlua_State@@PAVILuaInterface@@@std@@@std@@@std@@@0@AAV10@@Z 10003101 f i ILuaModuleManager.obj
 0001:00002101       ??$forward@PAUlua_State@@@std@@YA$$QAPAUlua_State@@AAPAU1@@Z 10003101 f i ILuaModuleManager.obj
 0001:00002101       ??$forward@PAVILuaInterface@@@std@@YA$$QAPAVILuaInterface@@AAPAV1@@Z 10003101 f i ILuaModuleManager.obj
 0001:00002101       ??$addressof@PAU?$_Tree_node@U?$pair@QAUlua_State@@PAVILuaInterface@@@std@@PAX@std@@@std@@YAPAPAU?$_Tree_node@U?$pair@QAUlua_State@@PAVILuaInterface@@@std@@PAX@0@AAPAU10@@Z 10003101 f i ILuaModuleManager.obj
 0001:00002109       ?_Parent@?$_Tree_val@U?$_Tree_simple_types@U?$pair@QAUlua_State@@PAVILuaInterface@@@std@@@std@@@std@@SAAAPAU?$_Tree_node@U?$pair@QAUlua_State@@PAVILuaInterface@@@std@@PAX@2@PAU32@@Z 10003109 f i ILuaModuleManager.obj
 0001:00002109       ?_Parent@?$_Tree_val@U?$_Tree_simple_types@U?$pair@QBXUtss_data_node@detail@boost@@@std@@@std@@@std@@SAAAPAU?$_Tree_node@U?$pair@QBXUtss_data_node@detail@boost@@@std@@PAX@2@PAU32@@Z 10003109 f i nav.obj
 0001:00002114       ?_Right@?$_Tree_val@U?$_Tree_simple_types@U?$pair@QAUlua_State@@PAVILuaInterface@@@std@@@std@@@std@@SAAAPAU?$_Tree_node@U?$pair@QAUlua_State@@PAVILuaInterface@@@std@@PAX@2@PAU32@@Z 10003114 f i ILuaModuleManager.obj
 0001:00002114       ?_Right@?$_Tree_val@U?$_Tree_simple_types@U?$pair@QBXUtss_data_node@detail@boost@@@std@@@std@@@std@@SAAAPAU?$_Tree_node@U?$pair@QBXUtss_data_node@detail@boost@@@std@@PAX@2@PAU32@@Z 10003114 f i nav.obj
 0001:0000211f       ?_Max@?$_Tree_val@U?$_Tree_simple_types@U?$pair@QAUlua_State@@PAVILuaInterface@@@std@@@std@@@std@@SAPAU?$_Tree_node@U?$pair@QAUlua_State@@PAVILuaInterface@@@std@@PAX@2@PAU32@@Z 1000311f f i ILuaModuleManager.obj
 0001:0000211f       ?_Max@?$_Tree_val@U?$_Tree_simple_types@U?$pair@QBXUtss_data_node@detail@boost@@@std@@@std@@@std@@SAPAU?$_Tree_node@U?$pair@QBXUtss_data_node@detail@boost@@@std@@PAX@2@PAU32@@Z 1000311f f i nav.obj
 0001:0000214f       ?_Min@?$_Tree_val@U?$_Tree_simple_types@U?$pair@QBXUtss_data_node@detail@boost@@@std@@@std@@@std@@SAPAU?$_Tree_node@U?$pair@QBXUtss_data_node@detail@boost@@@std@@PAX@2@PAU32@@Z 1000314f f i nav.obj
 0001:0000214f       ?_Min@?$_Tree_val@U?$_Tree_simple_types@U?$pair@QAUlua_State@@PAVILuaInterface@@@std@@@std@@@std@@SAPAU?$_Tree_node@U?$pair@QAUlua_State@@PAVILuaInterface@@@std@@PAX@2@PAU32@@Z 1000314f f i ILuaModuleManager.obj
 0001:0000217f       ??0?$_Tree_const_iterator@V?$_Tree_val@U?$_Tree_simple_types@U?$pair@QBXUtss_data_node@detail@boost@@@std@@@std@@@std@@@std@@QAE@PAU?$_Tree_node@U?$pair@QBXUtss_data_node@detail@boost@@@std@@PAX@1@PBV?$_Tree_val@U?$_Tree_simple_types@U?$pair@QBXUtss_data_node@detail@boost@@@std@@@std@@@1@@Z 1000317f f i nav.obj
 0001:0000217f       ??0?$_Tree_const_iterator@V?$_Tree_val@U?$_Tree_simple_types@U?$pair@QAUlua_State@@PAVILuaInterface@@@std@@@std@@@std@@@std@@QAE@PAU?$_Tree_node@U?$pair@QAUlua_State@@PAVILuaInterface@@@std@@PAX@1@PBV?$_Tree_val@U?$_Tree_simple_types@U?$pair@QAUlua_State@@PAVILuaInterface@@@std@@@std@@@1@@Z 1000317f f i ILuaModuleManager.obj
 0001:0000219b       ??D?$_Tree_const_iterator@V?$_Tree_val@U?$_Tree_simple_types@U?$pair@QAUlua_State@@PAVILuaInterface@@@std@@@std@@@std@@@std@@QBEABU?$pair@QAUlua_State@@PAVILuaInterface@@@1@XZ 1000319b f i ILuaModuleManager.obj
 0001:000021af       ??E?$_Tree_const_iterator@V?$_Tree_val@U?$_Tree_simple_types@U?$pair@QAUlua_State@@PAVILuaInterface@@@std@@@std@@@std@@@std@@QAEAAV01@XZ 100031af f i ILuaModuleManager.obj
 0001:000021af       ??E?$_Tree_const_iterator@V?$_Tree_val@U?$_Tree_simple_types@U?$pair@QBXUtss_data_node@detail@boost@@@std@@@std@@@std@@@std@@QAEAAV01@XZ 100031af f i nav.obj
 0001:000021c3       ??0?$_Tree_alloc@$0A@U?$_Tree_base_types@U?$pair@QAUlua_State@@PAVILuaInterface@@@std@@V?$allocator@U?$pair@QAUlua_State@@PAVILuaInterface@@@std@@@2@@std@@@std@@QAE@ABV?$allocator@U?$pair@QAUlua_State@@PAVILuaInterface@@@std@@@1@@Z 100031c3 f i ILuaModuleManager.obj
 0001:000021e6       ??0?$_Wrap_alloc@V?$allocator@U?$_Tree_node@U?$pair@QAUlua_State@@PAVILuaInterface@@@std@@PAX@std@@@std@@@std@@QAE@XZ 100031e6 f i ILuaModuleManager.obj
 0001:000021e6       ??0?$_Wrap_alloc@V?$allocator@U?$_Tree_node@U?$pair@QBXUtss_data_node@detail@boost@@@std@@PAX@std@@@std@@@std@@QAE@XZ 100031e6 f i nav.obj
 0001:000021e6       ??0?$_Wrap_alloc@V?$allocator@D@std@@@std@@QAE@XZ 100031e6 f i ILuaObject.obj
 0001:000021e6       ??0cplane_t@@QAE@XZ        100031e6 f i nav.obj
 0001:000021e6       ??0VectorAligned@@QAE@XZ   100031e6 f i nav.obj
 0001:000021e6       ??0?$_Wrap_alloc@V?$allocator@U?$pair@PAVcondition_variable@boost@@PAVmutex@2@@std@@@std@@@std@@QAE@XZ 100031e6 f i nav.obj
 0001:000021fa       ?deallocate@?$allocator@U?$pair@PAVcondition_variable@boost@@PAVmutex@2@@std@@@std@@QAEXPAU?$pair@PAVcondition_variable@boost@@PAVmutex@2@@2@I@Z 100031fa f i nav.obj
 0001:000021fa       ?deallocate@?$allocator@U?$_Tree_node@U?$pair@QBXUtss_data_node@detail@boost@@@std@@PAX@std@@@std@@QAEXPAU?$_Tree_node@U?$pair@QBXUtss_data_node@detail@boost@@@std@@PAX@2@I@Z 100031fa f i nav.obj
 0001:000021fa       ?deallocate@?$allocator@D@std@@QAEXPADI@Z 100031fa f i ILuaObject.obj
 0001:000021fa       ?deallocate@?$allocator@U?$_Tree_node@U?$pair@QAUlua_State@@PAVILuaInterface@@@std@@PAX@std@@@std@@QAEXPAU?$_Tree_node@U?$pair@QAUlua_State@@PAVILuaInterface@@@std@@PAX@2@I@Z 100031fa f i ILuaModuleManager.obj
 0001:0000220e       ??0?$_Tree_unchecked_const_iterator@V?$_Tree_val@U?$_Tree_simple_types@U?$pair@QAUlua_State@@PAVILuaInterface@@@std@@@std@@@std@@U_Iterator_base0@2@@std@@QAE@PAU?$_Tree_node@U?$pair@QAUlua_State@@PAVILuaInterface@@@std@@PAX@1@PBV?$_Tree_val@U?$_Tree_simple_types@U?$pair@QAUlua_State@@PAVILuaInterface@@@std@@@std@@@1@@Z 1000320e f i ILuaModuleManager.obj
 0001:0000220e       ??0?$_Tree_unchecked_const_iterator@V?$_Tree_val@U?$_Tree_simple_types@U?$pair@QBXUtss_data_node@detail@boost@@@std@@@std@@@std@@U_Iterator_base0@2@@std@@QAE@PAU?$_Tree_node@U?$pair@QBXUtss_data_node@detail@boost@@@std@@PAX@1@PBV?$_Tree_val@U?$_Tree_simple_types@U?$pair@QBXUtss_data_node@detail@boost@@@std@@@std@@@1@@Z 1000320e f i nav.obj
 0001:0000222f       ??E?$_Tree_unchecked_const_iterator@V?$_Tree_val@U?$_Tree_simple_types@U?$pair@QAUlua_State@@PAVILuaInterface@@@std@@@std@@@std@@U_Iterator_base0@2@@std@@QAEAAV01@XZ 1000322f f i ILuaModuleManager.obj
 0001:0000222f       ??E?$_Tree_unchecked_const_iterator@V?$_Tree_val@U?$_Tree_simple_types@U?$pair@QBXUtss_data_node@detail@boost@@@std@@@std@@@std@@U_Iterator_base0@2@@std@@QAEAAV01@XZ 1000322f f i nav.obj
 0001:000022c8       ?_Buyheadnode@?$_Tree_alloc@$0A@U?$_Tree_base_types@U?$pair@QAUlua_State@@PAVILuaInterface@@@std@@V?$allocator@U?$pair@QAUlua_State@@PAVILuaInterface@@@std@@@2@@std@@@std@@QAEPAU?$_Tree_node@U?$pair@QAUlua_State@@PAVILuaInterface@@@std@@PAX@2@XZ 100032c8 f i ILuaModuleManager.obj
 0001:00002404       ??0?$_Tree_val@U?$_Tree_simple_types@U?$pair@QBXUtss_data_node@detail@boost@@@std@@@std@@@std@@QAE@XZ 10003404 f i nav.obj
 0001:00002404       ??0?$_Tree_val@U?$_Tree_simple_types@U?$pair@QAUlua_State@@PAVILuaInterface@@@std@@@std@@@std@@QAE@XZ 10003404 f i ILuaModuleManager.obj
 0001:0000241d       ?allocate@?$_Wrap_alloc@V?$allocator@U?$_Tree_node@U?$pair@QAUlua_State@@PAVILuaInterface@@@std@@PAX@std@@@std@@@std@@QAEPAU?$_Tree_node@U?$pair@QAUlua_State@@PAVILuaInterface@@@std@@PAX@2@I@Z 1000341d f i ILuaModuleManager.obj
 0001:00002433       ?allocate@?$allocator@U?$_Tree_node@U?$pair@QAUlua_State@@PAVILuaInterface@@@std@@PAX@std@@@std@@QAEPAU?$_Tree_node@U?$pair@QAUlua_State@@PAVILuaInterface@@@std@@PAX@2@I@Z 10003433 f i ILuaModuleManager.obj
 0001:0000244a       ??$?0ABQAUlua_State@@PAVILuaInterface@@@?$pair@PAUlua_State@@PAVILuaInterface@@@std@@QAE@ABQAUlua_State@@$$QAPAVILuaInterface@@PAPAX@Z 1000344a f i ILuaModuleManager.obj
 0001:00002479       ??$insert@U?$pair@PAUlua_State@@PAVILuaInterface@@@std@@@?$_Tree@V?$_Tmap_traits@PAUlua_State@@PAVILuaInterface@@U?$less@PAUlua_State@@@std@@V?$allocator@U?$pair@QAUlua_State@@PAVILuaInterface@@@std@@@4@$0A@@std@@@std@@QAE?AV?$_Tree_iterator@V?$_Tree_val@U?$_Tree_simple_types@U?$pair@QAUlua_State@@PAVILuaInterface@@@std@@@std@@@std@@@1@V?$_Tree_const_iterator@V?$_Tree_val@U?$_Tree_simple_types@U?$pair@QAUlua_State@@PAVILuaInterface@@@std@@@std@@@std@@@1@$$QAU?$pair@PAUlua_State@@PAVILuaInterface@@@1@@Z 10003479 f i ILuaModuleManager.obj
 0001:000024b8       ??$?0V?$_Tree_iterator@V?$_Tree_val@U?$_Tree_simple_types@U?$pair@QAUlua_State@@PAVILuaInterface@@@std@@@std@@@std@@@std@@V01@@?$pair@V?$_Tree_iterator@V?$_Tree_val@U?$_Tree_simple_types@U?$pair@QAUlua_State@@PAVILuaInterface@@@std@@@std@@@std@@@std@@V12@@std@@QAE@$$QAU01@PAPAX@Z 100034b8 f i ILuaModuleManager.obj
 0001:000024eb       ??$_Distance@V?$_Tree_iterator@V?$_Tree_val@U?$_Tree_simple_types@U?$pair@QAUlua_State@@PAVILuaInterface@@@std@@@std@@@std@@@std@@I@std@@YAXV?$_Tree_iterator@V?$_Tree_val@U?$_Tree_simple_types@U?$pair@QAUlua_State@@PAVILuaInterface@@@std@@@std@@@std@@@0@0AAI@Z 100034eb f i ILuaModuleManager.obj
 0001:00002517       ??$swap@D@std@@YAXAAD0@Z   10003517 f i ILuaModuleManager.obj
 0001:0000254c       ??$destroy@U?$pair@PAVcondition_variable@boost@@PAVmutex@2@@std@@@?$_Wrap_alloc@V?$allocator@U?$pair@PAVcondition_variable@boost@@PAVmutex@2@@std@@@std@@@std@@QAEXPAU?$pair@PAVcondition_variable@boost@@PAVmutex@2@@1@@Z 1000354c f i nav.obj
 0001:0000254c       ??$destroy@PAU?$_Tree_node@U?$pair@QAUlua_State@@PAVILuaInterface@@@std@@PAX@std@@@?$_Wrap_alloc@V?$allocator@U?$_Tree_node@U?$pair@QAUlua_State@@PAVILuaInterface@@@std@@PAX@std@@@std@@@std@@QAEXPAPAU?$_Tree_node@U?$pair@QAUlua_State@@PAVILuaInterface@@@std@@PAX@1@@Z 1000354c f i ILuaModuleManager.obj
 0001:0000254c       ??$destroy@PAD@?$_Wrap_alloc@V?$allocator@D@std@@@std@@QAEXPAPAD@Z 1000354c f i ILuaObject.obj
 0001:0000254c       ??$destroy@PAU?$_Tree_node@U?$pair@QBXUtss_data_node@detail@boost@@@std@@PAX@std@@@?$_Wrap_alloc@V?$allocator@U?$_Tree_node@U?$pair@QBXUtss_data_node@detail@boost@@@std@@PAX@std@@@std@@@std@@QAEXPAPAU?$_Tree_node@U?$pair@QBXUtss_data_node@detail@boost@@@std@@PAX@1@@Z 1000354c f i nav.obj
 0001:0000254c       ??$destroy@U?$pair@QAUlua_State@@PAVILuaInterface@@@std@@@?$_Wrap_alloc@V?$allocator@U?$_Tree_node@U?$pair@QAUlua_State@@PAVILuaInterface@@@std@@PAX@std@@@std@@@std@@QAEXPAU?$pair@QAUlua_State@@PAVILuaInterface@@@1@@Z 1000354c f i ILuaModuleManager.obj
 0001:00002564       ??$?0AAV?$_Tree_iterator@V?$_Tree_val@U?$_Tree_simple_types@U?$pair@QAUlua_State@@PAVILuaInterface@@@std@@@std@@@std@@@std@@AAV01@@?$pair@V?$_Tree_iterator@V?$_Tree_val@U?$_Tree_simple_types@U?$pair@QAUlua_State@@PAVILuaInterface@@@std@@@std@@@std@@@std@@V12@@std@@QAE@AAV?$_Tree_iterator@V?$_Tree_val@U?$_Tree_simple_types@U?$pair@QAUlua_State@@PAVILuaInterface@@@std@@@std@@@std@@@1@0PAPAX@Z 10003564 f i ILuaModuleManager.obj
 0001:00002593       ??$construct@PADAAPAD@?$_Wrap_alloc@V?$allocator@D@std@@@std@@QAEXPAPADAAPAD@Z 10003593 f i ILuaObject.obj
 0001:00002593       ??$construct@PAU?$_Tree_node@U?$pair@QBXUtss_data_node@detail@boost@@@std@@PAX@std@@AAPAU12@@?$_Wrap_alloc@V?$allocator@U?$_Tree_node@U?$pair@QBXUtss_data_node@detail@boost@@@std@@PAX@std@@@std@@@std@@QAEXPAPAU?$_Tree_node@U?$pair@QBXUtss_data_node@detail@boost@@@std@@PAX@1@AAPAU21@@Z 10003593 f i nav.obj
 0001:00002593       ??$construct@PAU?$_Tree_node@U?$pair@QAUlua_State@@PAVILuaInterface@@@std@@PAX@std@@AAPAU12@@?$_Wrap_alloc@V?$allocator@U?$_Tree_node@U?$pair@QAUlua_State@@PAVILuaInterface@@@std@@PAX@std@@@std@@@std@@QAEXPAPAU?$_Tree_node@U?$pair@QAUlua_State@@PAVILuaInterface@@@std@@PAX@1@AAPAU21@@Z 10003593 f i ILuaModuleManager.obj
 0001:000025b6       ??$_Allocate@U?$_Tree_node@U?$pair@QAUlua_State@@PAVILuaInterface@@@std@@PAX@std@@@std@@YAPAU?$_Tree_node@U?$pair@QAUlua_State@@PAVILuaInterface@@@std@@PAX@0@IPAU10@@Z 100035b6 f i ILuaModuleManager.obj
 0001:000025ef       ??$_Buynode@U?$pair@PAUlua_State@@PAVILuaInterface@@@std@@@?$_Tree_buy@U?$pair@QAUlua_State@@PAVILuaInterface@@@std@@V?$allocator@U?$pair@QAUlua_State@@PAVILuaInterface@@@std@@@2@@std@@QAEPAU?$_Tree_node@U?$pair@QAUlua_State@@PAVILuaInterface@@@std@@PAX@1@$$QAU?$pair@PAUlua_State@@PAVILuaInterface@@@1@@Z 100035ef f i ILuaModuleManager.obj
 0001:000026bc       ??$_Insert_hint@AAU?$pair@QAUlua_State@@PAVILuaInterface@@@std@@PAU?$_Tree_node@U?$pair@QAUlua_State@@PAVILuaInterface@@@std@@PAX@2@@?$_Tree@V?$_Tmap_traits@PAUlua_State@@PAVILuaInterface@@U?$less@PAUlua_State@@@std@@V?$allocator@U?$pair@QAUlua_State@@PAVILuaInterface@@@std@@@4@$0A@@std@@@std@@IAE?AV?$_Tree_iterator@V?$_Tree_val@U?$_Tree_simple_types@U?$pair@QAUlua_State@@PAVILuaInterface@@@std@@@std@@@std@@@1@V?$_Tree_const_iterator@V?$_Tree_val@U?$_Tree_simple_types@U?$pair@QAUlua_State@@PAVILuaInterface@@@std@@@std@@@std@@@1@AAU?$pair@QAUlua_State@@PAVILuaInterface@@@1@PAU?$_Tree_node@U?$pair@QAUlua_State@@PAVILuaInterface@@@std@@PAX@1@@Z 100036bc f i ILuaModuleManager.obj
 0001:000031c0       ??$_Iter_cat@V?$_Tree_iterator@V?$_Tree_val@U?$_Tree_simple_types@U?$pair@QAUlua_State@@PAVILuaInterface@@@std@@@std@@@std@@@std@@@std@@YA?AUbidirectional_iterator_tag@0@ABV?$_Tree_iterator@V?$_Tree_val@U?$_Tree_simple_types@U?$pair@QAUlua_State@@PAVILuaInterface@@@std@@@std@@@std@@@0@@Z 100041c0 f i ILuaModuleManager.obj
 0001:000031d1       ??$_Distance2@V?$_Tree_iterator@V?$_Tree_val@U?$_Tree_simple_types@U?$pair@QAUlua_State@@PAVILuaInterface@@@std@@@std@@@std@@@std@@I@std@@YAXV?$_Tree_iterator@V?$_Tree_val@U?$_Tree_simple_types@U?$pair@QAUlua_State@@PAVILuaInterface@@@std@@@std@@@std@@@0@0AAIUbidirectional_iterator_tag@0@@Z 100041d1 f i ILuaModuleManager.obj
 0001:00003200       ??$destroy@U?$pair@QAUlua_State@@PAVILuaInterface@@@std@@@?$allocator_traits@V?$allocator@U?$_Tree_node@U?$pair@QAUlua_State@@PAVILuaInterface@@@std@@PAX@std@@@std@@@std@@SAXAAV?$allocator@U?$_Tree_node@U?$pair@QAUlua_State@@PAVILuaInterface@@@std@@PAX@std@@@1@PAU?$pair@QAUlua_State@@PAVILuaInterface@@@1@@Z 10004200 f i ILuaModuleManager.obj
 0001:00003200       ??$destroy@PAU?$_Tree_node@U?$pair@QAUlua_State@@PAVILuaInterface@@@std@@PAX@std@@@?$allocator_traits@V?$allocator@U?$_Tree_node@U?$pair@QAUlua_State@@PAVILuaInterface@@@std@@PAX@std@@@std@@@std@@SAXAAV?$allocator@U?$_Tree_node@U?$pair@QAUlua_State@@PAVILuaInterface@@@std@@PAX@std@@@1@PAPAU?$_Tree_node@U?$pair@QAUlua_State@@PAVILuaInterface@@@std@@PAX@1@@Z 10004200 f i ILuaModuleManager.obj
 0001:00003200       ??$destroy@PAD@?$allocator_traits@V?$allocator@D@std@@@std@@SAXAAV?$allocator@D@1@PAPAD@Z 10004200 f i ILuaObject.obj
 0001:00003200       ??$destroy@PAU?$_Tree_node@U?$pair@QBXUtss_data_node@detail@boost@@@std@@PAX@std@@@?$allocator_traits@V?$allocator@U?$_Tree_node@U?$pair@QBXUtss_data_node@detail@boost@@@std@@PAX@std@@@std@@@std@@SAXAAV?$allocator@U?$_Tree_node@U?$pair@QBXUtss_data_node@detail@boost@@@std@@PAX@std@@@1@PAPAU?$_Tree_node@U?$pair@QBXUtss_data_node@detail@boost@@@std@@PAX@1@@Z 10004200 f i nav.obj
 0001:00003200       ??$destroy@U?$pair@PAVcondition_variable@boost@@PAVmutex@2@@std@@@?$allocator_traits@V?$allocator@U?$pair@PAVcondition_variable@boost@@PAVmutex@2@@std@@@std@@@std@@SAXAAV?$allocator@U?$pair@PAVcondition_variable@boost@@PAVmutex@2@@std@@@1@PAU?$pair@PAVcondition_variable@boost@@PAVmutex@2@@1@@Z 10004200 f i nav.obj
 0001:00003210       ??$construct@PADAAPAD@?$allocator_traits@V?$allocator@D@std@@@std@@SAXAAV?$allocator@D@1@PAPADAAPAD@Z 10004210 f i ILuaObject.obj
 0001:00003210       ??$construct@PAU?$_Tree_node@U?$pair@QAUlua_State@@PAVILuaInterface@@@std@@PAX@std@@AAPAU12@@?$allocator_traits@V?$allocator@U?$_Tree_node@U?$pair@QAUlua_State@@PAVILuaInterface@@@std@@PAX@std@@@std@@@std@@SAXAAV?$allocator@U?$_Tree_node@U?$pair@QAUlua_State@@PAVILuaInterface@@@std@@PAX@std@@@1@PAPAU?$_Tree_node@U?$pair@QAUlua_State@@PAVILuaInterface@@@std@@PAX@1@AAPAU31@@Z 10004210 f i ILuaModuleManager.obj
 0001:00003210       ??$construct@PAU?$_Tree_node@U?$pair@QBXUtss_data_node@detail@boost@@@std@@PAX@std@@AAPAU12@@?$allocator_traits@V?$allocator@U?$_Tree_node@U?$pair@QBXUtss_data_node@detail@boost@@@std@@PAX@std@@@std@@@std@@SAXAAV?$allocator@U?$_Tree_node@U?$pair@QBXUtss_data_node@detail@boost@@@std@@PAX@std@@@1@PAPAU?$_Tree_node@U?$pair@QBXUtss_data_node@detail@boost@@@std@@PAX@1@AAPAU31@@Z 10004210 f i nav.obj
 0001:0000322a       ?_Destroy_if_not_nil@?$_Tree@V?$_Tmap_traits@PAUlua_State@@PAVILuaInterface@@U?$less@PAUlua_State@@@std@@V?$allocator@U?$pair@QAUlua_State@@PAVILuaInterface@@@std@@@4@$0A@@std@@@std@@IAEXPAU?$_Tree_node@U?$pair@QAUlua_State@@PAVILuaInterface@@@std@@PAX@2@@Z 1000422a f i ILuaModuleManager.obj
 0001:00003272       ?_Buynode0@?$_Tree_buy@U?$pair@QAUlua_State@@PAVILuaInterface@@@std@@V?$allocator@U?$pair@QAUlua_State@@PAVILuaInterface@@@std@@@2@@std@@QAEPAU?$_Tree_node@U?$pair@QAUlua_State@@PAVILuaInterface@@@std@@PAX@2@XZ 10004272 f i ILuaModuleManager.obj
 0001:00003393       ?_Freenode0@?$_Tree_buy@U?$pair@QAUlua_State@@PAVILuaInterface@@@std@@V?$allocator@U?$pair@QAUlua_State@@PAVILuaInterface@@@std@@@2@@std@@QAEXPAU?$_Tree_node@U?$pair@QAUlua_State@@PAVILuaInterface@@@std@@PAX@2@@Z 10004393 f i ILuaModuleManager.obj
 0001:00003393       ?_Freeheadnode@?$_Tree_alloc@$0A@U?$_Tree_base_types@U?$pair@QBXUtss_data_node@detail@boost@@@std@@V?$allocator@U?$pair@QBXUtss_data_node@detail@boost@@@std@@@2@@std@@@std@@QAEXPAU?$_Tree_node@U?$pair@QBXUtss_data_node@detail@boost@@@std@@PAX@2@@Z 10004393 f i nav.obj
 0001:00003423       ??0?$_Tree_const_iterator@V?$_Tree_val@U?$_Tree_simple_types@U?$pair@QAUlua_State@@PAVILuaInterface@@@std@@@std@@@std@@@std@@QAE@XZ 10004423 f i ILuaModuleManager.obj
 0001:00003437       ??F?$_Tree_const_iterator@V?$_Tree_val@U?$_Tree_simple_types@U?$pair@QAUlua_State@@PAVILuaInterface@@@std@@@std@@@std@@@std@@QAEAAV01@XZ 10004437 f i ILuaModuleManager.obj
 0001:0000344b       ??E?$_Tree_iterator@V?$_Tree_val@U?$_Tree_simple_types@U?$pair@QAUlua_State@@PAVILuaInterface@@@std@@@std@@@std@@@std@@QAEAAV01@XZ 1000444b f i ILuaModuleManager.obj
 0001:0000345f       ??0?$refcount_ptr@Uerror_info_container@exception_detail@boost@@@exception_detail@boost@@QAE@XZ 1000445f f i main.obj
 0001:0000345f       ??0?$_Tree_unchecked_const_iterator@V?$_Tree_val@U?$_Tree_simple_types@U?$pair@QAUlua_State@@PAVILuaInterface@@@std@@@std@@@std@@U_Iterator_base0@2@@std@@QAE@XZ 1000445f f i ILuaModuleManager.obj
 0001:0000345f       ??0?$intrusive_ptr@Uthread_data_base@detail@boost@@@boost@@QAE@XZ 1000445f f i nav.obj
 0001:00003471       ??F?$_Tree_unchecked_const_iterator@V?$_Tree_val@U?$_Tree_simple_types@U?$pair@QAUlua_State@@PAVILuaInterface@@@std@@@std@@@std@@U_Iterator_base0@2@@std@@QAEAAV01@XZ 10004471 f i ILuaModuleManager.obj
 0001:00003533       ??$construct@U?$pair@QAUlua_State@@PAVILuaInterface@@@std@@U?$pair@PAUlua_State@@PAVILuaInterface@@@2@@?$_Wrap_alloc@V?$allocator@U?$_Tree_node@U?$pair@QAUlua_State@@PAVILuaInterface@@@std@@PAX@std@@@std@@@std@@QAEXPAU?$pair@QAUlua_State@@PAVILuaInterface@@@1@$$QAU?$pair@PAUlua_State@@PAVILuaInterface@@@1@@Z 10004533 f i ILuaModuleManager.obj
 0001:00003556       ??$_Insert_at@AAU?$pair@QAUlua_State@@PAVILuaInterface@@@std@@PAU?$_Tree_node@U?$pair@QAUlua_State@@PAVILuaInterface@@@std@@PAX@2@@?$_Tree@V?$_Tmap_traits@PAUlua_State@@PAVILuaInterface@@U?$less@PAUlua_State@@@std@@V?$allocator@U?$pair@QAUlua_State@@PAVILuaInterface@@@std@@@4@$0A@@std@@@std@@IAE?AV?$_Tree_iterator@V?$_Tree_val@U?$_Tree_simple_types@U?$pair@QAUlua_State@@PAVILuaInterface@@@std@@@std@@@std@@@1@_NPAU?$_Tree_node@U?$pair@QAUlua_State@@PAVILuaInterface@@@std@@PAX@1@AAU?$pair@QAUlua_State@@PAVILuaInterface@@@1@1@Z 10004556 f i ILuaModuleManager.obj
 0001:000038c4       ??$_Insert_nohint@AAU?$pair@QAUlua_State@@PAVILuaInterface@@@std@@PAU?$_Tree_node@U?$pair@QAUlua_State@@PAVILuaInterface@@@std@@PAX@2@@?$_Tree@V?$_Tmap_traits@PAUlua_State@@PAVILuaInterface@@U?$less@PAUlua_State@@@std@@V?$allocator@U?$pair@QAUlua_State@@PAVILuaInterface@@@std@@@4@$0A@@std@@@std@@IAE?AU?$pair@V?$_Tree_iterator@V?$_Tree_val@U?$_Tree_simple_types@U?$pair@QAUlua_State@@PAVILuaInterface@@@std@@@std@@@std@@@std@@_N@1@_NAAU?$pair@QAUlua_State@@PAVILuaInterface@@@1@PAU?$_Tree_node@U?$pair@QAUlua_State@@PAVILuaInterface@@@std@@PAX@1@@Z 100048c4 f i ILuaModuleManager.obj
 0001:00003c5a       ??$construct@PADAAPAD@?$allocator@D@std@@QAEXPAPADAAPAD@Z 10004c5a f i ILuaObject.obj
 0001:00003c5a       ??$construct@PAU?$_Tree_node@U?$pair@QBXUtss_data_node@detail@boost@@@std@@PAX@std@@AAPAU12@@?$allocator@U?$_Tree_node@U?$pair@QBXUtss_data_node@detail@boost@@@std@@PAX@std@@@std@@QAEXPAPAU?$_Tree_node@U?$pair@QBXUtss_data_node@detail@boost@@@std@@PAX@1@AAPAU21@@Z 10004c5a f i nav.obj
 0001:00003c5a       ??$construct@PAU?$_Tree_node@U?$pair@QAUlua_State@@PAVILuaInterface@@@std@@PAX@std@@AAPAU12@@?$allocator@U?$_Tree_node@U?$pair@QAUlua_State@@PAVILuaInterface@@@std@@PAX@std@@@std@@QAEXPAPAU?$_Tree_node@U?$pair@QAUlua_State@@PAVILuaInterface@@@std@@PAX@1@AAPAU21@@Z 10004c5a f i ILuaModuleManager.obj
 0001:00003cd0       ?max_size@?$_Tree@V?$_Tmap_traits@PAUlua_State@@PAVILuaInterface@@U?$less@PAUlua_State@@@std@@V?$allocator@U?$pair@QAUlua_State@@PAVILuaInterface@@@std@@@4@$0A@@std@@@std@@QBEIXZ 10004cd0 f i ILuaModuleManager.obj
 0001:00003ced       ??F?$_Tree_iterator@V?$_Tree_val@U?$_Tree_simple_types@U?$pair@QAUlua_State@@PAVILuaInterface@@@std@@@std@@@std@@@std@@QAEAAV01@XZ 10004ced f i ILuaModuleManager.obj
 0001:00003d01       ?max_size@?$_Wrap_alloc@V?$allocator@U?$_Tree_node@U?$pair@QAUlua_State@@PAVILuaInterface@@@std@@PAX@std@@@std@@@std@@QBEIXZ 10004d01 f i ILuaModuleManager.obj
 0001:00003d13       ?max_size@?$allocator_traits@V?$allocator@U?$_Tree_node@U?$pair@QAUlua_State@@PAVILuaInterface@@@std@@PAX@std@@@std@@@std@@SAIABV?$allocator@U?$_Tree_node@U?$pair@QAUlua_State@@PAVILuaInterface@@@std@@PAX@std@@@2@@Z 10004d13 f i ILuaModuleManager.obj
 0001:00003d20       ?max_size@?$allocator@U?$_Tree_node@U?$pair@QAUlua_State@@PAVILuaInterface@@@std@@PAX@std@@@std@@QBEIXZ 10004d20 f i ILuaModuleManager.obj
 0001:00003d2e       ??$construct@U?$pair@QAUlua_State@@PAVILuaInterface@@@std@@U?$pair@PAUlua_State@@PAVILuaInterface@@@2@@?$allocator_traits@V?$allocator@U?$_Tree_node@U?$pair@QAUlua_State@@PAVILuaInterface@@@std@@PAX@std@@@std@@@std@@SAXAAV?$allocator@U?$_Tree_node@U?$pair@QAUlua_State@@PAVILuaInterface@@@std@@PAX@std@@@1@PAU?$pair@QAUlua_State@@PAVILuaInterface@@@1@$$QAU?$pair@PAUlua_State@@PAVILuaInterface@@@1@@Z 10004d2e f i ILuaModuleManager.obj
 0001:00003d48       ??$_Buynode_if_nil@AAU?$pair@QAUlua_State@@PAVILuaInterface@@@std@@@?$_Tree@V?$_Tmap_traits@PAUlua_State@@PAVILuaInterface@@U?$less@PAUlua_State@@@std@@V?$allocator@U?$pair@QAUlua_State@@PAVILuaInterface@@@std@@@4@$0A@@std@@@std@@IAEPAU?$_Tree_node@U?$pair@QAUlua_State@@PAVILuaInterface@@@std@@PAX@1@PAU21@AAU?$pair@QAUlua_State@@PAVILuaInterface@@@1@@Z 10004d48 f i ILuaModuleManager.obj
 0001:00003d56       ??$?0V?$_Tree_iterator@V?$_Tree_val@U?$_Tree_simple_types@U?$pair@QAUlua_State@@PAVILuaInterface@@@std@@@std@@@std@@@std@@_N@?$pair@V?$_Tree_iterator@V?$_Tree_val@U?$_Tree_simple_types@U?$pair@QAUlua_State@@PAVILuaInterface@@@std@@@std@@@std@@@std@@_N@std@@QAE@$$QAV?$_Tree_iterator@V?$_Tree_val@U?$_Tree_simple_types@U?$pair@QAUlua_State@@PAVILuaInterface@@@std@@@std@@@std@@@1@$$QA_NPAPAX@Z 10004d56 f i ILuaModuleManager.obj
 0001:00003d56       ??$?0AAV?$_Tree_iterator@V?$_Tree_val@U?$_Tree_simple_types@U?$pair@QAUlua_State@@PAVILuaInterface@@@std@@@std@@@std@@@std@@_N@?$pair@V?$_Tree_iterator@V?$_Tree_val@U?$_Tree_simple_types@U?$pair@QAUlua_State@@PAVILuaInterface@@@std@@@std@@@std@@@std@@_N@std@@QAE@AAV?$_Tree_iterator@V?$_Tree_val@U?$_Tree_simple_types@U?$pair@QAUlua_State@@PAVILuaInterface@@@std@@@std@@@std@@@1@$$QA_NPAPAX@Z 10004d56 f i ILuaModuleManager.obj
 0001:00003d85       ??$?0V?$_Tree_iterator@V?$_Tree_val@U?$_Tree_simple_types@U?$pair@QAUlua_State@@PAVILuaInterface@@@std@@@std@@@std@@@std@@_N@?$pair@V?$_Tree_iterator@V?$_Tree_val@U?$_Tree_simple_types@U?$pair@QAUlua_State@@PAVILuaInterface@@@std@@@std@@@std@@@std@@_N@std@@QAE@$$QAU01@PAPAX@Z 10004d85 f i ILuaModuleManager.obj
 0001:00003db8       ??$construct@U?$pair@QAUlua_State@@PAVILuaInterface@@@std@@U?$pair@PAUlua_State@@PAVILuaInterface@@@2@@?$allocator@U?$_Tree_node@U?$pair@QAUlua_State@@PAVILuaInterface@@@std@@PAX@std@@@std@@QAEXPAU?$pair@QAUlua_State@@PAVILuaInterface@@@1@$$QAU?$pair@PAUlua_State@@PAVILuaInterface@@@1@@Z 10004db8 f i ILuaModuleManager.obj
 0001:00003e2f       ??$?0PAUlua_State@@PAVILuaInterface@@@?$pair@QAUlua_State@@PAVILuaInterface@@@std@@QAE@$$QAU?$pair@PAUlua_State@@PAVILuaInterface@@@1@PAPAX@Z 10004e2f f i ILuaModuleManager.obj
 0001:00003e62       ?length@?$char_traits@D@std@@SAIPBD@Z 10004e62 f i ILuaObject.obj
 0001:00003eaa       ?copy@?$char_traits@D@std@@SAPADPADPBDI@Z 10004eaa f i ILuaObject.obj
 0001:00003ed5       ?move@?$char_traits@D@std@@SAPADPADPBDI@Z 10004ed5 f i ILuaObject.obj
 0001:00003f00       ?assign@?$char_traits@D@std@@SAXAADABD@Z 10004f00 f i ILuaObject.obj
 0001:00003f0f       ??0?$int_adapter@I@date_time@boost@@QAE@I@Z 10004f0f f i main.obj
 0001:00003f0f       ??0?$mf3@XVNav@@PAUJobInfo_t@@PAVNode@@PAV3@@_mfi@boost@@QAE@P8Nav@@AEXPAUJobInfo_t@@PAVNode@@1@Z@Z 10004f0f f i nav.obj
 0001:00003f0f       ??0id@locale@std@@QAE@I@Z  10004f0f f i ILuaObject.obj
 0001:00003f0f       ??0Iterator_t@?$CUtlMemory@U?$UtlLinkedListElem_t@UAirSeedSpot@@H@@H@@QAE@H@Z 10004f0f f i nav.obj
 0001:00003f0f       ??0?$storage1@V?$value@PAVNav@@@_bi@boost@@@_bi@boost@@QAE@V?$value@PAVNav@@@12@@Z 10004f0f f i nav.obj
 0001:00003f0f       ??0?$mf1@XVNav@@PA_N@_mfi@boost@@QAE@P8Nav@@AEXPA_N@Z@Z 10004f0f f i nav.obj
 0001:00003f0f       ??0Iterator_t@?$CUtlMemory@U?$UtlLinkedListElem_t@UGroundSeedSpot@@H@@H@@QAE@H@Z 10004f0f f i nav.obj
 0001:00003f0f       ??0handle_manager@win32@detail@boost@@QAE@PAX@Z 10004f0f f i nav.obj
 0001:00003f25       ??0error_category@std@@QAE@XZ 10004f25 f i ILuaObject.obj
 0001:00003f3a       ??1error_category@std@@UAE@XZ 10004f3a f i ILuaObject.obj
 0001:00003f4c       ??8error_category@std@@QBE_NABV01@@Z 10004f4c f i ILuaObject.obj
 0001:00003f70       ??_Gerror_category@std@@UAEPAXI@Z 10004f70 f i ILuaObject.obj
 0001:00003f70       ??_Eerror_category@std@@UAEPAXI@Z 10004f70 f i * CIL library *:* CIL module *
 0001:00003f97       ??0error_code@system@boost@@QAE@HABVerror_category@12@@Z 10004f97 f i nav.obj
 0001:00003f97       ??0ILuaObject@@QAE@PAVILuaBase@Lua@GarrysMod@@H@Z 10004f97 f i ILuaObject.obj
 0001:00003f97       ??0error_condition@std@@QAE@HABVerror_category@1@@Z 10004f97 f i ILuaObject.obj
 0001:00003fb6       ??8error_condition@std@@QBE_NABV01@@Z 10004fb6 f i ILuaObject.obj
 0001:00004009       ?default_error_condition@error_category@std@@UBE?AVerror_condition@2@H@Z 10005009 f i ILuaObject.obj
 0001:00004025       ?equivalent@error_category@std@@UBE_NHABVerror_condition@2@@Z 10005025 f i ILuaObject.obj
 0001:0000404e       ?equivalent@error_category@std@@UBE_NABVerror_code@2@H@Z 1000504e f i ILuaObject.obj
 0001:0000408f       ??0_Generic_error_category@std@@QAE@XZ 1000508f f i ILuaObject.obj
 0001:000040ac       ?name@_Generic_error_category@std@@UBEPBDXZ 100050ac f i ILuaObject.obj
 0001:000040ba       ?message@_Generic_error_category@std@@UBE?AV?$basic_string@DU?$char_traits@D@std@@V?$allocator@D@2@@2@H@Z 100050ba f i ILuaObject.obj
 0001:00004103       ??_G_Generic_error_category@std@@UAEPAXI@Z 10005103 f i ILuaObject.obj
 0001:00004103       ??_E_Generic_error_category@std@@UAEPAXI@Z 10005103 f i * CIL library *:* CIL module *
 0001:0000412a       ??1_Generic_error_category@std@@UAE@XZ 1000512a f i ILuaObject.obj
 0001:0000413b       ??0_Iostream_error_category@std@@QAE@XZ 1000513b f i ILuaObject.obj
 0001:00004158       ?name@_Iostream_error_category@std@@UBEPBDXZ 10005158 f i ILuaObject.obj
 0001:00004166       ?message@_Iostream_error_category@std@@UBE?AV?$basic_string@DU?$char_traits@D@std@@V?$allocator@D@2@@2@H@Z 10005166 f i ILuaObject.obj
 0001:000041b3       ??_G_Iostream_error_category@std@@UAEPAXI@Z 100051b3 f i ILuaObject.obj
 0001:000041b3       ??_E_Iostream_error_category@std@@UAEPAXI@Z 100051b3 f i * CIL library *:* CIL module *
 0001:000041b3       ??_G_System_error_category@std@@UAEPAXI@Z 100051b3 f i ILuaObject.obj
 0001:000041b3       ??_E_System_error_category@std@@UAEPAXI@Z 100051b3 f i * CIL library *:* CIL module *
 0001:000041da       ??1_System_error_category@std@@UAE@XZ 100051da f i ILuaObject.obj
 0001:000041da       ??1_Iostream_error_category@std@@UAE@XZ 100051da f i ILuaObject.obj
 0001:000041eb       ??0_System_error_category@std@@QAE@XZ 100051eb f i ILuaObject.obj
 0001:00004208       ?name@_System_error_category@std@@UBEPBDXZ 10005208 f i ILuaObject.obj
 0001:00004216       ?message@_System_error_category@std@@UBE?AV?$basic_string@DU?$char_traits@D@std@@V?$allocator@D@2@@2@H@Z 10005216 f i ILuaObject.obj
 0001:0000425f       ?default_error_condition@_System_error_category@std@@UBE?AVerror_condition@2@H@Z 1000525f f i ILuaObject.obj
 0001:000042a3       ?generic_category@std@@YAABVerror_category@1@XZ 100052a3 f i ILuaObject.obj
 0001:000042ad       ?system_category@std@@YAABVerror_category@1@XZ 100052ad f i ILuaObject.obj
 0001:000042b7       ?UnReference@ILuaObject@@QAEXXZ 100052b7 f   ILuaObject.obj
 0001:000042ff       ??_GILuaObject@@QAEPAXI@Z  100052ff f i ILuaObject.obj
 0001:00004326       ?GetType@ILuaObject@@QAEHXZ 10005326 f   ILuaObject.obj
 0001:00004363       ?GetFloat@ILuaObject@@QAEMXZ 10005363 f   ILuaObject.obj
 0001:0000439d       ?GetUserData@ILuaObject@@QAEPAXXZ 1000539d f   ILuaObject.obj
 0001:000043d9       ?SetMember@ILuaObject@@QAEXPBDPAV1@@Z 100053d9 f   ILuaObject.obj
 0001:0000442a       ?SetMember@ILuaObject@@QAEXPBDN@Z 1000542a f   ILuaObject.obj
 0001:0000448e       ?SetMember@ILuaObject@@QAEXPBDP6AHPAUlua_State@@@Z@Z 1000548e f   ILuaObject.obj
 0001:000044ec       ?SetMember@ILuaObject@@QAEXNPAV1@@Z 100054ec f   ILuaObject.obj
 0001:00004544       ?SetMember@ILuaObject@@QAEXMPAV1@@Z 10005544 f   ILuaObject.obj
 0001:00004566       ?SetMember@ILuaObject@@QAEXHPAV1@@Z 10005566 f   ILuaObject.obj
 0001:00004588       ?GetMember@ILuaObject@@QAEPAV1@PBD@Z 10005588 f   ILuaObject.obj
 0001:0000463d       ?GetMember@ILuaObject@@QAEPAV1@N@Z 1000563d f   ILuaObject.obj
 0001:0000470a       ?GetMember@ILuaObject@@QAEPAV1@H@Z 1000570a f   ILuaObject.obj
 0001:00004729       ?Push@ILuaObject@@QAEXXZ   10005729 f   ILuaObject.obj
 0001:0000474a       ??0?$basic_string@DU?$char_traits@D@std@@V?$allocator@D@2@@std@@QAE@PBD@Z 1000574a f i ILuaObject.obj
 0001:00004781       ??1?$basic_string@DU?$char_traits@D@std@@V?$allocator@D@2@@std@@QAE@XZ 10005781 f i ILuaObject.obj
 0001:00004796       ?assign@?$basic_string@DU?$char_traits@D@std@@V?$allocator@D@2@@std@@QAEAAV12@PBD@Z 10005796 f i ILuaObject.obj
 0001:000047b6       ?TellPut@CUtlBuffer@@QBEHXZ 100057b6 f i nav.obj
 0001:000047b6       ?size@?$basic_string@DU?$char_traits@D@std@@V?$allocator@D@2@@std@@QBEIXZ 100057b6 f i ILuaObject.obj
 0001:000047c5       ?_Tidy@?$basic_string@DU?$char_traits@D@std@@V?$allocator@D@2@@std@@QAEX_NI@Z 100057c5 f i ILuaObject.obj
 0001:00004854       ??0?$_String_alloc@$0A@U?$_String_base_types@DV?$allocator@D@std@@@std@@@std@@QAE@ABV?$allocator@D@1@@Z 10005854 f i ILuaObject.obj
 0001:0000486a       ?_Myptr@?$_String_val@U?$_Simple_types@D@std@@@std@@QBEPBDXZ 1000586a f i ILuaObject.obj
 0001:0000486a       ?_Myptr@?$_String_val@U?$_Simple_types@D@std@@@std@@QAEPADXZ 1000586a f i ILuaObject.obj
 0001:00004896       ?assign@?$basic_string@DU?$char_traits@D@std@@V?$allocator@D@2@@std@@QAEAAV12@PBDI@Z 10005896 f i ILuaObject.obj
 0001:0000490a       ?_Eos@?$basic_string@DU?$char_traits@D@std@@V?$allocator@D@2@@std@@QAEXI@Z 1000590a f i ILuaObject.obj
 0001:0000493a       ?_Xran@?$basic_string@DU?$char_traits@D@std@@V?$allocator@D@2@@std@@QBEXXZ 1000593a f i ILuaObject.obj
 0001:0000494d       ??0?$_String_val@U?$_Simple_types@D@std@@@std@@QAE@XZ 1000594d f i ILuaObject.obj
 0001:00004967       ?assign@?$basic_string@DU?$char_traits@D@std@@V?$allocator@D@2@@std@@QAEAAV12@ABV12@II@Z 10005967 f i ILuaObject.obj
 0001:00004a0c       ?_Grow@?$basic_string@DU?$char_traits@D@std@@V?$allocator@D@2@@std@@QAE_NI_N@Z 10005a0c f i ILuaObject.obj
 0001:00004aab       ?_Inside@?$basic_string@DU?$char_traits@D@std@@V?$allocator@D@2@@std@@QAE_NPBD@Z 10005aab f i ILuaObject.obj
 0001:00004ae4       ?_Xlen@?$basic_string@DU?$char_traits@D@std@@V?$allocator@D@2@@std@@QBEXXZ 10005ae4 f i ILuaObject.obj
 0001:00004af7       ?erase@?$basic_string@DU?$char_traits@D@std@@V?$allocator@D@2@@std@@QAEAAV12@I@Z 10005af7 f i ILuaObject.obj
 0001:00004b23       ?erase@?$basic_string@DU?$char_traits@D@std@@V?$allocator@D@2@@std@@QAEAAV12@II@Z 10005b23 f i ILuaObject.obj
 0001:00004ba5       ?max_size@?$basic_string@DU?$char_traits@D@std@@V?$allocator@D@2@@std@@QBEIXZ 10005ba5 f i ILuaObject.obj
 0001:00004bdf       ?_Copy@?$basic_string@DU?$char_traits@D@std@@V?$allocator@D@2@@std@@QAEXII@Z 10005bdf f i ILuaObject.obj
 0001:00004d7f       ?allocate@?$_Wrap_alloc@V?$allocator@D@std@@@std@@QAEPADI@Z 10005d7f f i ILuaObject.obj
 0001:00004d95       ?max_size@?$_Wrap_alloc@V?$allocator@D@std@@@std@@QBEIXZ 10005d95 f i ILuaObject.obj
 0001:00004da7       ?allocate@?$allocator@D@std@@QAEPADI@Z 10005da7 f i ILuaObject.obj
 0001:00004dbe       ?max_size@?$allocator_traits@V?$allocator@D@std@@@std@@SAIABV?$allocator@D@2@@Z 10005dbe f i ILuaObject.obj
 0001:00004dcb       ?max_size@?$allocator@D@std@@QBEIXZ 10005dcb f i ILuaObject.obj
 0001:00004dd7       ??$_Allocate@D@std@@YAPADIPAD@Z 10005dd7 f i ILuaObject.obj
 0001:00004e09       ??0Vector@@QAE@MMM@Z       10005e09 f i main.obj
 0001:00004e3d       ??4Vector@@QAEAAV0@ABV0@@Z 10005e3d f i main.obj
 0001:00004e6d       ?VectorSubtract@@YAXABVVector@@0AAV1@@Z 10005e6d f i main.obj
 0001:00004eb7       ?VectorLength@@YAMABVVector@@@Z 10005eb7 f i main.obj
 0001:00004eff       ?Length@Vector@@QBEMXZ     10005eff f i main.obj
 0001:00004f11       ?DistTo@Vector@@QBEMABV1@@Z 10005f11 f i main.obj
 0001:00004f40       ??0Vector4D@@QAE@MMMM@Z    10005f40 f i main.obj
 0001:00004fb6       ?min@?$numeric_limits@I@std@@SAIXZ 10005fb6 f i main.obj
 0001:00004fbd       ?InvalidIndex@?$CUtlMemory@U?$UtlLinkedListElem_t@UGroundSeedSpot@@H@@H@@SAHXZ 10005fbd f i nav.obj
 0001:00004fbd       ?InvalidIndex@?$CUtlMemory@U?$UtlLinkedListElem_t@UAirSeedSpot@@H@@H@@SAHXZ 10005fbd f i nav.obj
 0001:00004fbd       ?max@?$numeric_limits@I@std@@SAIXZ 10005fbd f i main.obj
 0001:00004fc5       ?min@?$numeric_limits@_J@std@@SA_JXZ 10005fc5 f i main.obj
 0001:00004fd1       ?max@?$numeric_limits@_J@std@@SA_JXZ 10005fd1 f i main.obj
 0001:00004fde       ??0logic_error@std@@QAE@PBD@Z 10005fde f i main.obj
 0001:00005001       ??_Glogic_error@std@@UAEPAXI@Z 10006001 f i main.obj
 0001:00005001       ??_Gruntime_error@std@@UAEPAXI@Z 10006001 f i main.obj
 0001:00005001       ??_Elogic_error@std@@UAEPAXI@Z 10006001 f i * CIL library *:* CIL module *
 0001:00005001       ??_Eruntime_error@std@@UAEPAXI@Z 10006001 f i * CIL library *:* CIL module *
 0001:00005028       ??1logic_error@std@@UAE@XZ 10006028 f i main.obj
 0001:00005028       ??1runtime_error@std@@UAE@XZ 10006028 f i main.obj
 0001:00005039       ??0out_of_range@std@@QAE@ABV?$basic_string@DU?$char_traits@D@std@@V?$allocator@D@2@@1@@Z 10006039 f i main.obj
 0001:00005061       ??_Eout_of_range@std@@UAEPAXI@Z 10006061 f i * CIL library *:* CIL module *
 0001:00005061       ??_Gout_of_range@std@@UAEPAXI@Z 10006061 f i main.obj
 0001:00005088       ??1out_of_range@std@@UAE@XZ 10006088 f i main.obj
 0001:00005099       ??0runtime_error@std@@QAE@PBD@Z 10006099 f i main.obj
 0001:000050bc       ??0runtime_error@std@@QAE@ABV01@@Z 100060bc f i main.obj
 0001:000050de       ??0exception@boost@@IAE@XZ 100060de f i main.obj
 0001:00005113       ??1exception@boost@@MAE@XZ 10006113 f i main.obj
 0001:00005130       ??1clone_base@exception_detail@boost@@UAE@XZ 10006130 f i main.obj
 0001:00005142       ??_Gclone_base@exception_detail@boost@@UAEPAXI@Z 10006142 f i main.obj
 0001:00005142       ??_Eclone_base@exception_detail@boost@@UAEPAXI@Z 10006142 f i * CIL library *:* CIL module *
 0001:00005169       ?copy_boost_exception@exception_detail@boost@@YAXPAVexception@2@PBV32@@Z 10006169 f i main.obj
 0001:0000522d       ?gmtime@c_time@date_time@boost@@SAPAUtm@@PB_JPAU4@@Z 1000622d f i main.obj
 0001:000052a2       ?get_system_time_as_file_time@winapi@date_time@boost@@YAXAAUFILETIME@123@@Z 100062a2 f i main.obj
 0001:000052b0       ?as_number@time_resolution_traits_adapted64_impl@date_time@boost@@SA_JV?$int_adapter@_J@23@@Z 100062b0 f i main.obj
 0001:000052bd       ?is_adapted@time_resolution_traits_adapted64_impl@date_time@boost@@SA_NXZ 100062bd f i main.obj
 0001:000052c4       ??0bad_day_of_month@gregorian@boost@@QAE@XZ 100062c4 f i main.obj
 0001:00005343       ??0bad_day_of_month@gregorian@boost@@QAE@ABV?$basic_string@DU?$char_traits@D@std@@V?$allocator@D@2@@std@@@Z 10006343 f i main.obj
 0001:00005365       ??_Gbad_year@gregorian@boost@@UAEPAXI@Z 10006365 f i main.obj
 0001:00005365       ??_Gbad_day_of_month@gregorian@boost@@UAEPAXI@Z 10006365 f i main.obj
 0001:00005365       ??_Ebad_month@gregorian@boost@@UAEPAXI@Z 10006365 f i * CIL library *:* CIL module *
 0001:00005365       ??_Ebad_year@gregorian@boost@@UAEPAXI@Z 10006365 f i * CIL library *:* CIL module *
 0001:00005365       ??_Gbad_month@gregorian@boost@@UAEPAXI@Z 10006365 f i main.obj
 0001:00005365       ??_Ebad_day_of_month@gregorian@boost@@UAEPAXI@Z 10006365 f i * CIL library *:* CIL module *
 0001:0000538c       ??1bad_month@gregorian@boost@@UAE@XZ 1000638c f i main.obj
 0001:0000538c       ??1bad_day_of_month@gregorian@boost@@UAE@XZ 1000638c f i main.obj
 0001:0000538c       ??1bad_year@gregorian@boost@@UAE@XZ 1000638c f i main.obj
 0001:0000539d       ??0greg_day@gregorian@boost@@QAE@G@Z 1000639d f i main.obj
 0001:000053b6       ??Bgreg_day@gregorian@boost@@QBEGXZ 100063b6 f i main.obj
 0001:000053b6       ??Bgreg_year@gregorian@boost@@QBEGXZ 100063b6 f i main.obj
 0001:000053b6       ??Bgreg_month@gregorian@boost@@QBEGXZ 100063b6 f i main.obj
 0001:000053c5       ??0bad_year@gregorian@boost@@QAE@XZ 100063c5 f i main.obj
 0001:00005444       ??0greg_year@gregorian@boost@@QAE@G@Z 10006444 f i main.obj
 0001:0000545d       ??0bad_month@gregorian@boost@@QAE@XZ 1000645d f i main.obj
 0001:000054dc       ??0greg_month@gregorian@boost@@QAE@G@Z 100064dc f i main.obj
 0001:000054f5       ??0date@gregorian@boost@@QAE@Vgreg_year@12@Vgreg_month@12@Vgreg_day@12@@Z 100064f5 f i main.obj
 0001:000055c0       ??0time_duration@posix_time@boost@@QAE@HHH_J@Z 100065c0 f i main.obj
 0001:000055e5       ??0time_duration@posix_time@boost@@IAE@V?$int_adapter@_J@date_time@2@@Z 100065e5 f i main.obj
 0001:000055e5       ??0?$counted_time_rep@Vmillisec_posix_time_system_config@posix_time@boost@@@date_time@boost@@QAE@_J@Z 100065e5 f i main.obj
 0001:00005601       ??0ptime@posix_time@boost@@QAE@Vdate@gregorian@2@Vtime_duration@12@@Z 10006601 f i main.obj
 0001:00005621       ??0time_duration@posix_time@boost@@QAE@ABV012@@Z 10006621 f i main.obj
[...]
 0002:00010910       __catchsym$?what@system_error@system@boost@@UBEPBDXZ$3 1003f910     * CIL library *:* CIL module *
 0002:00010920       __ehfuncinfo$?Flood@Nav@@QAEXPAUlua_State@@PAV?$CUtlVector@ULuaKeyValue@@V?$CUtlMemory@ULuaKeyValue@@H@@@@@Z 1003f920     * CIL library *:* CIL module *
 0002:00010944       __unwindtable$?Flood@Nav@@QAEXPAUlua_State@@PAV?$CUtlVector@ULuaKeyValue@@V?$CUtlMemory@ULuaKeyValue@@H@@@@@Z 1003f944     * CIL library *:* CIL module *
 0002:00010954       __ehfuncinfo$?GenerateQueue@Nav@@QAEXPAUJobInfo_t@@@Z 1003f954     * CIL library *:* CIL module *
 0002:00010954       __ehfuncinfo$?FindPathQueue@Nav@@QAEXPAUJobInfo_t@@@Z 1003f954     * CIL library *:* CIL module *
 0002:00010978       __unwindtable$?FindPathQueue@Nav@@QAEXPAUJobInfo_t@@@Z 1003f978     * CIL library *:* CIL module *
 0002:00010978       __unwindtable$?GenerateQueue@Nav@@QAEXPAUJobInfo_t@@@Z 1003f978     * CIL library *:* CIL module *
 0002:00010980       __ehfuncinfo$?Load@Nav@@QAE_NPBD@Z 1003f980     * CIL library *:* CIL module *
 0002:000109a4       __unwindtable$?Load@Nav@@QAE_NPBD@Z 1003f9a4     * CIL library *:* CIL module *
 0002:000109bc       __ehfuncinfo$?Save@Nav@@QAE_NPBD@Z 1003f9bc     * CIL library *:* CIL module *
 0002:000109e0       __unwindtable$?Save@Nav@@QAE_NPBD@Z 1003f9e0     * CIL library *:* CIL module *
 0002:000109e8       __ehfuncinfo$?AddNode@Nav@@QAEPAVNode@@ABVVector@@0W4NavDirType@@PAV2@@Z 1003f9e8     * CIL library *:* CIL module *
 0002:00010a0c       __unwindtable$?AddNode@Nav@@QAEPAVNode@@ABVVector@@0W4NavDirType@@PAV2@@Z 1003fa0c     * CIL library *:* CIL module *
 0002:00010a14       __ehfuncinfo$??0Nav@@QAE@H@Z 1003fa14     * CIL library *:* CIL module *
 0002:00010a38       __unwindtable$??0Nav@@QAE@H@Z 1003fa38     * CIL library *:* CIL module *
 0002:00010cb6       .idata$6                   1003fcb6     tier0:tier0.dll
 0002:00010d84       .idata$6                   1003fd84     kernel32:KERNEL32.dll
 0002:00011330       .edata                     10040330     gmsv_navigation_win32.exp
 0002:00011358       rgpv                       10040358     gmsv_navigation_win32.exp
 0002:00011364       rgszName                   10040364     gmsv_navigation_win32.exp
 0002:00011370       rgwOrd                     10040370     gmsv_navigation_win32.exp
 0002:00011376       szName                     10040376     gmsv_navigation_win32.exp
 0002:00011390       $N00001                    10040390     gmsv_navigation_win32.exp
 0002:000113a0       $N00002                    100403a0     gmsv_navigation_win32.exp
 0002:000113ad       $N00003                    100403ad     gmsv_navigation_win32.exp
 0003:00000020       _vec2_invalid              10041020     mathlib:mathlib_base.obj
 0003:00000480       _vec2_invalid              10041480     mathlib:color_conversion.obj
 0003:00000488       _vec2_invalid              10041488     mathlib:sse.obj
 0003:00000490       _vec2_invalid              10041490     mathlib:3dnow.obj
 0003:00000498       _s_pConversionArrays_StringCharConversion 10041498     tier1:utlbuffer.obj
 0003:000004f0       _s_pConversionArrays_NoEscConversion 100414f0     tier1:utlbuffer.obj
 0003:000004f8       _vec2_invalid              100414f8     tier1:utlbuffer.obj
 0003:0000056c       _s_BackSlashMap            1004156c     tier1:strtools.obj
 0003:00000578       _vec2_invalid              10041578     tier1:strtools.obj
 0003:000005a0       _NAME_                     100415a0     LIBCMT:acos.obj
 0003:000005b0       _NAME_                     100415b0     LIBCMT:asin.obj
 0003:000005c8       POW_name                   100415c8     LIBCMT:pow.obj
 0003:000005e8       _errtable                  100415e8     LIBCMT:dosmap.obj
 0003:00000750       _ErrnoNoMem                10041750     LIBCMT:dosmap.obj
 0003:00000754       _DoserrorNoMem             10041754     LIBCMT:dosmap.obj
 0003:00000ba4       ?isPackaged@?1??__crtIsPackagedApp@@9@9 10041ba4     LIBCMT:winapisupp.obj
 0003:00000bd0       _newcw                     10041bd0     LIBCMT:floor.obj
 0003:00000bdc       ___rgctypeflag             10041bdc     LIBCMT:mbctype.obj
 0003:00000be0       ___rgcode_page_info        10041be0     LIBCMT:mbctype.obj
 0003:00001330       __ctype_loc_style          10042330     LIBCMT:wsetloca.obj
 0003:00001350       __locktable                10042350     LIBCMT:mlock.obj
 0003:000014b0       ?_names@?1??_get_fname@@9@9 100424b0     LIBCMT:fpexcept.obj
 0003:00001598       _over                      10042598     LIBCMT:fpctrl.obj
 0003:000015a4       _under                     100425a4     LIBCMT:fpctrl.obj
 0003:000015b0       ?__DAZ_ENABLED@?1??__set_fpsr_sse2@@9@9 100425b0     LIBCMT:fpctrl.obj
 0003:0000161c       _DoubleFormat              1004261c     LIBCMT:intrncvt.obj
 0003:00001634       _FloatFormat               10042634     LIBCMT:intrncvt.obj
 0003:00001a48       _Name                      10042a48     * CIL library *:* CIL module *
 0003:00001ad8       _Name                      10042ad8     * CIL library *:* CIL module *
 0003:00001b68       _Name                      10042b68     * CIL library *:* CIL module *
 0003:00001bf8       _Name                      10042bf8     * CIL library *:* CIL module *
 0003:00001c88       _Name                      10042c88     * CIL library *:* CIL module *
 0003:00001d18       _Name                      10042d18     * CIL library *:* CIL module *
 0003:00002740       _NAME_                     10043740     LIBCMT:sqrt.obj
 0003:00002b61       _s_b3DNowEnabled           10043b61     mathlib:mathlib_base.obj
 0003:00002b62       _s_bMMXEnabled             10043b62     mathlib:mathlib_base.obj
 0003:00002b63       _s_bSSEEnabled             10043b63     mathlib:mathlib_base.obj
 0003:00002b64       _s_bSSE2Enabled            10043b64     mathlib:mathlib_base.obj
 0003:00002b68       _vec2_origin               10043b68     mathlib:mathlib_base.obj
 0003:00002b88       _texturetolinear           10043b88     mathlib:color_conversion.obj
 0003:00003f88       _g_Mathlib_LinearToGamma   10044f88     mathlib:color_conversion.obj
 0003:00004388       _lineartotexture           10045388     mathlib:color_conversion.obj
 0003:00005388       _lineartoscreen            10046388     mathlib:color_conversion.obj
 0003:00006388       _g_Mathlib_GammaToLinear   10047388     mathlib:color_conversion.obj
 0003:0000a788       _texgammatable             1004b788     mathlib:color_conversion.obj
 0003:0000a888       _vec2_origin               1004b888     mathlib:color_conversion.obj
 0003:0000a890       _vec2_origin               1004b890     mathlib:sse.obj
 0003:0000a898       _vec2_origin               1004b898     mathlib:3dnow.obj
 0003:0000a8a8       _vec2_origin               1004b8a8     tier1:utlbuffer.obj
 0003:0000bbd0       _vec2_origin               1004cbd0     tier1:strtools.obj
 0003:0000bbd8       ___proc_attached           1004cbd8     LIBCMT:dllcrt0.obj
 0003:0000bbe8       _GS_ExceptionRecord        1004cbe8     LIBCMT:gs_report.obj
 0003:0000bc38       _GS_ContextRecord          1004cc38     LIBCMT:gs_report.obj
 0003:0000bf04       _DebuggerWasPresent        1004cf04     LIBCMT:gs_report.obj
 0003:0000bf58       ?outmsg@?8??_NMSG_WRITE@@9@9 1004cf58     LIBCMT:crt0msg.obj
 0003:0000c584       ___type_info_root_node     1004d584     LIBCMT:typname.obj
 0003:0000c698       ?_pgmname@?1??_setargv@@9@9 1004d698     LIBCMT:stdargv.obj
 0003:0000c7a0       __pmatherr_set             1004d7a0     LIBCMT:libm_error.obj
 0003:0000c7bc       _fSystemSet                1004d7bc     LIBCMT:mbctype.obj
 0003:0000c7c4       ___enable_percent_n        1004d7c4     LIBCMT:printf.obj
 0003:0000c7d0       _lclcritsects              1004d7d0     LIBCMT:mlock.obj
 0003:0000c924       _g_pfnRtlGenRandom         1004d924     LIBCMT:rand_s.obj
 0003:0000c928       _ctrlc_action              1004d928     LIBCMT:winsig.obj
 0003:0000c92c       _ctrlbreak_action          1004d92c     LIBCMT:winsig.obj
 0003:0000c930       _abort_action              1004d930     LIBCMT:winsig.obj
 0003:0000c934       _term_action               1004d934     LIBCMT:winsig.obj
 0003:0000c938       _ConsoleCtrlHandler_Installed 1004d938     LIBCMT:winsig.obj
 0003:0000c948       ?pfnMessageBox@?1??__crtMessageBoxW@@9@9 1004d948     LIBCMT:crtmboxw.obj
 0003:0000c94c       ?pfnGetActiveWindow@?1??__crtMessageBoxW@@9@9 1004d94c     LIBCMT:crtmboxw.obj
 0003:0000c950       ?pfnGetLastActivePopup@?1??__crtMessageBoxW@@9@9 1004d950     LIBCMT:crtmboxw.obj
 0003:0000c954       ?pfnGetProcessWindowStation@?1??__crtMessageBoxW@@9@9 1004d954     LIBCMT:crtmboxw.obj
 0003:0000c958       ?pfnGetUserObjectInformation@?1??__crtMessageBoxW@@9@9 1004d958     LIBCMT:crtmboxw.obj
 0003:0000c95c       ___crtCallProc             1004d95c     LIBCMT:winapinls.obj
 0003:0000c988       _heap                      1004d988     LIBCMT:undname.obj
 0003:0000c9b0       __Tuple_alloc              1004d9b0     libcpmt:xthrow.obj
 0003:0000c9b1       _ignore                    1004d9b1     libcpmt:xthrow.obj
 0003:0000c9b2       _allocator_arg             1004d9b2     libcpmt:xthrow.obj
 0003:0000c9b3       _piecewise_construct       1004d9b3     libcpmt:xthrow.obj
 0003:0000c9b4       _allocator_arg             1004d9b4     libcpmt:syserror.obj
 0003:0000c9b5       _piecewise_construct       1004d9b5     libcpmt:syserror.obj
 0003:0000c9c0       __8                        1004d9c0     libboost_thread-vc110-mt-s-1_52:thread.obj
 0003:0000c9c1       __1                        1004d9c1     libboost_thread-vc110-mt-s-1_52:thread.obj
 0003:0000c9c2       __Tuple_alloc              1004d9c2     libboost_thread-vc110-mt-s-1_52:thread.obj
 0003:0000c9c3       __5                        1004d9c3     libboost_thread-vc110-mt-s-1_52:thread.obj
 0003:0000c9c4       __9                        1004d9c4     libboost_thread-vc110-mt-s-1_52:thread.obj
 0003:0000c9c5       __4                        1004d9c5     libboost_thread-vc110-mt-s-1_52:thread.obj
 0003:0000c9c6       __2                        1004d9c6     libboost_thread-vc110-mt-s-1_52:thread.obj
 0003:0000c9c7       __7                        1004d9c7     libboost_thread-vc110-mt-s-1_52:thread.obj
 0003:0000c9c8       _ignore                    1004d9c8     libboost_thread-vc110-mt-s-1_52:thread.obj
 0003:0000c9c9       __3                        1004d9c9     libboost_thread-vc110-mt-s-1_52:thread.obj
 0003:0000c9ca       _allocator_arg             1004d9ca     libboost_thread-vc110-mt-s-1_52:thread.obj
 0003:0000c9cb       _piecewise_construct       1004d9cb     libboost_thread-vc110-mt-s-1_52:thread.obj
 0003:0000c9cc       __6                        1004d9cc     libboost_thread-vc110-mt-s-1_52:thread.obj
 0003:0000c9cd       _piecewise_construct       1004d9cd     libboost_thread-vc110-mt-s-1_52:tss_pe.obj
 0003:0000c9d0       __Tuple_alloc              1004d9d0     libboost_system-vc110-mt-s-1_52:error_code.obj
 0003:0000c9d1       _ignore                    1004d9d1     libboost_system-vc110-mt-s-1_52:error_code.obj
 0003:0000c9d2       _allocator_arg             1004d9d2     libboost_system-vc110-mt-s-1_52:error_code.obj
 0003:0000c9d3       _piecewise_construct       1004d9d3     libboost_system-vc110-mt-s-1_52:error_code.obj
 0003:0000c9d4       _errno_ecat                1004d9d4     libboost_system-vc110-mt-s-1_52:error_code.obj
 0003:0000c9e0       _native_ecat               1004d9e0     libboost_system-vc110-mt-s-1_52:error_code.obj
 0003:0000c9e4       _posix_category            1004d9e4     libboost_system-vc110-mt-s-1_52:error_code.obj
 0003:0000c9e8       ?unknown_err@?1??message@generic_error_category@?A0xe218785f@@UBE?AV?$basic_string@DU?$char_traits@D@std@@V?$allocator@D@2@@std@@H@Z@4V45@A 1004d9e8     libboost_system-vc110-mt-s-1_52:error_code.obj
 0003:0000ca00       ?$S1@?1??message@generic_error_category@?A0xe218785f@@UBE?AV?$basic_string@DU?$char_traits@D@std@@V?$allocator@D@2@@std@@H@Z@4IA 1004da00     libboost_system-vc110-mt-s-1_52:error_code.obj
 0003:0000ca04       ?system_category_const@?1??system_category@system@boost@@YAABVerror_category@23@XZ@4Vsystem_error_category@?A0xe218785f@@B 1004da04     libboost_system-vc110-mt-s-1_52:error_code.obj
 0003:0000ca08       ?$S2@?1??system_category@system@boost@@YAABVerror_category@23@XZ@4IA 1004da08     libboost_system-vc110-mt-s-1_52:error_code.obj
 0003:0000ca0c       ?generic_category_const@?1??generic_category@system@boost@@YAABVerror_category@23@XZ@4Vgeneric_error_category@?A0xe218785f@@B 1004da0c     libboost_system-vc110-mt-s-1_52:error_code.obj
 0003:0000ca10       ?$S3@?1??generic_category@system@boost@@YAABVerror_category@23@XZ@4IA 1004da10     libboost_system-vc110-mt-s-1_52:error_code.obj
 0003:0000ca14       ?s_roinit@?1??_initMTAoncurrentthread@@9@9 1004da14     LIBCMT:threadex.obj
 0003:0000ca18       ?s_initialized@?1??_initMTAoncurrentthread@@9@9 1004da18     LIBCMT:threadex.obj
 0003:0000ca1c       ?s_rouninit@?1??_uninitMTAoncurrentthread@@9@9 1004da1c     LIBCMT:threadex.obj
 0003:0000ca20       ?s_initialized@?1??_uninitMTAoncurrentthread@@9@9 1004da20     LIBCMT:threadex.obj
 0003:0000ca38       _vec2_origin               1004da38     * CIL library *:* CIL module *
 0003:0000ca40       _vec2_invalid              1004da40     * CIL library *:* CIL module *
 0003:0000ca48       _allocator_arg             1004da48     * CIL library *:* CIL module *
 0003:0000ca49       _piecewise_construct       1004da49     * CIL library *:* CIL module *
 0003:0000ca4a       _allocator_arg             1004da4a     * CIL library *:* CIL module *
 0003:0000ca4b       _piecewise_construct       1004da4b     * CIL library *:* CIL module *
 0003:0000ca4c       _vec2_origin               1004da4c     * CIL library *:* CIL module *
 0003:0000ca54       _vec2_invalid              1004da54     * CIL library *:* CIL module *
 0003:0000ca60       _vec2_origin               1004da60     * CIL library *:* CIL module *
 0003:0000ca68       _vec2_invalid              1004da68     * CIL library *:* CIL module *
 0003:0000ca70       __Tuple_alloc              1004da70     * CIL library *:* CIL module *
 0003:0000ca71       _ignore                    1004da71     * CIL library *:* CIL module *
 0003:0000ca72       _allocator_arg             1004da72     * CIL library *:* CIL module *
 0003:0000ca73       __9                        1004da73     * CIL library *:* CIL module *
 0003:0000ca74       _vec4_origin               1004da74     * CIL library *:* CIL module *
 0003:0000ca84       _errno_ecat                1004da84     * CIL library *:* CIL module *
 0003:0000ca90       _vec2_origin               1004da90     * CIL library *:* CIL module *
 0003:0000ca98       __2                        1004da98     * CIL library *:* CIL module *
 0003:0000ca99       __7                        1004da99     * CIL library *:* CIL module *
 0003:0000ca9a       __5                        1004da9a     * CIL library *:* CIL module *
 0003:0000ca9b       __8                        1004da9b     * CIL library *:* CIL module *
 0003:0000ca9c       __1                        1004da9c     * CIL library *:* CIL module *
 0003:0000ca9d       __4                        1004da9d     * CIL library *:* CIL module *
 0003:0000ca9e       __3                        1004da9e     * CIL library *:* CIL module *
 0003:0000ca9f       _piecewise_construct       1004da9f     * CIL library *:* CIL module *
 0003:0000caa0       _vector_origin             1004daa0     * CIL library *:* CIL module *
 0003:0000caac       _native_ecat               1004daac     * CIL library *:* CIL module *
 0003:0000cab0       _vec4_invalid              1004dab0     * CIL library *:* CIL module *
 0003:0000cac0       _vec2_invalid              1004dac0     * CIL library *:* CIL module *
 0003:0000cac8       __6                        1004dac8     * CIL library *:* CIL module *
 0003:0000cac9       __Tuple_alloc              1004dac9     * CIL library *:* CIL module *
 0003:0000caca       _ignore                    1004daca     * CIL library *:* CIL module *
 0003:0000cacb       _allocator_arg             1004dacb     * CIL library *:* CIL module *
 0003:0000cae8       _posix_category            1004dae8     * CIL library *:* CIL module *
 0003:0000caec       _vec4_origin               1004daec     * CIL library *:* CIL module *
 0003:0000cafc       _errno_ecat                1004dafc     * CIL library *:* CIL module *
 0003:0000cb00       __9                        1004db00     * CIL library *:* CIL module *
 0003:0000cb01       __2                        1004db01     * CIL library *:* CIL module *
 0003:0000cb02       __7                        1004db02     * CIL library *:* CIL module *
 0003:0000cb03       __5                        1004db03     * CIL library *:* CIL module *
 0003:0000cb04       __8                        1004db04     * CIL library *:* CIL module *
 0003:0000cb05       __1                        1004db05     * CIL library *:* CIL module *
 0003:0000cb06       __4                        1004db06     * CIL library *:* CIL module *
 0003:0000cb07       __3                        1004db07     * CIL library *:* CIL module *
 0003:0000cb08       _vec2_origin               1004db08     * CIL library *:* CIL module *
 0003:0000cb10       _vector_origin             1004db10     * CIL library *:* CIL module *
 0003:0000cb1c       _native_ecat               1004db1c     * CIL library *:* CIL module *
 0003:0000cb20       _vec4_invalid              1004db20     * CIL library *:* CIL module *
 0003:0000cb30       _piecewise_construct       1004db30     * CIL library *:* CIL module *
 0003:0000cb31       __6                        1004db31     * CIL library *:* CIL module *
 0003:0000cb32       __Tuple_alloc              1004db32     * CIL library *:* CIL module *
 0003:0000cb33       _ignore                    1004db33     * CIL library *:* CIL module *
 0003:0000cb34       _vec2_invalid              1004db34     * CIL library *:* CIL module *
 0003:0000cb3c       _posix_category            1004db3c     * CIL library *:* CIL module *
 0003:0000cb40       _errno_ecat                1004db40     * CIL library *:* CIL module *
 0003:0000cb44       _allocator_arg             1004db44     * CIL library *:* CIL module *
 0003:0000cb45       _piecewise_construct       1004db45     * CIL library *:* CIL module *
 0003:0000cb46       __9                        1004db46     * CIL library *:* CIL module *
 0003:0000cb47       __2                        1004db47     * CIL library *:* CIL module *
 0003:0000cb48       _vec2_origin               1004db48     * CIL library *:* CIL module *
 0003:0000cb50       _native_ecat               1004db50     * CIL library *:* CIL module *
 0003:0000cb54       _vec2_invalid              1004db54     * CIL library *:* CIL module *
 0003:0000cb5c       __7                        1004db5c     * CIL library *:* CIL module *
 0003:0000cb5d       __5                        1004db5d     * CIL library *:* CIL module *
 0003:0000cb5e       __8                        1004db5e     * CIL library *:* CIL module *
 0003:0000cb5f       __1                        1004db5f     * CIL library *:* CIL module *
 0003:0000cb60       __4                        1004db60     * CIL library *:* CIL module *
 0003:0000cb61       __3                        1004db61     * CIL library *:* CIL module *
 0003:0000cb62       __6                        1004db62     * CIL library *:* CIL module *
 0003:0000cb64       _posix_category            1004db64     * CIL library *:* CIL module *
 0005:00000060       $R000000                   10050060     * linker generated manifest res *
