 gmsv_navigation_win32

 Timestamp is 50ea281f (Sun Jan 06 20:42:55 2013)

 Preferred load address is 10000000

 Start         Length     Name                   Class
 0001:00000000 0002a68aH .text                   CODE
 0001:0002a690 00000d37H .text$x                 CODE
 0001:0002b3d0 0000098aH .text$yc                CODE
 0001:0002bd60 000000b8H .text$yd                CODE
 0002:00000000 00000180H .idata$5                DATA
 0002:00000180 00000004H .CRT$XCA                DATA
 0002:00000184 0000015cH .CRT$XCU                DATA
 0002:000002e0 00000004H .CRT$XCZ                DATA
 0002:000002e4 00000004H .CRT$XIA                DATA
 0002:000002e8 00000014H .CRT$XIC                DATA
 0002:000002fc 00000004H .CRT$XIU                DATA
 0002:00000300 00000004H .CRT$XIZ                DATA
 0002:00000304 00000004H .CRT$XLA                DATA
 0002:00000308 00000004H .CRT$XLC                DATA
 0002:0000030c 00000004H .CRT$XLZ                DATA
 0002:00000310 00000004H .CRT$XPA                DATA
 0002:00000314 00000008H .CRT$XPX                DATA
 0002:0000031c 00000004H .CRT$XPXA               DATA
 0002:00000320 00000004H .CRT$XPZ                DATA
 0002:00000324 00000004H .CRT$XTA                DATA
 0002:00000328 00000004H .CRT$XTU                DATA
 0002:0000032c 00000004H .CRT$XTZ                DATA
 0002:00000330 0000d888H .rdata                  DATA
 0002:0000dbb8 00000018H .rdata$T                DATA
 0002:0000dbd0 0000008cH .rdata$debug            DATA
 0002:0000dc5c 00000f59H .rdata$r                DATA
 0002:0000ebc0 00000148H .rdata$sxdata           DATA
 0002:0000ed08 00000004H .rtc$IAA                DATA
 0002:0000ed0c 00000004H .rtc$IZZ                DATA
 0002:0000ed10 00000004H .rtc$TAA                DATA
 0002:0000ed14 00000004H .rtc$TZZ                DATA
 0002:0000ed18 00001b08H .xdata$x                DATA
 0002:00010820 00000028H .idata$2                DATA
 0002:00010848 00000014H .idata$3                DATA
 0002:0001085c 00000180H .idata$4                DATA
 0002:000109dc 000006eaH .idata$6                DATA
 0002:000110d0 00000089H .edata                  DATA
 0003:00000000 00002678H .data                   DATA
 0003:00002680 0000a198H .bss                    DATA
 0004:00000000 00000001H .tls                    DATA
 0004:00000001 00000001H .tls$ZZZ                DATA
 0005:00000000 00000058H .rsrc$01                DATA
 0005:00000060 00000180H .rsrc$02                DATA

  Address         Publics by Value              Rva+Base       Lib:Object

 0000:00000000       __except_list              00000000     <absolute>
 0000:00000052       ___safe_se_handler_count   00000052     <absolute>
 0000:00000000       ___ImageBase               10000000     <linker-defined>
 0001:00000000       ??2@YAPAXIPAX@Z            10001000 f i ILuaInterface.obj
 0001:00000008       ?UtlMemory_CalcNewAllocationCount@@YAHHHHH@Z 10001008 f i ILuaInterface.obj
 0001:0000004d       ??0Vector2D@@QAE@MM@Z      1000104d f i ILuaInterface.obj
 0001:00000074       ??_H@YGXPAXIHP6EPAX0@Z@Z   10001074 f i ILuaInterface.obj
 0001:00000095       ?V_memmove@@YAXPAXPBXH@Z   10001095 f i ILuaInterface.obj
 0001:000000ab       ??0ILuaInterface@@QAE@PAUlua_State@@@Z 100010ab f   ILuaInterface.obj
 0001:00000250       ??1ILuaInterface@@QAE@XZ   10001250 f   ILuaInterface.obj
 0001:00000285       ?GetNewTable@ILuaInterface@@QAEPAVILuaObject@@XZ 10001285 f   ILuaInterface.obj
 0001:00000310       ?NewTable@ILuaInterface@@QAEXXZ 10001310 f   ILuaInterface.obj
 0001:0000032a       ?PushUserData@ILuaInterface@@QAEXPAVILuaObject@@PAXE@Z 1000132a f   ILuaInterface.obj
 0001:000003d3       ?Error@ILuaInterface@@QAAXPBDZZ 100013d3 f   ILuaInterface.obj
 0001:00000432       ?LuaError@ILuaInterface@@QAEXPBDH@Z 10001432 f   ILuaInterface.obj
 0001:00000454       ?GetGlobal@ILuaInterface@@QAEPAVILuaObject@@PBD@Z 10001454 f   ILuaInterface.obj
 0001:0000051e       ?SetGlobal@ILuaInterface@@QAEXPBDPAVILuaObject@@@Z 1000151e f   ILuaInterface.obj
 0001:00000583       ?GetObject@ILuaInterface@@QAEPAVILuaObject@@H@Z 10001583 f   ILuaInterface.obj
 0001:00000622       ?GetString@ILuaInterface@@QAEPBDHPAI@Z 10001622 f   ILuaInterface.obj
 0001:00000644       ?GetInteger@ILuaInterface@@QAEHH@Z 10001644 f   ILuaInterface.obj
 0001:00000668       ?GetNumber@ILuaInterface@@QAENH@Z 10001668 f   ILuaInterface.obj
 0001:00000687       ?GetBool@ILuaInterface@@QAE_NH@Z 10001687 f   ILuaInterface.obj
 0001:000006a6       ?GetUserData@ILuaInterface@@QAEPAXH@Z 100016a6 f   ILuaInterface.obj
 0001:000006ce       ?Pop@ILuaInterface@@QAEXH@Z 100016ce f   ILuaInterface.obj
 0001:000006ed       ?Push@ILuaInterface@@QAEXPAVILuaObject@@@Z 100016ed f   ILuaInterface.obj
 0001:00000700       ?Push@ILuaInterface@@QAEXPBDI@Z 10001700 f   ILuaInterface.obj
 0001:00000722       ?Push@ILuaInterface@@QAEX_N@Z 10001722 f   ILuaInterface.obj
 0001:00000741       ?Push@ILuaInterface@@QAEXP6AHPAUlua_State@@@Z@Z 10001741 f   ILuaInterface.obj
 0001:00000763       ?Push@ILuaInterface@@QAEXM@Z 10001763 f   ILuaInterface.obj
 0001:0000078b       ?CheckType@ILuaInterface@@QAEXHH@Z 1000178b f   ILuaInterface.obj
 0001:000007ad       ?GetType@ILuaInterface@@QAEHH@Z 100017ad f   ILuaInterface.obj
 0001:000007cf       ?GetReturn@ILuaInterface@@QAEPAVILuaObject@@H@Z 100017cf f   ILuaInterface.obj
 0001:000007e5       ?Call@ILuaInterface@@QAEXHH@Z 100017e5 f   ILuaInterface.obj
 0001:00000807       ?GetMetaTable@ILuaInterface@@QAEPAVILuaObject@@PBDH@Z 10001807 f   ILuaInterface.obj
 0001:000008a6       ??$vsprintf_s@$0EAA@@@YAHAAY0EAA@DPBDPAD@Z 100018a6 f i ILuaInterface.obj
 0001:000008c1       ??$Destruct@UAirSeedSpot@@@@YAXPAUAirSeedSpot@@@Z 100018c1 f i nav.obj
 0001:000008c1       ??3@YAXPAX0@Z              100018c1 f i ILuaModuleManager.obj
 0001:000008c1       ??$Destruct@PAVNode@@@@YAXPAPAVNode@@@Z 100018c1 f i main.obj
 0001:000008c1       ?throw_exception_assert_compatibility@boost@@YAXABVexception@std@@@Z 100018c1 f i main.obj
 0001:000008c1       ??$unused_var@W4dst_flags@date_time@boost@@@?$counted_time_system@U?$counted_time_rep@Vmillisec_posix_time_system_config@posix_time@boost@@@date_time@boost@@@date_time@boost@@SAXABW4dst_flags@12@@Z 100018c1 f i main.obj
 0001:000008c1       ??$Destruct@UGroundSeedSpot@@@@YAXPAUGroundSeedSpot@@@Z 100018c1 f i nav.obj
 0001:000008c1       ??$Destruct@PAUJobInfo_t@@@@YAXPAPAUJobInfo_t@@@Z 100018c1 f i main.obj
 0001:000008c6       ??$destroy@PAD@?$allocator@D@std@@QAEXPAPAD@Z 100018c6 f i ILuaObject.obj
 0001:000008c6       ??$destroy@U?$pair@PAVcondition_variable@boost@@PAVmutex@2@@std@@@?$allocator@U?$pair@PAVcondition_variable@boost@@PAVmutex@2@@std@@@std@@QAEXPAU?$pair@PAVcondition_variable@boost@@PAVmutex@2@@1@@Z 100018c6 f i nav.obj
 0001:000008c6       ?_Adopt@_Iterator_base0@std@@QAEXPBX@Z 100018c6 f i ILuaModuleManager.obj
 0001:000008c6       ??$destroy@U?$pair@QAUlua_State@@PAVILuaInterface@@@std@@@?$allocator@U?$_Tree_node@U?$pair@QAUlua_State@@PAVILuaInterface@@@std@@PAX@std@@@std@@QAEXPAU?$pair@QAUlua_State@@PAVILuaInterface@@@1@@Z 100018c6 f i ILuaModuleManager.obj
 0001:000008c6       ??$destroy@PAU?$_Tree_node@U?$pair@QAUlua_State@@PAVILuaInterface@@@std@@PAX@std@@@?$allocator@U?$_Tree_node@U?$pair@QAUlua_State@@PAVILuaInterface@@@std@@PAX@std@@@std@@QAEXPAPAU?$_Tree_node@U?$pair@QAUlua_State@@PAVILuaInterface@@@std@@PAX@1@@Z 100018c6 f i ILuaModuleManager.obj
 0001:000008c6       ??$destroy@PAU?$_Tree_node@U?$pair@QBXUtss_data_node@detail@boost@@@std@@PAX@std@@@?$allocator@U?$_Tree_node@U?$pair@QBXUtss_data_node@detail@boost@@@std@@PAX@std@@@std@@QAEXPAPAU?$_Tree_node@U?$pair@QBXUtss_data_node@detail@boost@@@std@@PAX@1@@Z 100018c6 f i nav.obj
 0001:000008d1       ?CreateInterface@ILuaModuleManager@@QAEXPAUlua_State@@@Z 100018d1 f   ILuaModuleManager.obj
 0001:0000094c       ?DestroyInterface@ILuaModuleManager@@QAEXPAUlua_State@@@Z 1000194c f   ILuaModuleManager.obj
 0001:00000998       ??_GILuaInterface@@QAEPAXI@Z 10001998 f i ILuaModuleManager.obj
 0001:000009bf       ?GetLuaInterface@ILuaModuleManager@@QAEPAVILuaInterface@@PAUlua_State@@@Z 100019bf f   ILuaModuleManager.obj
 0001:000009d8       ??0ILuaModuleManager@@QAE@XZ 100019d8 f i ILuaModuleManager.obj
 0001:000009ec       ??0?$map@PAUlua_State@@PAVILuaInterface@@U?$less@PAUlua_State@@@std@@V?$allocator@U?$pair@QAUlua_State@@PAVILuaInterface@@@std@@@4@@std@@QAE@XZ 100019ec f i ILuaModuleManager.obj
 0001:00000a0e       ??A?$map@PAUlua_State@@PAVILuaInterface@@U?$less@PAUlua_State@@@std@@V?$allocator@U?$pair@QAUlua_State@@PAVILuaInterface@@@std@@@4@@std@@QAEAAPAVILuaInterface@@ABQAUlua_State@@@Z 10001a0e f i ILuaModuleManager.obj
 0001:00000ab0       ?erase@?$_Tree@V?$_Tmap_traits@PAUlua_State@@PAVILuaInterface@@U?$less@PAUlua_State@@@std@@V?$allocator@U?$pair@QAUlua_State@@PAVILuaInterface@@@std@@@4@$0A@@std@@@std@@QAEIABQAUlua_State@@@Z 10001ab0 f i ILuaModuleManager.obj
 0001:00000b0e       ??0?$_Tree@V?$_Tmap_traits@PAUlua_State@@PAVILuaInterface@@U?$less@PAUlua_State@@@std@@V?$allocator@U?$pair@QAUlua_State@@PAVILuaInterface@@@std@@@4@$0A@@std@@@std@@QAE@ABU?$less@PAUlua_State@@@1@ABV?$allocator@U?$pair@QAUlua_State@@PAVILuaInterface@@@std@@@1@@Z 10001b0e f i ILuaModuleManager.obj
 0001:00000b2a       ?end@?$_Tree@V?$_Tmap_traits@PBXUtss_data_node@detail@boost@@U?$less@PBX@std@@V?$allocator@U?$pair@QBXUtss_data_node@detail@boost@@@std@@@5@$0A@@std@@@std@@QAE?AV?$_Tree_iterator@V?$_Tree_val@U?$_Tree_simple_types@U?$pair@QBXUtss_data_node@detail@boost@@@std@@@std@@@std@@@2@XZ 10001b2a f i nav.obj
 0001:00000b2a       ?end@?$_Tree@V?$_Tmap_traits@PAUlua_State@@PAVILuaInterface@@U?$less@PAUlua_State@@@std@@V?$allocator@U?$pair@QAUlua_State@@PAVILuaInterface@@@std@@@4@$0A@@std@@@std@@QAE?AV?$_Tree_iterator@V?$_Tree_val@U?$_Tree_simple_types@U?$pair@QAUlua_State@@PAVILuaInterface@@@std@@@std@@@std@@@2@XZ 10001b2a f i ILuaModuleManager.obj
 0001:00000b48       ?erase@?$_Tree@V?$_Tmap_traits@PAUlua_State@@PAVILuaInterface@@U?$less@PAUlua_State@@@std@@V?$allocator@U?$pair@QAUlua_State@@PAVILuaInterface@@@std@@@4@$0A@@std@@@std@@QAE?AV?$_Tree_iterator@V?$_Tree_val@U?$_Tree_simple_types@U?$pair@QAUlua_State@@PAVILuaInterface@@@std@@@std@@@std@@@2@V?$_Tree_const_iterator@V?$_Tree_val@U?$_Tree_simple_types@U?$pair@QAUlua_State@@PAVILuaInterface@@@std@@@std@@@std@@@2@0@Z 10001b48 f i ILuaModuleManager.obj
 0001:00000be9       ?lower_bound@?$_Tree@V?$_Tmap_traits@PAUlua_State@@PAVILuaInterface@@U?$less@PAUlua_State@@@std@@V?$allocator@U?$pair@QAUlua_State@@PAVILuaInterface@@@std@@@4@$0A@@std@@@std@@QAE?AV?$_Tree_iterator@V?$_Tree_val@U?$_Tree_simple_types@U?$pair@QAUlua_State@@PAVILuaInterface@@@std@@@std@@@std@@@2@ABQAUlua_State@@@Z 10001be9 f i ILuaModuleManager.obj
 0001:00000c0e       ?equal_range@?$_Tree@V?$_Tmap_traits@PAUlua_State@@PAVILuaInterface@@U?$less@PAUlua_State@@@std@@V?$allocator@U?$pair@QAUlua_State@@PAVILuaInterface@@@std@@@4@$0A@@std@@@std@@QAE?AU?$pair@V?$_Tree_iterator@V?$_Tree_val@U?$_Tree_simple_types@U?$pair@QAUlua_State@@PAVILuaInterface@@@std@@@std@@@std@@@std@@V12@@2@ABQAUlua_State@@@Z 10001c0e f i ILuaModuleManager.obj
 0001:00000c38       ?_Key@?$_Tree@V?$_Tmap_traits@PAUlua_State@@PAVILuaInterface@@U?$less@PAUlua_State@@@std@@V?$allocator@U?$pair@QAUlua_State@@PAVILuaInterface@@@std@@@4@$0A@@std@@@std@@IBEABQAUlua_State@@PAU?$_Tree_node@U?$pair@QAUlua_State@@PAVILuaInterface@@@std@@PAX@2@@Z 10001c38 f i ILuaModuleManager.obj
 0001:00000c55       ??R?$less@PAUlua_State@@@std@@QBE_NABQAUlua_State@@0@Z 10001c55 f i ILuaModuleManager.obj
 0001:00000c7d       ?_Getcomp@?$_Tree_comp@$0A@V?$_Tmap_traits@PAUlua_State@@PAVILuaInterface@@U?$less@PAUlua_State@@@std@@V?$allocator@U?$pair@QAUlua_State@@PAVILuaInterface@@@std@@@4@$0A@@std@@@std@@QBE?AU?$less@PAUlua_State@@@2@XZ 10001c7d f i ILuaModuleManager.obj
 0001:00000c8b       ??0?$arg@$08@boost@@QAE@XZ 10001c8b f i main.obj
 0001:00000c8b       ??0?$arg@$04@boost@@QAE@XZ 10001c8b f i main.obj
 0001:00000c8b       ??0?$arg@$02@boost@@QAE@XZ 10001c8b f i main.obj
 0001:00000c8b       ??0?$arg@$07@boost@@QAE@XZ 10001c8b f i main.obj
 0001:00000c8b       ?get@?$value@PAUJobInfo_t@@@_bi@boost@@QAEAAPAUJobInfo_t@@XZ 10001c8b f i nav.obj
 0001:00000c8b       ??0?$allocator@D@std@@QAE@XZ 10001c8b f i ILuaObject.obj
 0001:00000c8b       ??0?$arg@$06@boost@@QAE@XZ 10001c8b f i main.obj
 0001:00000c8b       ??0?$arg@$01@boost@@QAE@XZ 10001c8b f i main.obj
 0001:00000c8b       ??0?$allocator@U?$_Tree_node@U?$pair@QBXUtss_data_node@detail@boost@@@std@@PAX@std@@@std@@QAE@XZ 10001c8b f i nav.obj
 0001:00000c8b       ?get@?$value@PAVNode@@@_bi@boost@@QAEAAPAVNode@@XZ 10001c8b f i nav.obj
 0001:00000c8b       ??0?$arg@$00@boost@@QAE@XZ 10001c8b f i main.obj
 0001:00000c8b       ?get@?$value@PA_N@_bi@boost@@QAEAAPA_NXZ 10001c8b f i nav.obj
 0001:00000c8b       ??0?$allocator@U?$_Tree_node@U?$pair@QAUlua_State@@PAVILuaInterface@@@std@@PAX@std@@@std@@QAE@XZ 10001c8b f i ILuaModuleManager.obj
 0001:00000c8b       ??0?$allocator@U?$pair@QBXUtss_data_node@detail@boost@@@std@@@std@@QAE@XZ 10001c8b f i nav.obj
 0001:00000c8b       ?get@?$value@PAVNav@@@_bi@boost@@QAEAAPAVNav@@XZ 10001c8b f i nav.obj
 0001:00000c8b       ??0?$arg@$03@boost@@QAE@XZ 10001c8b f i main.obj
 0001:00000c8b       ??0?$arg@$05@boost@@QAE@XZ 10001c8b f i main.obj
 0001:00000c8b       ??0_Ignore@std@@QAE@XZ     10001c8b f i main.obj
 0001:00000c8b       ??0Vector@@QAE@XZ          10001c8b f i main.obj
 0001:00000c8b       ??0?$allocator@U?$pair@PAVcondition_variable@boost@@PAVmutex@2@@std@@@std@@QAE@XZ 10001c8b f i nav.obj
 0001:00000c8b       ??0?$allocator@U?$pair@QAUlua_State@@PAVILuaInterface@@@std@@@std@@QAE@XZ 10001c8b f i ILuaModuleManager.obj
 0001:00000c8b       ??0list0@_bi@boost@@QAE@XZ 10001c8b f i nav.obj
 0001:00000c8b       ?GetPosition@Node@@QAEPBVVector@@XZ 10001c8b f i node.obj
 0001:00000c97       ??8?$_Tree_const_iterator@V?$_Tree_val@U?$_Tree_simple_types@U?$pair@QAUlua_State@@PAVILuaInterface@@@std@@@std@@@std@@@std@@QBE_NABV01@@Z 10001c97 f i ILuaModuleManager.obj
 0001:00000c97       ??8?$_Tree_const_iterator@V?$_Tree_val@U?$_Tree_simple_types@U?$pair@QBXUtss_data_node@detail@boost@@@std@@@std@@@std@@@std@@QBE_NABV01@@Z 10001c97 f i nav.obj
 0001:00000cbf       ?as_number@?$int_adapter@I@date_time@boost@@QBEIXZ 10001cbf f i main.obj
 0001:00000cbf       ?Base@?$CUtlMemory@PAVNode@@H@@QAEPAPAVNode@@XZ 10001cbf f i main.obj
 0001:00000cbf       ?value@error_code@system@boost@@QBEHXZ 10001cbf f i nav.obj
 0001:00000cbf       ?get@?$refcount_ptr@Uerror_info_container@exception_detail@boost@@@exception_detail@boost@@QBEPAUerror_info_container@23@XZ 10001cbf f i main.obj
 0001:00000cbf       ?_Mynode@?$_Tree_unchecked_const_iterator@V?$_Tree_val@U?$_Tree_simple_types@U?$pair@QBXUtss_data_node@detail@boost@@@std@@@std@@@std@@U_Iterator_base0@2@@std@@QBEPAU?$_Tree_node@U?$pair@QBXUtss_data_node@detail@boost@@@std@@PAX@2@XZ 10001cbf f i nav.obj
 0001:00000cbf       ?Base@?$CUtlMemory@PAUJobInfo_t@@H@@QAEPAPAUJobInfo_t@@XZ 10001cbf f i main.obj
 0001:00000cbf       ?Base@?$CUtlMemory@U?$UtlLinkedListElem_t@UAirSeedSpot@@H@@H@@QAEPAU?$UtlLinkedListElem_t@UAirSeedSpot@@H@@XZ 10001cbf f i nav.obj
 0001:00000cbf       ?value@error_condition@std@@QBEHXZ 10001cbf f i ILuaObject.obj
 0001:00000cbf       ?day_number@date@gregorian@boost@@QBEIXZ 10001cbf f i main.obj
 0001:00000cbf       ?value@error_code@std@@QBEHXZ 10001cbf f i ILuaObject.obj
 0001:00000cbf       ?Base@?$CUtlMemory@U?$UtlLinkedListElem_t@UGroundSeedSpot@@H@@H@@QAEPAU?$UtlLinkedListElem_t@UGroundSeedSpot@@H@@XZ 10001cbf f i nav.obj
 0001:00000cbf       ?_Mynode@?$_Tree_unchecked_const_iterator@V?$_Tree_val@U?$_Tree_simple_types@U?$pair@QAUlua_State@@PAVILuaInterface@@@std@@@std@@@std@@U_Iterator_base0@2@@std@@QBEPAU?$_Tree_node@U?$pair@QAUlua_State@@PAVILuaInterface@@@std@@PAX@2@XZ 10001cbf f i ILuaModuleManager.obj
 0001:00000ccd       ??C?$_Tree_iterator@V?$_Tree_val@U?$_Tree_simple_types@U?$pair@QAUlua_State@@PAVILuaInterface@@@std@@@std@@@std@@@std@@QBEPAU?$pair@QAUlua_State@@PAVILuaInterface@@@1@XZ 10001ccd f i ILuaModuleManager.obj
 0001:00000ce5       ?begin@?$_Tree@V?$_Tmap_traits@PBXUtss_data_node@detail@boost@@U?$less@PBX@std@@V?$allocator@U?$pair@QBXUtss_data_node@detail@boost@@@std@@@5@$0A@@std@@@std@@QAE?AV?$_Tree_iterator@V?$_Tree_val@U?$_Tree_simple_types@U?$pair@QBXUtss_data_node@detail@boost@@@std@@@std@@@std@@@2@XZ 10001ce5 f i nav.obj
 0001:00000ce5       ?begin@?$_Tree@V?$_Tmap_traits@PAUlua_State@@PAVILuaInterface@@U?$less@PAUlua_State@@@std@@V?$allocator@U?$pair@QAUlua_State@@PAVILuaInterface@@@std@@@4@$0A@@std@@@std@@QAE?AV?$_Tree_iterator@V?$_Tree_val@U?$_Tree_simple_types@U?$pair@QAUlua_State@@PAVILuaInterface@@@std@@@std@@@std@@@2@XZ 10001ce5 f i ILuaModuleManager.obj
 0001:00000d08       ?erase@?$_Tree@V?$_Tmap_traits@PAUlua_State@@PAVILuaInterface@@U?$less@PAUlua_State@@@std@@V?$allocator@U?$pair@QAUlua_State@@PAVILuaInterface@@@std@@@4@$0A@@std@@@std@@QAE?AV?$_Tree_iterator@V?$_Tree_val@U?$_Tree_simple_types@U?$pair@QAUlua_State@@PAVILuaInterface@@@std@@@std@@@std@@@2@V?$_Tree_const_iterator@V?$_Tree_val@U?$_Tree_simple_types@U?$pair@QAUlua_State@@PAVILuaInterface@@@std@@@std@@@std@@@2@@Z 10001d08 f i ILuaModuleManager.obj
 0001:00001378       ?clear@?$_Tree@V?$_Tmap_traits@PAUlua_State@@PAVILuaInterface@@U?$less@PAUlua_State@@@std@@V?$allocator@U?$pair@QAUlua_State@@PAVILuaInterface@@@std@@@4@$0A@@std@@@std@@QAEXXZ 10002378 f i ILuaModuleManager.obj
 0001:000013c7       ?_Eqrange@?$_Tree@V?$_Tmap_traits@PAUlua_State@@PAVILuaInterface@@U?$less@PAUlua_State@@@std@@V?$allocator@U?$pair@QAUlua_State@@PAVILuaInterface@@@std@@@4@$0A@@std@@@std@@IAE?AU?$pair@V?$_Tree_iterator@V?$_Tree_val@U?$_Tree_simple_types@U?$pair@QAUlua_State@@PAVILuaInterface@@@std@@@std@@@std@@@std@@V12@@2@ABQAUlua_State@@@Z 100023c7 f i ILuaModuleManager.obj
 0001:00001564       ?_Lbound@?$_Tree@V?$_Tmap_traits@PAUlua_State@@PAVILuaInterface@@U?$less@PAUlua_State@@@std@@V?$allocator@U?$pair@QAUlua_State@@PAVILuaInterface@@@std@@@4@$0A@@std@@@std@@IAEPAU?$_Tree_node@U?$pair@QAUlua_State@@PAVILuaInterface@@@std@@PAX@2@ABQAUlua_State@@@Z 10002564 f i ILuaModuleManager.obj
 0001:000015e8       ?_Kfn@?$_Tree@V?$_Tmap_traits@PAUlua_State@@PAVILuaInterface@@U?$less@PAUlua_State@@@std@@V?$allocator@U?$pair@QAUlua_State@@PAVILuaInterface@@@std@@@4@$0A@@std@@@std@@IBEABQAUlua_State@@ABU?$pair@QAUlua_State@@PAVILuaInterface@@@2@@Z 100025e8 f i ILuaModuleManager.obj
 0001:000015fc       ??0?$_Tree_comp@$0A@V?$_Tmap_traits@PAUlua_State@@PAVILuaInterface@@U?$less@PAUlua_State@@@std@@V?$allocator@U?$pair@QAUlua_State@@PAVILuaInterface@@@std@@@4@$0A@@std@@@std@@QAE@ABU?$less@PAUlua_State@@@1@ABV?$allocator@U?$pair@QAUlua_State@@PAVILuaInterface@@@std@@@1@@Z 100025fc f i ILuaModuleManager.obj
 0001:00001615       ?_Myval@?$_Tree_val@U?$_Tree_simple_types@U?$pair@QAUlua_State@@PAVILuaInterface@@@std@@@std@@@std@@SAAAU?$pair@QAUlua_State@@PAVILuaInterface@@@2@PAU?$_Tree_node@U?$pair@QAUlua_State@@PAVILuaInterface@@@std@@PAX@2@@Z 10002615 f i ILuaModuleManager.obj
 0001:00001615       ?_Myval@?$_Tree_val@U?$_Tree_simple_types@U?$pair@QBXUtss_data_node@detail@boost@@@std@@@std@@@std@@SAAAU?$pair@QBXUtss_data_node@detail@boost@@@2@PAU?$_Tree_node@U?$pair@QBXUtss_data_node@detail@boost@@@std@@PAX@2@@Z 10002615 f i nav.obj
 0001:00001620       ??E?$_Tree_const_iterator@V?$_Tree_val@U?$_Tree_simple_types@U?$pair@QBXUtss_data_node@detail@boost@@@std@@@std@@@std@@@std@@QAE?AV01@H@Z 10002620 f i nav.obj
 0001:00001620       ??E?$_Tree_const_iterator@V?$_Tree_val@U?$_Tree_simple_types@U?$pair@QAUlua_State@@PAVILuaInterface@@@std@@@std@@@std@@@std@@QAE?AV01@H@Z 10002620 f i ILuaModuleManager.obj
 0001:00001647       ??9?$_Tree_const_iterator@V?$_Tree_val@U?$_Tree_simple_types@U?$pair@QAUlua_State@@PAVILuaInterface@@@std@@@std@@@std@@@std@@QBE_NABV01@@Z 10002647 f i ILuaModuleManager.obj
 0001:00001647       ??9?$_Tree_const_iterator@V?$_Tree_val@U?$_Tree_simple_types@U?$pair@QBXUtss_data_node@detail@boost@@@std@@@std@@@std@@@std@@QBE_NABV01@@Z 10002647 f i nav.obj
 0001:00001675       ??0?$_Tree_iterator@V?$_Tree_val@U?$_Tree_simple_types@U?$pair@QAUlua_State@@PAVILuaInterface@@@std@@@std@@@std@@@std@@QAE@PAU?$_Tree_node@U?$pair@QAUlua_State@@PAVILuaInterface@@@std@@PAX@1@PBV?$_Tree_val@U?$_Tree_simple_types@U?$pair@QAUlua_State@@PAVILuaInterface@@@std@@@std@@@1@@Z 10002675 f i ILuaModuleManager.obj
 0001:00001675       ??0?$_Tree_iterator@V?$_Tree_val@U?$_Tree_simple_types@U?$pair@QBXUtss_data_node@detail@boost@@@std@@@std@@@std@@@std@@QAE@PAU?$_Tree_node@U?$pair@QBXUtss_data_node@detail@boost@@@std@@PAX@1@PBV?$_Tree_val@U?$_Tree_simple_types@U?$pair@QBXUtss_data_node@detail@boost@@@std@@@std@@@1@@Z 10002675 f i nav.obj
 0001:00001691       ??D?$_Tree_iterator@V?$_Tree_val@U?$_Tree_simple_types@U?$pair@QAUlua_State@@PAVILuaInterface@@@std@@@std@@@std@@@std@@QBEAAU?$pair@QAUlua_State@@PAVILuaInterface@@@1@XZ 10002691 f i ILuaModuleManager.obj
 0001:000016a2       ?pointer_to@?$pointer_traits@PAU?$pair@QAUlua_State@@PAVILuaInterface@@@std@@@std@@SAPAU?$pair@QAUlua_State@@PAVILuaInterface@@@2@AAU32@@Z 100026a2 f i ILuaModuleManager.obj
 0001:000016b0       ?_Erase@?$_Tree@V?$_Tmap_traits@PAUlua_State@@PAVILuaInterface@@U?$less@PAUlua_State@@@std@@V?$allocator@U?$pair@QAUlua_State@@PAVILuaInterface@@@std@@@4@$0A@@std@@@std@@IAEXPAU?$_Tree_node@U?$pair@QAUlua_State@@PAVILuaInterface@@@std@@PAX@2@@Z 100026b0 f i ILuaModuleManager.obj
 0001:0000173a       ?_Lmost@?$_Tree@V?$_Tmap_traits@PAUlua_State@@PAVILuaInterface@@U?$less@PAUlua_State@@@std@@V?$allocator@U?$pair@QAUlua_State@@PAVILuaInterface@@@std@@@4@$0A@@std@@@std@@IBEAAPAU?$_Tree_node@U?$pair@QAUlua_State@@PAVILuaInterface@@@std@@PAX@2@XZ 1000273a f i ILuaModuleManager.obj
 0001:0000173a       ?_Lmost@?$_Tree@V?$_Tmap_traits@PBXUtss_data_node@detail@boost@@U?$less@PBX@std@@V?$allocator@U?$pair@QBXUtss_data_node@detail@boost@@@std@@@5@$0A@@std@@@std@@IBEAAPAU?$_Tree_node@U?$pair@QBXUtss_data_node@detail@boost@@@std@@PAX@2@XZ 1000273a f i nav.obj
 0001:0000174e       ?_Lrotate@?$_Tree@V?$_Tmap_traits@PAUlua_State@@PAVILuaInterface@@U?$less@PAUlua_State@@@std@@V?$allocator@U?$pair@QAUlua_State@@PAVILuaInterface@@@std@@@4@$0A@@std@@@std@@IAEXPAU?$_Tree_node@U?$pair@QAUlua_State@@PAVILuaInterface@@@std@@PAX@2@@Z 1000274e f i ILuaModuleManager.obj
 0001:0000174e       ?_Lrotate@?$_Tree@V?$_Tmap_traits@PBXUtss_data_node@detail@boost@@U?$less@PBX@std@@V?$allocator@U?$pair@QBXUtss_data_node@detail@boost@@@std@@@5@$0A@@std@@@std@@IAEXPAU?$_Tree_node@U?$pair@QBXUtss_data_node@detail@boost@@@std@@PAX@2@@Z 1000274e f i nav.obj
 0001:00001848       ?_Rmost@?$_Tree@V?$_Tmap_traits@PAUlua_State@@PAVILuaInterface@@U?$less@PAUlua_State@@@std@@V?$allocator@U?$pair@QAUlua_State@@PAVILuaInterface@@@std@@@4@$0A@@std@@@std@@IBEAAPAU?$_Tree_node@U?$pair@QAUlua_State@@PAVILuaInterface@@@std@@PAX@2@XZ 10002848 f i ILuaModuleManager.obj
 0001:00001848       ?_Rmost@?$_Tree@V?$_Tmap_traits@PBXUtss_data_node@detail@boost@@U?$less@PBX@std@@V?$allocator@U?$pair@QBXUtss_data_node@detail@boost@@@std@@@5@$0A@@std@@@std@@IBEAAPAU?$_Tree_node@U?$pair@QBXUtss_data_node@detail@boost@@@std@@PAX@2@XZ 10002848 f i nav.obj
 0001:0000185c       ?_Root@?$_Tree@V?$_Tmap_traits@PBXUtss_data_node@detail@boost@@U?$less@PBX@std@@V?$allocator@U?$pair@QBXUtss_data_node@detail@boost@@@std@@@5@$0A@@std@@@std@@IBEAAPAU?$_Tree_node@U?$pair@QBXUtss_data_node@detail@boost@@@std@@PAX@2@XZ 1000285c f i nav.obj
 0001:0000185c       ?_Root@?$_Tree@V?$_Tmap_traits@PAUlua_State@@PAVILuaInterface@@U?$less@PAUlua_State@@@std@@V?$allocator@U?$pair@QAUlua_State@@PAVILuaInterface@@@std@@@4@$0A@@std@@@std@@IBEAAPAU?$_Tree_node@U?$pair@QAUlua_State@@PAVILuaInterface@@@std@@PAX@2@XZ 1000285c f i ILuaModuleManager.obj
 0001:00001870       ?_Rrotate@?$_Tree@V?$_Tmap_traits@PBXUtss_data_node@detail@boost@@U?$less@PBX@std@@V?$allocator@U?$pair@QBXUtss_data_node@detail@boost@@@std@@@5@$0A@@std@@@std@@IAEXPAU?$_Tree_node@U?$pair@QBXUtss_data_node@detail@boost@@@std@@PAX@2@@Z 10002870 f i nav.obj
 0001:00001870       ?_Rrotate@?$_Tree@V?$_Tmap_traits@PAUlua_State@@PAVILuaInterface@@U?$less@PAUlua_State@@@std@@V?$allocator@U?$pair@QAUlua_State@@PAVILuaInterface@@@std@@@4@$0A@@std@@@std@@IAEXPAU?$_Tree_node@U?$pair@QAUlua_State@@PAVILuaInterface@@@std@@PAX@2@@Z 10002870 f i ILuaModuleManager.obj
 0001:0000196a       ??0?$_Tree_buy@U?$pair@QAUlua_State@@PAVILuaInterface@@@std@@V?$allocator@U?$pair@QAUlua_State@@PAVILuaInterface@@@std@@@2@@std@@QAE@ABV?$allocator@U?$pair@QAUlua_State@@PAVILuaInterface@@@std@@@1@@Z 1000296a f i ILuaModuleManager.obj
 0001:00001983       ?_Getal@?$_String_alloc@$0A@U?$_String_base_types@DV?$allocator@D@std@@@std@@@std@@QBE?AU?$_Wrap_alloc@V?$allocator@D@std@@@2@XZ 10002983 f i ILuaObject.obj
 0001:00001983       ?_Getal@?$_Vector_alloc@$0A@U?$_Vec_base_types@U?$pair@PAVcondition_variable@boost@@PAVmutex@2@@std@@V?$allocator@U?$pair@PAVcondition_variable@boost@@PAVmutex@2@@std@@@2@@std@@@std@@QBE?AU?$_Wrap_alloc@V?$allocator@U?$pair@PAVcondition_variable@boost@@PAVmutex@2@@std@@@std@@@2@XZ 10002983 f i nav.obj
 0001:00001983       ?_Getal@?$_Tree_alloc@$0A@U?$_Tree_base_types@U?$pair@QBXUtss_data_node@detail@boost@@@std@@V?$allocator@U?$pair@QBXUtss_data_node@detail@boost@@@std@@@2@@std@@@std@@QBE?AU?$_Wrap_alloc@V?$allocator@U?$_Tree_node@U?$pair@QBXUtss_data_node@detail@boost@@@std@@PAX@std@@@std@@@2@XZ 10002983 f i nav.obj
 0001:00001983       ?_Getal@?$_Tree_alloc@$0A@U?$_Tree_base_types@U?$pair@QAUlua_State@@PAVILuaInterface@@@std@@V?$allocator@U?$pair@QAUlua_State@@PAVILuaInterface@@@std@@@2@@std@@@std@@QBE?AU?$_Wrap_alloc@V?$allocator@U?$_Tree_node@U?$pair@QAUlua_State@@PAVILuaInterface@@@std@@PAX@std@@@std@@@2@XZ 10002983 f i ILuaModuleManager.obj
 0001:00001999       ?deallocate@?$_Wrap_alloc@V?$allocator@U?$_Tree_node@U?$pair@QAUlua_State@@PAVILuaInterface@@@std@@PAX@std@@@std@@@std@@QAEXPAU?$_Tree_node@U?$pair@QAUlua_State@@PAVILuaInterface@@@std@@PAX@2@I@Z 10002999 f i ILuaModuleManager.obj
 0001:00001999       ?deallocate@?$_Wrap_alloc@V?$allocator@U?$pair@PAVcondition_variable@boost@@PAVmutex@2@@std@@@std@@@std@@QAEXPAU?$pair@PAVcondition_variable@boost@@PAVmutex@2@@2@I@Z 10002999 f i nav.obj
 0001:00001999       ?deallocate@?$_Wrap_alloc@V?$allocator@D@std@@@std@@QAEXPADI@Z 10002999 f i ILuaObject.obj
 0001:00001999       ?deallocate@?$_Wrap_alloc@V?$allocator@U?$_Tree_node@U?$pair@QBXUtss_data_node@detail@boost@@@std@@PAX@std@@@std@@@std@@QAEXPAU?$_Tree_node@U?$pair@QBXUtss_data_node@detail@boost@@@std@@PAX@2@I@Z 10002999 f i nav.obj
 0001:000019b2       ?_Color@?$_Tree_val@U?$_Tree_simple_types@U?$pair@QAUlua_State@@PAVILuaInterface@@@std@@@std@@@std@@SAAADPAU?$_Tree_node@U?$pair@QAUlua_State@@PAVILuaInterface@@@std@@PAX@2@@Z 100029b2 f i ILuaModuleManager.obj
 0001:000019b2       ?_Color@?$_Tree_val@U?$_Tree_simple_types@U?$pair@QBXUtss_data_node@detail@boost@@@std@@@std@@@std@@SAAADPAU?$_Tree_node@U?$pair@QBXUtss_data_node@detail@boost@@@std@@PAX@2@@Z 100029b2 f i nav.obj
 0001:000019bd       ?_Isnil@?$_Tree_val@U?$_Tree_simple_types@U?$pair@QAUlua_State@@PAVILuaInterface@@@std@@@std@@@std@@SAAADPAU?$_Tree_node@U?$pair@QAUlua_State@@PAVILuaInterface@@@std@@PAX@2@@Z 100029bd f i ILuaModuleManager.obj
 0001:000019bd       ?_Isnil@?$_Tree_val@U?$_Tree_simple_types@U?$pair@QBXUtss_data_node@detail@boost@@@std@@@std@@@std@@SAAADPAU?$_Tree_node@U?$pair@QBXUtss_data_node@detail@boost@@@std@@PAX@2@@Z 100029bd f i nav.obj
 0001:000019c8       ??$forward@AAPAD@std@@YAAAPADAAPAD@Z 100029c8 f i ILuaObject.obj
 0001:000019c8       ??$forward@V?$bind_t@XV?$mf1@XVNav@@PA_N@_mfi@boost@@V?$list2@V?$value@PAVNav@@@_bi@boost@@V?$value@PA_N@23@@_bi@3@@_bi@boost@@AAV123@@boost@@YA$$QAV?$bind_t@XV?$mf1@XVNav@@PA_N@_mfi@boost@@V?$list2@V?$value@PAVNav@@@_bi@boost@@V?$value@PA_N@23@@_bi@3@@_bi@0@AAV120@PAX@Z 100029c8 f i nav.obj
 0001:000019c8       ??$forward@AAPAU?$_Tree_node@U?$pair@QAUlua_State@@PAVILuaInterface@@@std@@PAX@std@@@std@@YAAAPAU?$_Tree_node@U?$pair@QAUlua_State@@PAVILuaInterface@@@std@@PAX@0@AAPAU10@@Z 100029c8 f i ILuaModuleManager.obj
 0001:000019c8       ??$_Move@AAD@std@@YA$$QADAAD@Z 100029c8 f i ILuaModuleManager.obj
 0001:000019c8       ??$forward@PAUlua_State@@@std@@YA$$QAPAUlua_State@@AAPAU1@@Z 100029c8 f i ILuaModuleManager.obj
 0001:000019c8       ??$forward@_N@std@@YA$$QA_NAA_N@Z 100029c8 f i ILuaModuleManager.obj
 0001:000019c8       ??$forward@AAV?$_Tree_iterator@V?$_Tree_val@U?$_Tree_simple_types@U?$pair@QAUlua_State@@PAVILuaInterface@@@std@@@std@@@std@@@std@@@std@@YAAAV?$_Tree_iterator@V?$_Tree_val@U?$_Tree_simple_types@U?$pair@QAUlua_State@@PAVILuaInterface@@@std@@@std@@@std@@@0@AAV10@@Z 100029c8 f i ILuaModuleManager.obj
 0001:000019c8       ??$addressof@PAU?$_Tree_node@U?$pair@QAUlua_State@@PAVILuaInterface@@@std@@PAX@std@@@std@@YAPAPAU?$_Tree_node@U?$pair@QAUlua_State@@PAVILuaInterface@@@std@@PAX@0@AAPAU10@@Z 100029c8 f i ILuaModuleManager.obj
 0001:000019c8       ?_Left@?$_Tree_val@U?$_Tree_simple_types@U?$pair@QBXUtss_data_node@detail@boost@@@std@@@std@@@std@@SAAAPAU?$_Tree_node@U?$pair@QBXUtss_data_node@detail@boost@@@std@@PAX@2@PAU32@@Z 100029c8 f i nav.obj
 0001:000019c8       ?unwrap@?$unwrapper@V?$mf1@XVNav@@PA_N@_mfi@boost@@@_bi@boost@@SAAAV?$mf1@XVNav@@PA_N@_mfi@3@AAV453@J@Z 100029c8 f i nav.obj
 0001:000019c8       ?_Left@?$_Tree_val@U?$_Tree_simple_types@U?$pair@QAUlua_State@@PAVILuaInterface@@@std@@@std@@@std@@SAAAPAU?$_Tree_node@U?$pair@QAUlua_State@@PAVILuaInterface@@@std@@PAX@2@PAU32@@Z 100029c8 f i ILuaModuleManager.obj
 0001:000019c8       ??$addressof@D@std@@YAPADAAD@Z 100029c8 f i ILuaObject.obj
 0001:000019c8       ??$_Kfn@QAUlua_State@@PAVILuaInterface@@@?$_Tmap_traits@PAUlua_State@@PAVILuaInterface@@U?$less@PAUlua_State@@@std@@V?$allocator@U?$pair@QAUlua_State@@PAVILuaInterface@@@std@@@4@$0A@@std@@SAABQAUlua_State@@ABU?$pair@QAUlua_State@@PAVILuaInterface@@@1@@Z 100029c8 f i ILuaModuleManager.obj
 0001:000019c8       ??$addressof@U?$pair@QBXUtss_data_node@detail@boost@@@std@@@std@@YAPAU?$pair@QBXUtss_data_node@detail@boost@@@0@AAU10@@Z 100029c8 f i nav.obj
 0001:000019c8       ?unwrap@?$unwrapper@V?$mf3@XVNav@@PAUJobInfo_t@@PAVNode@@PAV3@@_mfi@boost@@@_bi@boost@@SAAAV?$mf3@XVNav@@PAUJobInfo_t@@PAVNode@@PAV3@@_mfi@3@AAV453@J@Z 100029c8 f i nav.obj
 0001:000019c8       ??$forward@V?$bind_t@XV?$mf3@XVNav@@PAUJobInfo_t@@PAVNode@@PAV3@@_mfi@boost@@V?$list4@V?$value@PAVNav@@@_bi@boost@@V?$value@PAUJobInfo_t@@@23@V?$value@PAVNode@@@23@V523@@_bi@3@@_bi@boost@@AAV123@@boost@@YA$$QAV?$bind_t@XV?$mf3@XVNav@@PAUJobInfo_t@@PAVNode@@PAV3@@_mfi@boost@@V?$list4@V?$value@PAVNav@@@_bi@boost@@V?$value@PAUJobInfo_t@@@23@V?$value@PAVNode@@@23@V523@@_bi@3@@_bi@0@AAV120@PAX@Z 100029c8 f i nav.obj
 0001:000019c8       ??$forward@AAU?$pair@QAUlua_State@@PAVILuaInterface@@@std@@@std@@YAAAU?$pair@QAUlua_State@@PAVILuaInterface@@@0@AAU10@@Z 100029c8 f i ILuaModuleManager.obj
 0001:000019c8       ??$addressof@PAU?$_Tree_node@U?$pair@QBXUtss_data_node@detail@boost@@@std@@PAX@std@@@std@@YAPAPAU?$_Tree_node@U?$pair@QBXUtss_data_node@detail@boost@@@std@@PAX@0@AAPAU10@@Z 100029c8 f i nav.obj
 0001:000019c8       ??$forward@U?$pair@PAUlua_State@@PAVILuaInterface@@@std@@@std@@YA$$QAU?$pair@PAUlua_State@@PAVILuaInterface@@@0@AAU10@@Z 100029c8 f i ILuaModuleManager.obj
 0001:000019c8       ??$forward@ABQAUlua_State@@@std@@YAABQAUlua_State@@ABQAU1@@Z 100029c8 f i ILuaModuleManager.obj
 0001:000019c8       ??$forward@AAPAU?$_Tree_node@U?$pair@QBXUtss_data_node@detail@boost@@@std@@PAX@std@@@std@@YAAAPAU?$_Tree_node@U?$pair@QBXUtss_data_node@detail@boost@@@std@@PAX@0@AAPAU10@@Z 100029c8 f i nav.obj
 0001:000019c8       ??$addressof@U?$pair@QAUlua_State@@PAVILuaInterface@@@std@@@std@@YAPAU?$pair@QAUlua_State@@PAVILuaInterface@@@0@AAU10@@Z 100029c8 f i ILuaModuleManager.obj
 0001:000019c8       ??$forward@PAVILuaInterface@@@std@@YA$$QAPAVILuaInterface@@AAPAV1@@Z 100029c8 f i ILuaModuleManager.obj
 0001:000019c8       ??$forward@V?$_Tree_iterator@V?$_Tree_val@U?$_Tree_simple_types@U?$pair@QAUlua_State@@PAVILuaInterface@@@std@@@std@@@std@@@std@@@std@@YA$$QAV?$_Tree_iterator@V?$_Tree_val@U?$_Tree_simple_types@U?$pair@QAUlua_State@@PAVILuaInterface@@@std@@@std@@@std@@@0@AAV10@@Z 100029c8 f i ILuaModuleManager.obj
 0001:000019d0       ?_Parent@?$_Tree_val@U?$_Tree_simple_types@U?$pair@QBXUtss_data_node@detail@boost@@@std@@@std@@@std@@SAAAPAU?$_Tree_node@U?$pair@QBXUtss_data_node@detail@boost@@@std@@PAX@2@PAU32@@Z 100029d0 f i nav.obj
 0001:000019d0       ?_Parent@?$_Tree_val@U?$_Tree_simple_types@U?$pair@QAUlua_State@@PAVILuaInterface@@@std@@@std@@@std@@SAAAPAU?$_Tree_node@U?$pair@QAUlua_State@@PAVILuaInterface@@@std@@PAX@2@PAU32@@Z 100029d0 f i ILuaModuleManager.obj
 0001:000019db       ?_Right@?$_Tree_val@U?$_Tree_simple_types@U?$pair@QAUlua_State@@PAVILuaInterface@@@std@@@std@@@std@@SAAAPAU?$_Tree_node@U?$pair@QAUlua_State@@PAVILuaInterface@@@std@@PAX@2@PAU32@@Z 100029db f i ILuaModuleManager.obj
 0001:000019db       ?_Right@?$_Tree_val@U?$_Tree_simple_types@U?$pair@QBXUtss_data_node@detail@boost@@@std@@@std@@@std@@SAAAPAU?$_Tree_node@U?$pair@QBXUtss_data_node@detail@boost@@@std@@PAX@2@PAU32@@Z 100029db f i nav.obj
 0001:000019e6       ?_Max@?$_Tree_val@U?$_Tree_simple_types@U?$pair@QAUlua_State@@PAVILuaInterface@@@std@@@std@@@std@@SAPAU?$_Tree_node@U?$pair@QAUlua_State@@PAVILuaInterface@@@std@@PAX@2@PAU32@@Z 100029e6 f i ILuaModuleManager.obj
 0001:000019e6       ?_Max@?$_Tree_val@U?$_Tree_simple_types@U?$pair@QBXUtss_data_node@detail@boost@@@std@@@std@@@std@@SAPAU?$_Tree_node@U?$pair@QBXUtss_data_node@detail@boost@@@std@@PAX@2@PAU32@@Z 100029e6 f i nav.obj
 0001:00001a16       ?_Min@?$_Tree_val@U?$_Tree_simple_types@U?$pair@QBXUtss_data_node@detail@boost@@@std@@@std@@@std@@SAPAU?$_Tree_node@U?$pair@QBXUtss_data_node@detail@boost@@@std@@PAX@2@PAU32@@Z 10002a16 f i nav.obj
 0001:00001a16       ?_Min@?$_Tree_val@U?$_Tree_simple_types@U?$pair@QAUlua_State@@PAVILuaInterface@@@std@@@std@@@std@@SAPAU?$_Tree_node@U?$pair@QAUlua_State@@PAVILuaInterface@@@std@@PAX@2@PAU32@@Z 10002a16 f i ILuaModuleManager.obj
 0001:00001a46       ??0?$_Tree_const_iterator@V?$_Tree_val@U?$_Tree_simple_types@U?$pair@QBXUtss_data_node@detail@boost@@@std@@@std@@@std@@@std@@QAE@PAU?$_Tree_node@U?$pair@QBXUtss_data_node@detail@boost@@@std@@PAX@1@PBV?$_Tree_val@U?$_Tree_simple_types@U?$pair@QBXUtss_data_node@detail@boost@@@std@@@std@@@1@@Z 10002a46 f i nav.obj
 0001:00001a46       ??0?$_Tree_const_iterator@V?$_Tree_val@U?$_Tree_simple_types@U?$pair@QAUlua_State@@PAVILuaInterface@@@std@@@std@@@std@@@std@@QAE@PAU?$_Tree_node@U?$pair@QAUlua_State@@PAVILuaInterface@@@std@@PAX@1@PBV?$_Tree_val@U?$_Tree_simple_types@U?$pair@QAUlua_State@@PAVILuaInterface@@@std@@@std@@@1@@Z 10002a46 f i ILuaModuleManager.obj
 0001:00001a62       ??D?$_Tree_const_iterator@V?$_Tree_val@U?$_Tree_simple_types@U?$pair@QAUlua_State@@PAVILuaInterface@@@std@@@std@@@std@@@std@@QBEABU?$pair@QAUlua_State@@PAVILuaInterface@@@1@XZ 10002a62 f i ILuaModuleManager.obj
 0001:00001a76       ??E?$_Tree_const_iterator@V?$_Tree_val@U?$_Tree_simple_types@U?$pair@QAUlua_State@@PAVILuaInterface@@@std@@@std@@@std@@@std@@QAEAAV01@XZ 10002a76 f i ILuaModuleManager.obj
 0001:00001a76       ??E?$_Tree_const_iterator@V?$_Tree_val@U?$_Tree_simple_types@U?$pair@QBXUtss_data_node@detail@boost@@@std@@@std@@@std@@@std@@QAEAAV01@XZ 10002a76 f i nav.obj
 0001:00001a8a       ??0?$_Tree_alloc@$0A@U?$_Tree_base_types@U?$pair@QAUlua_State@@PAVILuaInterface@@@std@@V?$allocator@U?$pair@QAUlua_State@@PAVILuaInterface@@@std@@@2@@std@@@std@@QAE@ABV?$allocator@U?$pair@QAUlua_State@@PAVILuaInterface@@@std@@@1@@Z 10002a8a f i ILuaModuleManager.obj
 0001:00001aad       ??0?$_Wrap_alloc@V?$allocator@U?$_Tree_node@U?$pair@QBXUtss_data_node@detail@boost@@@std@@PAX@std@@@std@@@std@@QAE@XZ 10002aad f i nav.obj
 0001:00001aad       ??0?$_Wrap_alloc@V?$allocator@U?$pair@PAVcondition_variable@boost@@PAVmutex@2@@std@@@std@@@std@@QAE@XZ 10002aad f i nav.obj
 0001:00001aad       ??0?$_Wrap_alloc@V?$allocator@D@std@@@std@@QAE@XZ 10002aad f i ILuaObject.obj
 0001:00001aad       ??0cplane_t@@QAE@XZ        10002aad f i nav.obj
 0001:00001aad       ??0VectorAligned@@QAE@XZ   10002aad f i nav.obj
 0001:00001aad       ??0?$_Wrap_alloc@V?$allocator@U?$_Tree_node@U?$pair@QAUlua_State@@PAVILuaInterface@@@std@@PAX@std@@@std@@@std@@QAE@XZ 10002aad f i ILuaModuleManager.obj
 0001:00001ac1       ?deallocate@?$allocator@U?$pair@PAVcondition_variable@boost@@PAVmutex@2@@std@@@std@@QAEXPAU?$pair@PAVcondition_variable@boost@@PAVmutex@2@@2@I@Z 10002ac1 f i nav.obj
 0001:00001ac1       ?deallocate@?$allocator@D@std@@QAEXPADI@Z 10002ac1 f i ILuaObject.obj
 0001:00001ac1       ?deallocate@?$allocator@U?$_Tree_node@U?$pair@QAUlua_State@@PAVILuaInterface@@@std@@PAX@std@@@std@@QAEXPAU?$_Tree_node@U?$pair@QAUlua_State@@PAVILuaInterface@@@std@@PAX@2@I@Z 10002ac1 f i ILuaModuleManager.obj
 0001:00001ac1       ?deallocate@?$allocator@U?$_Tree_node@U?$pair@QBXUtss_data_node@detail@boost@@@std@@PAX@std@@@std@@QAEXPAU?$_Tree_node@U?$pair@QBXUtss_data_node@detail@boost@@@std@@PAX@2@I@Z 10002ac1 f i nav.obj
 0001:00001ad5       ??0?$_Tree_unchecked_const_iterator@V?$_Tree_val@U?$_Tree_simple_types@U?$pair@QAUlua_State@@PAVILuaInterface@@@std@@@std@@@std@@U_Iterator_base0@2@@std@@QAE@PAU?$_Tree_node@U?$pair@QAUlua_State@@PAVILuaInterface@@@std@@PAX@1@PBV?$_Tree_val@U?$_Tree_simple_types@U?$pair@QAUlua_State@@PAVILuaInterface@@@std@@@std@@@1@@Z 10002ad5 f i ILuaModuleManager.obj
 0001:00001ad5       ??0?$_Tree_unchecked_const_iterator@V?$_Tree_val@U?$_Tree_simple_types@U?$pair@QBXUtss_data_node@detail@boost@@@std@@@std@@@std@@U_Iterator_base0@2@@std@@QAE@PAU?$_Tree_node@U?$pair@QBXUtss_data_node@detail@boost@@@std@@PAX@1@PBV?$_Tree_val@U?$_Tree_simple_types@U?$pair@QBXUtss_data_node@detail@boost@@@std@@@std@@@1@@Z 10002ad5 f i nav.obj
 0001:00001af6       ??E?$_Tree_unchecked_const_iterator@V?$_Tree_val@U?$_Tree_simple_types@U?$pair@QBXUtss_data_node@detail@boost@@@std@@@std@@@std@@U_Iterator_base0@2@@std@@QAEAAV01@XZ 10002af6 f i nav.obj
 0001:00001af6       ??E?$_Tree_unchecked_const_iterator@V?$_Tree_val@U?$_Tree_simple_types@U?$pair@QAUlua_State@@PAVILuaInterface@@@std@@@std@@@std@@U_Iterator_base0@2@@std@@QAEAAV01@XZ 10002af6 f i ILuaModuleManager.obj
 0001:00001b8f       ?_Buyheadnode@?$_Tree_alloc@$0A@U?$_Tree_base_types@U?$pair@QAUlua_State@@PAVILuaInterface@@@std@@V?$allocator@U?$pair@QAUlua_State@@PAVILuaInterface@@@std@@@2@@std@@@std@@QAEPAU?$_Tree_node@U?$pair@QAUlua_State@@PAVILuaInterface@@@std@@PAX@2@XZ 10002b8f f i ILuaModuleManager.obj
 0001:00001ccb       ??0?$_Tree_val@U?$_Tree_simple_types@U?$pair@QAUlua_State@@PAVILuaInterface@@@std@@@std@@@std@@QAE@XZ 10002ccb f i ILuaModuleManager.obj
 0001:00001ccb       ??0?$_Tree_val@U?$_Tree_simple_types@U?$pair@QBXUtss_data_node@detail@boost@@@std@@@std@@@std@@QAE@XZ 10002ccb f i nav.obj
 0001:00001ce4       ?allocate@?$_Wrap_alloc@V?$allocator@U?$_Tree_node@U?$pair@QAUlua_State@@PAVILuaInterface@@@std@@PAX@std@@@std@@@std@@QAEPAU?$_Tree_node@U?$pair@QAUlua_State@@PAVILuaInterface@@@std@@PAX@2@I@Z 10002ce4 f i ILuaModuleManager.obj
 0001:00001cfa       ?allocate@?$allocator@U?$_Tree_node@U?$pair@QAUlua_State@@PAVILuaInterface@@@std@@PAX@std@@@std@@QAEPAU?$_Tree_node@U?$pair@QAUlua_State@@PAVILuaInterface@@@std@@PAX@2@I@Z 10002cfa f i ILuaModuleManager.obj
 0001:00001d11       ??$?0ABQAUlua_State@@PAVILuaInterface@@@?$pair@PAUlua_State@@PAVILuaInterface@@@std@@QAE@ABQAUlua_State@@$$QAPAVILuaInterface@@PAPAX@Z 10002d11 f i ILuaModuleManager.obj
 0001:00001d40       ??$insert@U?$pair@PAUlua_State@@PAVILuaInterface@@@std@@@?$_Tree@V?$_Tmap_traits@PAUlua_State@@PAVILuaInterface@@U?$less@PAUlua_State@@@std@@V?$allocator@U?$pair@QAUlua_State@@PAVILuaInterface@@@std@@@4@$0A@@std@@@std@@QAE?AV?$_Tree_iterator@V?$_Tree_val@U?$_Tree_simple_types@U?$pair@QAUlua_State@@PAVILuaInterface@@@std@@@std@@@std@@@1@V?$_Tree_const_iterator@V?$_Tree_val@U?$_Tree_simple_types@U?$pair@QAUlua_State@@PAVILuaInterface@@@std@@@std@@@std@@@1@$$QAU?$pair@PAUlua_State@@PAVILuaInterface@@@1@@Z 10002d40 f i ILuaModuleManager.obj
 0001:00001d7f       ??$?0V?$_Tree_iterator@V?$_Tree_val@U?$_Tree_simple_types@U?$pair@QAUlua_State@@PAVILuaInterface@@@std@@@std@@@std@@@std@@V01@@?$pair@V?$_Tree_iterator@V?$_Tree_val@U?$_Tree_simple_types@U?$pair@QAUlua_State@@PAVILuaInterface@@@std@@@std@@@std@@@std@@V12@@std@@QAE@$$QAU01@PAPAX@Z 10002d7f f i ILuaModuleManager.obj
 0001:00001db2       ??$_Distance@V?$_Tree_iterator@V?$_Tree_val@U?$_Tree_simple_types@U?$pair@QAUlua_State@@PAVILuaInterface@@@std@@@std@@@std@@@std@@I@std@@YAXV?$_Tree_iterator@V?$_Tree_val@U?$_Tree_simple_types@U?$pair@QAUlua_State@@PAVILuaInterface@@@std@@@std@@@std@@@0@0AAI@Z 10002db2 f i ILuaModuleManager.obj
 0001:00001dde       ??$swap@D@std@@YAXAAD0@Z   10002dde f i ILuaModuleManager.obj
 0001:00001e13       ??$destroy@U?$pair@QAUlua_State@@PAVILuaInterface@@@std@@@?$_Wrap_alloc@V?$allocator@U?$_Tree_node@U?$pair@QAUlua_State@@PAVILuaInterface@@@std@@PAX@std@@@std@@@std@@QAEXPAU?$pair@QAUlua_State@@PAVILuaInterface@@@1@@Z 10002e13 f i ILuaModuleManager.obj
 0001:00001e13       ??$destroy@PAD@?$_Wrap_alloc@V?$allocator@D@std@@@std@@QAEXPAPAD@Z 10002e13 f i ILuaObject.obj
 0001:00001e13       ??$destroy@PAU?$_Tree_node@U?$pair@QAUlua_State@@PAVILuaInterface@@@std@@PAX@std@@@?$_Wrap_alloc@V?$allocator@U?$_Tree_node@U?$pair@QAUlua_State@@PAVILuaInterface@@@std@@PAX@std@@@std@@@std@@QAEXPAPAU?$_Tree_node@U?$pair@QAUlua_State@@PAVILuaInterface@@@std@@PAX@1@@Z 10002e13 f i ILuaModuleManager.obj
 0001:00001e13       ??$destroy@PAU?$_Tree_node@U?$pair@QBXUtss_data_node@detail@boost@@@std@@PAX@std@@@?$_Wrap_alloc@V?$allocator@U?$_Tree_node@U?$pair@QBXUtss_data_node@detail@boost@@@std@@PAX@std@@@std@@@std@@QAEXPAPAU?$_Tree_node@U?$pair@QBXUtss_data_node@detail@boost@@@std@@PAX@1@@Z 10002e13 f i nav.obj
 0001:00001e13       ??$destroy@U?$pair@PAVcondition_variable@boost@@PAVmutex@2@@std@@@?$_Wrap_alloc@V?$allocator@U?$pair@PAVcondition_variable@boost@@PAVmutex@2@@std@@@std@@@std@@QAEXPAU?$pair@PAVcondition_variable@boost@@PAVmutex@2@@1@@Z 10002e13 f i nav.obj
 0001:00001e2b       ??$?0AAV?$_Tree_iterator@V?$_Tree_val@U?$_Tree_simple_types@U?$pair@QAUlua_State@@PAVILuaInterface@@@std@@@std@@@std@@@std@@AAV01@@?$pair@V?$_Tree_iterator@V?$_Tree_val@U?$_Tree_simple_types@U?$pair@QAUlua_State@@PAVILuaInterface@@@std@@@std@@@std@@@std@@V12@@std@@QAE@AAV?$_Tree_iterator@V?$_Tree_val@U?$_Tree_simple_types@U?$pair@QAUlua_State@@PAVILuaInterface@@@std@@@std@@@std@@@1@0PAPAX@Z 10002e2b f i ILuaModuleManager.obj
 0001:00001e5a       ??$construct@PAU?$_Tree_node@U?$pair@QBXUtss_data_node@detail@boost@@@std@@PAX@std@@AAPAU12@@?$_Wrap_alloc@V?$allocator@U?$_Tree_node@U?$pair@QBXUtss_data_node@detail@boost@@@std@@PAX@std@@@std@@@std@@QAEXPAPAU?$_Tree_node@U?$pair@QBXUtss_data_node@detail@boost@@@std@@PAX@1@AAPAU21@@Z 10002e5a f i nav.obj
 0001:00001e5a       ??$construct@PAU?$_Tree_node@U?$pair@QAUlua_State@@PAVILuaInterface@@@std@@PAX@std@@AAPAU12@@?$_Wrap_alloc@V?$allocator@U?$_Tree_node@U?$pair@QAUlua_State@@PAVILuaInterface@@@std@@PAX@std@@@std@@@std@@QAEXPAPAU?$_Tree_node@U?$pair@QAUlua_State@@PAVILuaInterface@@@std@@PAX@1@AAPAU21@@Z 10002e5a f i ILuaModuleManager.obj
 0001:00001e5a       ??$construct@PADAAPAD@?$_Wrap_alloc@V?$allocator@D@std@@@std@@QAEXPAPADAAPAD@Z 10002e5a f i ILuaObject.obj
 0001:00001e7d       ??$_Allocate@U?$_Tree_node@U?$pair@QAUlua_State@@PAVILuaInterface@@@std@@PAX@std@@@std@@YAPAU?$_Tree_node@U?$pair@QAUlua_State@@PAVILuaInterface@@@std@@PAX@0@IPAU10@@Z 10002e7d f i ILuaModuleManager.obj
 0001:00001eb6       ??$_Buynode@U?$pair@PAUlua_State@@PAVILuaInterface@@@std@@@?$_Tree_buy@U?$pair@QAUlua_State@@PAVILuaInterface@@@std@@V?$allocator@U?$pair@QAUlua_State@@PAVILuaInterface@@@std@@@2@@std@@QAEPAU?$_Tree_node@U?$pair@QAUlua_State@@PAVILuaInterface@@@std@@PAX@1@$$QAU?$pair@PAUlua_State@@PAVILuaInterface@@@1@@Z 10002eb6 f i ILuaModuleManager.obj
 0001:00001f83       ??$_Insert_hint@AAU?$pair@QAUlua_State@@PAVILuaInterface@@@std@@PAU?$_Tree_node@U?$pair@QAUlua_State@@PAVILuaInterface@@@std@@PAX@2@@?$_Tree@V?$_Tmap_traits@PAUlua_State@@PAVILuaInterface@@U?$less@PAUlua_State@@@std@@V?$allocator@U?$pair@QAUlua_State@@PAVILuaInterface@@@std@@@4@$0A@@std@@@std@@IAE?AV?$_Tree_iterator@V?$_Tree_val@U?$_Tree_simple_types@U?$pair@QAUlua_State@@PAVILuaInterface@@@std@@@std@@@std@@@1@V?$_Tree_const_iterator@V?$_Tree_val@U?$_Tree_simple_types@U?$pair@QAUlua_State@@PAVILuaInterface@@@std@@@std@@@std@@@1@AAU?$pair@QAUlua_State@@PAVILuaInterface@@@1@PAU?$_Tree_node@U?$pair@QAUlua_State@@PAVILuaInterface@@@std@@PAX@1@@Z 10002f83 f i ILuaModuleManager.obj
 0001:00002a87       ??$_Iter_cat@V?$_Tree_iterator@V?$_Tree_val@U?$_Tree_simple_types@U?$pair@QAUlua_State@@PAVILuaInterface@@@std@@@std@@@std@@@std@@@std@@YA?AUbidirectional_iterator_tag@0@ABV?$_Tree_iterator@V?$_Tree_val@U?$_Tree_simple_types@U?$pair@QAUlua_State@@PAVILuaInterface@@@std@@@std@@@std@@@0@@Z 10003a87 f i ILuaModuleManager.obj
 0001:00002a98       ??$_Distance2@V?$_Tree_iterator@V?$_Tree_val@U?$_Tree_simple_types@U?$pair@QAUlua_State@@PAVILuaInterface@@@std@@@std@@@std@@@std@@I@std@@YAXV?$_Tree_iterator@V?$_Tree_val@U?$_Tree_simple_types@U?$pair@QAUlua_State@@PAVILuaInterface@@@std@@@std@@@std@@@0@0AAIUbidirectional_iterator_tag@0@@Z 10003a98 f i ILuaModuleManager.obj
 0001:00002ac7       ??$destroy@PAU?$_Tree_node@U?$pair@QAUlua_State@@PAVILuaInterface@@@std@@PAX@std@@@?$allocator_traits@V?$allocator@U?$_Tree_node@U?$pair@QAUlua_State@@PAVILuaInterface@@@std@@PAX@std@@@std@@@std@@SAXAAV?$allocator@U?$_Tree_node@U?$pair@QAUlua_State@@PAVILuaInterface@@@std@@PAX@std@@@1@PAPAU?$_Tree_node@U?$pair@QAUlua_State@@PAVILuaInterface@@@std@@PAX@1@@Z 10003ac7 f i ILuaModuleManager.obj
 0001:00002ac7       ??$destroy@U?$pair@PAVcondition_variable@boost@@PAVmutex@2@@std@@@?$allocator_traits@V?$allocator@U?$pair@PAVcondition_variable@boost@@PAVmutex@2@@std@@@std@@@std@@SAXAAV?$allocator@U?$pair@PAVcondition_variable@boost@@PAVmutex@2@@std@@@1@PAU?$pair@PAVcondition_variable@boost@@PAVmutex@2@@1@@Z 10003ac7 f i nav.obj
 0001:00002ac7       ??$destroy@PAD@?$allocator_traits@V?$allocator@D@std@@@std@@SAXAAV?$allocator@D@1@PAPAD@Z 10003ac7 f i ILuaObject.obj
 0001:00002ac7       ??$destroy@PAU?$_Tree_node@U?$pair@QBXUtss_data_node@detail@boost@@@std@@PAX@std@@@?$allocator_traits@V?$allocator@U?$_Tree_node@U?$pair@QBXUtss_data_node@detail@boost@@@std@@PAX@std@@@std@@@std@@SAXAAV?$allocator@U?$_Tree_node@U?$pair@QBXUtss_data_node@detail@boost@@@std@@PAX@std@@@1@PAPAU?$_Tree_node@U?$pair@QBXUtss_data_node@detail@boost@@@std@@PAX@1@@Z 10003ac7 f i nav.obj
 0001:00002ac7       ??$destroy@U?$pair@QAUlua_State@@PAVILuaInterface@@@std@@@?$allocator_traits@V?$allocator@U?$_Tree_node@U?$pair@QAUlua_State@@PAVILuaInterface@@@std@@PAX@std@@@std@@@std@@SAXAAV?$allocator@U?$_Tree_node@U?$pair@QAUlua_State@@PAVILuaInterface@@@std@@PAX@std@@@1@PAU?$pair@QAUlua_State@@PAVILuaInterface@@@1@@Z 10003ac7 f i ILuaModuleManager.obj
 0001:00002ad7       ??$construct@PADAAPAD@?$allocator_traits@V?$allocator@D@std@@@std@@SAXAAV?$allocator@D@1@PAPADAAPAD@Z 10003ad7 f i ILuaObject.obj
 0001:00002ad7       ??$construct@PAU?$_Tree_node@U?$pair@QAUlua_State@@PAVILuaInterface@@@std@@PAX@std@@AAPAU12@@?$allocator_traits@V?$allocator@U?$_Tree_node@U?$pair@QAUlua_State@@PAVILuaInterface@@@std@@PAX@std@@@std@@@std@@SAXAAV?$allocator@U?$_Tree_node@U?$pair@QAUlua_State@@PAVILuaInterface@@@std@@PAX@std@@@1@PAPAU?$_Tree_node@U?$pair@QAUlua_State@@PAVILuaInterface@@@std@@PAX@1@AAPAU31@@Z 10003ad7 f i ILuaModuleManager.obj
 0001:00002ad7       ??$construct@PAU?$_Tree_node@U?$pair@QBXUtss_data_node@detail@boost@@@std@@PAX@std@@AAPAU12@@?$allocator_traits@V?$allocator@U?$_Tree_node@U?$pair@QBXUtss_data_node@detail@boost@@@std@@PAX@std@@@std@@@std@@SAXAAV?$allocator@U?$_Tree_node@U?$pair@QBXUtss_data_node@detail@boost@@@std@@PAX@std@@@1@PAPAU?$_Tree_node@U?$pair@QBXUtss_data_node@detail@boost@@@std@@PAX@1@AAPAU31@@Z 10003ad7 f i nav.obj
 0001:00002af1       ?category@error_condition@std@@QBEABVerror_category@2@XZ 10003af1 f i ILuaObject.obj
 0001:00002af1       ?category@error_code@std@@QBEABVerror_category@2@XZ 10003af1 f i ILuaObject.obj
 0001:00002af1       ?NumAllocated@?$CUtlMemory@PAUJobInfo_t@@H@@QBEHXZ 10003af1 f i main.obj
 0001:00002af1       ?NumAllocated@?$CUtlMemory@PAVNode@@H@@QBEHXZ 10003af1 f i nav.obj
 0001:00002af1       ?size@?$_Tree@V?$_Tmap_traits@PAUlua_State@@PAVILuaInterface@@U?$less@PAUlua_State@@@std@@V?$allocator@U?$pair@QAUlua_State@@PAVILuaInterface@@@std@@@4@$0A@@std@@@std@@QBEIXZ 10003af1 f i ILuaModuleManager.obj
 0001:00002b00       ?_Destroy_if_not_nil@?$_Tree@V?$_Tmap_traits@PAUlua_State@@PAVILuaInterface@@U?$less@PAUlua_State@@@std@@V?$allocator@U?$pair@QAUlua_State@@PAVILuaInterface@@@std@@@4@$0A@@std@@@std@@IAEXPAU?$_Tree_node@U?$pair@QAUlua_State@@PAVILuaInterface@@@std@@PAX@2@@Z 10003b00 f i ILuaModuleManager.obj
 0001:00002b48       ?_Buynode0@?$_Tree_buy@U?$pair@QAUlua_State@@PAVILuaInterface@@@std@@V?$allocator@U?$pair@QAUlua_State@@PAVILuaInterface@@@std@@@2@@std@@QAEPAU?$_Tree_node@U?$pair@QAUlua_State@@PAVILuaInterface@@@std@@PAX@2@XZ 10003b48 f i ILuaModuleManager.obj
 0001:00002c69       ?_Freeheadnode@?$_Tree_alloc@$0A@U?$_Tree_base_types@U?$pair@QBXUtss_data_node@detail@boost@@@std@@V?$allocator@U?$pair@QBXUtss_data_node@detail@boost@@@std@@@2@@std@@@std@@QAEXPAU?$_Tree_node@U?$pair@QBXUtss_data_node@detail@boost@@@std@@PAX@2@@Z 10003c69 f i nav.obj
 0001:00002c69       ?_Freenode0@?$_Tree_buy@U?$pair@QAUlua_State@@PAVILuaInterface@@@std@@V?$allocator@U?$pair@QAUlua_State@@PAVILuaInterface@@@std@@@2@@std@@QAEXPAU?$_Tree_node@U?$pair@QAUlua_State@@PAVILuaInterface@@@std@@PAX@2@@Z 10003c69 f i ILuaModuleManager.obj
 0001:00002cf9       ??0?$_Tree_const_iterator@V?$_Tree_val@U?$_Tree_simple_types@U?$pair@QAUlua_State@@PAVILuaInterface@@@std@@@std@@@std@@@std@@QAE@XZ 10003cf9 f i ILuaModuleManager.obj
 0001:00002d0d       ??F?$_Tree_const_iterator@V?$_Tree_val@U?$_Tree_simple_types@U?$pair@QAUlua_State@@PAVILuaInterface@@@std@@@std@@@std@@@std@@QAEAAV01@XZ 10003d0d f i ILuaModuleManager.obj
 0001:00002d21       ??E?$_Tree_iterator@V?$_Tree_val@U?$_Tree_simple_types@U?$pair@QAUlua_State@@PAVILuaInterface@@@std@@@std@@@std@@@std@@QAEAAV01@XZ 10003d21 f i ILuaModuleManager.obj
 0001:00002d35       ??0?$refcount_ptr@Uerror_info_container@exception_detail@boost@@@exception_detail@boost@@QAE@XZ 10003d35 f i main.obj
 0001:00002d35       ??0?$intrusive_ptr@Uthread_data_base@detail@boost@@@boost@@QAE@XZ 10003d35 f i nav.obj
 0001:00002d35       ??0?$_Tree_unchecked_const_iterator@V?$_Tree_val@U?$_Tree_simple_types@U?$pair@QAUlua_State@@PAVILuaInterface@@@std@@@std@@@std@@U_Iterator_base0@2@@std@@QAE@XZ 10003d35 f i ILuaModuleManager.obj
 0001:00002d47       ??F?$_Tree_unchecked_const_iterator@V?$_Tree_val@U?$_Tree_simple_types@U?$pair@QAUlua_State@@PAVILuaInterface@@@std@@@std@@@std@@U_Iterator_base0@2@@std@@QAEAAV01@XZ 10003d47 f i ILuaModuleManager.obj
 0001:00002e09       ??$construct@U?$pair@QAUlua_State@@PAVILuaInterface@@@std@@U?$pair@PAUlua_State@@PAVILuaInterface@@@2@@?$_Wrap_alloc@V?$allocator@U?$_Tree_node@U?$pair@QAUlua_State@@PAVILuaInterface@@@std@@PAX@std@@@std@@@std@@QAEXPAU?$pair@QAUlua_State@@PAVILuaInterface@@@1@$$QAU?$pair@PAUlua_State@@PAVILuaInterface@@@1@@Z 10003e09 f i ILuaModuleManager.obj
 0001:00002e2c       ??$_Insert_at@AAU?$pair@QAUlua_State@@PAVILuaInterface@@@std@@PAU?$_Tree_node@U?$pair@QAUlua_State@@PAVILuaInterface@@@std@@PAX@2@@?$_Tree@V?$_Tmap_traits@PAUlua_State@@PAVILuaInterface@@U?$less@PAUlua_State@@@std@@V?$allocator@U?$pair@QAUlua_State@@PAVILuaInterface@@@std@@@4@$0A@@std@@@std@@IAE?AV?$_Tree_iterator@V?$_Tree_val@U?$_Tree_simple_types@U?$pair@QAUlua_State@@PAVILuaInterface@@@std@@@std@@@std@@@1@_NPAU?$_Tree_node@U?$pair@QAUlua_State@@PAVILuaInterface@@@std@@PAX@1@AAU?$pair@QAUlua_State@@PAVILuaInterface@@@1@1@Z 10003e2c f i ILuaModuleManager.obj
 0001:0000319a       ??$_Insert_nohint@AAU?$pair@QAUlua_State@@PAVILuaInterface@@@std@@PAU?$_Tree_node@U?$pair@QAUlua_State@@PAVILuaInterface@@@std@@PAX@2@@?$_Tree@V?$_Tmap_traits@PAUlua_State@@PAVILuaInterface@@U?$less@PAUlua_State@@@std@@V?$allocator@U?$pair@QAUlua_State@@PAVILuaInterface@@@std@@@4@$0A@@std@@@std@@IAE?AU?$pair@V?$_Tree_iterator@V?$_Tree_val@U?$_Tree_simple_types@U?$pair@QAUlua_State@@PAVILuaInterface@@@std@@@std@@@std@@@std@@_N@1@_NAAU?$pair@QAUlua_State@@PAVILuaInterface@@@1@PAU?$_Tree_node@U?$pair@QAUlua_State@@PAVILuaInterface@@@std@@PAX@1@@Z 1000419a f i ILuaModuleManager.obj
 0001:00003530       ??$construct@PADAAPAD@?$allocator@D@std@@QAEXPAPADAAPAD@Z 10004530 f i ILuaObject.obj
 0001:00003530       ??$construct@PAU?$_Tree_node@U?$pair@QAUlua_State@@PAVILuaInterface@@@std@@PAX@std@@AAPAU12@@?$allocator@U?$_Tree_node@U?$pair@QAUlua_State@@PAVILuaInterface@@@std@@PAX@std@@@std@@QAEXPAPAU?$_Tree_node@U?$pair@QAUlua_State@@PAVILuaInterface@@@std@@PAX@1@AAPAU21@@Z 10004530 f i ILuaModuleManager.obj
 0001:00003530       ??$construct@PAU?$_Tree_node@U?$pair@QBXUtss_data_node@detail@boost@@@std@@PAX@std@@AAPAU12@@?$allocator@U?$_Tree_node@U?$pair@QBXUtss_data_node@detail@boost@@@std@@PAX@std@@@std@@QAEXPAPAU?$_Tree_node@U?$pair@QBXUtss_data_node@detail@boost@@@std@@PAX@1@AAPAU21@@Z 10004530 f i nav.obj
 0001:000035a6       ?max_size@?$_Tree@V?$_Tmap_traits@PAUlua_State@@PAVILuaInterface@@U?$less@PAUlua_State@@@std@@V?$allocator@U?$pair@QAUlua_State@@PAVILuaInterface@@@std@@@4@$0A@@std@@@std@@QBEIXZ 100045a6 f i ILuaModuleManager.obj
 0001:000035c3       ??F?$_Tree_iterator@V?$_Tree_val@U?$_Tree_simple_types@U?$pair@QAUlua_State@@PAVILuaInterface@@@std@@@std@@@std@@@std@@QAEAAV01@XZ 100045c3 f i ILuaModuleManager.obj
 0001:000035d7       ?max_size@?$_Wrap_alloc@V?$allocator@U?$_Tree_node@U?$pair@QAUlua_State@@PAVILuaInterface@@@std@@PAX@std@@@std@@@std@@QBEIXZ 100045d7 f i ILuaModuleManager.obj
 0001:000035e9       ?max_size@?$allocator_traits@V?$allocator@U?$_Tree_node@U?$pair@QAUlua_State@@PAVILuaInterface@@@std@@PAX@std@@@std@@@std@@SAIABV?$allocator@U?$_Tree_node@U?$pair@QAUlua_State@@PAVILuaInterface@@@std@@PAX@std@@@2@@Z 100045e9 f i ILuaModuleManager.obj
 0001:000035f6       ?max_size@?$allocator@U?$_Tree_node@U?$pair@QAUlua_State@@PAVILuaInterface@@@std@@PAX@std@@@std@@QBEIXZ 100045f6 f i ILuaModuleManager.obj
 0001:00003604       ??$construct@U?$pair@QAUlua_State@@PAVILuaInterface@@@std@@U?$pair@PAUlua_State@@PAVILuaInterface@@@2@@?$allocator_traits@V?$allocator@U?$_Tree_node@U?$pair@QAUlua_State@@PAVILuaInterface@@@std@@PAX@std@@@std@@@std@@SAXAAV?$allocator@U?$_Tree_node@U?$pair@QAUlua_State@@PAVILuaInterface@@@std@@PAX@std@@@1@PAU?$pair@QAUlua_State@@PAVILuaInterface@@@1@$$QAU?$pair@PAUlua_State@@PAVILuaInterface@@@1@@Z 10004604 f i ILuaModuleManager.obj
 0001:0000361e       ??$_Buynode_if_nil@AAU?$pair@QAUlua_State@@PAVILuaInterface@@@std@@@?$_Tree@V?$_Tmap_traits@PAUlua_State@@PAVILuaInterface@@U?$less@PAUlua_State@@@std@@V?$allocator@U?$pair@QAUlua_State@@PAVILuaInterface@@@std@@@4@$0A@@std@@@std@@IAEPAU?$_Tree_node@U?$pair@QAUlua_State@@PAVILuaInterface@@@std@@PAX@1@PAU21@AAU?$pair@QAUlua_State@@PAVILuaInterface@@@1@@Z 1000461e f i ILuaModuleManager.obj
 0001:0000362c       ??$?0V?$_Tree_iterator@V?$_Tree_val@U?$_Tree_simple_types@U?$pair@QAUlua_State@@PAVILuaInterface@@@std@@@std@@@std@@@std@@_N@?$pair@V?$_Tree_iterator@V?$_Tree_val@U?$_Tree_simple_types@U?$pair@QAUlua_State@@PAVILuaInterface@@@std@@@std@@@std@@@std@@_N@std@@QAE@$$QAV?$_Tree_iterator@V?$_Tree_val@U?$_Tree_simple_types@U?$pair@QAUlua_State@@PAVILuaInterface@@@std@@@std@@@std@@@1@$$QA_NPAPAX@Z 1000462c f i ILuaModuleManager.obj
 0001:0000362c       ??$?0AAV?$_Tree_iterator@V?$_Tree_val@U?$_Tree_simple_types@U?$pair@QAUlua_State@@PAVILuaInterface@@@std@@@std@@@std@@@std@@_N@?$pair@V?$_Tree_iterator@V?$_Tree_val@U?$_Tree_simple_types@U?$pair@QAUlua_State@@PAVILuaInterface@@@std@@@std@@@std@@@std@@_N@std@@QAE@AAV?$_Tree_iterator@V?$_Tree_val@U?$_Tree_simple_types@U?$pair@QAUlua_State@@PAVILuaInterface@@@std@@@std@@@std@@@1@$$QA_NPAPAX@Z 1000462c f i ILuaModuleManager.obj
 0001:0000365b       ??$?0V?$_Tree_iterator@V?$_Tree_val@U?$_Tree_simple_types@U?$pair@QAUlua_State@@PAVILuaInterface@@@std@@@std@@@std@@@std@@_N@?$pair@V?$_Tree_iterator@V?$_Tree_val@U?$_Tree_simple_types@U?$pair@QAUlua_State@@PAVILuaInterface@@@std@@@std@@@std@@@std@@_N@std@@QAE@$$QAU01@PAPAX@Z 1000465b f i ILuaModuleManager.obj
 0001:0000368e       ??$construct@U?$pair@QAUlua_State@@PAVILuaInterface@@@std@@U?$pair@PAUlua_State@@PAVILuaInterface@@@2@@?$allocator@U?$_Tree_node@U?$pair@QAUlua_State@@PAVILuaInterface@@@std@@PAX@std@@@std@@QAEXPAU?$pair@QAUlua_State@@PAVILuaInterface@@@1@$$QAU?$pair@PAUlua_State@@PAVILuaInterface@@@1@@Z 1000468e f i ILuaModuleManager.obj
 0001:00003705       ??$?0PAUlua_State@@PAVILuaInterface@@@?$pair@QAUlua_State@@PAVILuaInterface@@@std@@QAE@$$QAU?$pair@PAUlua_State@@PAVILuaInterface@@@1@PAPAX@Z 10004705 f i ILuaModuleManager.obj
 0001:00003738       ?length@?$char_traits@D@std@@SAIPBD@Z 10004738 f i ILuaObject.obj
 0001:00003780       ?copy@?$char_traits@D@std@@SAPADPADPBDI@Z 10004780 f i ILuaObject.obj
 0001:000037ab       ?move@?$char_traits@D@std@@SAPADPADPBDI@Z 100047ab f i ILuaObject.obj
 0001:000037d6       ?assign@?$char_traits@D@std@@SAXAADABD@Z 100047d6 f i ILuaObject.obj
 0001:000037e5       ??0?$mf1@XVNav@@PA_N@_mfi@boost@@QAE@P8Nav@@AEXPA_N@Z@Z 100047e5 f i nav.obj
 0001:000037e5       ??0Iterator_t@?$CUtlMemory@U?$UtlLinkedListElem_t@UGroundSeedSpot@@H@@H@@QAE@H@Z 100047e5 f i nav.obj
 0001:000037e5       ??0id@locale@std@@QAE@I@Z  100047e5 f i ILuaObject.obj
 0001:000037e5       ??0Iterator_t@?$CUtlMemory@U?$UtlLinkedListElem_t@UAirSeedSpot@@H@@H@@QAE@H@Z 100047e5 f i nav.obj
 0001:000037e5       ??0?$mf3@XVNav@@PAUJobInfo_t@@PAVNode@@PAV3@@_mfi@boost@@QAE@P8Nav@@AEXPAUJobInfo_t@@PAVNode@@1@Z@Z 100047e5 f i nav.obj
 0001:000037e5       ??0?$storage1@V?$value@PAVNav@@@_bi@boost@@@_bi@boost@@QAE@V?$value@PAVNav@@@12@@Z 100047e5 f i nav.obj
 0001:000037e5       ??0?$int_adapter@I@date_time@boost@@QAE@I@Z 100047e5 f i main.obj
 0001:000037e5       ??0handle_manager@win32@detail@boost@@QAE@PAX@Z 100047e5 f i nav.obj
 0001:000037fb       ??0error_category@std@@QAE@XZ 100047fb f i ILuaObject.obj
 0001:00003810       ??1error_category@std@@UAE@XZ 10004810 f i ILuaObject.obj
 0001:00003822       ??8error_category@std@@QBE_NABV01@@Z 10004822 f i ILuaObject.obj
 0001:00003846       ??_Gerror_category@std@@UAEPAXI@Z 10004846 f i ILuaObject.obj
 0001:00003846       ??_Eerror_category@std@@UAEPAXI@Z 10004846 f i * CIL library *:* CIL module *
 0001:0000386d       ??0ILuaObject@@QAE@PAVILuaBase@Lua@GarrysMod@@H@Z 1000486d f i ILuaObject.obj
 0001:0000386d       ??0error_code@system@boost@@QAE@HABVerror_category@12@@Z 1000486d f i nav.obj
 0001:0000386d       ??0error_condition@std@@QAE@HABVerror_category@1@@Z 1000486d f i ILuaObject.obj
 0001:0000388c       ??8error_condition@std@@QBE_NABV01@@Z 1000488c f i ILuaObject.obj
 0001:000038df       ?default_error_condition@error_category@std@@UBE?AVerror_condition@2@H@Z 100048df f i ILuaObject.obj
 0001:000038fb       ?equivalent@error_category@std@@UBE_NHABVerror_condition@2@@Z 100048fb f i ILuaObject.obj
 0001:00003924       ?equivalent@error_category@std@@UBE_NABVerror_code@2@H@Z 10004924 f i ILuaObject.obj
 0001:00003965       ??0_Generic_error_category@std@@QAE@XZ 10004965 f i ILuaObject.obj
 0001:00003982       ?name@_Generic_error_category@std@@UBEPBDXZ 10004982 f i ILuaObject.obj
 0001:00003990       ?message@_Generic_error_category@std@@UBE?AV?$basic_string@DU?$char_traits@D@std@@V?$allocator@D@2@@2@H@Z 10004990 f i ILuaObject.obj
 0001:000039d9       ??_E_Generic_error_category@std@@UAEPAXI@Z 100049d9 f i * CIL library *:* CIL module *
 0001:000039d9       ??_G_Generic_error_category@std@@UAEPAXI@Z 100049d9 f i ILuaObject.obj
 0001:00003a00       ??1_Generic_error_category@std@@UAE@XZ 10004a00 f i ILuaObject.obj
 0001:00003a11       ??0_Iostream_error_category@std@@QAE@XZ 10004a11 f i ILuaObject.obj
 0001:00003a2e       ?name@_Iostream_error_category@std@@UBEPBDXZ 10004a2e f i ILuaObject.obj
 0001:00003a3c       ?message@_Iostream_error_category@std@@UBE?AV?$basic_string@DU?$char_traits@D@std@@V?$allocator@D@2@@2@H@Z 10004a3c f i ILuaObject.obj
 0001:00003a89       ??_E_System_error_category@std@@UAEPAXI@Z 10004a89 f i * CIL library *:* CIL module *
 0001:00003a89       ??_G_Iostream_error_category@std@@UAEPAXI@Z 10004a89 f i ILuaObject.obj
 0001:00003a89       ??_G_System_error_category@std@@UAEPAXI@Z 10004a89 f i ILuaObject.obj
 0001:00003a89       ??_E_Iostream_error_category@std@@UAEPAXI@Z 10004a89 f i * CIL library *:* CIL module *
 0001:00003ab0       ??1_Iostream_error_category@std@@UAE@XZ 10004ab0 f i ILuaObject.obj
 0001:00003ab0       ??1_System_error_category@std@@UAE@XZ 10004ab0 f i ILuaObject.obj
 0001:00003ac1       ??0_System_error_category@std@@QAE@XZ 10004ac1 f i ILuaObject.obj
 0001:00003ade       ?name@_System_error_category@std@@UBEPBDXZ 10004ade f i ILuaObject.obj
 0001:00003aec       ?message@_System_error_category@std@@UBE?AV?$basic_string@DU?$char_traits@D@std@@V?$allocator@D@2@@2@H@Z 10004aec f i ILuaObject.obj
 0001:00003b35       ?default_error_condition@_System_error_category@std@@UBE?AVerror_condition@2@H@Z 10004b35 f i ILuaObject.obj
 0001:00003b79       ?generic_category@std@@YAABVerror_category@1@XZ 10004b79 f i ILuaObject.obj
 0001:00003b83       ?system_category@std@@YAABVerror_category@1@XZ 10004b83 f i ILuaObject.obj
 0001:00003b8d       ?_Orphan_all@_Container_base0@std@@QAEXXZ 10004b8d f   nav.obj
 0001:00003b8d       ?ValidateGrowSize@?$CUtlMemory@U?$UtlLinkedListElem_t@UAirSeedSpot@@H@@H@@IAEXXZ 10004b8d f   nav.obj
 0001:00003b8d       ?ValidateGrowSize@?$CUtlMemory@U?$UtlLinkedListElem_t@UGroundSeedSpot@@H@@H@@IAEXXZ 10004b8d f   nav.obj
 0001:00003b8d       ?ValidateGrowSize@?$CUtlMemory@PAUJobInfo_t@@H@@IAEXXZ 10004b8d f   main.obj
 0001:00003b8d       ?ValidateGrowSize@?$CUtlMemory@PAVNode@@H@@IAEXXZ 10004b8d f   main.obj
 0001:00003b8d       ??1ILuaObject@@QAE@XZ      10004b8d f   ILuaObject.obj
 0001:00003b96       ?UnReference@ILuaObject@@QAEXXZ 10004b96 f   ILuaObject.obj
 0001:00003bde       ??_GILuaObject@@QAEPAXI@Z  10004bde f i ILuaObject.obj
 0001:00003c05       ?SetMember@ILuaObject@@QAEXPBDPAV1@@Z 10004c05 f   ILuaObject.obj
 0001:00003c56       ?SetMember@ILuaObject@@QAEXPBDN@Z 10004c56 f   ILuaObject.obj
 0001:00003cba       ?SetMember@ILuaObject@@QAEXPBDP6AHPAUlua_State@@@Z@Z 10004cba f   ILuaObject.obj
 0001:00003d18       ?SetMember@ILuaObject@@QAEXNPAV1@@Z 10004d18 f   ILuaObject.obj
 0001:00003d70       ?SetMember@ILuaObject@@QAEXMPAV1@@Z 10004d70 f   ILuaObject.obj
 0001:00003d92       ?GetMember@ILuaObject@@QAEPAV1@PBD@Z 10004d92 f   ILuaObject.obj
 0001:00003e47       ?isType@ILuaObject@@QAE_NH@Z 10004e47 f   ILuaObject.obj
 0001:00003e89       ?isTable@ILuaObject@@QAE_NXZ 10004e89 f   ILuaObject.obj
 0001:00003e9c       ?Push@ILuaObject@@QAEXXZ   10004e9c f   ILuaObject.obj
 0001:00003ebd       ??0?$basic_string@DU?$char_traits@D@std@@V?$allocator@D@2@@std@@QAE@PBD@Z 10004ebd f i ILuaObject.obj
 0001:00003ef4       ??1?$basic_string@DU?$char_traits@D@std@@V?$allocator@D@2@@std@@QAE@XZ 10004ef4 f i ILuaObject.obj
 0001:00003f09       ?assign@?$basic_string@DU?$char_traits@D@std@@V?$allocator@D@2@@std@@QAEAAV12@PBD@Z 10004f09 f i ILuaObject.obj
 0001:00003f29       ?size@?$basic_string@DU?$char_traits@D@std@@V?$allocator@D@2@@std@@QBEIXZ 10004f29 f i ILuaObject.obj
 0001:00003f38       ?_Tidy@?$basic_string@DU?$char_traits@D@std@@V?$allocator@D@2@@std@@QAEX_NI@Z 10004f38 f i ILuaObject.obj
 0001:00003fc7       ??0?$_String_alloc@$0A@U?$_String_base_types@DV?$allocator@D@std@@@std@@@std@@QAE@ABV?$allocator@D@1@@Z 10004fc7 f i ILuaObject.obj
 0001:00003fdd       ?_Myptr@?$_String_val@U?$_Simple_types@D@std@@@std@@QAEPADXZ 10004fdd f i ILuaObject.obj
 0001:00003fdd       ?_Myptr@?$_String_val@U?$_Simple_types@D@std@@@std@@QBEPBDXZ 10004fdd f i ILuaObject.obj
 0001:00004009       ?assign@?$basic_string@DU?$char_traits@D@std@@V?$allocator@D@2@@std@@QAEAAV12@PBDI@Z 10005009 f i ILuaObject.obj
 0001:0000407d       ?_Eos@?$basic_string@DU?$char_traits@D@std@@V?$allocator@D@2@@std@@QAEXI@Z 1000507d f i ILuaObject.obj
 0001:000040ad       ?_Xran@?$basic_string@DU?$char_traits@D@std@@V?$allocator@D@2@@std@@QBEXXZ 100050ad f i ILuaObject.obj
 0001:000040c0       ??0?$_String_val@U?$_Simple_types@D@std@@@std@@QAE@XZ 100050c0 f i ILuaObject.obj
 0001:000040da       ?assign@?$basic_string@DU?$char_traits@D@std@@V?$allocator@D@2@@std@@QAEAAV12@ABV12@II@Z 100050da f i ILuaObject.obj
 0001:0000417f       ?_Grow@?$basic_string@DU?$char_traits@D@std@@V?$allocator@D@2@@std@@QAE_NI_N@Z 1000517f f i ILuaObject.obj
 0001:0000421e       ?_Inside@?$basic_string@DU?$char_traits@D@std@@V?$allocator@D@2@@std@@QAE_NPBD@Z 1000521e f i ILuaObject.obj
 0001:00004257       ?_Xlen@?$basic_string@DU?$char_traits@D@std@@V?$allocator@D@2@@std@@QBEXXZ 10005257 f i ILuaObject.obj
 0001:0000426a       ?erase@?$basic_string@DU?$char_traits@D@std@@V?$allocator@D@2@@std@@QAEAAV12@I@Z 1000526a f i ILuaObject.obj
 0001:00004296       ?erase@?$basic_string@DU?$char_traits@D@std@@V?$allocator@D@2@@std@@QAEAAV12@II@Z 10005296 f i ILuaObject.obj
 0001:00004318       ?max_size@?$basic_string@DU?$char_traits@D@std@@V?$allocator@D@2@@std@@QBEIXZ 10005318 f i ILuaObject.obj
 0001:00004352       ?_Copy@?$basic_string@DU?$char_traits@D@std@@V?$allocator@D@2@@std@@QAEXII@Z 10005352 f i ILuaObject.obj
 0001:000044f2       ?allocate@?$_Wrap_alloc@V?$allocator@D@std@@@std@@QAEPADI@Z 100054f2 f i ILuaObject.obj
 0001:00004508       ?max_size@?$_Wrap_alloc@V?$allocator@D@std@@@std@@QBEIXZ 10005508 f i ILuaObject.obj
 0001:0000451a       ?allocate@?$allocator@D@std@@QAEPADI@Z 1000551a f i ILuaObject.obj
 0001:00004531       ?max_size@?$allocator_traits@V?$allocator@D@std@@@std@@SAIABV?$allocator@D@2@@Z 10005531 f i ILuaObject.obj
 0001:0000453e       ?max_size@?$allocator@D@std@@QBEIXZ 1000553e f i ILuaObject.obj
 0001:0000454a       ??$_Allocate@D@std@@YAPADIPAD@Z 1000554a f i ILuaObject.obj
 0001:0000457c       _kd_create                 1000557c f   kdtree.obj
 0001:00004608       _kd_clear                  10005608 f   kdtree.obj
 0001:00004756       _kd_insert                 10005756 f   kdtree.obj
 0001:000047b6       _kd_insert3f               100057b6 f   kdtree.obj
 0001:00004bbb       _kd_nearest                10005bbb f   kdtree.obj
 0001:00004d4a       _kd_nearest3f              10005d4a f   kdtree.obj
 0001:00004da6       _kd_nearest_range          10005da6 f   kdtree.obj
 0001:00004e54       _kd_res_free               10005e54 f   kdtree.obj
 0001:00004e77       _kd_res_rewind             10005e77 f   kdtree.obj
 0001:00004e8b       _kd_res_end                10005e8b f   kdtree.obj
 0001:00004eaa       _kd_res_next               10005eaa f   kdtree.obj
 0001:00004ed8       _kd_res_item               10005ed8 f   kdtree.obj
 0001:00004f1b       _kd_res_item_data          10005f1b f   kdtree.obj
 0001:00005261       ??0Vector@@QAE@MMM@Z       10006261 f i main.obj
 0001:00005295       ??4Vector@@QAEAAV0@ABV0@@Z 10006295 f i main.obj
 0001:000052c5       ??0Vector4D@@QAE@MMMM@Z    100062c5 f i main.obj
 0001:0000533b       ?min@?$numeric_limits@I@std@@SAIXZ 1000633b f i main.obj
 0001:00005342       ?max@?$numeric_limits@I@std@@SAIXZ 10006342 f i main.obj
 0001:00005342       ?InvalidIndex@?$CUtlMemory@U?$UtlLinkedListElem_t@UGroundSeedSpot@@H@@H@@SAHXZ 10006342 f i nav.obj
 0001:00005342       ?InvalidIndex@?$CUtlMemory@U?$UtlLinkedListElem_t@UAirSeedSpot@@H@@H@@SAHXZ 10006342 f i nav.obj
 0001:0000534a       ?min@?$numeric_limits@_J@std@@SA_JXZ 1000634a f i main.obj
 0001:00005356       ?max@?$numeric_limits@_J@std@@SA_JXZ 10006356 f i main.obj
 0001:00005363       ??0logic_error@std@@QAE@PBD@Z 10006363 f i main.obj
 0001:00005386       ??_Elogic_error@std@@UAEPAXI@Z 10006386 f i * CIL library *:* CIL module *
 0001:00005386       ??_Eruntime_error@std@@UAEPAXI@Z 10006386 f i * CIL library *:* CIL module *
 0001:00005386       ??_Gruntime_error@std@@UAEPAXI@Z 10006386 f i main.obj
 0001:00005386       ??_Glogic_error@std@@UAEPAXI@Z 10006386 f i main.obj
 0001:000053ad       ??1runtime_error@std@@UAE@XZ 100063ad f i main.obj
 0001:000053ad       ??1logic_error@std@@UAE@XZ 100063ad f i main.obj
 0001:000053be       ??0out_of_range@std@@QAE@ABV?$basic_string@DU?$char_traits@D@std@@V?$allocator@D@2@@1@@Z 100063be f i main.obj
 0001:000053e6       ??_Eout_of_range@std@@UAEPAXI@Z 100063e6 f i * CIL library *:* CIL module *
 0001:000053e6       ??_Gout_of_range@std@@UAEPAXI@Z 100063e6 f i main.obj
 0001:0000540d       ??1out_of_range@std@@UAE@XZ 1000640d f i main.obj
 0001:0000541e       ??0runtime_error@std@@QAE@PBD@Z 1000641e f i main.obj
 0001:00005441       ??0runtime_error@std@@QAE@ABV01@@Z 10006441 f i main.obj
 0001:00005463       ??0exception@boost@@IAE@XZ 10006463 f i main.obj
 0001:00005498       ??1exception@boost@@MAE@XZ 10006498 f i main.obj
 0001:000054b5       ??1clone_base@exception_detail@boost@@UAE@XZ 100064b5 f i main.obj
 0001:000054c7       ??_Eclone_base@exception_detail@boost@@UAEPAXI@Z 100064c7 f i * CIL library *:* CIL module *
 0001:000054c7       ??_Gclone_base@exception_detail@boost@@UAEPAXI@Z 100064c7 f i main.obj
 0001:000054ee       ?copy_boost_exception@exception_detail@boost@@YAXPAVexception@2@PBV32@@Z 100064ee f i main.obj
 0001:000055b2       ?gmtime@c_time@date_time@boost@@SAPAUtm@@PB_JPAU4@@Z 100065b2 f i main.obj
 0001:00005627       ?get_system_time_as_file_time@winapi@date_time@boost@@YAXAAUFILETIME@123@@Z 10006627 f i main.obj
 0001:00005635       ?as_number@time_resolution_traits_adapted64_impl@date_time@boost@@SA_JV?$int_adapter@_J@23@@Z 10006635 f i main.obj
 0001:00005642       ?is_adapted@time_resolution_traits_adapted64_impl@date_time@boost@@SA_NXZ 10006642 f i main.obj
 0001:00005649       ??0bad_day_of_month@gregorian@boost@@QAE@XZ 10006649 f i main.obj
 0001:000056c8       ??0bad_day_of_month@gregorian@boost@@QAE@ABV?$basic_string@DU?$char_traits@D@std@@V?$allocator@D@2@@std@@@Z 100066c8 f i main.obj
 0001:000056ea       ??_Gbad_year@gregorian@boost@@UAEPAXI@Z 100066ea f i main.obj
 0001:000056ea       ??_Ebad_month@gregorian@boost@@UAEPAXI@Z 100066ea f i * CIL library *:* CIL module *
 0001:000056ea       ??_Ebad_day_of_month@gregorian@boost@@UAEPAXI@Z 100066ea f i * CIL library *:* CIL module *
 0001:000056ea       ??_Gbad_month@gregorian@boost@@UAEPAXI@Z 100066ea f i main.obj
 0001:000056ea       ??_Ebad_year@gregorian@boost@@UAEPAXI@Z 100066ea f i * CIL library *:* CIL module *
 0001:000056ea       ??_Gbad_day_of_month@gregorian@boost@@UAEPAXI@Z 100066ea f i main.obj
 0001:00005711       ??1bad_year@gregorian@boost@@UAE@XZ 10006711 f i main.obj
 0001:00005711       ??1bad_day_of_month@gregorian@boost@@UAE@XZ 10006711 f i main.obj
 0001:00005711       ??1bad_month@gregorian@boost@@UAE@XZ 10006711 f i main.obj
 0001:00005722       ??0greg_day@gregorian@boost@@QAE@G@Z 10006722 f i main.obj
 0001:0000573b       ??Bgreg_year@gregorian@boost@@QBEGXZ 1000673b f i main.obj
 0001:0000573b       ??Bgreg_day@gregorian@boost@@QBEGXZ 1000673b f i main.obj
 0001:0000573b       ??Bgreg_month@gregorian@boost@@QBEGXZ 1000673b f i main.obj
 0001:0000574a       ??0bad_year@gregorian@boost@@QAE@XZ 1000674a f i main.obj
 0001:000057c9       ??0greg_year@gregorian@boost@@QAE@G@Z 100067c9 f i main.obj
 0001:000057e2       ??0bad_month@gregorian@boost@@QAE@XZ 100067e2 f i main.obj
 0001:00005861       ??0greg_month@gregorian@boost@@QAE@G@Z 10006861 f i main.obj
 0001:0000587a       ??0date@gregorian@boost@@QAE@Vgreg_year@12@Vgreg_month@12@Vgreg_day@12@@Z 1000687a f i main.obj
 0001:00005945       ??0time_duration@posix_time@boost@@QAE@HHH_J@Z 10006945 f i main.obj
 0001:0000596a       ??0?$counted_time_rep@Vmillisec_posix_time_system_config@posix_time@boost@@@date_time@boost@@QAE@_J@Z 1000696a f i main.obj
 0001:0000596a       ??0time_duration@posix_time@boost@@IAE@V?$int_adapter@_J@date_time@2@@Z 1000696a f i main.obj
 0001:00005986       ??0ptime@posix_time@boost@@QAE@Vdate@gregorian@2@Vtime_duration@12@@Z 10006986 f i main.obj
 0001:000059a6       ??0ptime@posix_time@boost@@QAE@ABU?$counted_time_rep@Vmillisec_posix_time_system_config@posix_time@boost@@@date_time@2@@Z 100069a6 f i main.obj
 0001:000059a6       ??0time_duration@posix_time@boost@@QAE@ABV012@@Z 100069a6 f i main.obj
 0001:000059bf       ?get_system_time@boost@@YA?AVptime@posix_time@1@XZ 100069bf f i main.obj
 0001:000059d0       ?free_raw_heap_memory@detail@boost@@YAXPAX@Z 100069d0 f i main.obj
 0001:000059e7       ?intrusive_ptr_release@detail@boost@@YAXPAUthread_data_base@12@@Z 100069e7 f i main.obj
 0001:00005a05       ??0timeout@detail@boost@@QAE@_K@Z 10006a05 f i main.obj
 0001:00005a41       ?pin_to_zero@detail@boost@@YA_K_J@Z 10006a41 f i main.obj
 0001:00005a73       ?interruptible_wait@this_thread@boost@@YAX_K@Z 10006a73 f i main.obj
 0001:00005a92       ??1thread@boost@@QAE@XZ    10006a92 f i main.obj
 0001:00005add       _gmod13_open               10006add f   main.obj
 0001:00005af9       _gmod13_close              10006af9 f   main.obj
 0001:00005b1c       ?NewVectorObject@@YAPAVILuaObject@@PAUlua_State@@AAVVector@@@Z 10006b1c f   main.obj
 0001:00005bec       ?LUA_PushVector@@YAXPAUlua_State@@AAVVector@@@Z 10006bec f   main.obj
 0001:00005c22       ?LUA_GetVector@@YAAAVVector@@PAUlua_State@@H@Z 10006c22 f   main.obj
 0001:00005c3f       ?nav_Create@@YAHPAUlua_State@@@Z 10006c3f f   main.obj
 0001:00005cea       ?nav_Poll@@YAHPAUlua_State@@@Z 10006cea f   main.obj
 0001:00006091       ??_GJobInfo_t@@QAEPAXI@Z   10007091 f i main.obj
 0001:000060b8       ??1JobInfo_t@@QAE@XZ       100070b8 f i main.obj
 0001:00006106       ?Nav_GetNodeByID@@YAHPAUlua_State@@@Z 10007106 f   main.obj
 0001:00006188       ?Nav_GetNodeTotal@@YAHPAUlua_State@@@Z 10007188 f   main.obj
 0001:000061e5       ?Nav_GetNodes@@YAHPAUlua_State@@@Z 100071e5 f   main.obj
 0001:000062fd       ?Nav_GetNearestNodes@@YAHPAUlua_State@@@Z 100072fd f   main.obj
 0001:000064e0       ?Nav_SetupMaxDistance@@YAHPAUlua_State@@@Z 100074e0 f   main.obj
 0001:00006572       ?Nav_AddGroundSeed@@YAHPAUlua_State@@@Z 10007572 f   main.obj
 0001:000065f4       ?Nav_AddAirSeed@@YAHPAUlua_State@@@Z 100075f4 f   main.obj
 0001:00006650       ?Nav_ClearGroundSeeds@@YAHPAUlua_State@@@Z 10007650 f   main.obj
 0001:00006686       ?Nav_ClearAirSeeds@@YAHPAUlua_State@@@Z 10007686 f   main.obj
 0001:000066bc       ?Nav_Generate@@YAHPAUlua_State@@@Z 100076bc f   main.obj
 0001:00006834       ??0JobInfo_t@@QAE@XZ       10007834 f i main.obj
 0001:0000689f       ?Nav_FullGeneration@@YAHPAUlua_State@@@Z 1000789f f   main.obj
 0001:00006938       ?Nav_IsGenerated@@YAHPAUlua_State@@@Z 10007938 f   main.obj
 0001:00006988       ?Nav_FindPath@@YAHPAUlua_State@@@Z 10007988 f   main.obj
 0001:00006ab0       ?Nav_FindPathImmediate@@YAHPAUlua_State@@@Z 10007ab0 f   main.obj
 0001:00006cb6       ?Nav_FindPathHull@@YAHPAUlua_State@@@Z 10007cb6 f   main.obj
 0001:00006e40       ?Nav_GetHeuristic@@YAHPAUlua_State@@@Z 10007e40 f   main.obj
 0001:00006e96       ?Nav_GetStart@@YAHPAUlua_State@@@Z 10007e96 f   main.obj
 0001:00006ed8       ?Nav_GetEnd@@YAHPAUlua_State@@@Z 10007ed8 f   main.obj
 0001:00006f1a       ?Nav_SetHeuristic@@YAHPAUlua_State@@@Z 10007f1a f   main.obj
 0001:00006f86       ?Nav_SetStart@@YAHPAUlua_State@@@Z 10007f86 f   main.obj
 0001:00006fe5       ?Nav_SetEnd@@YAHPAUlua_State@@@Z 10007fe5 f   main.obj
 0001:00007044       ?Nav_GetNode@@YAHPAUlua_State@@@Z 10008044 f   main.obj
 0001:000070ac       ?Nav_GetClosestNode@@YAHPAUlua_State@@@Z 100080ac f   main.obj
 0001:00007114       ?Nav_Save@@YAHPAUlua_State@@@Z 10008114 f   main.obj
 0001:00007197       ?Nav_Load@@YAHPAUlua_State@@@Z 10008197 f   main.obj
 0001:0000721a       ?Nav_GetDiagonal@@YAHPAUlua_State@@@Z 1000821a f   main.obj
 0001:0000726a       ?Nav_SetDiagonal@@YAHPAUlua_State@@@Z 1000826a f   main.obj
 0001:000072bb       ?Nav_GetGridSize@@YAHPAUlua_State@@@Z 100082bb f   main.obj
 0001:00007311       ?Nav_SetGridSize@@YAHPAUlua_State@@@Z 10008311 f   main.obj
 0001:00007378       ?Nav_GetMask@@YAHPAUlua_State@@@Z 10008378 f   main.obj
 0001:000073ce       ?Nav_SetMask@@YAHPAUlua_State@@@Z 100083ce f   main.obj
 0001:00007435       ?Nav_CreateNode@@YAHPAUlua_State@@@Z 10008435 f   main.obj
 0001:000074c7       ?Nav_RemoveNode@@YAHPAUlua_State@@@Z 100084c7 f   main.obj
 0001:00007526       ?Node__eq@@YAHPAUlua_State@@@Z 10008526 f   main.obj
 0001:000075b7       ?Node_GetID@@YAHPAUlua_State@@@Z 100085b7 f   main.obj
 0001:00007615       ?Node_GetPosition@@YAHPAUlua_State@@@Z 10008615 f   main.obj
 0001:00007650       ?Node_GetNormal@@YAHPAUlua_State@@@Z 10008650 f   main.obj
 0001:0000768e       ?Node_IsDisabled@@YAHPAUlua_State@@@Z 1000868e f   main.obj
 0001:000076de       ?Node_SetDisabled@@YAHPAUlua_State@@@Z 100086de f   main.obj
 0001:00007748       ?Node_GetConnections@@YAHPAUlua_State@@@Z 10008748 f   main.obj
 0001:00007854       ?Node_GetConnectedNode@@YAHPAUlua_State@@@Z 10008854 f   main.obj
 0001:00007906       ?Node_GetScoreG@@YAHPAUlua_State@@@Z 10008906 f   main.obj
 0001:00007956       ?Node_GetScoreF@@YAHPAUlua_State@@@Z 10008956 f   main.obj
 0001:000079a6       ?Node_IsConnected@@YAHPAUlua_State@@@Z 100089a6 f   main.obj
 0001:00007a6b       ?Node_SetNormal@@YAHPAUlua_State@@@Z 10008a6b f   main.obj
 0001:00007ac7       ?Node_SetPosition@@YAHPAUlua_State@@@Z 10008ac7 f   main.obj
 0001:00007b23       ?Node_ConnectTo@@YAHPAUlua_State@@@Z 10008b23 f   main.obj
 0001:00007c01       ?Node_RemoveConnection@@YAHPAUlua_State@@@Z 10008c01 f   main.obj
 0001:00007c9f       ?Init@@YAHPAUlua_State@@@Z 10008c9f f   main.obj
 0001:000084dc       ?Shutdown@@YAHPAUlua_State@@@Z 100094dc f   main.obj
 0001:000085bb       ?c_str@?$basic_string@DU?$char_traits@D@std@@V?$allocator@D@2@@std@@QBEPBDXZ 100095bb f i main.obj
 0001:000085cc       ??1?$refcount_ptr@Uerror_info_container@exception_detail@boost@@@exception_detail@boost@@QAE@XZ 100095cc f i main.obj
 0001:000085dd       ??4?$refcount_ptr@Uerror_info_container@exception_detail@boost@@@exception_detail@boost@@QAEAAV012@ABV012@@Z 100095dd f i main.obj
 0001:000085f8       ?as_number@?$int_adapter@_J@date_time@boost@@QBE_JXZ 100095f8 f i main.obj
 0001:00008609       ??0?$constrained_value@V?$simple_exception_policy@G$00$0BP@Ubad_day_of_month@gregorian@boost@@@CV@boost@@@CV@boost@@QAE@G@Z 10009609 f i main.obj
 0001:0000862d       ??0?$constrained_value@V?$simple_exception_policy@G$0FHI@$0CHBA@Ubad_year@gregorian@boost@@@CV@boost@@@CV@boost@@QAE@G@Z 1000962d f i main.obj
 0001:00008651       ??0?$constrained_value@V?$simple_exception_policy@G$00$0M@Ubad_month@gregorian@boost@@@CV@boost@@@CV@boost@@QAE@G@Z 10009651 f i main.obj
 0001:00008675       ??0?$date@V0gregorian@boost@@Vgregorian_calendar@12@Vdate_duration@12@@date_time@boost@@QAE@Vgreg_year@gregorian@2@Vgreg_month@42@Vgreg_day@42@@Z 10009675 f i main.obj
 0001:000086a2       ??0?$time_duration@V0posix_time@boost@@V?$time_resolution_traits@Utime_resolution_traits_adapted64_impl@date_time@boost@@$04$0PECEA@$05H@date_time@2@@date_time@boost@@QAE@HHH_J@Z 100096a2 f i main.obj
[...]
 0002:00010690       __ehfuncinfo$?allocate_raw_heap_memory@detail@boost@@YAPAXI@Z 1003d690     * CIL library *:* CIL module *
 0002:000106b4       __unwindtable$?allocate_raw_heap_memory@detail@boost@@YAPAXI@Z 1003d6b4     * CIL library *:* CIL module *
 0002:000106bc       __ehfuncinfo$?create_anonymous_event@win32@detail@boost@@YAPAXW4event_type@123@W4initial_event_state@123@@Z 1003d6bc     * CIL library *:* CIL module *
 0002:000106e0       __unwindtable$?create_anonymous_event@win32@detail@boost@@YAPAXW4event_type@123@W4initial_event_state@123@@Z 1003d6e0     * CIL library *:* CIL module *
 0002:000106e8       __ehfuncinfo$?what@system_error@system@boost@@UBEPBDXZ 1003d6e8     * CIL library *:* CIL module *
 0002:0001070c       __unwindtable$?what@system_error@system@boost@@UBEPBDXZ 1003d70c     * CIL library *:* CIL module *
 0002:00010724       __tryblocktable$?what@system_error@system@boost@@UBEPBDXZ 1003d724     * CIL library *:* CIL module *
 0002:00010738       __catchsym$?what@system_error@system@boost@@UBEPBDXZ$3 1003d738     * CIL library *:* CIL module *
 0002:00010748       __ehfuncinfo$?GenerateQueue@Nav@@QAEXPAUJobInfo_t@@@Z 1003d748     * CIL library *:* CIL module *
 0002:00010748       __ehfuncinfo$?FindPathQueue@Nav@@QAEXPAUJobInfo_t@@@Z 1003d748     * CIL library *:* CIL module *
 0002:0001076c       __unwindtable$?GenerateQueue@Nav@@QAEXPAUJobInfo_t@@@Z 1003d76c     * CIL library *:* CIL module *
 0002:0001076c       __unwindtable$?FindPathQueue@Nav@@QAEXPAUJobInfo_t@@@Z 1003d76c     * CIL library *:* CIL module *
 0002:00010774       __ehfuncinfo$?Load@Nav@@QAE_NPBD@Z 1003d774     * CIL library *:* CIL module *
 0002:00010798       __unwindtable$?Load@Nav@@QAE_NPBD@Z 1003d798     * CIL library *:* CIL module *
 0002:000107a0       __ehfuncinfo$?AddNode@Nav@@QAEPAVNode@@ABVVector@@0W4NavDirType@@PAV2@@Z 1003d7a0     * CIL library *:* CIL module *
 0002:000107c4       __unwindtable$?AddNode@Nav@@QAEPAVNode@@ABVVector@@0W4NavDirType@@PAV2@@Z 1003d7c4     * CIL library *:* CIL module *
 0002:000107cc       __ehfuncinfo$??0Nav@@QAE@H@Z 1003d7cc     * CIL library *:* CIL module *
 0002:000107f0       __unwindtable$??0Nav@@QAE@H@Z 1003d7f0     * CIL library *:* CIL module *
 0002:00010a6a       .idata$6                   1003da6a     tier0:tier0.dll
 0002:00010b38       .idata$6                   1003db38     kernel32:KERNEL32.dll
 0002:000110d0       .edata                     1003e0d0     gmsv_navigation_win32.exp
 0002:000110f8       rgpv                       1003e0f8     gmsv_navigation_win32.exp
 0002:00011104       rgszName                   1003e104     gmsv_navigation_win32.exp
 0002:00011110       rgwOrd                     1003e110     gmsv_navigation_win32.exp
 0002:00011116       szName                     1003e116     gmsv_navigation_win32.exp
 0002:00011130       $N00001                    1003e130     gmsv_navigation_win32.exp
 0002:00011140       $N00002                    1003e140     gmsv_navigation_win32.exp
 0002:0001114d       $N00003                    1003e14d     gmsv_navigation_win32.exp
 0003:00000020       _vec2_invalid              1003f020     mathlib:mathlib_base.obj
 0003:00000480       _vec2_invalid              1003f480     mathlib:color_conversion.obj
 0003:00000488       _vec2_invalid              1003f488     mathlib:sse.obj
 0003:00000490       _vec2_invalid              1003f490     mathlib:3dnow.obj
 0003:00000498       _s_BackSlashMap            1003f498     tier1:strtools.obj
 0003:000004a4       _vec2_invalid              1003f4a4     tier1:strtools.obj
 0003:000004d0       _NAME_                     1003f4d0     LIBCMT:acos.obj
 0003:000004e0       _NAME_                     1003f4e0     LIBCMT:asin.obj
 0003:000004f8       POW_name                   1003f4f8     LIBCMT:pow.obj
 0003:00000518       _errtable                  1003f518     LIBCMT:dosmap.obj
 0003:00000680       _ErrnoNoMem                1003f680     LIBCMT:dosmap.obj
 0003:00000684       _DoserrorNoMem             1003f684     LIBCMT:dosmap.obj
 0003:000009d4       ?isPackaged@?1??__crtIsPackagedApp@@9@9 1003f9d4     LIBCMT:winapisupp.obj
 0003:00000a00       _newcw                     1003fa00     LIBCMT:floor.obj
 0003:00000a14       ___rgctypeflag             1003fa14     LIBCMT:mbctype.obj
 0003:00000a18       ___rgcode_page_info        1003fa18     LIBCMT:mbctype.obj
 0003:00001160       __ctype_loc_style          10040160     LIBCMT:wsetloca.obj
 0003:00001170       __locktable                10040170     LIBCMT:mlock.obj
 0003:000012d0       ?_names@?1??_get_fname@@9@9 100402d0     LIBCMT:fpexcept.obj
 0003:000013b8       _over                      100403b8     LIBCMT:fpctrl.obj
 0003:000013c4       _under                     100403c4     LIBCMT:fpctrl.obj
 0003:000013d0       ?__DAZ_ENABLED@?1??__set_fpsr_sse2@@9@9 100403d0     LIBCMT:fpctrl.obj
 0003:00001540       _DoubleFormat              10040540     LIBCMT:intrncvt.obj
 0003:00001558       _FloatFormat               10040558     LIBCMT:intrncvt.obj
 0003:00001978       _Name                      10040978     * CIL library *:* CIL module *
 0003:00001a08       _Name                      10040a08     * CIL library *:* CIL module *
 0003:00001a98       _Name                      10040a98     * CIL library *:* CIL module *
 0003:00001b28       _Name                      10040b28     * CIL library *:* CIL module *
 0003:00001bb8       _Name                      10040bb8     * CIL library *:* CIL module *
 0003:00001c48       _Name                      10040c48     * CIL library *:* CIL module *
 0003:00002670       _NAME_                     10041670     LIBCMT:sqrt.obj
 0003:00002a81       _s_b3DNowEnabled           10041a81     mathlib:mathlib_base.obj
 0003:00002a82       _s_bMMXEnabled             10041a82     mathlib:mathlib_base.obj
 0003:00002a83       _s_bSSEEnabled             10041a83     mathlib:mathlib_base.obj
 0003:00002a84       _s_bSSE2Enabled            10041a84     mathlib:mathlib_base.obj
 0003:00002a88       _vec2_origin               10041a88     mathlib:mathlib_base.obj
 0003:00002aa8       _texturetolinear           10041aa8     mathlib:color_conversion.obj
 0003:00003ea8       _g_Mathlib_LinearToGamma   10042ea8     mathlib:color_conversion.obj
 0003:000042a8       _lineartotexture           100432a8     mathlib:color_conversion.obj
 0003:000052a8       _lineartoscreen            100442a8     mathlib:color_conversion.obj
 0003:000062a8       _g_Mathlib_GammaToLinear   100452a8     mathlib:color_conversion.obj
 0003:0000a6a8       _texgammatable             100496a8     mathlib:color_conversion.obj
 0003:0000a7a8       _vec2_origin               100497a8     mathlib:color_conversion.obj
 0003:0000a7b0       _vec2_origin               100497b0     mathlib:sse.obj
 0003:0000a7b8       _vec2_origin               100497b8     mathlib:3dnow.obj
 0003:0000a7c4       _vec2_origin               100497c4     tier1:strtools.obj
 0003:0000a7cc       ___proc_attached           100497cc     LIBCMT:dllcrt0.obj
 0003:0000a7e0       _GS_ExceptionRecord        100497e0     LIBCMT:gs_report.obj
 0003:0000a830       _GS_ContextRecord          10049830     LIBCMT:gs_report.obj
 0003:0000aafc       _DebuggerWasPresent        10049afc     LIBCMT:gs_report.obj
 0003:0000ab50       ?outmsg@?8??_NMSG_WRITE@@9@9 10049b50     LIBCMT:crt0msg.obj
 0003:0000b17c       ___type_info_root_node     1004a17c     LIBCMT:typname.obj
 0003:0000b298       ?_pgmname@?1??_setargv@@9@9 1004a298     LIBCMT:stdargv.obj
 0003:0000b3a0       __pmatherr_set             1004a3a0     LIBCMT:libm_error.obj
 0003:0000b3bc       _fSystemSet                1004a3bc     LIBCMT:mbctype.obj
 0003:0000b3c4       ___enable_percent_n        1004a3c4     LIBCMT:printf.obj
 0003:0000b3c8       _lclcritsects              1004a3c8     LIBCMT:mlock.obj
 0003:0000b51c       _g_pfnRtlGenRandom         1004a51c     LIBCMT:rand_s.obj
 0003:0000b520       _ctrlc_action              1004a520     LIBCMT:winsig.obj
 0003:0000b524       _ctrlbreak_action          1004a524     LIBCMT:winsig.obj
 0003:0000b528       _abort_action              1004a528     LIBCMT:winsig.obj
 0003:0000b52c       _term_action               1004a52c     LIBCMT:winsig.obj
 0003:0000b530       _ConsoleCtrlHandler_Installed 1004a530     LIBCMT:winsig.obj
 0003:0000b538       ?pfnMessageBox@?1??__crtMessageBoxW@@9@9 1004a538     LIBCMT:crtmboxw.obj
 0003:0000b53c       ?pfnGetActiveWindow@?1??__crtMessageBoxW@@9@9 1004a53c     LIBCMT:crtmboxw.obj
 0003:0000b540       ?pfnGetLastActivePopup@?1??__crtMessageBoxW@@9@9 1004a540     LIBCMT:crtmboxw.obj
 0003:0000b544       ?pfnGetProcessWindowStation@?1??__crtMessageBoxW@@9@9 1004a544     LIBCMT:crtmboxw.obj
 0003:0000b548       ?pfnGetUserObjectInformation@?1??__crtMessageBoxW@@9@9 1004a548     LIBCMT:crtmboxw.obj
 0003:0000b54c       ___crtCallProc             1004a54c     LIBCMT:winapinls.obj
 0003:0000b578       _heap                      1004a578     LIBCMT:undname.obj
 0003:0000b5a0       __Tuple_alloc              1004a5a0     libcpmt:xthrow.obj
 0003:0000b5a1       _ignore                    1004a5a1     libcpmt:xthrow.obj
 0003:0000b5a2       _allocator_arg             1004a5a2     libcpmt:xthrow.obj
 0003:0000b5a3       _piecewise_construct       1004a5a3     libcpmt:xthrow.obj
 0003:0000b5a4       _allocator_arg             1004a5a4     libcpmt:syserror.obj
 0003:0000b5a5       _piecewise_construct       1004a5a5     libcpmt:syserror.obj
 0003:0000b5b0       __8                        1004a5b0     libboost_thread-vc110-mt-s-1_52:thread.obj
 0003:0000b5b1       __1                        1004a5b1     libboost_thread-vc110-mt-s-1_52:thread.obj
 0003:0000b5b2       __Tuple_alloc              1004a5b2     libboost_thread-vc110-mt-s-1_52:thread.obj
 0003:0000b5b3       __5                        1004a5b3     libboost_thread-vc110-mt-s-1_52:thread.obj
 0003:0000b5b4       __9                        1004a5b4     libboost_thread-vc110-mt-s-1_52:thread.obj
 0003:0000b5b5       __4                        1004a5b5     libboost_thread-vc110-mt-s-1_52:thread.obj
 0003:0000b5b6       __2                        1004a5b6     libboost_thread-vc110-mt-s-1_52:thread.obj
 0003:0000b5b7       __7                        1004a5b7     libboost_thread-vc110-mt-s-1_52:thread.obj
 0003:0000b5b8       _ignore                    1004a5b8     libboost_thread-vc110-mt-s-1_52:thread.obj
 0003:0000b5b9       __3                        1004a5b9     libboost_thread-vc110-mt-s-1_52:thread.obj
 0003:0000b5ba       _allocator_arg             1004a5ba     libboost_thread-vc110-mt-s-1_52:thread.obj
 0003:0000b5bb       _piecewise_construct       1004a5bb     libboost_thread-vc110-mt-s-1_52:thread.obj
 0003:0000b5bc       __6                        1004a5bc     libboost_thread-vc110-mt-s-1_52:thread.obj
 0003:0000b5bd       _piecewise_construct       1004a5bd     libboost_thread-vc110-mt-s-1_52:tss_pe.obj
 0003:0000b5c0       __Tuple_alloc              1004a5c0     libboost_system-vc110-mt-s-1_52:error_code.obj
 0003:0000b5c1       _ignore                    1004a5c1     libboost_system-vc110-mt-s-1_52:error_code.obj
 0003:0000b5c2       _allocator_arg             1004a5c2     libboost_system-vc110-mt-s-1_52:error_code.obj
 0003:0000b5c3       _piecewise_construct       1004a5c3     libboost_system-vc110-mt-s-1_52:error_code.obj
 0003:0000b5c4       _errno_ecat                1004a5c4     libboost_system-vc110-mt-s-1_52:error_code.obj
 0003:0000b5d0       _native_ecat               1004a5d0     libboost_system-vc110-mt-s-1_52:error_code.obj
 0003:0000b5d4       _posix_category            1004a5d4     libboost_system-vc110-mt-s-1_52:error_code.obj
 0003:0000b5d8       ?unknown_err@?1??message@generic_error_category@?A0xe218785f@@UBE?AV?$basic_string@DU?$char_traits@D@std@@V?$allocator@D@2@@std@@H@Z@4V45@A 1004a5d8     libboost_system-vc110-mt-s-1_52:error_code.obj
 0003:0000b5f0       ?$S1@?1??message@generic_error_category@?A0xe218785f@@UBE?AV?$basic_string@DU?$char_traits@D@std@@V?$allocator@D@2@@std@@H@Z@4IA 1004a5f0     libboost_system-vc110-mt-s-1_52:error_code.obj
 0003:0000b5f4       ?system_category_const@?1??system_category@system@boost@@YAABVerror_category@23@XZ@4Vsystem_error_category@?A0xe218785f@@B 1004a5f4     libboost_system-vc110-mt-s-1_52:error_code.obj
 0003:0000b5f8       ?$S2@?1??system_category@system@boost@@YAABVerror_category@23@XZ@4IA 1004a5f8     libboost_system-vc110-mt-s-1_52:error_code.obj
 0003:0000b5fc       ?generic_category_const@?1??generic_category@system@boost@@YAABVerror_category@23@XZ@4Vgeneric_error_category@?A0xe218785f@@B 1004a5fc     libboost_system-vc110-mt-s-1_52:error_code.obj
 0003:0000b600       ?$S3@?1??generic_category@system@boost@@YAABVerror_category@23@XZ@4IA 1004a600     libboost_system-vc110-mt-s-1_52:error_code.obj
 0003:0000b604       ?s_roinit@?1??_initMTAoncurrentthread@@9@9 1004a604     LIBCMT:threadex.obj
 0003:0000b608       ?s_initialized@?1??_initMTAoncurrentthread@@9@9 1004a608     LIBCMT:threadex.obj
 0003:0000b60c       ?s_rouninit@?1??_uninitMTAoncurrentthread@@9@9 1004a60c     LIBCMT:threadex.obj
 0003:0000b610       ?s_initialized@?1??_uninitMTAoncurrentthread@@9@9 1004a610     LIBCMT:threadex.obj
 0003:0000b624       _vec2_origin               1004a624     * CIL library *:* CIL module *
 0003:0000b62c       _vec2_invalid              1004a62c     * CIL library *:* CIL module *
 0003:0000b634       _allocator_arg             1004a634     * CIL library *:* CIL module *
 0003:0000b635       _piecewise_construct       1004a635     * CIL library *:* CIL module *
 0003:0000b636       _allocator_arg             1004a636     * CIL library *:* CIL module *
 0003:0000b637       _piecewise_construct       1004a637     * CIL library *:* CIL module *
 0003:0000b638       _vec2_origin               1004a638     * CIL library *:* CIL module *
 0003:0000b640       _vec2_invalid              1004a640     * CIL library *:* CIL module *
 0003:0000b64c       _vec2_origin               1004a64c     * CIL library *:* CIL module *
 0003:0000b654       _vec2_invalid              1004a654     * CIL library *:* CIL module *
 0003:0000b65c       __Tuple_alloc              1004a65c     * CIL library *:* CIL module *
 0003:0000b65d       _ignore                    1004a65d     * CIL library *:* CIL module *
 0003:0000b65e       _allocator_arg             1004a65e     * CIL library *:* CIL module *
 0003:0000b65f       __9                        1004a65f     * CIL library *:* CIL module *
 0003:0000b660       _vec4_origin               1004a660     * CIL library *:* CIL module *
 0003:0000b670       _errno_ecat                1004a670     * CIL library *:* CIL module *
 0003:0000b674       __2                        1004a674     * CIL library *:* CIL module *
 0003:0000b675       __7                        1004a675     * CIL library *:* CIL module *
 0003:0000b676       __5                        1004a676     * CIL library *:* CIL module *
 0003:0000b677       __8                        1004a677     * CIL library *:* CIL module *
 0003:0000b680       _vec2_origin               1004a680     * CIL library *:* CIL module *
 0003:0000b688       __1                        1004a688     * CIL library *:* CIL module *
 0003:0000b689       __4                        1004a689     * CIL library *:* CIL module *
 0003:0000b68a       __3                        1004a68a     * CIL library *:* CIL module *
 0003:0000b68b       _piecewise_construct       1004a68b     * CIL library *:* CIL module *
 0003:0000b68c       _vector_origin             1004a68c     * CIL library *:* CIL module *
 0003:0000b698       _native_ecat               1004a698     * CIL library *:* CIL module *
 0003:0000b69c       _vec4_invalid              1004a69c     * CIL library *:* CIL module *
 0003:0000b6ac       _vec2_invalid              1004a6ac     * CIL library *:* CIL module *
 0003:0000b6b4       __6                        1004a6b4     * CIL library *:* CIL module *
 0003:0000b6b5       __Tuple_alloc              1004a6b5     * CIL library *:* CIL module *
 0003:0000b6b6       _ignore                    1004a6b6     * CIL library *:* CIL module *
 0003:0000b6b7       _allocator_arg             1004a6b7     * CIL library *:* CIL module *
 0003:0000b6d4       _posix_category            1004a6d4     * CIL library *:* CIL module *
 0003:0000b6d8       _vec4_origin               1004a6d8     * CIL library *:* CIL module *
 0003:0000b6e8       _errno_ecat                1004a6e8     * CIL library *:* CIL module *
 0003:0000b6ec       __9                        1004a6ec     * CIL library *:* CIL module *
 0003:0000b6ed       __2                        1004a6ed     * CIL library *:* CIL module *
 0003:0000b6ee       __7                        1004a6ee     * CIL library *:* CIL module *
 0003:0000b6ef       __5                        1004a6ef     * CIL library *:* CIL module *
 0003:0000b6f0       __8                        1004a6f0     * CIL library *:* CIL module *
 0003:0000b6f1       __1                        1004a6f1     * CIL library *:* CIL module *
 0003:0000b6f2       __4                        1004a6f2     * CIL library *:* CIL module *
 0003:0000b6f3       __3                        1004a6f3     * CIL library *:* CIL module *
 0003:0000b6f4       _vec2_origin               1004a6f4     * CIL library *:* CIL module *
 0003:0000b6fc       _vector_origin             1004a6fc     * CIL library *:* CIL module *
 0003:0000b708       _native_ecat               1004a708     * CIL library *:* CIL module *
 0003:0000b70c       _vec4_invalid              1004a70c     * CIL library *:* CIL module *
 0003:0000b71c       _piecewise_construct       1004a71c     * CIL library *:* CIL module *
 0003:0000b71d       __6                        1004a71d     * CIL library *:* CIL module *
 0003:0000b71e       __Tuple_alloc              1004a71e     * CIL library *:* CIL module *
 0003:0000b71f       _ignore                    1004a71f     * CIL library *:* CIL module *
 0003:0000b720       _vec2_invalid              1004a720     * CIL library *:* CIL module *
 0003:0000b728       _posix_category            1004a728     * CIL library *:* CIL module *
 0003:0000b72c       _errno_ecat                1004a72c     * CIL library *:* CIL module *
 0003:0000b730       _allocator_arg             1004a730     * CIL library *:* CIL module *
 0003:0000b731       _piecewise_construct       1004a731     * CIL library *:* CIL module *
 0003:0000b732       __9                        1004a732     * CIL library *:* CIL module *
 0003:0000b733       __2                        1004a733     * CIL library *:* CIL module *
 0003:0000b734       _vec2_origin               1004a734     * CIL library *:* CIL module *
 0003:0000b73c       _native_ecat               1004a73c     * CIL library *:* CIL module *
 0003:0000b740       _vec2_invalid              1004a740     * CIL library *:* CIL module *
 0003:0000b748       __7                        1004a748     * CIL library *:* CIL module *
 0003:0000b749       __5                        1004a749     * CIL library *:* CIL module *
 0003:0000b74a       __8                        1004a74a     * CIL library *:* CIL module *
 0003:0000b74b       __1                        1004a74b     * CIL library *:* CIL module *
 0003:0000b74c       __4                        1004a74c     * CIL library *:* CIL module *
 0003:0000b74d       __3                        1004a74d     * CIL library *:* CIL module *
 0003:0000b74e       __6                        1004a74e     * CIL library *:* CIL module *
 0003:0000b750       _posix_category            1004a750     * CIL library *:* CIL module *
 0005:00000060       $R000000                   1004d060     * linker generated manifest res *
