 gmsv_navigation_win32

 Timestamp is 50e39573 (Tue Jan 01 21:03:31 2013)

 Preferred load address is 10000000

 Start         Length     Name                   Class
 0001:00000000 0002a40aH .text                   CODE
 0001:0002a410 00000d37H .text$x                 CODE
 0001:0002b150 0000098aH .text$yc                CODE
 0001:0002bae0 000000b8H .text$yd                CODE
 0002:00000000 00000180H .idata$5                DATA
 0002:00000180 00000004H .CRT$XCA                DATA
 0002:00000184 0000015cH .CRT$XCU                DATA
 0002:000002e0 00000004H .CRT$XCZ                DATA
 0002:000002e4 00000004H .CRT$XIA                DATA
 0002:000002e8 00000014H .CRT$XIC                DATA
 0002:000002fc 00000004H .CRT$XIU                DATA
 0002:00000300 00000004H .CRT$XIZ                DATA
 0002:00000304 00000004H .CRT$XLA                DATA
 0002:00000308 00000004H .CRT$XLC                DATA
 0002:0000030c 00000004H .CRT$XLZ                DATA
 0002:00000310 00000004H .CRT$XPA                DATA
 0002:00000314 00000008H .CRT$XPX                DATA
 0002:0000031c 00000004H .CRT$XPXA               DATA
 0002:00000320 00000004H .CRT$XPZ                DATA
 0002:00000324 00000004H .CRT$XTA                DATA
 0002:00000328 00000004H .CRT$XTU                DATA
 0002:0000032c 00000004H .CRT$XTZ                DATA
 0002:00000330 0000d878H .rdata                  DATA
 0002:0000dba8 00000018H .rdata$T                DATA
 0002:0000dbc0 0000008cH .rdata$debug            DATA
 0002:0000dc4c 00000f59H .rdata$r                DATA
 0002:0000ebb0 00000148H .rdata$sxdata           DATA
 0002:0000ecf8 00000004H .rtc$IAA                DATA
 0002:0000ecfc 00000004H .rtc$IZZ                DATA
 0002:0000ed00 00000004H .rtc$TAA                DATA
 0002:0000ed04 00000004H .rtc$TZZ                DATA
 0002:0000ed08 00001b08H .xdata$x                DATA
 0002:00010810 00000028H .idata$2                DATA
 0002:00010838 00000014H .idata$3                DATA
 0002:0001084c 00000180H .idata$4                DATA
 0002:000109cc 000006eaH .idata$6                DATA
 0002:000110c0 00000089H .edata                  DATA
 0003:00000000 00002678H .data                   DATA
 0003:00002680 0000a198H .bss                    DATA
 0004:00000000 00000001H .tls                    DATA
 0004:00000001 00000001H .tls$ZZZ                DATA
 0005:00000000 00000058H .rsrc$01                DATA
 0005:00000060 00000180H .rsrc$02                DATA

  Address         Publics by Value              Rva+Base       Lib:Object

 0000:00000000       __except_list              00000000     <absolute>
 0000:00000052       ___safe_se_handler_count   00000052     <absolute>
 0000:00000000       ___ImageBase               10000000     <linker-defined>
 0001:00000000       ??2@YAPAXIPAX@Z            10001000 f i ILuaInterface.obj
 0001:00000008       ?UtlMemory_CalcNewAllocationCount@@YAHHHHH@Z 10001008 f i ILuaInterface.obj
 0001:0000004d       ??0Vector2D@@QAE@MM@Z      1000104d f i ILuaInterface.obj
 0001:00000074       ??_H@YGXPAXIHP6EPAX0@Z@Z   10001074 f i ILuaInterface.obj
 0001:00000095       ?V_memmove@@YAXPAXPBXH@Z   10001095 f i ILuaInterface.obj
 0001:000000ab       ??0ILuaInterface@@QAE@PAUlua_State@@@Z 100010ab f   ILuaInterface.obj
 0001:00000250       ??1ILuaInterface@@QAE@XZ   10001250 f   ILuaInterface.obj
 0001:00000285       ?GetNewTable@ILuaInterface@@QAEPAVILuaObject@@XZ 10001285 f   ILuaInterface.obj
 0001:00000310       ?NewTable@ILuaInterface@@QAEXXZ 10001310 f   ILuaInterface.obj
 0001:0000032a       ?PushUserData@ILuaInterface@@QAEXPAVILuaObject@@PAXE@Z 1000132a f   ILuaInterface.obj
 0001:000003d3       ?Error@ILuaInterface@@QAAXPBDZZ 100013d3 f   ILuaInterface.obj
 0001:00000432       ?GetGlobal@ILuaInterface@@QAEPAVILuaObject@@PBD@Z 10001432 f   ILuaInterface.obj
 0001:000004fc       ?SetGlobal@ILuaInterface@@QAEXPBDPAVILuaObject@@@Z 100014fc f   ILuaInterface.obj
 0001:00000561       ?GetObject@ILuaInterface@@QAEPAVILuaObject@@H@Z 10001561 f   ILuaInterface.obj
 0001:00000600       ?GetString@ILuaInterface@@QAEPBDHPAI@Z 10001600 f   ILuaInterface.obj
 0001:00000622       ?GetInteger@ILuaInterface@@QAEHH@Z 10001622 f   ILuaInterface.obj
 0001:00000646       ?GetNumber@ILuaInterface@@QAENH@Z 10001646 f   ILuaInterface.obj
 0001:00000665       ?GetBool@ILuaInterface@@QAE_NH@Z 10001665 f   ILuaInterface.obj
 0001:00000684       ?GetUserData@ILuaInterface@@QAEPAXH@Z 10001684 f   ILuaInterface.obj
 0001:000006ac       ?Pop@ILuaInterface@@QAEXH@Z 100016ac f   ILuaInterface.obj
 0001:000006cb       ?Push@ILuaInterface@@QAEXPAVILuaObject@@@Z 100016cb f   ILuaInterface.obj
 0001:000006de       ?Push@ILuaInterface@@QAEXPBDI@Z 100016de f   ILuaInterface.obj
 0001:00000700       ?Push@ILuaInterface@@QAEX_N@Z 10001700 f   ILuaInterface.obj
 0001:0000071f       ?Push@ILuaInterface@@QAEXP6AHPAUlua_State@@@Z@Z 1000171f f   ILuaInterface.obj
 0001:00000741       ?Push@ILuaInterface@@QAEXM@Z 10001741 f   ILuaInterface.obj
 0001:00000769       ?CheckType@ILuaInterface@@QAEXHH@Z 10001769 f   ILuaInterface.obj
 0001:0000078b       ?GetType@ILuaInterface@@QAEHH@Z 1000178b f   ILuaInterface.obj
 0001:000007ad       ?GetReturn@ILuaInterface@@QAEPAVILuaObject@@H@Z 100017ad f   ILuaInterface.obj
 0001:000007c3       ?Call@ILuaInterface@@QAEXHH@Z 100017c3 f   ILuaInterface.obj
 0001:000007e5       ?GetMetaTable@ILuaInterface@@QAEPAVILuaObject@@PBDH@Z 100017e5 f   ILuaInterface.obj
 0001:00000884       ??$vsprintf_s@$0EAA@@@YAHAAY0EAA@DPBDPAD@Z 10001884 f i ILuaInterface.obj
 0001:0000089f       ??$Destruct@PAVNode@@@@YAXPAPAVNode@@@Z 1000189f f i main.obj
 0001:0000089f       ??$Destruct@UGroundSeedSpot@@@@YAXPAUGroundSeedSpot@@@Z 1000189f f i nav.obj
 0001:0000089f       ??3@YAXPAX0@Z              1000189f f i ILuaModuleManager.obj
 0001:0000089f       ??$unused_var@W4dst_flags@date_time@boost@@@?$counted_time_system@U?$counted_time_rep@Vmillisec_posix_time_system_config@posix_time@boost@@@date_time@boost@@@date_time@boost@@SAXABW4dst_flags@12@@Z 1000189f f i main.obj
 0001:0000089f       ??$Destruct@UAirSeedSpot@@@@YAXPAUAirSeedSpot@@@Z 1000189f f i nav.obj
 0001:0000089f       ?throw_exception_assert_compatibility@boost@@YAXABVexception@std@@@Z 1000189f f i main.obj
 0001:0000089f       ??$Destruct@PAUJobInfo_t@@@@YAXPAPAUJobInfo_t@@@Z 1000189f f i main.obj
 0001:000008a4       ??$destroy@U?$pair@QAUlua_State@@PAVILuaInterface@@@std@@@?$allocator@U?$_Tree_node@U?$pair@QAUlua_State@@PAVILuaInterface@@@std@@PAX@std@@@std@@QAEXPAU?$pair@QAUlua_State@@PAVILuaInterface@@@1@@Z 100018a4 f i ILuaModuleManager.obj
 0001:000008a4       ?_Adopt@_Iterator_base0@std@@QAEXPBX@Z 100018a4 f i ILuaModuleManager.obj
 0001:000008a4       ??$destroy@PAU?$_Tree_node@U?$pair@QAUlua_State@@PAVILuaInterface@@@std@@PAX@std@@@?$allocator@U?$_Tree_node@U?$pair@QAUlua_State@@PAVILuaInterface@@@std@@PAX@std@@@std@@QAEXPAPAU?$_Tree_node@U?$pair@QAUlua_State@@PAVILuaInterface@@@std@@PAX@1@@Z 100018a4 f i ILuaModuleManager.obj
 0001:000008a4       ??$destroy@U?$pair@PAVcondition_variable@boost@@PAVmutex@2@@std@@@?$allocator@U?$pair@PAVcondition_variable@boost@@PAVmutex@2@@std@@@std@@QAEXPAU?$pair@PAVcondition_variable@boost@@PAVmutex@2@@1@@Z 100018a4 f i nav.obj
 0001:000008a4       ??$destroy@PAU?$_Tree_node@U?$pair@QBXUtss_data_node@detail@boost@@@std@@PAX@std@@@?$allocator@U?$_Tree_node@U?$pair@QBXUtss_data_node@detail@boost@@@std@@PAX@std@@@std@@QAEXPAPAU?$_Tree_node@U?$pair@QBXUtss_data_node@detail@boost@@@std@@PAX@1@@Z 100018a4 f i nav.obj
 0001:000008a4       ??$destroy@PAD@?$allocator@D@std@@QAEXPAPAD@Z 100018a4 f i ILuaObject.obj
 0001:000008af       ?CreateInterface@ILuaModuleManager@@QAEXPAUlua_State@@@Z 100018af f   ILuaModuleManager.obj
 0001:0000092a       ?DestroyInterface@ILuaModuleManager@@QAEXPAUlua_State@@@Z 1000192a f   ILuaModuleManager.obj
 0001:00000976       ??_GILuaInterface@@QAEPAXI@Z 10001976 f i ILuaModuleManager.obj
 0001:0000099d       ?GetLuaInterface@ILuaModuleManager@@QAEPAVILuaInterface@@PAUlua_State@@@Z 1000199d f   ILuaModuleManager.obj
 0001:000009b6       ??0ILuaModuleManager@@QAE@XZ 100019b6 f i ILuaModuleManager.obj
 0001:000009ca       ??0?$map@PAUlua_State@@PAVILuaInterface@@U?$less@PAUlua_State@@@std@@V?$allocator@U?$pair@QAUlua_State@@PAVILuaInterface@@@std@@@4@@std@@QAE@XZ 100019ca f i ILuaModuleManager.obj
 0001:000009ec       ??A?$map@PAUlua_State@@PAVILuaInterface@@U?$less@PAUlua_State@@@std@@V?$allocator@U?$pair@QAUlua_State@@PAVILuaInterface@@@std@@@4@@std@@QAEAAPAVILuaInterface@@ABQAUlua_State@@@Z 100019ec f i ILuaModuleManager.obj
 0001:00000a8e       ?erase@?$_Tree@V?$_Tmap_traits@PAUlua_State@@PAVILuaInterface@@U?$less@PAUlua_State@@@std@@V?$allocator@U?$pair@QAUlua_State@@PAVILuaInterface@@@std@@@4@$0A@@std@@@std@@QAEIABQAUlua_State@@@Z 10001a8e f i ILuaModuleManager.obj
 0001:00000aec       ??0?$_Tree@V?$_Tmap_traits@PAUlua_State@@PAVILuaInterface@@U?$less@PAUlua_State@@@std@@V?$allocator@U?$pair@QAUlua_State@@PAVILuaInterface@@@std@@@4@$0A@@std@@@std@@QAE@ABU?$less@PAUlua_State@@@1@ABV?$allocator@U?$pair@QAUlua_State@@PAVILuaInterface@@@std@@@1@@Z 10001aec f i ILuaModuleManager.obj
 0001:00000b08       ?end@?$_Tree@V?$_Tmap_traits@PBXUtss_data_node@detail@boost@@U?$less@PBX@std@@V?$allocator@U?$pair@QBXUtss_data_node@detail@boost@@@std@@@5@$0A@@std@@@std@@QAE?AV?$_Tree_iterator@V?$_Tree_val@U?$_Tree_simple_types@U?$pair@QBXUtss_data_node@detail@boost@@@std@@@std@@@std@@@2@XZ 10001b08 f i nav.obj
 0001:00000b08       ?end@?$_Tree@V?$_Tmap_traits@PAUlua_State@@PAVILuaInterface@@U?$less@PAUlua_State@@@std@@V?$allocator@U?$pair@QAUlua_State@@PAVILuaInterface@@@std@@@4@$0A@@std@@@std@@QAE?AV?$_Tree_iterator@V?$_Tree_val@U?$_Tree_simple_types@U?$pair@QAUlua_State@@PAVILuaInterface@@@std@@@std@@@std@@@2@XZ 10001b08 f i ILuaModuleManager.obj
 0001:00000b26       ?erase@?$_Tree@V?$_Tmap_traits@PAUlua_State@@PAVILuaInterface@@U?$less@PAUlua_State@@@std@@V?$allocator@U?$pair@QAUlua_State@@PAVILuaInterface@@@std@@@4@$0A@@std@@@std@@QAE?AV?$_Tree_iterator@V?$_Tree_val@U?$_Tree_simple_types@U?$pair@QAUlua_State@@PAVILuaInterface@@@std@@@std@@@std@@@2@V?$_Tree_const_iterator@V?$_Tree_val@U?$_Tree_simple_types@U?$pair@QAUlua_State@@PAVILuaInterface@@@std@@@std@@@std@@@2@0@Z 10001b26 f i ILuaModuleManager.obj
 0001:00000bc7       ?lower_bound@?$_Tree@V?$_Tmap_traits@PAUlua_State@@PAVILuaInterface@@U?$less@PAUlua_State@@@std@@V?$allocator@U?$pair@QAUlua_State@@PAVILuaInterface@@@std@@@4@$0A@@std@@@std@@QAE?AV?$_Tree_iterator@V?$_Tree_val@U?$_Tree_simple_types@U?$pair@QAUlua_State@@PAVILuaInterface@@@std@@@std@@@std@@@2@ABQAUlua_State@@@Z 10001bc7 f i ILuaModuleManager.obj
 0001:00000bec       ?equal_range@?$_Tree@V?$_Tmap_traits@PAUlua_State@@PAVILuaInterface@@U?$less@PAUlua_State@@@std@@V?$allocator@U?$pair@QAUlua_State@@PAVILuaInterface@@@std@@@4@$0A@@std@@@std@@QAE?AU?$pair@V?$_Tree_iterator@V?$_Tree_val@U?$_Tree_simple_types@U?$pair@QAUlua_State@@PAVILuaInterface@@@std@@@std@@@std@@@std@@V12@@2@ABQAUlua_State@@@Z 10001bec f i ILuaModuleManager.obj
 0001:00000c16       ?_Key@?$_Tree@V?$_Tmap_traits@PAUlua_State@@PAVILuaInterface@@U?$less@PAUlua_State@@@std@@V?$allocator@U?$pair@QAUlua_State@@PAVILuaInterface@@@std@@@4@$0A@@std@@@std@@IBEABQAUlua_State@@PAU?$_Tree_node@U?$pair@QAUlua_State@@PAVILuaInterface@@@std@@PAX@2@@Z 10001c16 f i ILuaModuleManager.obj
 0001:00000c33       ??R?$less@PAUlua_State@@@std@@QBE_NABQAUlua_State@@0@Z 10001c33 f i ILuaModuleManager.obj
 0001:00000c5b       ?_Getcomp@?$_Tree_comp@$0A@V?$_Tmap_traits@PAUlua_State@@PAVILuaInterface@@U?$less@PAUlua_State@@@std@@V?$allocator@U?$pair@QAUlua_State@@PAVILuaInterface@@@std@@@4@$0A@@std@@@std@@QBE?AU?$less@PAUlua_State@@@2@XZ 10001c5b f i ILuaModuleManager.obj
 0001:00000c69       ??0?$arg@$07@boost@@QAE@XZ 10001c69 f i main.obj
 0001:00000c69       ??0?$arg@$01@boost@@QAE@XZ 10001c69 f i main.obj
 0001:00000c69       ??0list0@_bi@boost@@QAE@XZ 10001c69 f i nav.obj
 0001:00000c69       ??0?$allocator@D@std@@QAE@XZ 10001c69 f i ILuaObject.obj
 0001:00000c69       ??0_Ignore@std@@QAE@XZ     10001c69 f i main.obj
 0001:00000c69       ??0?$arg@$02@boost@@QAE@XZ 10001c69 f i main.obj
 0001:00000c69       ?get@?$value@PA_N@_bi@boost@@QAEAAPA_NXZ 10001c69 f i nav.obj
 0001:00000c69       ??0?$arg@$05@boost@@QAE@XZ 10001c69 f i main.obj
 0001:00000c69       ??0?$allocator@U?$pair@QBXUtss_data_node@detail@boost@@@std@@@std@@QAE@XZ 10001c69 f i nav.obj
 0001:00000c69       ??0?$arg@$08@boost@@QAE@XZ 10001c69 f i main.obj
 0001:00000c69       ??0?$arg@$03@boost@@QAE@XZ 10001c69 f i main.obj
 0001:00000c69       ?get@?$value@PAUJobInfo_t@@@_bi@boost@@QAEAAPAUJobInfo_t@@XZ 10001c69 f i nav.obj
 0001:00000c69       ??0?$arg@$04@boost@@QAE@XZ 10001c69 f i main.obj
 0001:00000c69       ??0Vector@@QAE@XZ          10001c69 f i main.obj
 0001:00000c69       ??0?$arg@$00@boost@@QAE@XZ 10001c69 f i main.obj
 0001:00000c69       ??0?$allocator@U?$pair@PAVcondition_variable@boost@@PAVmutex@2@@std@@@std@@QAE@XZ 10001c69 f i nav.obj
 0001:00000c69       ??0?$allocator@U?$_Tree_node@U?$pair@QAUlua_State@@PAVILuaInterface@@@std@@PAX@std@@@std@@QAE@XZ 10001c69 f i ILuaModuleManager.obj
 0001:00000c69       ??0?$arg@$06@boost@@QAE@XZ 10001c69 f i main.obj
 0001:00000c69       ??0?$allocator@U?$_Tree_node@U?$pair@QBXUtss_data_node@detail@boost@@@std@@PAX@std@@@std@@QAE@XZ 10001c69 f i nav.obj
 0001:00000c69       ?get@?$value@PAVNode@@@_bi@boost@@QAEAAPAVNode@@XZ 10001c69 f i nav.obj
 0001:00000c69       ?GetPosition@Node@@QAEPBVVector@@XZ 10001c69 f i node.obj
 0001:00000c69       ?get@?$value@PAVNav@@@_bi@boost@@QAEAAPAVNav@@XZ 10001c69 f i nav.obj
 0001:00000c69       ??0?$allocator@U?$pair@QAUlua_State@@PAVILuaInterface@@@std@@@std@@QAE@XZ 10001c69 f i ILuaModuleManager.obj
 0001:00000c75       ??8?$_Tree_const_iterator@V?$_Tree_val@U?$_Tree_simple_types@U?$pair@QAUlua_State@@PAVILuaInterface@@@std@@@std@@@std@@@std@@QBE_NABV01@@Z 10001c75 f i ILuaModuleManager.obj
 0001:00000c75       ??8?$_Tree_const_iterator@V?$_Tree_val@U?$_Tree_simple_types@U?$pair@QBXUtss_data_node@detail@boost@@@std@@@std@@@std@@@std@@QBE_NABV01@@Z 10001c75 f i nav.obj
 0001:00000c9d       ?as_number@?$int_adapter@I@date_time@boost@@QBEIXZ 10001c9d f i main.obj
 0001:00000c9d       ?Base@?$CUtlMemory@PAUJobInfo_t@@H@@QAEPAPAUJobInfo_t@@XZ 10001c9d f i main.obj
 0001:00000c9d       ?day_number@date@gregorian@boost@@QBEIXZ 10001c9d f i main.obj
 0001:00000c9d       ?value@error_condition@std@@QBEHXZ 10001c9d f i ILuaObject.obj
 0001:00000c9d       ?Base@?$CUtlMemory@U?$UtlLinkedListElem_t@UAirSeedSpot@@H@@H@@QAEPAU?$UtlLinkedListElem_t@UAirSeedSpot@@H@@XZ 10001c9d f i nav.obj
 0001:00000c9d       ?value@error_code@std@@QBEHXZ 10001c9d f i ILuaObject.obj
 0001:00000c9d       ?value@error_code@system@boost@@QBEHXZ 10001c9d f i nav.obj
 0001:00000c9d       ?_Mynode@?$_Tree_unchecked_const_iterator@V?$_Tree_val@U?$_Tree_simple_types@U?$pair@QBXUtss_data_node@detail@boost@@@std@@@std@@@std@@U_Iterator_base0@2@@std@@QBEPAU?$_Tree_node@U?$pair@QBXUtss_data_node@detail@boost@@@std@@PAX@2@XZ 10001c9d f i nav.obj
 0001:00000c9d       ?Base@?$CUtlMemory@PAVNode@@H@@QAEPAPAVNode@@XZ 10001c9d f i main.obj
 0001:00000c9d       ?get@?$refcount_ptr@Uerror_info_container@exception_detail@boost@@@exception_detail@boost@@QBEPAUerror_info_container@23@XZ 10001c9d f i main.obj
 0001:00000c9d       ?Base@?$CUtlMemory@U?$UtlLinkedListElem_t@UGroundSeedSpot@@H@@H@@QAEPAU?$UtlLinkedListElem_t@UGroundSeedSpot@@H@@XZ 10001c9d f i nav.obj
 0001:00000c9d       ?_Mynode@?$_Tree_unchecked_const_iterator@V?$_Tree_val@U?$_Tree_simple_types@U?$pair@QAUlua_State@@PAVILuaInterface@@@std@@@std@@@std@@U_Iterator_base0@2@@std@@QBEPAU?$_Tree_node@U?$pair@QAUlua_State@@PAVILuaInterface@@@std@@PAX@2@XZ 10001c9d f i ILuaModuleManager.obj
 0001:00000cab       ??C?$_Tree_iterator@V?$_Tree_val@U?$_Tree_simple_types@U?$pair@QAUlua_State@@PAVILuaInterface@@@std@@@std@@@std@@@std@@QBEPAU?$pair@QAUlua_State@@PAVILuaInterface@@@1@XZ 10001cab f i ILuaModuleManager.obj
 0001:00000cc3       ?begin@?$_Tree@V?$_Tmap_traits@PAUlua_State@@PAVILuaInterface@@U?$less@PAUlua_State@@@std@@V?$allocator@U?$pair@QAUlua_State@@PAVILuaInterface@@@std@@@4@$0A@@std@@@std@@QAE?AV?$_Tree_iterator@V?$_Tree_val@U?$_Tree_simple_types@U?$pair@QAUlua_State@@PAVILuaInterface@@@std@@@std@@@std@@@2@XZ 10001cc3 f i ILuaModuleManager.obj
 0001:00000cc3       ?begin@?$_Tree@V?$_Tmap_traits@PBXUtss_data_node@detail@boost@@U?$less@PBX@std@@V?$allocator@U?$pair@QBXUtss_data_node@detail@boost@@@std@@@5@$0A@@std@@@std@@QAE?AV?$_Tree_iterator@V?$_Tree_val@U?$_Tree_simple_types@U?$pair@QBXUtss_data_node@detail@boost@@@std@@@std@@@std@@@2@XZ 10001cc3 f i nav.obj
 0001:00000ce6       ?erase@?$_Tree@V?$_Tmap_traits@PAUlua_State@@PAVILuaInterface@@U?$less@PAUlua_State@@@std@@V?$allocator@U?$pair@QAUlua_State@@PAVILuaInterface@@@std@@@4@$0A@@std@@@std@@QAE?AV?$_Tree_iterator@V?$_Tree_val@U?$_Tree_simple_types@U?$pair@QAUlua_State@@PAVILuaInterface@@@std@@@std@@@std@@@2@V?$_Tree_const_iterator@V?$_Tree_val@U?$_Tree_simple_types@U?$pair@QAUlua_State@@PAVILuaInterface@@@std@@@std@@@std@@@2@@Z 10001ce6 f i ILuaModuleManager.obj
 0001:00001356       ?clear@?$_Tree@V?$_Tmap_traits@PAUlua_State@@PAVILuaInterface@@U?$less@PAUlua_State@@@std@@V?$allocator@U?$pair@QAUlua_State@@PAVILuaInterface@@@std@@@4@$0A@@std@@@std@@QAEXXZ 10002356 f i ILuaModuleManager.obj
 0001:000013a5       ?_Eqrange@?$_Tree@V?$_Tmap_traits@PAUlua_State@@PAVILuaInterface@@U?$less@PAUlua_State@@@std@@V?$allocator@U?$pair@QAUlua_State@@PAVILuaInterface@@@std@@@4@$0A@@std@@@std@@IAE?AU?$pair@V?$_Tree_iterator@V?$_Tree_val@U?$_Tree_simple_types@U?$pair@QAUlua_State@@PAVILuaInterface@@@std@@@std@@@std@@@std@@V12@@2@ABQAUlua_State@@@Z 100023a5 f i ILuaModuleManager.obj
 0001:00001542       ?_Lbound@?$_Tree@V?$_Tmap_traits@PAUlua_State@@PAVILuaInterface@@U?$less@PAUlua_State@@@std@@V?$allocator@U?$pair@QAUlua_State@@PAVILuaInterface@@@std@@@4@$0A@@std@@@std@@IAEPAU?$_Tree_node@U?$pair@QAUlua_State@@PAVILuaInterface@@@std@@PAX@2@ABQAUlua_State@@@Z 10002542 f i ILuaModuleManager.obj
 0001:000015c6       ?_Kfn@?$_Tree@V?$_Tmap_traits@PAUlua_State@@PAVILuaInterface@@U?$less@PAUlua_State@@@std@@V?$allocator@U?$pair@QAUlua_State@@PAVILuaInterface@@@std@@@4@$0A@@std@@@std@@IBEABQAUlua_State@@ABU?$pair@QAUlua_State@@PAVILuaInterface@@@2@@Z 100025c6 f i ILuaModuleManager.obj
 0001:000015da       ??0?$_Tree_comp@$0A@V?$_Tmap_traits@PAUlua_State@@PAVILuaInterface@@U?$less@PAUlua_State@@@std@@V?$allocator@U?$pair@QAUlua_State@@PAVILuaInterface@@@std@@@4@$0A@@std@@@std@@QAE@ABU?$less@PAUlua_State@@@1@ABV?$allocator@U?$pair@QAUlua_State@@PAVILuaInterface@@@std@@@1@@Z 100025da f i ILuaModuleManager.obj
 0001:000015f3       ?_Myval@?$_Tree_val@U?$_Tree_simple_types@U?$pair@QAUlua_State@@PAVILuaInterface@@@std@@@std@@@std@@SAAAU?$pair@QAUlua_State@@PAVILuaInterface@@@2@PAU?$_Tree_node@U?$pair@QAUlua_State@@PAVILuaInterface@@@std@@PAX@2@@Z 100025f3 f i ILuaModuleManager.obj
 0001:000015f3       ?_Myval@?$_Tree_val@U?$_Tree_simple_types@U?$pair@QBXUtss_data_node@detail@boost@@@std@@@std@@@std@@SAAAU?$pair@QBXUtss_data_node@detail@boost@@@2@PAU?$_Tree_node@U?$pair@QBXUtss_data_node@detail@boost@@@std@@PAX@2@@Z 100025f3 f i nav.obj
 0001:000015fe       ??E?$_Tree_const_iterator@V?$_Tree_val@U?$_Tree_simple_types@U?$pair@QBXUtss_data_node@detail@boost@@@std@@@std@@@std@@@std@@QAE?AV01@H@Z 100025fe f i nav.obj
 0001:000015fe       ??E?$_Tree_const_iterator@V?$_Tree_val@U?$_Tree_simple_types@U?$pair@QAUlua_State@@PAVILuaInterface@@@std@@@std@@@std@@@std@@QAE?AV01@H@Z 100025fe f i ILuaModuleManager.obj
 0001:00001625       ??9?$_Tree_const_iterator@V?$_Tree_val@U?$_Tree_simple_types@U?$pair@QBXUtss_data_node@detail@boost@@@std@@@std@@@std@@@std@@QBE_NABV01@@Z 10002625 f i nav.obj
 0001:00001625       ??9?$_Tree_const_iterator@V?$_Tree_val@U?$_Tree_simple_types@U?$pair@QAUlua_State@@PAVILuaInterface@@@std@@@std@@@std@@@std@@QBE_NABV01@@Z 10002625 f i ILuaModuleManager.obj
 0001:00001653       ??0?$_Tree_iterator@V?$_Tree_val@U?$_Tree_simple_types@U?$pair@QBXUtss_data_node@detail@boost@@@std@@@std@@@std@@@std@@QAE@PAU?$_Tree_node@U?$pair@QBXUtss_data_node@detail@boost@@@std@@PAX@1@PBV?$_Tree_val@U?$_Tree_simple_types@U?$pair@QBXUtss_data_node@detail@boost@@@std@@@std@@@1@@Z 10002653 f i nav.obj
 0001:00001653       ??0?$_Tree_iterator@V?$_Tree_val@U?$_Tree_simple_types@U?$pair@QAUlua_State@@PAVILuaInterface@@@std@@@std@@@std@@@std@@QAE@PAU?$_Tree_node@U?$pair@QAUlua_State@@PAVILuaInterface@@@std@@PAX@1@PBV?$_Tree_val@U?$_Tree_simple_types@U?$pair@QAUlua_State@@PAVILuaInterface@@@std@@@std@@@1@@Z 10002653 f i ILuaModuleManager.obj
 0001:0000166f       ??D?$_Tree_iterator@V?$_Tree_val@U?$_Tree_simple_types@U?$pair@QAUlua_State@@PAVILuaInterface@@@std@@@std@@@std@@@std@@QBEAAU?$pair@QAUlua_State@@PAVILuaInterface@@@1@XZ 1000266f f i ILuaModuleManager.obj
 0001:00001680       ?pointer_to@?$pointer_traits@PAU?$pair@QAUlua_State@@PAVILuaInterface@@@std@@@std@@SAPAU?$pair@QAUlua_State@@PAVILuaInterface@@@2@AAU32@@Z 10002680 f i ILuaModuleManager.obj
 0001:0000168e       ?_Erase@?$_Tree@V?$_Tmap_traits@PAUlua_State@@PAVILuaInterface@@U?$less@PAUlua_State@@@std@@V?$allocator@U?$pair@QAUlua_State@@PAVILuaInterface@@@std@@@4@$0A@@std@@@std@@IAEXPAU?$_Tree_node@U?$pair@QAUlua_State@@PAVILuaInterface@@@std@@PAX@2@@Z 1000268e f i ILuaModuleManager.obj
 0001:00001718       ?_Lmost@?$_Tree@V?$_Tmap_traits@PAUlua_State@@PAVILuaInterface@@U?$less@PAUlua_State@@@std@@V?$allocator@U?$pair@QAUlua_State@@PAVILuaInterface@@@std@@@4@$0A@@std@@@std@@IBEAAPAU?$_Tree_node@U?$pair@QAUlua_State@@PAVILuaInterface@@@std@@PAX@2@XZ 10002718 f i ILuaModuleManager.obj
 0001:00001718       ?_Lmost@?$_Tree@V?$_Tmap_traits@PBXUtss_data_node@detail@boost@@U?$less@PBX@std@@V?$allocator@U?$pair@QBXUtss_data_node@detail@boost@@@std@@@5@$0A@@std@@@std@@IBEAAPAU?$_Tree_node@U?$pair@QBXUtss_data_node@detail@boost@@@std@@PAX@2@XZ 10002718 f i nav.obj
 0001:0000172c       ?_Lrotate@?$_Tree@V?$_Tmap_traits@PBXUtss_data_node@detail@boost@@U?$less@PBX@std@@V?$allocator@U?$pair@QBXUtss_data_node@detail@boost@@@std@@@5@$0A@@std@@@std@@IAEXPAU?$_Tree_node@U?$pair@QBXUtss_data_node@detail@boost@@@std@@PAX@2@@Z 1000272c f i nav.obj
 0001:0000172c       ?_Lrotate@?$_Tree@V?$_Tmap_traits@PAUlua_State@@PAVILuaInterface@@U?$less@PAUlua_State@@@std@@V?$allocator@U?$pair@QAUlua_State@@PAVILuaInterface@@@std@@@4@$0A@@std@@@std@@IAEXPAU?$_Tree_node@U?$pair@QAUlua_State@@PAVILuaInterface@@@std@@PAX@2@@Z 1000272c f i ILuaModuleManager.obj
 0001:00001826       ?_Rmost@?$_Tree@V?$_Tmap_traits@PBXUtss_data_node@detail@boost@@U?$less@PBX@std@@V?$allocator@U?$pair@QBXUtss_data_node@detail@boost@@@std@@@5@$0A@@std@@@std@@IBEAAPAU?$_Tree_node@U?$pair@QBXUtss_data_node@detail@boost@@@std@@PAX@2@XZ 10002826 f i nav.obj
 0001:00001826       ?_Rmost@?$_Tree@V?$_Tmap_traits@PAUlua_State@@PAVILuaInterface@@U?$less@PAUlua_State@@@std@@V?$allocator@U?$pair@QAUlua_State@@PAVILuaInterface@@@std@@@4@$0A@@std@@@std@@IBEAAPAU?$_Tree_node@U?$pair@QAUlua_State@@PAVILuaInterface@@@std@@PAX@2@XZ 10002826 f i ILuaModuleManager.obj
 0001:0000183a       ?_Root@?$_Tree@V?$_Tmap_traits@PBXUtss_data_node@detail@boost@@U?$less@PBX@std@@V?$allocator@U?$pair@QBXUtss_data_node@detail@boost@@@std@@@5@$0A@@std@@@std@@IBEAAPAU?$_Tree_node@U?$pair@QBXUtss_data_node@detail@boost@@@std@@PAX@2@XZ 1000283a f i nav.obj
 0001:0000183a       ?_Root@?$_Tree@V?$_Tmap_traits@PAUlua_State@@PAVILuaInterface@@U?$less@PAUlua_State@@@std@@V?$allocator@U?$pair@QAUlua_State@@PAVILuaInterface@@@std@@@4@$0A@@std@@@std@@IBEAAPAU?$_Tree_node@U?$pair@QAUlua_State@@PAVILuaInterface@@@std@@PAX@2@XZ 1000283a f i ILuaModuleManager.obj
 0001:0000184e       ?_Rrotate@?$_Tree@V?$_Tmap_traits@PBXUtss_data_node@detail@boost@@U?$less@PBX@std@@V?$allocator@U?$pair@QBXUtss_data_node@detail@boost@@@std@@@5@$0A@@std@@@std@@IAEXPAU?$_Tree_node@U?$pair@QBXUtss_data_node@detail@boost@@@std@@PAX@2@@Z 1000284e f i nav.obj
 0001:0000184e       ?_Rrotate@?$_Tree@V?$_Tmap_traits@PAUlua_State@@PAVILuaInterface@@U?$less@PAUlua_State@@@std@@V?$allocator@U?$pair@QAUlua_State@@PAVILuaInterface@@@std@@@4@$0A@@std@@@std@@IAEXPAU?$_Tree_node@U?$pair@QAUlua_State@@PAVILuaInterface@@@std@@PAX@2@@Z 1000284e f i ILuaModuleManager.obj
 0001:00001948       ??0?$_Tree_buy@U?$pair@QAUlua_State@@PAVILuaInterface@@@std@@V?$allocator@U?$pair@QAUlua_State@@PAVILuaInterface@@@std@@@2@@std@@QAE@ABV?$allocator@U?$pair@QAUlua_State@@PAVILuaInterface@@@std@@@1@@Z 10002948 f i ILuaModuleManager.obj
 0001:00001961       ?_Getal@?$_Vector_alloc@$0A@U?$_Vec_base_types@U?$pair@PAVcondition_variable@boost@@PAVmutex@2@@std@@V?$allocator@U?$pair@PAVcondition_variable@boost@@PAVmutex@2@@std@@@2@@std@@@std@@QBE?AU?$_Wrap_alloc@V?$allocator@U?$pair@PAVcondition_variable@boost@@PAVmutex@2@@std@@@std@@@2@XZ 10002961 f i nav.obj
 0001:00001961       ?_Getal@?$_String_alloc@$0A@U?$_String_base_types@DV?$allocator@D@std@@@std@@@std@@QBE?AU?$_Wrap_alloc@V?$allocator@D@std@@@2@XZ 10002961 f i ILuaObject.obj
 0001:00001961       ?_Getal@?$_Tree_alloc@$0A@U?$_Tree_base_types@U?$pair@QAUlua_State@@PAVILuaInterface@@@std@@V?$allocator@U?$pair@QAUlua_State@@PAVILuaInterface@@@std@@@2@@std@@@std@@QBE?AU?$_Wrap_alloc@V?$allocator@U?$_Tree_node@U?$pair@QAUlua_State@@PAVILuaInterface@@@std@@PAX@std@@@std@@@2@XZ 10002961 f i ILuaModuleManager.obj
 0001:00001961       ?_Getal@?$_Tree_alloc@$0A@U?$_Tree_base_types@U?$pair@QBXUtss_data_node@detail@boost@@@std@@V?$allocator@U?$pair@QBXUtss_data_node@detail@boost@@@std@@@2@@std@@@std@@QBE?AU?$_Wrap_alloc@V?$allocator@U?$_Tree_node@U?$pair@QBXUtss_data_node@detail@boost@@@std@@PAX@std@@@std@@@2@XZ 10002961 f i nav.obj
 0001:00001977       ?deallocate@?$_Wrap_alloc@V?$allocator@U?$_Tree_node@U?$pair@QAUlua_State@@PAVILuaInterface@@@std@@PAX@std@@@std@@@std@@QAEXPAU?$_Tree_node@U?$pair@QAUlua_State@@PAVILuaInterface@@@std@@PAX@2@I@Z 10002977 f i ILuaModuleManager.obj
 0001:00001977       ?deallocate@?$_Wrap_alloc@V?$allocator@D@std@@@std@@QAEXPADI@Z 10002977 f i ILuaObject.obj
 0001:00001977       ?deallocate@?$_Wrap_alloc@V?$allocator@U?$pair@PAVcondition_variable@boost@@PAVmutex@2@@std@@@std@@@std@@QAEXPAU?$pair@PAVcondition_variable@boost@@PAVmutex@2@@2@I@Z 10002977 f i nav.obj
 0001:00001977       ?deallocate@?$_Wrap_alloc@V?$allocator@U?$_Tree_node@U?$pair@QBXUtss_data_node@detail@boost@@@std@@PAX@std@@@std@@@std@@QAEXPAU?$_Tree_node@U?$pair@QBXUtss_data_node@detail@boost@@@std@@PAX@2@I@Z 10002977 f i nav.obj
 0001:00001990       ?_Color@?$_Tree_val@U?$_Tree_simple_types@U?$pair@QAUlua_State@@PAVILuaInterface@@@std@@@std@@@std@@SAAADPAU?$_Tree_node@U?$pair@QAUlua_State@@PAVILuaInterface@@@std@@PAX@2@@Z 10002990 f i ILuaModuleManager.obj
 0001:00001990       ?_Color@?$_Tree_val@U?$_Tree_simple_types@U?$pair@QBXUtss_data_node@detail@boost@@@std@@@std@@@std@@SAAADPAU?$_Tree_node@U?$pair@QBXUtss_data_node@detail@boost@@@std@@PAX@2@@Z 10002990 f i nav.obj
 0001:0000199b       ?_Isnil@?$_Tree_val@U?$_Tree_simple_types@U?$pair@QBXUtss_data_node@detail@boost@@@std@@@std@@@std@@SAAADPAU?$_Tree_node@U?$pair@QBXUtss_data_node@detail@boost@@@std@@PAX@2@@Z 1000299b f i nav.obj
 0001:0000199b       ?_Isnil@?$_Tree_val@U?$_Tree_simple_types@U?$pair@QAUlua_State@@PAVILuaInterface@@@std@@@std@@@std@@SAAADPAU?$_Tree_node@U?$pair@QAUlua_State@@PAVILuaInterface@@@std@@PAX@2@@Z 1000299b f i ILuaModuleManager.obj
 0001:000019a6       ??$_Kfn@QAUlua_State@@PAVILuaInterface@@@?$_Tmap_traits@PAUlua_State@@PAVILuaInterface@@U?$less@PAUlua_State@@@std@@V?$allocator@U?$pair@QAUlua_State@@PAVILuaInterface@@@std@@@4@$0A@@std@@SAABQAUlua_State@@ABU?$pair@QAUlua_State@@PAVILuaInterface@@@1@@Z 100029a6 f i ILuaModuleManager.obj
 0001:000019a6       ??$_Move@AAD@std@@YA$$QADAAD@Z 100029a6 f i ILuaModuleManager.obj
 0001:000019a6       ?_Left@?$_Tree_val@U?$_Tree_simple_types@U?$pair@QAUlua_State@@PAVILuaInterface@@@std@@@std@@@std@@SAAAPAU?$_Tree_node@U?$pair@QAUlua_State@@PAVILuaInterface@@@std@@PAX@2@PAU32@@Z 100029a6 f i ILuaModuleManager.obj
 0001:000019a6       ??$addressof@U?$pair@QAUlua_State@@PAVILuaInterface@@@std@@@std@@YAPAU?$pair@QAUlua_State@@PAVILuaInterface@@@0@AAU10@@Z 100029a6 f i ILuaModuleManager.obj
 0001:000019a6       ?unwrap@?$unwrapper@V?$mf1@XVNav@@PA_N@_mfi@boost@@@_bi@boost@@SAAAV?$mf1@XVNav@@PA_N@_mfi@3@AAV453@J@Z 100029a6 f i nav.obj
 0001:000019a6       ??$forward@V?$bind_t@XV?$mf3@XVNav@@PAUJobInfo_t@@PAVNode@@PAV3@@_mfi@boost@@V?$list4@V?$value@PAVNav@@@_bi@boost@@V?$value@PAUJobInfo_t@@@23@V?$value@PAVNode@@@23@V523@@_bi@3@@_bi@boost@@AAV123@@boost@@YA$$QAV?$bind_t@XV?$mf3@XVNav@@PAUJobInfo_t@@PAVNode@@PAV3@@_mfi@boost@@V?$list4@V?$value@PAVNav@@@_bi@boost@@V?$value@PAUJobInfo_t@@@23@V?$value@PAVNode@@@23@V523@@_bi@3@@_bi@0@AAV120@PAX@Z 100029a6 f i nav.obj
 0001:000019a6       ??$forward@AAV?$_Tree_iterator@V?$_Tree_val@U?$_Tree_simple_types@U?$pair@QAUlua_State@@PAVILuaInterface@@@std@@@std@@@std@@@std@@@std@@YAAAV?$_Tree_iterator@V?$_Tree_val@U?$_Tree_simple_types@U?$pair@QAUlua_State@@PAVILuaInterface@@@std@@@std@@@std@@@0@AAV10@@Z 100029a6 f i ILuaModuleManager.obj
 0001:000019a6       ?_Left@?$_Tree_val@U?$_Tree_simple_types@U?$pair@QBXUtss_data_node@detail@boost@@@std@@@std@@@std@@SAAAPAU?$_Tree_node@U?$pair@QBXUtss_data_node@detail@boost@@@std@@PAX@2@PAU32@@Z 100029a6 f i nav.obj
 0001:000019a6       ??$forward@_N@std@@YA$$QA_NAA_N@Z 100029a6 f i ILuaModuleManager.obj
 0001:000019a6       ??$forward@V?$bind_t@XV?$mf1@XVNav@@PA_N@_mfi@boost@@V?$list2@V?$value@PAVNav@@@_bi@boost@@V?$value@PA_N@23@@_bi@3@@_bi@boost@@AAV123@@boost@@YA$$QAV?$bind_t@XV?$mf1@XVNav@@PA_N@_mfi@boost@@V?$list2@V?$value@PAVNav@@@_bi@boost@@V?$value@PA_N@23@@_bi@3@@_bi@0@AAV120@PAX@Z 100029a6 f i nav.obj
 0001:000019a6       ??$addressof@PAU?$_Tree_node@U?$pair@QAUlua_State@@PAVILuaInterface@@@std@@PAX@std@@@std@@YAPAPAU?$_Tree_node@U?$pair@QAUlua_State@@PAVILuaInterface@@@std@@PAX@0@AAPAU10@@Z 100029a6 f i ILuaModuleManager.obj
 0001:000019a6       ??$forward@AAPAU?$_Tree_node@U?$pair@QAUlua_State@@PAVILuaInterface@@@std@@PAX@std@@@std@@YAAAPAU?$_Tree_node@U?$pair@QAUlua_State@@PAVILuaInterface@@@std@@PAX@0@AAPAU10@@Z 100029a6 f i ILuaModuleManager.obj
 0001:000019a6       ??$addressof@U?$pair@QBXUtss_data_node@detail@boost@@@std@@@std@@YAPAU?$pair@QBXUtss_data_node@detail@boost@@@0@AAU10@@Z 100029a6 f i nav.obj
 0001:000019a6       ??$addressof@PAU?$_Tree_node@U?$pair@QBXUtss_data_node@detail@boost@@@std@@PAX@std@@@std@@YAPAPAU?$_Tree_node@U?$pair@QBXUtss_data_node@detail@boost@@@std@@PAX@0@AAPAU10@@Z 100029a6 f i nav.obj
 0001:000019a6       ?unwrap@?$unwrapper@V?$mf3@XVNav@@PAUJobInfo_t@@PAVNode@@PAV3@@_mfi@boost@@@_bi@boost@@SAAAV?$mf3@XVNav@@PAUJobInfo_t@@PAVNode@@PAV3@@_mfi@3@AAV453@J@Z 100029a6 f i nav.obj
 0001:000019a6       ??$forward@AAU?$pair@QAUlua_State@@PAVILuaInterface@@@std@@@std@@YAAAU?$pair@QAUlua_State@@PAVILuaInterface@@@0@AAU10@@Z 100029a6 f i ILuaModuleManager.obj
 0001:000019a6       ??$forward@PAVILuaInterface@@@std@@YA$$QAPAVILuaInterface@@AAPAV1@@Z 100029a6 f i ILuaModuleManager.obj
 0001:000019a6       ??$forward@V?$_Tree_iterator@V?$_Tree_val@U?$_Tree_simple_types@U?$pair@QAUlua_State@@PAVILuaInterface@@@std@@@std@@@std@@@std@@@std@@YA$$QAV?$_Tree_iterator@V?$_Tree_val@U?$_Tree_simple_types@U?$pair@QAUlua_State@@PAVILuaInterface@@@std@@@std@@@std@@@0@AAV10@@Z 100029a6 f i ILuaModuleManager.obj
 0001:000019a6       ??$forward@AAPAD@std@@YAAAPADAAPAD@Z 100029a6 f i ILuaObject.obj
 0001:000019a6       ??$addressof@D@std@@YAPADAAD@Z 100029a6 f i ILuaObject.obj
 0001:000019a6       ??$forward@ABQAUlua_State@@@std@@YAABQAUlua_State@@ABQAU1@@Z 100029a6 f i ILuaModuleManager.obj
 0001:000019a6       ??$forward@PAUlua_State@@@std@@YA$$QAPAUlua_State@@AAPAU1@@Z 100029a6 f i ILuaModuleManager.obj
 0001:000019a6       ??$forward@AAPAU?$_Tree_node@U?$pair@QBXUtss_data_node@detail@boost@@@std@@PAX@std@@@std@@YAAAPAU?$_Tree_node@U?$pair@QBXUtss_data_node@detail@boost@@@std@@PAX@0@AAPAU10@@Z 100029a6 f i nav.obj
 0001:000019a6       ??$forward@U?$pair@PAUlua_State@@PAVILuaInterface@@@std@@@std@@YA$$QAU?$pair@PAUlua_State@@PAVILuaInterface@@@0@AAU10@@Z 100029a6 f i ILuaModuleManager.obj
 0001:000019ae       ?_Parent@?$_Tree_val@U?$_Tree_simple_types@U?$pair@QBXUtss_data_node@detail@boost@@@std@@@std@@@std@@SAAAPAU?$_Tree_node@U?$pair@QBXUtss_data_node@detail@boost@@@std@@PAX@2@PAU32@@Z 100029ae f i nav.obj
 0001:000019ae       ?_Parent@?$_Tree_val@U?$_Tree_simple_types@U?$pair@QAUlua_State@@PAVILuaInterface@@@std@@@std@@@std@@SAAAPAU?$_Tree_node@U?$pair@QAUlua_State@@PAVILuaInterface@@@std@@PAX@2@PAU32@@Z 100029ae f i ILuaModuleManager.obj
 0001:000019b9       ?_Right@?$_Tree_val@U?$_Tree_simple_types@U?$pair@QBXUtss_data_node@detail@boost@@@std@@@std@@@std@@SAAAPAU?$_Tree_node@U?$pair@QBXUtss_data_node@detail@boost@@@std@@PAX@2@PAU32@@Z 100029b9 f i nav.obj
 0001:000019b9       ?_Right@?$_Tree_val@U?$_Tree_simple_types@U?$pair@QAUlua_State@@PAVILuaInterface@@@std@@@std@@@std@@SAAAPAU?$_Tree_node@U?$pair@QAUlua_State@@PAVILuaInterface@@@std@@PAX@2@PAU32@@Z 100029b9 f i ILuaModuleManager.obj
 0001:000019c4       ?_Max@?$_Tree_val@U?$_Tree_simple_types@U?$pair@QAUlua_State@@PAVILuaInterface@@@std@@@std@@@std@@SAPAU?$_Tree_node@U?$pair@QAUlua_State@@PAVILuaInterface@@@std@@PAX@2@PAU32@@Z 100029c4 f i ILuaModuleManager.obj
 0001:000019c4       ?_Max@?$_Tree_val@U?$_Tree_simple_types@U?$pair@QBXUtss_data_node@detail@boost@@@std@@@std@@@std@@SAPAU?$_Tree_node@U?$pair@QBXUtss_data_node@detail@boost@@@std@@PAX@2@PAU32@@Z 100029c4 f i nav.obj
 0001:000019f4       ?_Min@?$_Tree_val@U?$_Tree_simple_types@U?$pair@QAUlua_State@@PAVILuaInterface@@@std@@@std@@@std@@SAPAU?$_Tree_node@U?$pair@QAUlua_State@@PAVILuaInterface@@@std@@PAX@2@PAU32@@Z 100029f4 f i ILuaModuleManager.obj
 0001:000019f4       ?_Min@?$_Tree_val@U?$_Tree_simple_types@U?$pair@QBXUtss_data_node@detail@boost@@@std@@@std@@@std@@SAPAU?$_Tree_node@U?$pair@QBXUtss_data_node@detail@boost@@@std@@PAX@2@PAU32@@Z 100029f4 f i nav.obj
 0001:00001a24       ??0?$_Tree_const_iterator@V?$_Tree_val@U?$_Tree_simple_types@U?$pair@QBXUtss_data_node@detail@boost@@@std@@@std@@@std@@@std@@QAE@PAU?$_Tree_node@U?$pair@QBXUtss_data_node@detail@boost@@@std@@PAX@1@PBV?$_Tree_val@U?$_Tree_simple_types@U?$pair@QBXUtss_data_node@detail@boost@@@std@@@std@@@1@@Z 10002a24 f i nav.obj
 0001:00001a24       ??0?$_Tree_const_iterator@V?$_Tree_val@U?$_Tree_simple_types@U?$pair@QAUlua_State@@PAVILuaInterface@@@std@@@std@@@std@@@std@@QAE@PAU?$_Tree_node@U?$pair@QAUlua_State@@PAVILuaInterface@@@std@@PAX@1@PBV?$_Tree_val@U?$_Tree_simple_types@U?$pair@QAUlua_State@@PAVILuaInterface@@@std@@@std@@@1@@Z 10002a24 f i ILuaModuleManager.obj
 0001:00001a40       ??D?$_Tree_const_iterator@V?$_Tree_val@U?$_Tree_simple_types@U?$pair@QAUlua_State@@PAVILuaInterface@@@std@@@std@@@std@@@std@@QBEABU?$pair@QAUlua_State@@PAVILuaInterface@@@1@XZ 10002a40 f i ILuaModuleManager.obj
 0001:00001a54       ??E?$_Tree_const_iterator@V?$_Tree_val@U?$_Tree_simple_types@U?$pair@QAUlua_State@@PAVILuaInterface@@@std@@@std@@@std@@@std@@QAEAAV01@XZ 10002a54 f i ILuaModuleManager.obj
 0001:00001a54       ??E?$_Tree_const_iterator@V?$_Tree_val@U?$_Tree_simple_types@U?$pair@QBXUtss_data_node@detail@boost@@@std@@@std@@@std@@@std@@QAEAAV01@XZ 10002a54 f i nav.obj
 0001:00001a68       ??0?$_Tree_alloc@$0A@U?$_Tree_base_types@U?$pair@QAUlua_State@@PAVILuaInterface@@@std@@V?$allocator@U?$pair@QAUlua_State@@PAVILuaInterface@@@std@@@2@@std@@@std@@QAE@ABV?$allocator@U?$pair@QAUlua_State@@PAVILuaInterface@@@std@@@1@@Z 10002a68 f i ILuaModuleManager.obj
 0001:00001a8b       ??0VectorAligned@@QAE@XZ   10002a8b f i nav.obj
 0001:00001a8b       ??0?$_Wrap_alloc@V?$allocator@U?$pair@PAVcondition_variable@boost@@PAVmutex@2@@std@@@std@@@std@@QAE@XZ 10002a8b f i nav.obj
 0001:00001a8b       ??0?$_Wrap_alloc@V?$allocator@U?$_Tree_node@U?$pair@QAUlua_State@@PAVILuaInterface@@@std@@PAX@std@@@std@@@std@@QAE@XZ 10002a8b f i ILuaModuleManager.obj
 0001:00001a8b       ??0?$_Wrap_alloc@V?$allocator@D@std@@@std@@QAE@XZ 10002a8b f i ILuaObject.obj
 0001:00001a8b       ??0?$_Wrap_alloc@V?$allocator@U?$_Tree_node@U?$pair@QBXUtss_data_node@detail@boost@@@std@@PAX@std@@@std@@@std@@QAE@XZ 10002a8b f i nav.obj
 0001:00001a8b       ??0cplane_t@@QAE@XZ        10002a8b f i nav.obj
 0001:00001a9f       ?deallocate@?$allocator@U?$_Tree_node@U?$pair@QBXUtss_data_node@detail@boost@@@std@@PAX@std@@@std@@QAEXPAU?$_Tree_node@U?$pair@QBXUtss_data_node@detail@boost@@@std@@PAX@2@I@Z 10002a9f f i nav.obj
 0001:00001a9f       ?deallocate@?$allocator@D@std@@QAEXPADI@Z 10002a9f f i ILuaObject.obj
 0001:00001a9f       ?deallocate@?$allocator@U?$_Tree_node@U?$pair@QAUlua_State@@PAVILuaInterface@@@std@@PAX@std@@@std@@QAEXPAU?$_Tree_node@U?$pair@QAUlua_State@@PAVILuaInterface@@@std@@PAX@2@I@Z 10002a9f f i ILuaModuleManager.obj
 0001:00001a9f       ?deallocate@?$allocator@U?$pair@PAVcondition_variable@boost@@PAVmutex@2@@std@@@std@@QAEXPAU?$pair@PAVcondition_variable@boost@@PAVmutex@2@@2@I@Z 10002a9f f i nav.obj
 0001:00001ab3       ??0?$_Tree_unchecked_const_iterator@V?$_Tree_val@U?$_Tree_simple_types@U?$pair@QAUlua_State@@PAVILuaInterface@@@std@@@std@@@std@@U_Iterator_base0@2@@std@@QAE@PAU?$_Tree_node@U?$pair@QAUlua_State@@PAVILuaInterface@@@std@@PAX@1@PBV?$_Tree_val@U?$_Tree_simple_types@U?$pair@QAUlua_State@@PAVILuaInterface@@@std@@@std@@@1@@Z 10002ab3 f i ILuaModuleManager.obj
 0001:00001ab3       ??0?$_Tree_unchecked_const_iterator@V?$_Tree_val@U?$_Tree_simple_types@U?$pair@QBXUtss_data_node@detail@boost@@@std@@@std@@@std@@U_Iterator_base0@2@@std@@QAE@PAU?$_Tree_node@U?$pair@QBXUtss_data_node@detail@boost@@@std@@PAX@1@PBV?$_Tree_val@U?$_Tree_simple_types@U?$pair@QBXUtss_data_node@detail@boost@@@std@@@std@@@1@@Z 10002ab3 f i nav.obj
 0001:00001ad4       ??E?$_Tree_unchecked_const_iterator@V?$_Tree_val@U?$_Tree_simple_types@U?$pair@QAUlua_State@@PAVILuaInterface@@@std@@@std@@@std@@U_Iterator_base0@2@@std@@QAEAAV01@XZ 10002ad4 f i ILuaModuleManager.obj
 0001:00001ad4       ??E?$_Tree_unchecked_const_iterator@V?$_Tree_val@U?$_Tree_simple_types@U?$pair@QBXUtss_data_node@detail@boost@@@std@@@std@@@std@@U_Iterator_base0@2@@std@@QAEAAV01@XZ 10002ad4 f i nav.obj
 0001:00001b6d       ?_Buyheadnode@?$_Tree_alloc@$0A@U?$_Tree_base_types@U?$pair@QAUlua_State@@PAVILuaInterface@@@std@@V?$allocator@U?$pair@QAUlua_State@@PAVILuaInterface@@@std@@@2@@std@@@std@@QAEPAU?$_Tree_node@U?$pair@QAUlua_State@@PAVILuaInterface@@@std@@PAX@2@XZ 10002b6d f i ILuaModuleManager.obj
 0001:00001ca9       ??0?$_Tree_val@U?$_Tree_simple_types@U?$pair@QAUlua_State@@PAVILuaInterface@@@std@@@std@@@std@@QAE@XZ 10002ca9 f i ILuaModuleManager.obj
 0001:00001ca9       ??0?$_Tree_val@U?$_Tree_simple_types@U?$pair@QBXUtss_data_node@detail@boost@@@std@@@std@@@std@@QAE@XZ 10002ca9 f i nav.obj
 0001:00001cc2       ?allocate@?$_Wrap_alloc@V?$allocator@U?$_Tree_node@U?$pair@QAUlua_State@@PAVILuaInterface@@@std@@PAX@std@@@std@@@std@@QAEPAU?$_Tree_node@U?$pair@QAUlua_State@@PAVILuaInterface@@@std@@PAX@2@I@Z 10002cc2 f i ILuaModuleManager.obj
 0001:00001cd8       ?allocate@?$allocator@U?$_Tree_node@U?$pair@QAUlua_State@@PAVILuaInterface@@@std@@PAX@std@@@std@@QAEPAU?$_Tree_node@U?$pair@QAUlua_State@@PAVILuaInterface@@@std@@PAX@2@I@Z 10002cd8 f i ILuaModuleManager.obj
 0001:00001cef       ??$?0ABQAUlua_State@@PAVILuaInterface@@@?$pair@PAUlua_State@@PAVILuaInterface@@@std@@QAE@ABQAUlua_State@@$$QAPAVILuaInterface@@PAPAX@Z 10002cef f i ILuaModuleManager.obj
 0001:00001d1e       ??$insert@U?$pair@PAUlua_State@@PAVILuaInterface@@@std@@@?$_Tree@V?$_Tmap_traits@PAUlua_State@@PAVILuaInterface@@U?$less@PAUlua_State@@@std@@V?$allocator@U?$pair@QAUlua_State@@PAVILuaInterface@@@std@@@4@$0A@@std@@@std@@QAE?AV?$_Tree_iterator@V?$_Tree_val@U?$_Tree_simple_types@U?$pair@QAUlua_State@@PAVILuaInterface@@@std@@@std@@@std@@@1@V?$_Tree_const_iterator@V?$_Tree_val@U?$_Tree_simple_types@U?$pair@QAUlua_State@@PAVILuaInterface@@@std@@@std@@@std@@@1@$$QAU?$pair@PAUlua_State@@PAVILuaInterface@@@1@@Z 10002d1e f i ILuaModuleManager.obj
 0001:00001d5d       ??$?0V?$_Tree_iterator@V?$_Tree_val@U?$_Tree_simple_types@U?$pair@QAUlua_State@@PAVILuaInterface@@@std@@@std@@@std@@@std@@V01@@?$pair@V?$_Tree_iterator@V?$_Tree_val@U?$_Tree_simple_types@U?$pair@QAUlua_State@@PAVILuaInterface@@@std@@@std@@@std@@@std@@V12@@std@@QAE@$$QAU01@PAPAX@Z 10002d5d f i ILuaModuleManager.obj
 0001:00001d90       ??$_Distance@V?$_Tree_iterator@V?$_Tree_val@U?$_Tree_simple_types@U?$pair@QAUlua_State@@PAVILuaInterface@@@std@@@std@@@std@@@std@@I@std@@YAXV?$_Tree_iterator@V?$_Tree_val@U?$_Tree_simple_types@U?$pair@QAUlua_State@@PAVILuaInterface@@@std@@@std@@@std@@@0@0AAI@Z 10002d90 f i ILuaModuleManager.obj
 0001:00001dbc       ??$swap@D@std@@YAXAAD0@Z   10002dbc f i ILuaModuleManager.obj
 0001:00001df1       ??$destroy@U?$pair@QAUlua_State@@PAVILuaInterface@@@std@@@?$_Wrap_alloc@V?$allocator@U?$_Tree_node@U?$pair@QAUlua_State@@PAVILuaInterface@@@std@@PAX@std@@@std@@@std@@QAEXPAU?$pair@QAUlua_State@@PAVILuaInterface@@@1@@Z 10002df1 f i ILuaModuleManager.obj
 0001:00001df1       ??$destroy@PAU?$_Tree_node@U?$pair@QAUlua_State@@PAVILuaInterface@@@std@@PAX@std@@@?$_Wrap_alloc@V?$allocator@U?$_Tree_node@U?$pair@QAUlua_State@@PAVILuaInterface@@@std@@PAX@std@@@std@@@std@@QAEXPAPAU?$_Tree_node@U?$pair@QAUlua_State@@PAVILuaInterface@@@std@@PAX@1@@Z 10002df1 f i ILuaModuleManager.obj
 0001:00001df1       ??$destroy@PAU?$_Tree_node@U?$pair@QBXUtss_data_node@detail@boost@@@std@@PAX@std@@@?$_Wrap_alloc@V?$allocator@U?$_Tree_node@U?$pair@QBXUtss_data_node@detail@boost@@@std@@PAX@std@@@std@@@std@@QAEXPAPAU?$_Tree_node@U?$pair@QBXUtss_data_node@detail@boost@@@std@@PAX@1@@Z 10002df1 f i nav.obj
 0001:00001df1       ??$destroy@PAD@?$_Wrap_alloc@V?$allocator@D@std@@@std@@QAEXPAPAD@Z 10002df1 f i ILuaObject.obj
 0001:00001df1       ??$destroy@U?$pair@PAVcondition_variable@boost@@PAVmutex@2@@std@@@?$_Wrap_alloc@V?$allocator@U?$pair@PAVcondition_variable@boost@@PAVmutex@2@@std@@@std@@@std@@QAEXPAU?$pair@PAVcondition_variable@boost@@PAVmutex@2@@1@@Z 10002df1 f i nav.obj
 0001:00001e09       ??$?0AAV?$_Tree_iterator@V?$_Tree_val@U?$_Tree_simple_types@U?$pair@QAUlua_State@@PAVILuaInterface@@@std@@@std@@@std@@@std@@AAV01@@?$pair@V?$_Tree_iterator@V?$_Tree_val@U?$_Tree_simple_types@U?$pair@QAUlua_State@@PAVILuaInterface@@@std@@@std@@@std@@@std@@V12@@std@@QAE@AAV?$_Tree_iterator@V?$_Tree_val@U?$_Tree_simple_types@U?$pair@QAUlua_State@@PAVILuaInterface@@@std@@@std@@@std@@@1@0PAPAX@Z 10002e09 f i ILuaModuleManager.obj
 0001:00001e38       ??$construct@PADAAPAD@?$_Wrap_alloc@V?$allocator@D@std@@@std@@QAEXPAPADAAPAD@Z 10002e38 f i ILuaObject.obj
 0001:00001e38       ??$construct@PAU?$_Tree_node@U?$pair@QAUlua_State@@PAVILuaInterface@@@std@@PAX@std@@AAPAU12@@?$_Wrap_alloc@V?$allocator@U?$_Tree_node@U?$pair@QAUlua_State@@PAVILuaInterface@@@std@@PAX@std@@@std@@@std@@QAEXPAPAU?$_Tree_node@U?$pair@QAUlua_State@@PAVILuaInterface@@@std@@PAX@1@AAPAU21@@Z 10002e38 f i ILuaModuleManager.obj
 0001:00001e38       ??$construct@PAU?$_Tree_node@U?$pair@QBXUtss_data_node@detail@boost@@@std@@PAX@std@@AAPAU12@@?$_Wrap_alloc@V?$allocator@U?$_Tree_node@U?$pair@QBXUtss_data_node@detail@boost@@@std@@PAX@std@@@std@@@std@@QAEXPAPAU?$_Tree_node@U?$pair@QBXUtss_data_node@detail@boost@@@std@@PAX@1@AAPAU21@@Z 10002e38 f i nav.obj
 0001:00001e5b       ??$_Allocate@U?$_Tree_node@U?$pair@QAUlua_State@@PAVILuaInterface@@@std@@PAX@std@@@std@@YAPAU?$_Tree_node@U?$pair@QAUlua_State@@PAVILuaInterface@@@std@@PAX@0@IPAU10@@Z 10002e5b f i ILuaModuleManager.obj
 0001:00001e94       ??$_Buynode@U?$pair@PAUlua_State@@PAVILuaInterface@@@std@@@?$_Tree_buy@U?$pair@QAUlua_State@@PAVILuaInterface@@@std@@V?$allocator@U?$pair@QAUlua_State@@PAVILuaInterface@@@std@@@2@@std@@QAEPAU?$_Tree_node@U?$pair@QAUlua_State@@PAVILuaInterface@@@std@@PAX@1@$$QAU?$pair@PAUlua_State@@PAVILuaInterface@@@1@@Z 10002e94 f i ILuaModuleManager.obj
 0001:00001f61       ??$_Insert_hint@AAU?$pair@QAUlua_State@@PAVILuaInterface@@@std@@PAU?$_Tree_node@U?$pair@QAUlua_State@@PAVILuaInterface@@@std@@PAX@2@@?$_Tree@V?$_Tmap_traits@PAUlua_State@@PAVILuaInterface@@U?$less@PAUlua_State@@@std@@V?$allocator@U?$pair@QAUlua_State@@PAVILuaInterface@@@std@@@4@$0A@@std@@@std@@IAE?AV?$_Tree_iterator@V?$_Tree_val@U?$_Tree_simple_types@U?$pair@QAUlua_State@@PAVILuaInterface@@@std@@@std@@@std@@@1@V?$_Tree_const_iterator@V?$_Tree_val@U?$_Tree_simple_types@U?$pair@QAUlua_State@@PAVILuaInterface@@@std@@@std@@@std@@@1@AAU?$pair@QAUlua_State@@PAVILuaInterface@@@1@PAU?$_Tree_node@U?$pair@QAUlua_State@@PAVILuaInterface@@@std@@PAX@1@@Z 10002f61 f i ILuaModuleManager.obj
 0001:00002a65       ??$_Iter_cat@V?$_Tree_iterator@V?$_Tree_val@U?$_Tree_simple_types@U?$pair@QAUlua_State@@PAVILuaInterface@@@std@@@std@@@std@@@std@@@std@@YA?AUbidirectional_iterator_tag@0@ABV?$_Tree_iterator@V?$_Tree_val@U?$_Tree_simple_types@U?$pair@QAUlua_State@@PAVILuaInterface@@@std@@@std@@@std@@@0@@Z 10003a65 f i ILuaModuleManager.obj
 0001:00002a76       ??$_Distance2@V?$_Tree_iterator@V?$_Tree_val@U?$_Tree_simple_types@U?$pair@QAUlua_State@@PAVILuaInterface@@@std@@@std@@@std@@@std@@I@std@@YAXV?$_Tree_iterator@V?$_Tree_val@U?$_Tree_simple_types@U?$pair@QAUlua_State@@PAVILuaInterface@@@std@@@std@@@std@@@0@0AAIUbidirectional_iterator_tag@0@@Z 10003a76 f i ILuaModuleManager.obj
 0001:00002aa5       ??$destroy@PAD@?$allocator_traits@V?$allocator@D@std@@@std@@SAXAAV?$allocator@D@1@PAPAD@Z 10003aa5 f i ILuaObject.obj
 0001:00002aa5       ??$destroy@U?$pair@QAUlua_State@@PAVILuaInterface@@@std@@@?$allocator_traits@V?$allocator@U?$_Tree_node@U?$pair@QAUlua_State@@PAVILuaInterface@@@std@@PAX@std@@@std@@@std@@SAXAAV?$allocator@U?$_Tree_node@U?$pair@QAUlua_State@@PAVILuaInterface@@@std@@PAX@std@@@1@PAU?$pair@QAUlua_State@@PAVILuaInterface@@@1@@Z 10003aa5 f i ILuaModuleManager.obj
 0001:00002aa5       ??$destroy@PAU?$_Tree_node@U?$pair@QAUlua_State@@PAVILuaInterface@@@std@@PAX@std@@@?$allocator_traits@V?$allocator@U?$_Tree_node@U?$pair@QAUlua_State@@PAVILuaInterface@@@std@@PAX@std@@@std@@@std@@SAXAAV?$allocator@U?$_Tree_node@U?$pair@QAUlua_State@@PAVILuaInterface@@@std@@PAX@std@@@1@PAPAU?$_Tree_node@U?$pair@QAUlua_State@@PAVILuaInterface@@@std@@PAX@1@@Z 10003aa5 f i ILuaModuleManager.obj
 0001:00002aa5       ??$destroy@U?$pair@PAVcondition_variable@boost@@PAVmutex@2@@std@@@?$allocator_traits@V?$allocator@U?$pair@PAVcondition_variable@boost@@PAVmutex@2@@std@@@std@@@std@@SAXAAV?$allocator@U?$pair@PAVcondition_variable@boost@@PAVmutex@2@@std@@@1@PAU?$pair@PAVcondition_variable@boost@@PAVmutex@2@@1@@Z 10003aa5 f i nav.obj
 0001:00002aa5       ??$destroy@PAU?$_Tree_node@U?$pair@QBXUtss_data_node@detail@boost@@@std@@PAX@std@@@?$allocator_traits@V?$allocator@U?$_Tree_node@U?$pair@QBXUtss_data_node@detail@boost@@@std@@PAX@std@@@std@@@std@@SAXAAV?$allocator@U?$_Tree_node@U?$pair@QBXUtss_data_node@detail@boost@@@std@@PAX@std@@@1@PAPAU?$_Tree_node@U?$pair@QBXUtss_data_node@detail@boost@@@std@@PAX@1@@Z 10003aa5 f i nav.obj
 0001:00002ab5       ??$construct@PAU?$_Tree_node@U?$pair@QBXUtss_data_node@detail@boost@@@std@@PAX@std@@AAPAU12@@?$allocator_traits@V?$allocator@U?$_Tree_node@U?$pair@QBXUtss_data_node@detail@boost@@@std@@PAX@std@@@std@@@std@@SAXAAV?$allocator@U?$_Tree_node@U?$pair@QBXUtss_data_node@detail@boost@@@std@@PAX@std@@@1@PAPAU?$_Tree_node@U?$pair@QBXUtss_data_node@detail@boost@@@std@@PAX@1@AAPAU31@@Z 10003ab5 f i nav.obj
 0001:00002ab5       ??$construct@PADAAPAD@?$allocator_traits@V?$allocator@D@std@@@std@@SAXAAV?$allocator@D@1@PAPADAAPAD@Z 10003ab5 f i ILuaObject.obj
 0001:00002ab5       ??$construct@PAU?$_Tree_node@U?$pair@QAUlua_State@@PAVILuaInterface@@@std@@PAX@std@@AAPAU12@@?$allocator_traits@V?$allocator@U?$_Tree_node@U?$pair@QAUlua_State@@PAVILuaInterface@@@std@@PAX@std@@@std@@@std@@SAXAAV?$allocator@U?$_Tree_node@U?$pair@QAUlua_State@@PAVILuaInterface@@@std@@PAX@std@@@1@PAPAU?$_Tree_node@U?$pair@QAUlua_State@@PAVILuaInterface@@@std@@PAX@1@AAPAU31@@Z 10003ab5 f i ILuaModuleManager.obj
 0001:00002acf       ?category@error_code@std@@QBEABVerror_category@2@XZ 10003acf f i ILuaObject.obj
 0001:00002acf       ?size@?$_Tree@V?$_Tmap_traits@PAUlua_State@@PAVILuaInterface@@U?$less@PAUlua_State@@@std@@V?$allocator@U?$pair@QAUlua_State@@PAVILuaInterface@@@std@@@4@$0A@@std@@@std@@QBEIXZ 10003acf f i ILuaModuleManager.obj
 0001:00002acf       ?category@error_condition@std@@QBEABVerror_category@2@XZ 10003acf f i ILuaObject.obj
 0001:00002acf       ?NumAllocated@?$CUtlMemory@PAVNode@@H@@QBEHXZ 10003acf f i nav.obj
 0001:00002acf       ?NumAllocated@?$CUtlMemory@PAUJobInfo_t@@H@@QBEHXZ 10003acf f i main.obj
 0001:00002ade       ?_Destroy_if_not_nil@?$_Tree@V?$_Tmap_traits@PAUlua_State@@PAVILuaInterface@@U?$less@PAUlua_State@@@std@@V?$allocator@U?$pair@QAUlua_State@@PAVILuaInterface@@@std@@@4@$0A@@std@@@std@@IAEXPAU?$_Tree_node@U?$pair@QAUlua_State@@PAVILuaInterface@@@std@@PAX@2@@Z 10003ade f i ILuaModuleManager.obj
 0001:00002b26       ?_Buynode0@?$_Tree_buy@U?$pair@QAUlua_State@@PAVILuaInterface@@@std@@V?$allocator@U?$pair@QAUlua_State@@PAVILuaInterface@@@std@@@2@@std@@QAEPAU?$_Tree_node@U?$pair@QAUlua_State@@PAVILuaInterface@@@std@@PAX@2@XZ 10003b26 f i ILuaModuleManager.obj
 0001:00002c47       ?_Freenode0@?$_Tree_buy@U?$pair@QAUlua_State@@PAVILuaInterface@@@std@@V?$allocator@U?$pair@QAUlua_State@@PAVILuaInterface@@@std@@@2@@std@@QAEXPAU?$_Tree_node@U?$pair@QAUlua_State@@PAVILuaInterface@@@std@@PAX@2@@Z 10003c47 f i ILuaModuleManager.obj
 0001:00002c47       ?_Freeheadnode@?$_Tree_alloc@$0A@U?$_Tree_base_types@U?$pair@QBXUtss_data_node@detail@boost@@@std@@V?$allocator@U?$pair@QBXUtss_data_node@detail@boost@@@std@@@2@@std@@@std@@QAEXPAU?$_Tree_node@U?$pair@QBXUtss_data_node@detail@boost@@@std@@PAX@2@@Z 10003c47 f i nav.obj
 0001:00002cd7       ??0?$_Tree_const_iterator@V?$_Tree_val@U?$_Tree_simple_types@U?$pair@QAUlua_State@@PAVILuaInterface@@@std@@@std@@@std@@@std@@QAE@XZ 10003cd7 f i ILuaModuleManager.obj
 0001:00002ceb       ??F?$_Tree_const_iterator@V?$_Tree_val@U?$_Tree_simple_types@U?$pair@QAUlua_State@@PAVILuaInterface@@@std@@@std@@@std@@@std@@QAEAAV01@XZ 10003ceb f i ILuaModuleManager.obj
 0001:00002cff       ??E?$_Tree_iterator@V?$_Tree_val@U?$_Tree_simple_types@U?$pair@QAUlua_State@@PAVILuaInterface@@@std@@@std@@@std@@@std@@QAEAAV01@XZ 10003cff f i ILuaModuleManager.obj
 0001:00002d13       ??0?$refcount_ptr@Uerror_info_container@exception_detail@boost@@@exception_detail@boost@@QAE@XZ 10003d13 f i main.obj
 0001:00002d13       ??0?$intrusive_ptr@Uthread_data_base@detail@boost@@@boost@@QAE@XZ 10003d13 f i nav.obj
 0001:00002d13       ??0?$_Tree_unchecked_const_iterator@V?$_Tree_val@U?$_Tree_simple_types@U?$pair@QAUlua_State@@PAVILuaInterface@@@std@@@std@@@std@@U_Iterator_base0@2@@std@@QAE@XZ 10003d13 f i ILuaModuleManager.obj
 0001:00002d25       ??F?$_Tree_unchecked_const_iterator@V?$_Tree_val@U?$_Tree_simple_types@U?$pair@QAUlua_State@@PAVILuaInterface@@@std@@@std@@@std@@U_Iterator_base0@2@@std@@QAEAAV01@XZ 10003d25 f i ILuaModuleManager.obj
 0001:00002de7       ??$construct@U?$pair@QAUlua_State@@PAVILuaInterface@@@std@@U?$pair@PAUlua_State@@PAVILuaInterface@@@2@@?$_Wrap_alloc@V?$allocator@U?$_Tree_node@U?$pair@QAUlua_State@@PAVILuaInterface@@@std@@PAX@std@@@std@@@std@@QAEXPAU?$pair@QAUlua_State@@PAVILuaInterface@@@1@$$QAU?$pair@PAUlua_State@@PAVILuaInterface@@@1@@Z 10003de7 f i ILuaModuleManager.obj
 0001:00002e0a       ??$_Insert_at@AAU?$pair@QAUlua_State@@PAVILuaInterface@@@std@@PAU?$_Tree_node@U?$pair@QAUlua_State@@PAVILuaInterface@@@std@@PAX@2@@?$_Tree@V?$_Tmap_traits@PAUlua_State@@PAVILuaInterface@@U?$less@PAUlua_State@@@std@@V?$allocator@U?$pair@QAUlua_State@@PAVILuaInterface@@@std@@@4@$0A@@std@@@std@@IAE?AV?$_Tree_iterator@V?$_Tree_val@U?$_Tree_simple_types@U?$pair@QAUlua_State@@PAVILuaInterface@@@std@@@std@@@std@@@1@_NPAU?$_Tree_node@U?$pair@QAUlua_State@@PAVILuaInterface@@@std@@PAX@1@AAU?$pair@QAUlua_State@@PAVILuaInterface@@@1@1@Z 10003e0a f i ILuaModuleManager.obj
 0001:00003178       ??$_Insert_nohint@AAU?$pair@QAUlua_State@@PAVILuaInterface@@@std@@PAU?$_Tree_node@U?$pair@QAUlua_State@@PAVILuaInterface@@@std@@PAX@2@@?$_Tree@V?$_Tmap_traits@PAUlua_State@@PAVILuaInterface@@U?$less@PAUlua_State@@@std@@V?$allocator@U?$pair@QAUlua_State@@PAVILuaInterface@@@std@@@4@$0A@@std@@@std@@IAE?AU?$pair@V?$_Tree_iterator@V?$_Tree_val@U?$_Tree_simple_types@U?$pair@QAUlua_State@@PAVILuaInterface@@@std@@@std@@@std@@@std@@_N@1@_NAAU?$pair@QAUlua_State@@PAVILuaInterface@@@1@PAU?$_Tree_node@U?$pair@QAUlua_State@@PAVILuaInterface@@@std@@PAX@1@@Z 10004178 f i ILuaModuleManager.obj
 0001:0000350e       ??$construct@PAU?$_Tree_node@U?$pair@QBXUtss_data_node@detail@boost@@@std@@PAX@std@@AAPAU12@@?$allocator@U?$_Tree_node@U?$pair@QBXUtss_data_node@detail@boost@@@std@@PAX@std@@@std@@QAEXPAPAU?$_Tree_node@U?$pair@QBXUtss_data_node@detail@boost@@@std@@PAX@1@AAPAU21@@Z 1000450e f i nav.obj
 0001:0000350e       ??$construct@PADAAPAD@?$allocator@D@std@@QAEXPAPADAAPAD@Z 1000450e f i ILuaObject.obj
 0001:0000350e       ??$construct@PAU?$_Tree_node@U?$pair@QAUlua_State@@PAVILuaInterface@@@std@@PAX@std@@AAPAU12@@?$allocator@U?$_Tree_node@U?$pair@QAUlua_State@@PAVILuaInterface@@@std@@PAX@std@@@std@@QAEXPAPAU?$_Tree_node@U?$pair@QAUlua_State@@PAVILuaInterface@@@std@@PAX@1@AAPAU21@@Z 1000450e f i ILuaModuleManager.obj
 0001:00003584       ?max_size@?$_Tree@V?$_Tmap_traits@PAUlua_State@@PAVILuaInterface@@U?$less@PAUlua_State@@@std@@V?$allocator@U?$pair@QAUlua_State@@PAVILuaInterface@@@std@@@4@$0A@@std@@@std@@QBEIXZ 10004584 f i ILuaModuleManager.obj
 0001:000035a1       ??F?$_Tree_iterator@V?$_Tree_val@U?$_Tree_simple_types@U?$pair@QAUlua_State@@PAVILuaInterface@@@std@@@std@@@std@@@std@@QAEAAV01@XZ 100045a1 f i ILuaModuleManager.obj
 0001:000035b5       ?max_size@?$_Wrap_alloc@V?$allocator@U?$_Tree_node@U?$pair@QAUlua_State@@PAVILuaInterface@@@std@@PAX@std@@@std@@@std@@QBEIXZ 100045b5 f i ILuaModuleManager.obj
 0001:000035c7       ?max_size@?$allocator_traits@V?$allocator@U?$_Tree_node@U?$pair@QAUlua_State@@PAVILuaInterface@@@std@@PAX@std@@@std@@@std@@SAIABV?$allocator@U?$_Tree_node@U?$pair@QAUlua_State@@PAVILuaInterface@@@std@@PAX@std@@@2@@Z 100045c7 f i ILuaModuleManager.obj
 0001:000035d4       ?max_size@?$allocator@U?$_Tree_node@U?$pair@QAUlua_State@@PAVILuaInterface@@@std@@PAX@std@@@std@@QBEIXZ 100045d4 f i ILuaModuleManager.obj
 0001:000035e2       ??$construct@U?$pair@QAUlua_State@@PAVILuaInterface@@@std@@U?$pair@PAUlua_State@@PAVILuaInterface@@@2@@?$allocator_traits@V?$allocator@U?$_Tree_node@U?$pair@QAUlua_State@@PAVILuaInterface@@@std@@PAX@std@@@std@@@std@@SAXAAV?$allocator@U?$_Tree_node@U?$pair@QAUlua_State@@PAVILuaInterface@@@std@@PAX@std@@@1@PAU?$pair@QAUlua_State@@PAVILuaInterface@@@1@$$QAU?$pair@PAUlua_State@@PAVILuaInterface@@@1@@Z 100045e2 f i ILuaModuleManager.obj
 0001:000035fc       ??$_Buynode_if_nil@AAU?$pair@QAUlua_State@@PAVILuaInterface@@@std@@@?$_Tree@V?$_Tmap_traits@PAUlua_State@@PAVILuaInterface@@U?$less@PAUlua_State@@@std@@V?$allocator@U?$pair@QAUlua_State@@PAVILuaInterface@@@std@@@4@$0A@@std@@@std@@IAEPAU?$_Tree_node@U?$pair@QAUlua_State@@PAVILuaInterface@@@std@@PAX@1@PAU21@AAU?$pair@QAUlua_State@@PAVILuaInterface@@@1@@Z 100045fc f i ILuaModuleManager.obj
 0001:0000360a       ??$?0V?$_Tree_iterator@V?$_Tree_val@U?$_Tree_simple_types@U?$pair@QAUlua_State@@PAVILuaInterface@@@std@@@std@@@std@@@std@@_N@?$pair@V?$_Tree_iterator@V?$_Tree_val@U?$_Tree_simple_types@U?$pair@QAUlua_State@@PAVILuaInterface@@@std@@@std@@@std@@@std@@_N@std@@QAE@$$QAV?$_Tree_iterator@V?$_Tree_val@U?$_Tree_simple_types@U?$pair@QAUlua_State@@PAVILuaInterface@@@std@@@std@@@std@@@1@$$QA_NPAPAX@Z 1000460a f i ILuaModuleManager.obj
 0001:0000360a       ??$?0AAV?$_Tree_iterator@V?$_Tree_val@U?$_Tree_simple_types@U?$pair@QAUlua_State@@PAVILuaInterface@@@std@@@std@@@std@@@std@@_N@?$pair@V?$_Tree_iterator@V?$_Tree_val@U?$_Tree_simple_types@U?$pair@QAUlua_State@@PAVILuaInterface@@@std@@@std@@@std@@@std@@_N@std@@QAE@AAV?$_Tree_iterator@V?$_Tree_val@U?$_Tree_simple_types@U?$pair@QAUlua_State@@PAVILuaInterface@@@std@@@std@@@std@@@1@$$QA_NPAPAX@Z 1000460a f i ILuaModuleManager.obj
 0001:00003639       ??$?0V?$_Tree_iterator@V?$_Tree_val@U?$_Tree_simple_types@U?$pair@QAUlua_State@@PAVILuaInterface@@@std@@@std@@@std@@@std@@_N@?$pair@V?$_Tree_iterator@V?$_Tree_val@U?$_Tree_simple_types@U?$pair@QAUlua_State@@PAVILuaInterface@@@std@@@std@@@std@@@std@@_N@std@@QAE@$$QAU01@PAPAX@Z 10004639 f i ILuaModuleManager.obj
 0001:0000366c       ??$construct@U?$pair@QAUlua_State@@PAVILuaInterface@@@std@@U?$pair@PAUlua_State@@PAVILuaInterface@@@2@@?$allocator@U?$_Tree_node@U?$pair@QAUlua_State@@PAVILuaInterface@@@std@@PAX@std@@@std@@QAEXPAU?$pair@QAUlua_State@@PAVILuaInterface@@@1@$$QAU?$pair@PAUlua_State@@PAVILuaInterface@@@1@@Z 1000466c f i ILuaModuleManager.obj
 0001:000036e3       ??$?0PAUlua_State@@PAVILuaInterface@@@?$pair@QAUlua_State@@PAVILuaInterface@@@std@@QAE@$$QAU?$pair@PAUlua_State@@PAVILuaInterface@@@1@PAPAX@Z 100046e3 f i ILuaModuleManager.obj
 0001:00003716       ?length@?$char_traits@D@std@@SAIPBD@Z 10004716 f i ILuaObject.obj
 0001:0000375e       ?copy@?$char_traits@D@std@@SAPADPADPBDI@Z 1000475e f i ILuaObject.obj
 0001:00003789       ?move@?$char_traits@D@std@@SAPADPADPBDI@Z 10004789 f i ILuaObject.obj
 0001:000037b4       ?assign@?$char_traits@D@std@@SAXAADABD@Z 100047b4 f i ILuaObject.obj
 0001:000037c3       ??0Iterator_t@?$CUtlMemory@U?$UtlLinkedListElem_t@UAirSeedSpot@@H@@H@@QAE@H@Z 100047c3 f i nav.obj
 0001:000037c3       ??0handle_manager@win32@detail@boost@@QAE@PAX@Z 100047c3 f i nav.obj
 0001:000037c3       ??0?$storage1@V?$value@PAVNav@@@_bi@boost@@@_bi@boost@@QAE@V?$value@PAVNav@@@12@@Z 100047c3 f i nav.obj
 0001:000037c3       ??0id@locale@std@@QAE@I@Z  100047c3 f i ILuaObject.obj
 0001:000037c3       ??0?$int_adapter@I@date_time@boost@@QAE@I@Z 100047c3 f i main.obj
 0001:000037c3       ??0?$mf3@XVNav@@PAUJobInfo_t@@PAVNode@@PAV3@@_mfi@boost@@QAE@P8Nav@@AEXPAUJobInfo_t@@PAVNode@@1@Z@Z 100047c3 f i nav.obj
 0001:000037c3       ??0Iterator_t@?$CUtlMemory@U?$UtlLinkedListElem_t@UGroundSeedSpot@@H@@H@@QAE@H@Z 100047c3 f i nav.obj
 0001:000037c3       ??0?$mf1@XVNav@@PA_N@_mfi@boost@@QAE@P8Nav@@AEXPA_N@Z@Z 100047c3 f i nav.obj
 0001:000037d9       ??0error_category@std@@QAE@XZ 100047d9 f i ILuaObject.obj
 0001:000037ee       ??1error_category@std@@UAE@XZ 100047ee f i ILuaObject.obj
 0001:00003800       ??8error_category@std@@QBE_NABV01@@Z 10004800 f i ILuaObject.obj
 0001:00003824       ??_Eerror_category@std@@UAEPAXI@Z 10004824 f i * CIL library *:* CIL module *
 0001:00003824       ??_Gerror_category@std@@UAEPAXI@Z 10004824 f i ILuaObject.obj
 0001:0000384b       ??0error_condition@std@@QAE@HABVerror_category@1@@Z 1000484b f i ILuaObject.obj
 0001:0000384b       ??0ILuaObject@@QAE@PAVILuaBase@Lua@GarrysMod@@H@Z 1000484b f i ILuaObject.obj
 0001:0000384b       ??0error_code@system@boost@@QAE@HABVerror_category@12@@Z 1000484b f i nav.obj
 0001:0000386a       ??8error_condition@std@@QBE_NABV01@@Z 1000486a f i ILuaObject.obj
 0001:000038bd       ?default_error_condition@error_category@std@@UBE?AVerror_condition@2@H@Z 100048bd f i ILuaObject.obj
 0001:000038d9       ?equivalent@error_category@std@@UBE_NHABVerror_condition@2@@Z 100048d9 f i ILuaObject.obj
 0001:00003902       ?equivalent@error_category@std@@UBE_NABVerror_code@2@H@Z 10004902 f i ILuaObject.obj
 0001:00003943       ??0_Generic_error_category@std@@QAE@XZ 10004943 f i ILuaObject.obj
 0001:00003960       ?name@_Generic_error_category@std@@UBEPBDXZ 10004960 f i ILuaObject.obj
 0001:0000396e       ?message@_Generic_error_category@std@@UBE?AV?$basic_string@DU?$char_traits@D@std@@V?$allocator@D@2@@2@H@Z 1000496e f i ILuaObject.obj
 0001:000039b7       ??_E_Generic_error_category@std@@UAEPAXI@Z 100049b7 f i * CIL library *:* CIL module *
 0001:000039b7       ??_G_Generic_error_category@std@@UAEPAXI@Z 100049b7 f i ILuaObject.obj
 0001:000039de       ??1_Generic_error_category@std@@UAE@XZ 100049de f i ILuaObject.obj
 0001:000039ef       ??0_Iostream_error_category@std@@QAE@XZ 100049ef f i ILuaObject.obj
 0001:00003a0c       ?name@_Iostream_error_category@std@@UBEPBDXZ 10004a0c f i ILuaObject.obj
 0001:00003a1a       ?message@_Iostream_error_category@std@@UBE?AV?$basic_string@DU?$char_traits@D@std@@V?$allocator@D@2@@2@H@Z 10004a1a f i ILuaObject.obj
 0001:00003a67       ??_G_System_error_category@std@@UAEPAXI@Z 10004a67 f i ILuaObject.obj
 0001:00003a67       ??_E_System_error_category@std@@UAEPAXI@Z 10004a67 f i * CIL library *:* CIL module *
 0001:00003a67       ??_G_Iostream_error_category@std@@UAEPAXI@Z 10004a67 f i ILuaObject.obj
 0001:00003a67       ??_E_Iostream_error_category@std@@UAEPAXI@Z 10004a67 f i * CIL library *:* CIL module *
 0001:00003a8e       ??1_Iostream_error_category@std@@UAE@XZ 10004a8e f i ILuaObject.obj
 0001:00003a8e       ??1_System_error_category@std@@UAE@XZ 10004a8e f i ILuaObject.obj
 0001:00003a9f       ??0_System_error_category@std@@QAE@XZ 10004a9f f i ILuaObject.obj
 0001:00003abc       ?name@_System_error_category@std@@UBEPBDXZ 10004abc f i ILuaObject.obj
 0001:00003aca       ?message@_System_error_category@std@@UBE?AV?$basic_string@DU?$char_traits@D@std@@V?$allocator@D@2@@2@H@Z 10004aca f i ILuaObject.obj
 0001:00003b13       ?default_error_condition@_System_error_category@std@@UBE?AVerror_condition@2@H@Z 10004b13 f i ILuaObject.obj
 0001:00003b57       ?generic_category@std@@YAABVerror_category@1@XZ 10004b57 f i ILuaObject.obj
 0001:00003b61       ?system_category@std@@YAABVerror_category@1@XZ 10004b61 f i ILuaObject.obj
 0001:00003b6b       ?_Orphan_all@_Container_base0@std@@QAEXXZ 10004b6b f   nav.obj
 0001:00003b6b       ?ValidateGrowSize@?$CUtlMemory@U?$UtlLinkedListElem_t@UGroundSeedSpot@@H@@H@@IAEXXZ 10004b6b f   nav.obj
 0001:00003b6b       ?ValidateGrowSize@?$CUtlMemory@PAVNode@@H@@IAEXXZ 10004b6b f   main.obj
 0001:00003b6b       ??1ILuaObject@@QAE@XZ      10004b6b f   ILuaObject.obj
 0001:00003b6b       ?ValidateGrowSize@?$CUtlMemory@PAUJobInfo_t@@H@@IAEXXZ 10004b6b f   main.obj
 0001:00003b6b       ?ValidateGrowSize@?$CUtlMemory@U?$UtlLinkedListElem_t@UAirSeedSpot@@H@@H@@IAEXXZ 10004b6b f   nav.obj
 0001:00003b74       ?UnReference@ILuaObject@@QAEXXZ 10004b74 f   ILuaObject.obj
 0001:00003bbc       ??_GILuaObject@@QAEPAXI@Z  10004bbc f i ILuaObject.obj
 0001:00003be3       ?SetMember@ILuaObject@@QAEXPBDPAV1@@Z 10004be3 f   ILuaObject.obj
 0001:00003c34       ?SetMember@ILuaObject@@QAEXPBDN@Z 10004c34 f   ILuaObject.obj
 0001:00003c98       ?SetMember@ILuaObject@@QAEXPBDP6AHPAUlua_State@@@Z@Z 10004c98 f   ILuaObject.obj
 0001:00003cf6       ?SetMember@ILuaObject@@QAEXNPAV1@@Z 10004cf6 f   ILuaObject.obj
 0001:00003d4e       ?SetMember@ILuaObject@@QAEXMPAV1@@Z 10004d4e f   ILuaObject.obj
 0001:00003d70       ?GetMember@ILuaObject@@QAEPAV1@PBD@Z 10004d70 f   ILuaObject.obj
 0001:00003e25       ?isType@ILuaObject@@QAE_NH@Z 10004e25 f   ILuaObject.obj
 0001:00003e67       ?isTable@ILuaObject@@QAE_NXZ 10004e67 f   ILuaObject.obj
 0001:00003e7a       ?Push@ILuaObject@@QAEXXZ   10004e7a f   ILuaObject.obj
 0001:00003e9b       ??0?$basic_string@DU?$char_traits@D@std@@V?$allocator@D@2@@std@@QAE@PBD@Z 10004e9b f i ILuaObject.obj
 0001:00003ed2       ??1?$basic_string@DU?$char_traits@D@std@@V?$allocator@D@2@@std@@QAE@XZ 10004ed2 f i ILuaObject.obj
 0001:00003ee7       ?assign@?$basic_string@DU?$char_traits@D@std@@V?$allocator@D@2@@std@@QAEAAV12@PBD@Z 10004ee7 f i ILuaObject.obj
 0001:00003f07       ?size@?$basic_string@DU?$char_traits@D@std@@V?$allocator@D@2@@std@@QBEIXZ 10004f07 f i ILuaObject.obj
 0001:00003f16       ?_Tidy@?$basic_string@DU?$char_traits@D@std@@V?$allocator@D@2@@std@@QAEX_NI@Z 10004f16 f i ILuaObject.obj
 0001:00003fa5       ??0?$_String_alloc@$0A@U?$_String_base_types@DV?$allocator@D@std@@@std@@@std@@QAE@ABV?$allocator@D@1@@Z 10004fa5 f i ILuaObject.obj
 0001:00003fbb       ?_Myptr@?$_String_val@U?$_Simple_types@D@std@@@std@@QBEPBDXZ 10004fbb f i ILuaObject.obj
 0001:00003fbb       ?_Myptr@?$_String_val@U?$_Simple_types@D@std@@@std@@QAEPADXZ 10004fbb f i ILuaObject.obj
 0001:00003fe7       ?assign@?$basic_string@DU?$char_traits@D@std@@V?$allocator@D@2@@std@@QAEAAV12@PBDI@Z 10004fe7 f i ILuaObject.obj
 0001:0000405b       ?_Eos@?$basic_string@DU?$char_traits@D@std@@V?$allocator@D@2@@std@@QAEXI@Z 1000505b f i ILuaObject.obj
 0001:0000408b       ?_Xran@?$basic_string@DU?$char_traits@D@std@@V?$allocator@D@2@@std@@QBEXXZ 1000508b f i ILuaObject.obj
 0001:0000409e       ??0?$_String_val@U?$_Simple_types@D@std@@@std@@QAE@XZ 1000509e f i ILuaObject.obj
 0001:000040b8       ?assign@?$basic_string@DU?$char_traits@D@std@@V?$allocator@D@2@@std@@QAEAAV12@ABV12@II@Z 100050b8 f i ILuaObject.obj
 0001:0000415d       ?_Grow@?$basic_string@DU?$char_traits@D@std@@V?$allocator@D@2@@std@@QAE_NI_N@Z 1000515d f i ILuaObject.obj
 0001:000041fc       ?_Inside@?$basic_string@DU?$char_traits@D@std@@V?$allocator@D@2@@std@@QAE_NPBD@Z 100051fc f i ILuaObject.obj
 0001:00004235       ?_Xlen@?$basic_string@DU?$char_traits@D@std@@V?$allocator@D@2@@std@@QBEXXZ 10005235 f i ILuaObject.obj
 0001:00004248       ?erase@?$basic_string@DU?$char_traits@D@std@@V?$allocator@D@2@@std@@QAEAAV12@I@Z 10005248 f i ILuaObject.obj
 0001:00004274       ?erase@?$basic_string@DU?$char_traits@D@std@@V?$allocator@D@2@@std@@QAEAAV12@II@Z 10005274 f i ILuaObject.obj
 0001:000042f6       ?max_size@?$basic_string@DU?$char_traits@D@std@@V?$allocator@D@2@@std@@QBEIXZ 100052f6 f i ILuaObject.obj
 0001:00004330       ?_Copy@?$basic_string@DU?$char_traits@D@std@@V?$allocator@D@2@@std@@QAEXII@Z 10005330 f i ILuaObject.obj
 0001:000044d0       ?allocate@?$_Wrap_alloc@V?$allocator@D@std@@@std@@QAEPADI@Z 100054d0 f i ILuaObject.obj
 0001:000044e6       ?max_size@?$_Wrap_alloc@V?$allocator@D@std@@@std@@QBEIXZ 100054e6 f i ILuaObject.obj
 0001:000044f8       ?allocate@?$allocator@D@std@@QAEPADI@Z 100054f8 f i ILuaObject.obj
 0001:0000450f       ?max_size@?$allocator_traits@V?$allocator@D@std@@@std@@SAIABV?$allocator@D@2@@Z 1000550f f i ILuaObject.obj
 0001:0000451c       ?max_size@?$allocator@D@std@@QBEIXZ 1000551c f i ILuaObject.obj
 0001:00004528       ??$_Allocate@D@std@@YAPADIPAD@Z 10005528 f i ILuaObject.obj
 0001:0000455a       _kd_create                 1000555a f   kdtree.obj
 0001:00004595       _kd_free                   10005595 f   kdtree.obj
 0001:00004603       _kd_clear                  10005603 f   kdtree.obj
 0001:00004751       _kd_insert                 10005751 f   kdtree.obj
 0001:000047b1       _kd_insert3f               100057b1 f   kdtree.obj
 0001:00004bb6       _kd_nearest                10005bb6 f   kdtree.obj
 0001:00004d45       _kd_nearest3f              10005d45 f   kdtree.obj
 0001:00004da1       _kd_nearest_range          10005da1 f   kdtree.obj
 0001:00004e4f       _kd_res_free               10005e4f f   kdtree.obj
 0001:00004e72       _kd_res_rewind             10005e72 f   kdtree.obj
 0001:00004e86       _kd_res_end                10005e86 f   kdtree.obj
 0001:00004ea5       _kd_res_next               10005ea5 f   kdtree.obj
 0001:00004ed3       _kd_res_item               10005ed3 f   kdtree.obj
 0001:00004f16       _kd_res_item_data          10005f16 f   kdtree.obj
 0001:0000525c       ??0Vector@@QAE@MMM@Z       1000625c f i main.obj
 0001:00005290       ??4Vector@@QAEAAV0@ABV0@@Z 10006290 f i main.obj
 0001:000052c0       ??0Vector4D@@QAE@MMMM@Z    100062c0 f i main.obj
 0001:00005336       ?min@?$numeric_limits@I@std@@SAIXZ 10006336 f i main.obj
 0001:0000533d       ?InvalidIndex@?$CUtlMemory@U?$UtlLinkedListElem_t@UAirSeedSpot@@H@@H@@SAHXZ 1000633d f i nav.obj
 0001:0000533d       ?max@?$numeric_limits@I@std@@SAIXZ 1000633d f i main.obj
 0001:0000533d       ?InvalidIndex@?$CUtlMemory@U?$UtlLinkedListElem_t@UGroundSeedSpot@@H@@H@@SAHXZ 1000633d f i nav.obj
 0001:00005345       ?min@?$numeric_limits@_J@std@@SA_JXZ 10006345 f i main.obj
 0001:00005351       ?max@?$numeric_limits@_J@std@@SA_JXZ 10006351 f i main.obj
 0001:0000535e       ??0logic_error@std@@QAE@PBD@Z 1000635e f i main.obj
 0001:00005381       ??_Gruntime_error@std@@UAEPAXI@Z 10006381 f i main.obj
 0001:00005381       ??_Elogic_error@std@@UAEPAXI@Z 10006381 f i * CIL library *:* CIL module *
 0001:00005381       ??_Eruntime_error@std@@UAEPAXI@Z 10006381 f i * CIL library *:* CIL module *
 0001:00005381       ??_Glogic_error@std@@UAEPAXI@Z 10006381 f i main.obj
 0001:000053a8       ??1runtime_error@std@@UAE@XZ 100063a8 f i main.obj
 0001:000053a8       ??1logic_error@std@@UAE@XZ 100063a8 f i main.obj
 0001:000053b9       ??0out_of_range@std@@QAE@ABV?$basic_string@DU?$char_traits@D@std@@V?$allocator@D@2@@1@@Z 100063b9 f i main.obj
 0001:000053e1       ??_Eout_of_range@std@@UAEPAXI@Z 100063e1 f i * CIL library *:* CIL module *
 0001:000053e1       ??_Gout_of_range@std@@UAEPAXI@Z 100063e1 f i main.obj
 0001:00005408       ??1out_of_range@std@@UAE@XZ 10006408 f i main.obj
 0001:00005419       ??0runtime_error@std@@QAE@PBD@Z 10006419 f i main.obj
 0001:0000543c       ??0runtime_error@std@@QAE@ABV01@@Z 1000643c f i main.obj
 0001:0000545e       ??0exception@boost@@IAE@XZ 1000645e f i main.obj
 0001:00005493       ??1exception@boost@@MAE@XZ 10006493 f i main.obj
 0001:000054b0       ??1clone_base@exception_detail@boost@@UAE@XZ 100064b0 f i main.obj
 0001:000054c2       ??_Eclone_base@exception_detail@boost@@UAEPAXI@Z 100064c2 f i * CIL library *:* CIL module *
 0001:000054c2       ??_Gclone_base@exception_detail@boost@@UAEPAXI@Z 100064c2 f i main.obj
 0001:000054e9       ?copy_boost_exception@exception_detail@boost@@YAXPAVexception@2@PBV32@@Z 100064e9 f i main.obj
 0001:000055ad       ?gmtime@c_time@date_time@boost@@SAPAUtm@@PB_JPAU4@@Z 100065ad f i main.obj
 0001:00005622       ?get_system_time_as_file_time@winapi@date_time@boost@@YAXAAUFILETIME@123@@Z 10006622 f i main.obj
 0001:00005630       ?as_number@time_resolution_traits_adapted64_impl@date_time@boost@@SA_JV?$int_adapter@_J@23@@Z 10006630 f i main.obj
 0001:0000563d       ?is_adapted@time_resolution_traits_adapted64_impl@date_time@boost@@SA_NXZ 1000663d f i main.obj
 0001:00005644       ??0bad_day_of_month@gregorian@boost@@QAE@XZ 10006644 f i main.obj
 0001:000056c3       ??0bad_day_of_month@gregorian@boost@@QAE@ABV?$basic_string@DU?$char_traits@D@std@@V?$allocator@D@2@@std@@@Z 100066c3 f i main.obj
 0001:000056e5       ??_Ebad_year@gregorian@boost@@UAEPAXI@Z 100066e5 f i * CIL library *:* CIL module *
 0001:000056e5       ??_Ebad_month@gregorian@boost@@UAEPAXI@Z 100066e5 f i * CIL library *:* CIL module *
 0001:000056e5       ??_Gbad_day_of_month@gregorian@boost@@UAEPAXI@Z 100066e5 f i main.obj
 0001:000056e5       ??_Ebad_day_of_month@gregorian@boost@@UAEPAXI@Z 100066e5 f i * CIL library *:* CIL module *
 0001:000056e5       ??_Gbad_month@gregorian@boost@@UAEPAXI@Z 100066e5 f i main.obj
 0001:000056e5       ??_Gbad_year@gregorian@boost@@UAEPAXI@Z 100066e5 f i main.obj
 0001:0000570c       ??1bad_year@gregorian@boost@@UAE@XZ 1000670c f i main.obj
 0001:0000570c       ??1bad_month@gregorian@boost@@UAE@XZ 1000670c f i main.obj
 0001:0000570c       ??1bad_day_of_month@gregorian@boost@@UAE@XZ 1000670c f i main.obj
 0001:0000571d       ??0greg_day@gregorian@boost@@QAE@G@Z 1000671d f i main.obj
 0001:00005736       ??Bgreg_month@gregorian@boost@@QBEGXZ 10006736 f i main.obj
 0001:00005736       ??Bgreg_year@gregorian@boost@@QBEGXZ 10006736 f i main.obj
 0001:00005736       ??Bgreg_day@gregorian@boost@@QBEGXZ 10006736 f i main.obj
 0001:00005745       ??0bad_year@gregorian@boost@@QAE@XZ 10006745 f i main.obj
 0001:000057c4       ??0greg_year@gregorian@boost@@QAE@G@Z 100067c4 f i main.obj
 0001:000057dd       ??0bad_month@gregorian@boost@@QAE@XZ 100067dd f i main.obj
 0001:0000585c       ??0greg_month@gregorian@boost@@QAE@G@Z 1000685c f i main.obj
 0001:00005875       ??0date@gregorian@boost@@QAE@Vgreg_year@12@Vgreg_month@12@Vgreg_day@12@@Z 10006875 f i main.obj
 0001:00005940       ??0time_duration@posix_time@boost@@QAE@HHH_J@Z 10006940 f i main.obj
 0001:00005965       ??0time_duration@posix_time@boost@@IAE@V?$int_adapter@_J@date_time@2@@Z 10006965 f i main.obj
 0001:00005965       ??0?$counted_time_rep@Vmillisec_posix_time_system_config@posix_time@boost@@@date_time@boost@@QAE@_J@Z 10006965 f i main.obj
 0001:00005981       ??0ptime@posix_time@boost@@QAE@Vdate@gregorian@2@Vtime_duration@12@@Z 10006981 f i main.obj
 0001:000059a1       ??0time_duration@posix_time@boost@@QAE@ABV012@@Z 100069a1 f i main.obj
 0001:000059a1       ??0ptime@posix_time@boost@@QAE@ABU?$counted_time_rep@Vmillisec_posix_time_system_config@posix_time@boost@@@date_time@2@@Z 100069a1 f i main.obj
 0001:000059ba       ?get_system_time@boost@@YA?AVptime@posix_time@1@XZ 100069ba f i main.obj
 0001:000059cb       ?free_raw_heap_memory@detail@boost@@YAXPAX@Z 100069cb f i main.obj
 0001:000059e2       ?intrusive_ptr_release@detail@boost@@YAXPAUthread_data_base@12@@Z 100069e2 f i main.obj
 0001:00005a00       ??0timeout@detail@boost@@QAE@_K@Z 10006a00 f i main.obj
 0001:00005a3c       ?pin_to_zero@detail@boost@@YA_K_J@Z 10006a3c f i main.obj
 0001:00005a6e       ?interruptible_wait@this_thread@boost@@YAX_K@Z 10006a6e f i main.obj
 0001:00005a8d       ??1thread@boost@@QAE@XZ    10006a8d f i main.obj
 0001:00005ad8       _gmod13_open               10006ad8 f   main.obj
 0001:00005af4       _gmod13_close              10006af4 f   main.obj
 0001:00005b17       ?NewVectorObject@@YAPAVILuaObject@@PAUlua_State@@AAVVector@@@Z 10006b17 f   main.obj
 0001:00005be7       ?LUA_PushVector@@YAXPAUlua_State@@AAVVector@@@Z 10006be7 f   main.obj
 0001:00005c1d       ?LUA_GetVector@@YAAAVVector@@PAUlua_State@@H@Z 10006c1d f   main.obj
 0001:00005c1d       ?LUA_GetNode@@YAPAVNode@@PAUlua_State@@H@Z 10006c1d f   node.obj
 0001:00005c3a       ?nav_Create@@YAHPAUlua_State@@@Z 10006c3a f   main.obj
 0001:00005ce5       ?nav_Poll@@YAHPAUlua_State@@@Z 10006ce5 f   main.obj
 0001:0000608c       ??_GJobInfo_t@@QAEPAXI@Z   1000708c f i main.obj
 0001:000060b3       ??1JobInfo_t@@QAE@XZ       100070b3 f i main.obj
 0001:00006101       ?Nav_GetNodeByID@@YAHPAUlua_State@@@Z 10007101 f   main.obj
 0001:00006183       ?Nav_GetNodeTotal@@YAHPAUlua_State@@@Z 10007183 f   main.obj
 0001:000061e0       ?Nav_GetNodes@@YAHPAUlua_State@@@Z 100071e0 f   main.obj
 0001:000062f8       ?Nav_GetNearestNodes@@YAHPAUlua_State@@@Z 100072f8 f   main.obj
 0001:000064db       ?Nav_SetupMaxDistance@@YAHPAUlua_State@@@Z 100074db f   main.obj
 0001:0000656d       ?Nav_AddGroundSeed@@YAHPAUlua_State@@@Z 1000756d f   main.obj
 0001:000065ef       ?Nav_AddAirSeed@@YAHPAUlua_State@@@Z 100075ef f   main.obj
 0001:0000664b       ?Nav_ClearGroundSeeds@@YAHPAUlua_State@@@Z 1000764b f   main.obj
 0001:00006681       ?Nav_ClearAirSeeds@@YAHPAUlua_State@@@Z 10007681 f   main.obj
 0001:000066b7       ?Nav_Generate@@YAHPAUlua_State@@@Z 100076b7 f   main.obj
 0001:0000682f       ??0JobInfo_t@@QAE@XZ       1000782f f i main.obj
 0001:0000689a       ?Nav_FullGeneration@@YAHPAUlua_State@@@Z 1000789a f   main.obj
 0001:00006933       ?Nav_IsGenerated@@YAHPAUlua_State@@@Z 10007933 f   main.obj
 0001:00006983       ?Nav_FindPath@@YAHPAUlua_State@@@Z 10007983 f   main.obj
 0001:00006aab       ?Nav_FindPathImmediate@@YAHPAUlua_State@@@Z 10007aab f   main.obj
 0001:00006cb1       ?Nav_FindPathHull@@YAHPAUlua_State@@@Z 10007cb1 f   main.obj
 0001:00006e3b       ?Nav_GetHeuristic@@YAHPAUlua_State@@@Z 10007e3b f   main.obj
 0001:00006e91       ?Nav_GetStart@@YAHPAUlua_State@@@Z 10007e91 f   main.obj
 0001:00006ed3       ?Nav_GetEnd@@YAHPAUlua_State@@@Z 10007ed3 f   main.obj
 0001:00006f15       ?Nav_SetHeuristic@@YAHPAUlua_State@@@Z 10007f15 f   main.obj
 0001:00006f81       ?Nav_SetStart@@YAHPAUlua_State@@@Z 10007f81 f   main.obj
 0001:00006fe0       ?Nav_SetEnd@@YAHPAUlua_State@@@Z 10007fe0 f   main.obj
 0001:0000703f       ?Nav_GetNode@@YAHPAUlua_State@@@Z 1000803f f   main.obj
 0001:000070a7       ?Nav_GetClosestNode@@YAHPAUlua_State@@@Z 100080a7 f   main.obj
 0001:0000710f       ?Nav_Save@@YAHPAUlua_State@@@Z 1000810f f   main.obj
 0001:00007192       ?Nav_Load@@YAHPAUlua_State@@@Z 10008192 f   main.obj
 0001:00007215       ?Nav_GetDiagonal@@YAHPAUlua_State@@@Z 10008215 f   main.obj
 0001:00007265       ?Nav_SetDiagonal@@YAHPAUlua_State@@@Z 10008265 f   main.obj
 0001:000072b6       ?Nav_GetGridSize@@YAHPAUlua_State@@@Z 100082b6 f   main.obj
 0001:0000730c       ?Nav_SetGridSize@@YAHPAUlua_State@@@Z 1000830c f   main.obj
 0001:00007373       ?Nav_GetMask@@YAHPAUlua_State@@@Z 10008373 f   main.obj
 0001:000073c9       ?Nav_SetMask@@YAHPAUlua_State@@@Z 100083c9 f   main.obj
 0001:00007430       ?Nav_CreateNode@@YAHPAUlua_State@@@Z 10008430 f   main.obj
 0001:000074c2       ?Nav_RemoveNode@@YAHPAUlua_State@@@Z 100084c2 f   main.obj
 0001:00007521       ?Node__eq@@YAHPAUlua_State@@@Z 10008521 f   main.obj
 0001:000075b2       ?Node_GetID@@YAHPAUlua_State@@@Z 100085b2 f   main.obj
 0001:00007610       ?Node_GetPosition@@YAHPAUlua_State@@@Z 10008610 f   main.obj
 0001:0000764b       ?Node_GetNormal@@YAHPAUlua_State@@@Z 1000864b f   main.obj
 0001:00007689       ?Node_IsDisabled@@YAHPAUlua_State@@@Z 10008689 f   main.obj
 0001:000076d9       ?Node_SetDisabled@@YAHPAUlua_State@@@Z 100086d9 f   main.obj
 0001:00007743       ?Node_GetConnections@@YAHPAUlua_State@@@Z 10008743 f   main.obj
 0001:0000784f       ?Node_GetScoreG@@YAHPAUlua_State@@@Z 1000884f f   main.obj
 0001:0000789f       ?Node_GetScoreF@@YAHPAUlua_State@@@Z 1000889f f   main.obj
 0001:000078ef       ?Node_IsConnected@@YAHPAUlua_State@@@Z 100088ef f   main.obj
 0001:000079b4       ?Node_SetNormal@@YAHPAUlua_State@@@Z 100089b4 f   main.obj
 0001:00007a10       ?Node_SetPosition@@YAHPAUlua_State@@@Z 10008a10 f   main.obj
 0001:00007a6c       ?Node_ConnectTo@@YAHPAUlua_State@@@Z 10008a6c f   main.obj
 0001:00007b4a       ?Node_RemoveConnection@@YAHPAUlua_State@@@Z 10008b4a f   main.obj
 0001:00007be7       ?Init@@YAHPAUlua_State@@@Z 10008be7 f   main.obj
 0001:00008412       ?Shutdown@@YAHPAUlua_State@@@Z 10009412 f   main.obj
 0001:000084f1       ?c_str@?$basic_string@DU?$char_traits@D@std@@V?$allocator@D@2@@std@@QBEPBDXZ 100094f1 f i main.obj
 0001:00008502       ??1?$refcount_ptr@Uerror_info_container@exception_detail@boost@@@exception_detail@boost@@QAE@XZ 10009502 f i main.obj
 0001:00008513       ??4?$refcount_ptr@Uerror_info_container@exception_detail@boost@@@exception_detail@boost@@QAEAAV012@ABV012@@Z 10009513 f i main.obj
 0001:0000852e       ?as_number@?$int_adapter@_J@date_time@boost@@QBE_JXZ 1000952e f i main.obj
 0001:0000853f       ??0?$constrained_value@V?$simple_exception_policy@G$00$0BP@Ubad_day_of_month@gregorian@boost@@@CV@boost@@@CV@boost@@QAE@G@Z 1000953f f i main.obj
 0001:00008563       ??0?$constrained_value@V?$simple_exception_policy@G$0FHI@$0CHBA@Ubad_year@gregorian@boost@@@CV@boost@@@CV@boost@@QAE@G@Z 10009563 f i main.obj
 0001:00008587       ??0?$constrained_value@V?$simple_exception_policy@G$00$0M@Ubad_month@gregorian@boost@@@CV@boost@@@CV@boost@@QAE@G@Z 10009587 f i main.obj
 0001:000085ab       ??0?$date@V0gregorian@boost@@Vgregorian_calendar@12@Vdate_duration@12@@date_time@boost@@QAE@Vgreg_year@gregorian@2@Vgreg_month@42@Vgreg_day@42@@Z 100095ab f i main.obj
 0001:000085d8       ??0?$time_duration@V0posix_time@boost@@V?$time_resolution_traits@Utime_resolution_traits_adapted64_impl@date_time@boost@@$04$0PECEA@$05H@date_time@2@@date_time@boost@@QAE@HHH_J@Z 100095d8 f i main.obj
[...]
 0002:00010680       __ehfuncinfo$?allocate_raw_heap_memory@detail@boost@@YAPAXI@Z 1003d680     * CIL library *:* CIL module *
 0002:000106a4       __unwindtable$?allocate_raw_heap_memory@detail@boost@@YAPAXI@Z 1003d6a4     * CIL library *:* CIL module *
 0002:000106ac       __ehfuncinfo$?create_anonymous_event@win32@detail@boost@@YAPAXW4event_type@123@W4initial_event_state@123@@Z 1003d6ac     * CIL library *:* CIL module *
 0002:000106d0       __unwindtable$?create_anonymous_event@win32@detail@boost@@YAPAXW4event_type@123@W4initial_event_state@123@@Z 1003d6d0     * CIL library *:* CIL module *
 0002:000106d8       __ehfuncinfo$?what@system_error@system@boost@@UBEPBDXZ 1003d6d8     * CIL library *:* CIL module *
 0002:000106fc       __unwindtable$?what@system_error@system@boost@@UBEPBDXZ 1003d6fc     * CIL library *:* CIL module *
 0002:00010714       __tryblocktable$?what@system_error@system@boost@@UBEPBDXZ 1003d714     * CIL library *:* CIL module *
 0002:00010728       __catchsym$?what@system_error@system@boost@@UBEPBDXZ$3 1003d728     * CIL library *:* CIL module *
 0002:00010738       __ehfuncinfo$?Load@Nav@@QAE_NPBD@Z 1003d738     * CIL library *:* CIL module *
 0002:0001075c       __unwindtable$?Load@Nav@@QAE_NPBD@Z 1003d75c     * CIL library *:* CIL module *
 0002:00010764       __ehfuncinfo$?FindPathQueue@Nav@@QAEXPAUJobInfo_t@@@Z 1003d764     * CIL library *:* CIL module *
 0002:00010764       __ehfuncinfo$?GenerateQueue@Nav@@QAEXPAUJobInfo_t@@@Z 1003d764     * CIL library *:* CIL module *
 0002:00010788       __unwindtable$?FindPathQueue@Nav@@QAEXPAUJobInfo_t@@@Z 1003d788     * CIL library *:* CIL module *
 0002:00010788       __unwindtable$?GenerateQueue@Nav@@QAEXPAUJobInfo_t@@@Z 1003d788     * CIL library *:* CIL module *
 0002:00010790       __ehfuncinfo$?AddNode@Nav@@QAEPAVNode@@ABVVector@@0W4NavDirType@@PAV2@@Z 1003d790     * CIL library *:* CIL module *
 0002:000107b4       __unwindtable$?AddNode@Nav@@QAEPAVNode@@ABVVector@@0W4NavDirType@@PAV2@@Z 1003d7b4     * CIL library *:* CIL module *
 0002:000107bc       __ehfuncinfo$??0Nav@@QAE@H@Z 1003d7bc     * CIL library *:* CIL module *
 0002:000107e0       __unwindtable$??0Nav@@QAE@H@Z 1003d7e0     * CIL library *:* CIL module *
 0002:00010a5a       .idata$6                   1003da5a     tier0:tier0.dll
 0002:00010b28       .idata$6                   1003db28     kernel32:KERNEL32.dll
 0002:000110c0       .edata                     1003e0c0     gmsv_navigation_win32.exp
 0002:000110e8       rgpv                       1003e0e8     gmsv_navigation_win32.exp
 0002:000110f4       rgszName                   1003e0f4     gmsv_navigation_win32.exp
 0002:00011100       rgwOrd                     1003e100     gmsv_navigation_win32.exp
 0002:00011106       szName                     1003e106     gmsv_navigation_win32.exp
 0002:00011120       $N00001                    1003e120     gmsv_navigation_win32.exp
 0002:00011130       $N00002                    1003e130     gmsv_navigation_win32.exp
 0002:0001113d       $N00003                    1003e13d     gmsv_navigation_win32.exp
 0003:00000020       _vec2_invalid              1003f020     mathlib:mathlib_base.obj
 0003:00000480       _vec2_invalid              1003f480     mathlib:color_conversion.obj
 0003:00000488       _vec2_invalid              1003f488     mathlib:sse.obj
 0003:00000490       _vec2_invalid              1003f490     mathlib:3dnow.obj
 0003:00000498       _s_BackSlashMap            1003f498     tier1:strtools.obj
 0003:000004a4       _vec2_invalid              1003f4a4     tier1:strtools.obj
 0003:000004d0       _NAME_                     1003f4d0     LIBCMT:acos.obj
 0003:000004e0       _NAME_                     1003f4e0     LIBCMT:asin.obj
 0003:000004f8       POW_name                   1003f4f8     LIBCMT:pow.obj
 0003:00000518       _errtable                  1003f518     LIBCMT:dosmap.obj
 0003:00000680       _ErrnoNoMem                1003f680     LIBCMT:dosmap.obj
 0003:00000684       _DoserrorNoMem             1003f684     LIBCMT:dosmap.obj
 0003:000009d4       ?isPackaged@?1??__crtIsPackagedApp@@9@9 1003f9d4     LIBCMT:winapisupp.obj
 0003:00000a00       _newcw                     1003fa00     LIBCMT:floor.obj
 0003:00000a14       ___rgctypeflag             1003fa14     LIBCMT:mbctype.obj
 0003:00000a18       ___rgcode_page_info        1003fa18     LIBCMT:mbctype.obj
 0003:00001160       __ctype_loc_style          10040160     LIBCMT:wsetloca.obj
 0003:00001170       __locktable                10040170     LIBCMT:mlock.obj
 0003:000012d0       ?_names@?1??_get_fname@@9@9 100402d0     LIBCMT:fpexcept.obj
 0003:000013b8       _over                      100403b8     LIBCMT:fpctrl.obj
 0003:000013c4       _under                     100403c4     LIBCMT:fpctrl.obj
 0003:000013d0       ?__DAZ_ENABLED@?1??__set_fpsr_sse2@@9@9 100403d0     LIBCMT:fpctrl.obj
 0003:00001540       _DoubleFormat              10040540     LIBCMT:intrncvt.obj
 0003:00001558       _FloatFormat               10040558     LIBCMT:intrncvt.obj
 0003:00001978       _Name                      10040978     * CIL library *:* CIL module *
 0003:00001a08       _Name                      10040a08     * CIL library *:* CIL module *
 0003:00001a98       _Name                      10040a98     * CIL library *:* CIL module *
 0003:00001b28       _Name                      10040b28     * CIL library *:* CIL module *
 0003:00001bb8       _Name                      10040bb8     * CIL library *:* CIL module *
 0003:00001c48       _Name                      10040c48     * CIL library *:* CIL module *
 0003:00002670       _NAME_                     10041670     LIBCMT:sqrt.obj
 0003:00002a81       _s_b3DNowEnabled           10041a81     mathlib:mathlib_base.obj
 0003:00002a82       _s_bMMXEnabled             10041a82     mathlib:mathlib_base.obj
 0003:00002a83       _s_bSSEEnabled             10041a83     mathlib:mathlib_base.obj
 0003:00002a84       _s_bSSE2Enabled            10041a84     mathlib:mathlib_base.obj
 0003:00002a88       _vec2_origin               10041a88     mathlib:mathlib_base.obj
 0003:00002aa8       _texturetolinear           10041aa8     mathlib:color_conversion.obj
 0003:00003ea8       _g_Mathlib_LinearToGamma   10042ea8     mathlib:color_conversion.obj
 0003:000042a8       _lineartotexture           100432a8     mathlib:color_conversion.obj
 0003:000052a8       _lineartoscreen            100442a8     mathlib:color_conversion.obj
 0003:000062a8       _g_Mathlib_GammaToLinear   100452a8     mathlib:color_conversion.obj
 0003:0000a6a8       _texgammatable             100496a8     mathlib:color_conversion.obj
 0003:0000a7a8       _vec2_origin               100497a8     mathlib:color_conversion.obj
 0003:0000a7b0       _vec2_origin               100497b0     mathlib:sse.obj
 0003:0000a7b8       _vec2_origin               100497b8     mathlib:3dnow.obj
 0003:0000a7c4       _vec2_origin               100497c4     tier1:strtools.obj
 0003:0000a7cc       ___proc_attached           100497cc     LIBCMT:dllcrt0.obj
 0003:0000a7e0       _GS_ExceptionRecord        100497e0     LIBCMT:gs_report.obj
 0003:0000a830       _GS_ContextRecord          10049830     LIBCMT:gs_report.obj
 0003:0000aafc       _DebuggerWasPresent        10049afc     LIBCMT:gs_report.obj
 0003:0000ab50       ?outmsg@?8??_NMSG_WRITE@@9@9 10049b50     LIBCMT:crt0msg.obj
 0003:0000b17c       ___type_info_root_node     1004a17c     LIBCMT:typname.obj
 0003:0000b298       ?_pgmname@?1??_setargv@@9@9 1004a298     LIBCMT:stdargv.obj
 0003:0000b3a0       __pmatherr_set             1004a3a0     LIBCMT:libm_error.obj
 0003:0000b3bc       _fSystemSet                1004a3bc     LIBCMT:mbctype.obj
 0003:0000b3c4       ___enable_percent_n        1004a3c4     LIBCMT:printf.obj
 0003:0000b3c8       _lclcritsects              1004a3c8     LIBCMT:mlock.obj
 0003:0000b51c       _g_pfnRtlGenRandom         1004a51c     LIBCMT:rand_s.obj
 0003:0000b520       _ctrlc_action              1004a520     LIBCMT:winsig.obj
 0003:0000b524       _ctrlbreak_action          1004a524     LIBCMT:winsig.obj
 0003:0000b528       _abort_action              1004a528     LIBCMT:winsig.obj
 0003:0000b52c       _term_action               1004a52c     LIBCMT:winsig.obj
 0003:0000b530       _ConsoleCtrlHandler_Installed 1004a530     LIBCMT:winsig.obj
 0003:0000b538       ?pfnMessageBox@?1??__crtMessageBoxW@@9@9 1004a538     LIBCMT:crtmboxw.obj
 0003:0000b53c       ?pfnGetActiveWindow@?1??__crtMessageBoxW@@9@9 1004a53c     LIBCMT:crtmboxw.obj
 0003:0000b540       ?pfnGetLastActivePopup@?1??__crtMessageBoxW@@9@9 1004a540     LIBCMT:crtmboxw.obj
 0003:0000b544       ?pfnGetProcessWindowStation@?1??__crtMessageBoxW@@9@9 1004a544     LIBCMT:crtmboxw.obj
 0003:0000b548       ?pfnGetUserObjectInformation@?1??__crtMessageBoxW@@9@9 1004a548     LIBCMT:crtmboxw.obj
 0003:0000b54c       ___crtCallProc             1004a54c     LIBCMT:winapinls.obj
 0003:0000b578       _heap                      1004a578     LIBCMT:undname.obj
 0003:0000b5a0       __Tuple_alloc              1004a5a0     libcpmt:xthrow.obj
 0003:0000b5a1       _ignore                    1004a5a1     libcpmt:xthrow.obj
 0003:0000b5a2       _allocator_arg             1004a5a2     libcpmt:xthrow.obj
 0003:0000b5a3       _piecewise_construct       1004a5a3     libcpmt:xthrow.obj
 0003:0000b5a4       _allocator_arg             1004a5a4     libcpmt:syserror.obj
 0003:0000b5a5       _piecewise_construct       1004a5a5     libcpmt:syserror.obj
 0003:0000b5b0       __8                        1004a5b0     libboost_thread-vc110-mt-s-1_52:thread.obj
 0003:0000b5b1       __1                        1004a5b1     libboost_thread-vc110-mt-s-1_52:thread.obj
 0003:0000b5b2       __Tuple_alloc              1004a5b2     libboost_thread-vc110-mt-s-1_52:thread.obj
 0003:0000b5b3       __5                        1004a5b3     libboost_thread-vc110-mt-s-1_52:thread.obj
 0003:0000b5b4       __9                        1004a5b4     libboost_thread-vc110-mt-s-1_52:thread.obj
 0003:0000b5b5       __4                        1004a5b5     libboost_thread-vc110-mt-s-1_52:thread.obj
 0003:0000b5b6       __2                        1004a5b6     libboost_thread-vc110-mt-s-1_52:thread.obj
 0003:0000b5b7       __7                        1004a5b7     libboost_thread-vc110-mt-s-1_52:thread.obj
 0003:0000b5b8       _ignore                    1004a5b8     libboost_thread-vc110-mt-s-1_52:thread.obj
 0003:0000b5b9       __3                        1004a5b9     libboost_thread-vc110-mt-s-1_52:thread.obj
 0003:0000b5ba       _allocator_arg             1004a5ba     libboost_thread-vc110-mt-s-1_52:thread.obj
 0003:0000b5bb       _piecewise_construct       1004a5bb     libboost_thread-vc110-mt-s-1_52:thread.obj
 0003:0000b5bc       __6                        1004a5bc     libboost_thread-vc110-mt-s-1_52:thread.obj
 0003:0000b5bd       _piecewise_construct       1004a5bd     libboost_thread-vc110-mt-s-1_52:tss_pe.obj
 0003:0000b5c0       __Tuple_alloc              1004a5c0     libboost_system-vc110-mt-s-1_52:error_code.obj
 0003:0000b5c1       _ignore                    1004a5c1     libboost_system-vc110-mt-s-1_52:error_code.obj
 0003:0000b5c2       _allocator_arg             1004a5c2     libboost_system-vc110-mt-s-1_52:error_code.obj
 0003:0000b5c3       _piecewise_construct       1004a5c3     libboost_system-vc110-mt-s-1_52:error_code.obj
 0003:0000b5c4       _errno_ecat                1004a5c4     libboost_system-vc110-mt-s-1_52:error_code.obj
 0003:0000b5d0       _native_ecat               1004a5d0     libboost_system-vc110-mt-s-1_52:error_code.obj
 0003:0000b5d4       _posix_category            1004a5d4     libboost_system-vc110-mt-s-1_52:error_code.obj
 0003:0000b5d8       ?unknown_err@?1??message@generic_error_category@?A0xe218785f@@UBE?AV?$basic_string@DU?$char_traits@D@std@@V?$allocator@D@2@@std@@H@Z@4V45@A 1004a5d8     libboost_system-vc110-mt-s-1_52:error_code.obj
 0003:0000b5f0       ?$S1@?1??message@generic_error_category@?A0xe218785f@@UBE?AV?$basic_string@DU?$char_traits@D@std@@V?$allocator@D@2@@std@@H@Z@4IA 1004a5f0     libboost_system-vc110-mt-s-1_52:error_code.obj
 0003:0000b5f4       ?system_category_const@?1??system_category@system@boost@@YAABVerror_category@23@XZ@4Vsystem_error_category@?A0xe218785f@@B 1004a5f4     libboost_system-vc110-mt-s-1_52:error_code.obj
 0003:0000b5f8       ?$S2@?1??system_category@system@boost@@YAABVerror_category@23@XZ@4IA 1004a5f8     libboost_system-vc110-mt-s-1_52:error_code.obj
 0003:0000b5fc       ?generic_category_const@?1??generic_category@system@boost@@YAABVerror_category@23@XZ@4Vgeneric_error_category@?A0xe218785f@@B 1004a5fc     libboost_system-vc110-mt-s-1_52:error_code.obj
 0003:0000b600       ?$S3@?1??generic_category@system@boost@@YAABVerror_category@23@XZ@4IA 1004a600     libboost_system-vc110-mt-s-1_52:error_code.obj
 0003:0000b604       ?s_roinit@?1??_initMTAoncurrentthread@@9@9 1004a604     LIBCMT:threadex.obj
 0003:0000b608       ?s_initialized@?1??_initMTAoncurrentthread@@9@9 1004a608     LIBCMT:threadex.obj
 0003:0000b60c       ?s_rouninit@?1??_uninitMTAoncurrentthread@@9@9 1004a60c     LIBCMT:threadex.obj
 0003:0000b610       ?s_initialized@?1??_uninitMTAoncurrentthread@@9@9 1004a610     LIBCMT:threadex.obj
 0003:0000b624       _vec2_origin               1004a624     * CIL library *:* CIL module *
 0003:0000b62c       _vec2_invalid              1004a62c     * CIL library *:* CIL module *
 0003:0000b634       _allocator_arg             1004a634     * CIL library *:* CIL module *
 0003:0000b635       _piecewise_construct       1004a635     * CIL library *:* CIL module *
 0003:0000b636       _allocator_arg             1004a636     * CIL library *:* CIL module *
 0003:0000b637       _piecewise_construct       1004a637     * CIL library *:* CIL module *
 0003:0000b638       _vec2_origin               1004a638     * CIL library *:* CIL module *
 0003:0000b640       _vec2_invalid              1004a640     * CIL library *:* CIL module *
 0003:0000b64c       _vec2_origin               1004a64c     * CIL library *:* CIL module *
 0003:0000b654       _vec2_invalid              1004a654     * CIL library *:* CIL module *
 0003:0000b65c       __Tuple_alloc              1004a65c     * CIL library *:* CIL module *
 0003:0000b65d       _ignore                    1004a65d     * CIL library *:* CIL module *
 0003:0000b65e       _allocator_arg             1004a65e     * CIL library *:* CIL module *
 0003:0000b65f       __9                        1004a65f     * CIL library *:* CIL module *
 0003:0000b660       _vec4_origin               1004a660     * CIL library *:* CIL module *
 0003:0000b670       _errno_ecat                1004a670     * CIL library *:* CIL module *
 0003:0000b674       __2                        1004a674     * CIL library *:* CIL module *
 0003:0000b675       __7                        1004a675     * CIL library *:* CIL module *
 0003:0000b676       __5                        1004a676     * CIL library *:* CIL module *
 0003:0000b677       __8                        1004a677     * CIL library *:* CIL module *
 0003:0000b680       _vec2_origin               1004a680     * CIL library *:* CIL module *
 0003:0000b688       __1                        1004a688     * CIL library *:* CIL module *
 0003:0000b689       __4                        1004a689     * CIL library *:* CIL module *
 0003:0000b68a       __3                        1004a68a     * CIL library *:* CIL module *
 0003:0000b68b       _piecewise_construct       1004a68b     * CIL library *:* CIL module *
 0003:0000b68c       _vector_origin             1004a68c     * CIL library *:* CIL module *
 0003:0000b698       _native_ecat               1004a698     * CIL library *:* CIL module *
 0003:0000b69c       _vec4_invalid              1004a69c     * CIL library *:* CIL module *
 0003:0000b6ac       _vec2_invalid              1004a6ac     * CIL library *:* CIL module *
 0003:0000b6b4       __6                        1004a6b4     * CIL library *:* CIL module *
 0003:0000b6b5       __Tuple_alloc              1004a6b5     * CIL library *:* CIL module *
 0003:0000b6b6       _ignore                    1004a6b6     * CIL library *:* CIL module *
 0003:0000b6b7       _allocator_arg             1004a6b7     * CIL library *:* CIL module *
 0003:0000b6d4       _posix_category            1004a6d4     * CIL library *:* CIL module *
 0003:0000b6d8       _vec4_origin               1004a6d8     * CIL library *:* CIL module *
 0003:0000b6e8       _errno_ecat                1004a6e8     * CIL library *:* CIL module *
 0003:0000b6ec       __9                        1004a6ec     * CIL library *:* CIL module *
 0003:0000b6ed       __2                        1004a6ed     * CIL library *:* CIL module *
 0003:0000b6ee       __7                        1004a6ee     * CIL library *:* CIL module *
 0003:0000b6ef       __5                        1004a6ef     * CIL library *:* CIL module *
 0003:0000b6f0       __8                        1004a6f0     * CIL library *:* CIL module *
 0003:0000b6f1       __1                        1004a6f1     * CIL library *:* CIL module *
 0003:0000b6f2       __4                        1004a6f2     * CIL library *:* CIL module *
 0003:0000b6f3       __3                        1004a6f3     * CIL library *:* CIL module *
 0003:0000b6f4       _vec2_origin               1004a6f4     * CIL library *:* CIL module *
 0003:0000b6fc       _vector_origin             1004a6fc     * CIL library *:* CIL module *
 0003:0000b708       _native_ecat               1004a708     * CIL library *:* CIL module *
 0003:0000b70c       _vec4_invalid              1004a70c     * CIL library *:* CIL module *
 0003:0000b71c       _piecewise_construct       1004a71c     * CIL library *:* CIL module *
 0003:0000b71d       __6                        1004a71d     * CIL library *:* CIL module *
 0003:0000b71e       __Tuple_alloc              1004a71e     * CIL library *:* CIL module *
 0003:0000b71f       _ignore                    1004a71f     * CIL library *:* CIL module *
 0003:0000b720       _vec2_invalid              1004a720     * CIL library *:* CIL module *
 0003:0000b728       _posix_category            1004a728     * CIL library *:* CIL module *
 0003:0000b72c       _errno_ecat                1004a72c     * CIL library *:* CIL module *
 0003:0000b730       _allocator_arg             1004a730     * CIL library *:* CIL module *
 0003:0000b731       _piecewise_construct       1004a731     * CIL library *:* CIL module *
 0003:0000b732       __9                        1004a732     * CIL library *:* CIL module *
 0003:0000b733       __2                        1004a733     * CIL library *:* CIL module *
 0003:0000b734       _vec2_origin               1004a734     * CIL library *:* CIL module *
 0003:0000b73c       _native_ecat               1004a73c     * CIL library *:* CIL module *
 0003:0000b740       _vec2_invalid              1004a740     * CIL library *:* CIL module *
 0003:0000b748       __7                        1004a748     * CIL library *:* CIL module *
 0003:0000b749       __5                        1004a749     * CIL library *:* CIL module *
 0003:0000b74a       __8                        1004a74a     * CIL library *:* CIL module *
 0003:0000b74b       __1                        1004a74b     * CIL library *:* CIL module *
 0003:0000b74c       __4                        1004a74c     * CIL library *:* CIL module *
 0003:0000b74d       __3                        1004a74d     * CIL library *:* CIL module *
 0003:0000b74e       __6                        1004a74e     * CIL library *:* CIL module *
 0003:0000b750       _posix_category            1004a750     * CIL library *:* CIL module *
 0005:00000060       $R000000                   1004d060     * linker generated manifest res *
