 gmsv_navigation_win32

 Timestamp is 50c4deb2 (Sun Dec 09 13:55:46 2012)

 Preferred load address is 10000000

 Start         Length     Name                   Class
 0001:00000000 0001eecaH .text                   CODE
 0001:0001eeca 00000350H .text$x                 CODE
 0001:0001f220 000005a3H .text$yc                CODE
 0001:0001f7c3 0000003cH .text$yd                CODE
 0002:00000000 0000013cH .idata$5                DATA
 0002:0000013c 00000004H .CRT$XCA                DATA
 0002:00000140 0000009cH .CRT$XCU                DATA
 0002:000001dc 00000004H .CRT$XCZ                DATA
 0002:000001e0 00000004H .CRT$XIA                DATA
 0002:000001e4 00000014H .CRT$XIC                DATA
 0002:000001f8 00000004H .CRT$XIZ                DATA
 0002:000001fc 00000004H .CRT$XPA                DATA
 0002:00000200 00000008H .CRT$XPX                DATA
 0002:00000208 00000004H .CRT$XPXA               DATA
 0002:0000020c 00000004H .CRT$XPZ                DATA
 0002:00000210 00000004H .CRT$XTA                DATA
 0002:00000214 00000004H .CRT$XTZ                DATA
 0002:00000220 0000d628H .rdata                  DATA
 0002:0000d848 0000008cH .rdata$debug            DATA
 0002:0000d8d4 000006b8H .rdata$r                DATA
 0002:0000df90 0000006cH .rdata$sxdata           DATA
 0002:0000dffc 00000004H .rtc$IAA                DATA
 0002:0000e000 00000004H .rtc$IZZ                DATA
 0002:0000e004 00000004H .rtc$TAA                DATA
 0002:0000e008 00000004H .rtc$TZZ                DATA
 0002:0000e010 00000a94H .xdata$x                DATA
 0002:0000eaa4 0000003cH .idata$2                DATA
 0002:0000eae0 00000014H .idata$3                DATA
 0002:0000eaf4 0000013cH .idata$4                DATA
 0002:0000ec30 000005c4H .idata$6                DATA
 0002:0000f200 00000089H .edata                  DATA
 0003:00000000 00001ed8H .data                   DATA
 0003:00001ee0 0000b410H .bss                    DATA
 0004:00000000 00000058H .rsrc$01                DATA
 0004:00000060 00000180H .rsrc$02                DATA

  Address         Publics by Value              Rva+Base       Lib:Object

 0000:00000000       __except_list              00000000     <absolute>
 0000:0000001b       ___safe_se_handler_count   0000001b     <absolute>
 0000:00000000       ___ImageBase               10000000     <linker-defined>
 0001:00000000       ??2@YAPAXIPAX@Z            10001000 f i ILuaInterface.obj
 0001:00000008       ?UtlMemory_CalcNewAllocationCount@@YAHHHHH@Z 10001008 f i ILuaInterface.obj
 0001:0000004d       ??0Vector2D@@QAE@MM@Z      1000104d f i ILuaInterface.obj
 0001:00000074       ??_H@YGXPAXIHP6EPAX0@Z@Z   10001074 f i ILuaInterface.obj
 0001:00000095       ?V_memmove@@YAXPAXPBXH@Z   10001095 f i ILuaInterface.obj
 0001:000000ab       ??0ILuaInterface@@QAE@PAUlua_State@@@Z 100010ab f   ILuaInterface.obj
 0001:00000250       ??1ILuaInterface@@QAE@XZ   10001250 f   ILuaInterface.obj
 0001:00000285       ?GetNewTable@ILuaInterface@@QAEPAVILuaObject@@XZ 10001285 f   ILuaInterface.obj
 0001:00000310       ?NewTable@ILuaInterface@@QAEXXZ 10001310 f   ILuaInterface.obj
 0001:0000032a       ?PushUserData@ILuaInterface@@QAEXPAVILuaObject@@PAXE@Z 1000132a f   ILuaInterface.obj
 0001:000003d3       ?Error@ILuaInterface@@QAAXPBDZZ 100013d3 f   ILuaInterface.obj
 0001:00000432       ?GetGlobal@ILuaInterface@@QAEPAVILuaObject@@PBD@Z 10001432 f   ILuaInterface.obj
 0001:000004fc       ?SetGlobal@ILuaInterface@@QAEXPBDPAVILuaObject@@@Z 100014fc f   ILuaInterface.obj
 0001:00000561       ?GetObject@ILuaInterface@@QAEPAVILuaObject@@H@Z 10001561 f   ILuaInterface.obj
 0001:00000600       ?GetString@ILuaInterface@@QAEPBDHPAI@Z 10001600 f   ILuaInterface.obj
 0001:00000622       ?GetInteger@ILuaInterface@@QAEHH@Z 10001622 f   ILuaInterface.obj
 0001:00000646       ?GetNumber@ILuaInterface@@QAENH@Z 10001646 f   ILuaInterface.obj
 0001:00000665       ?GetBool@ILuaInterface@@QAE_NH@Z 10001665 f   ILuaInterface.obj
 0001:00000684       ?GetUserData@ILuaInterface@@QAEPAXH@Z 10001684 f   ILuaInterface.obj
 0001:000006ac       ?GetReference@ILuaInterface@@QAEHH@Z 100016ac f   ILuaInterface.obj
 0001:000006e5       ?FreeReference@ILuaInterface@@QAEXH@Z 100016e5 f   ILuaInterface.obj
 0001:00000707       ?PushReference@ILuaInterface@@QAEXH@Z 10001707 f   ILuaInterface.obj
 0001:00000729       ?Pop@ILuaInterface@@QAEXH@Z 10001729 f   ILuaInterface.obj
 0001:00000748       ?Push@ILuaInterface@@QAEXPAVILuaObject@@@Z 10001748 f   ILuaInterface.obj
 0001:0000075b       ?Push@ILuaInterface@@QAEXPBDI@Z 1000175b f   ILuaInterface.obj
 0001:0000077d       ?Push@ILuaInterface@@QAEX_N@Z 1000177d f   ILuaInterface.obj
 0001:0000079c       ?Push@ILuaInterface@@QAEXP6AHPAUlua_State@@@Z@Z 1000179c f   ILuaInterface.obj
 0001:000007be       ?Push@ILuaInterface@@QAEXM@Z 100017be f   ILuaInterface.obj
 0001:000007e6       ?CheckType@ILuaInterface@@QAEXHH@Z 100017e6 f   ILuaInterface.obj
 0001:00000808       ?GetType@ILuaInterface@@QAEHH@Z 10001808 f   ILuaInterface.obj
 0001:0000082a       ?GetReturn@ILuaInterface@@QAEPAVILuaObject@@H@Z 1000182a f   ILuaInterface.obj
 0001:00000840       ?Call@ILuaInterface@@QAEXHH@Z 10001840 f   ILuaInterface.obj
 0001:00000862       ?GetMetaTable@ILuaInterface@@QAEPAVILuaObject@@PBDH@Z 10001862 f   ILuaInterface.obj
 0001:00000901       ??$vsprintf_s@$0EAA@@@YAHAAY0EAA@DPBDPAD@Z 10001901 f i ILuaInterface.obj
 0001:0000091c       ??$Destruct@UGroundSeedSpot@@@@YAXPAUGroundSeedSpot@@@Z 1000191c f i nav.obj
 0001:0000091c       ?OnRelease@CFuncMemPolicyNone@@SAXPAX@Z 1000191c f i nav.obj
 0001:0000091c       ?OnAcquire@CFuncMemPolicyNone@@SAXPAX@Z 1000191c f i nav.obj
 0001:0000091c       ??$Destruct@PAVNode@@@@YAXPAPAVNode@@@Z 1000191c f i main.obj
 0001:0000091c       ??$Destruct@PAUJobInfo_t@@@@YAXPAPAUJobInfo_t@@@Z 1000191c f i main.obj
 0001:0000091c       ??3@YAXPAX0@Z              1000191c f i ILuaModuleManager.obj
 0001:0000091c       ??$Destruct@UAirSeedSpot@@@@YAXPAUAirSeedSpot@@@Z 1000191c f i nav.obj
 0001:00000921       ?_Adopt@_Iterator_base0@std@@QAEXPBX@Z 10001921 f i ILuaModuleManager.obj
 0001:00000921       ??$destroy@PAU?$_Tree_node@U?$pair@QAUlua_State@@PAVILuaInterface@@@std@@PAX@std@@@?$allocator@U?$_Tree_node@U?$pair@QAUlua_State@@PAVILuaInterface@@@std@@PAX@std@@@std@@QAEXPAPAU?$_Tree_node@U?$pair@QAUlua_State@@PAVILuaInterface@@@std@@PAX@1@@Z 10001921 f i ILuaModuleManager.obj
 0001:00000921       ??$destroy@U?$pair@QAUlua_State@@PAVILuaInterface@@@std@@@?$allocator@U?$_Tree_node@U?$pair@QAUlua_State@@PAVILuaInterface@@@std@@PAX@std@@@std@@QAEXPAU?$pair@QAUlua_State@@PAVILuaInterface@@@1@@Z 10001921 f i ILuaModuleManager.obj
 0001:00000921       ??$destroy@PAD@?$allocator@D@std@@QAEXPAPAD@Z 10001921 f i ILuaObject.obj
 0001:0000092c       ?CreateInterface@ILuaModuleManager@@QAEXPAUlua_State@@@Z 1000192c f   ILuaModuleManager.obj
 0001:000009a7       ?DestroyInterface@ILuaModuleManager@@QAEXPAUlua_State@@@Z 100019a7 f   ILuaModuleManager.obj
 0001:000009f3       ??_GILuaInterface@@QAEPAXI@Z 100019f3 f i ILuaModuleManager.obj
 0001:00000a1a       ?GetLuaInterface@ILuaModuleManager@@QAEPAVILuaInterface@@PAUlua_State@@@Z 10001a1a f   ILuaModuleManager.obj
 0001:00000a33       ??0ILuaModuleManager@@QAE@XZ 10001a33 f i ILuaModuleManager.obj
 0001:00000a47       ??0?$map@PAUlua_State@@PAVILuaInterface@@U?$less@PAUlua_State@@@std@@V?$allocator@U?$pair@QAUlua_State@@PAVILuaInterface@@@std@@@4@@std@@QAE@XZ 10001a47 f i ILuaModuleManager.obj
 0001:00000a69       ??A?$map@PAUlua_State@@PAVILuaInterface@@U?$less@PAUlua_State@@@std@@V?$allocator@U?$pair@QAUlua_State@@PAVILuaInterface@@@std@@@4@@std@@QAEAAPAVILuaInterface@@ABQAUlua_State@@@Z 10001a69 f i ILuaModuleManager.obj
 0001:00000b0b       ?erase@?$_Tree@V?$_Tmap_traits@PAUlua_State@@PAVILuaInterface@@U?$less@PAUlua_State@@@std@@V?$allocator@U?$pair@QAUlua_State@@PAVILuaInterface@@@std@@@4@$0A@@std@@@std@@QAEIABQAUlua_State@@@Z 10001b0b f i ILuaModuleManager.obj
 0001:00000b69       ??0?$_Tree@V?$_Tmap_traits@PAUlua_State@@PAVILuaInterface@@U?$less@PAUlua_State@@@std@@V?$allocator@U?$pair@QAUlua_State@@PAVILuaInterface@@@std@@@4@$0A@@std@@@std@@QAE@ABU?$less@PAUlua_State@@@1@ABV?$allocator@U?$pair@QAUlua_State@@PAVILuaInterface@@@std@@@1@@Z 10001b69 f i ILuaModuleManager.obj
 0001:00000b85       ?end@?$_Tree@V?$_Tmap_traits@PAUlua_State@@PAVILuaInterface@@U?$less@PAUlua_State@@@std@@V?$allocator@U?$pair@QAUlua_State@@PAVILuaInterface@@@std@@@4@$0A@@std@@@std@@QAE?AV?$_Tree_iterator@V?$_Tree_val@U?$_Tree_simple_types@U?$pair@QAUlua_State@@PAVILuaInterface@@@std@@@std@@@std@@@2@XZ 10001b85 f i ILuaModuleManager.obj
 0001:00000ba3       ?erase@?$_Tree@V?$_Tmap_traits@PAUlua_State@@PAVILuaInterface@@U?$less@PAUlua_State@@@std@@V?$allocator@U?$pair@QAUlua_State@@PAVILuaInterface@@@std@@@4@$0A@@std@@@std@@QAE?AV?$_Tree_iterator@V?$_Tree_val@U?$_Tree_simple_types@U?$pair@QAUlua_State@@PAVILuaInterface@@@std@@@std@@@std@@@2@V?$_Tree_const_iterator@V?$_Tree_val@U?$_Tree_simple_types@U?$pair@QAUlua_State@@PAVILuaInterface@@@std@@@std@@@std@@@2@0@Z 10001ba3 f i ILuaModuleManager.obj
 0001:00000c44       ?lower_bound@?$_Tree@V?$_Tmap_traits@PAUlua_State@@PAVILuaInterface@@U?$less@PAUlua_State@@@std@@V?$allocator@U?$pair@QAUlua_State@@PAVILuaInterface@@@std@@@4@$0A@@std@@@std@@QAE?AV?$_Tree_iterator@V?$_Tree_val@U?$_Tree_simple_types@U?$pair@QAUlua_State@@PAVILuaInterface@@@std@@@std@@@std@@@2@ABQAUlua_State@@@Z 10001c44 f i ILuaModuleManager.obj
 0001:00000c69       ?equal_range@?$_Tree@V?$_Tmap_traits@PAUlua_State@@PAVILuaInterface@@U?$less@PAUlua_State@@@std@@V?$allocator@U?$pair@QAUlua_State@@PAVILuaInterface@@@std@@@4@$0A@@std@@@std@@QAE?AU?$pair@V?$_Tree_iterator@V?$_Tree_val@U?$_Tree_simple_types@U?$pair@QAUlua_State@@PAVILuaInterface@@@std@@@std@@@std@@@std@@V12@@2@ABQAUlua_State@@@Z 10001c69 f i ILuaModuleManager.obj
 0001:00000c93       ?_Key@?$_Tree@V?$_Tmap_traits@PAUlua_State@@PAVILuaInterface@@U?$less@PAUlua_State@@@std@@V?$allocator@U?$pair@QAUlua_State@@PAVILuaInterface@@@std@@@4@$0A@@std@@@std@@IBEABQAUlua_State@@PAU?$_Tree_node@U?$pair@QAUlua_State@@PAVILuaInterface@@@std@@PAX@2@@Z 10001c93 f i ILuaModuleManager.obj
 0001:00000cb0       ??R?$less@PAUlua_State@@@std@@QBE_NABQAUlua_State@@0@Z 10001cb0 f i ILuaModuleManager.obj
 0001:00000cd8       ?_Getcomp@?$_Tree_comp@$0A@V?$_Tmap_traits@PAUlua_State@@PAVILuaInterface@@U?$less@PAUlua_State@@@std@@V?$allocator@U?$pair@QAUlua_State@@PAVILuaInterface@@@std@@@4@$0A@@std@@@std@@QBE?AU?$less@PAUlua_State@@@2@XZ 10001cd8 f i ILuaModuleManager.obj
 0001:00000ce6       ??0?$allocator@U?$_Tree_node@U?$pair@QAUlua_State@@PAVILuaInterface@@@std@@PAX@std@@@std@@QAE@XZ 10001ce6 f i ILuaModuleManager.obj
 0001:00000ce6       ?GetPosition@Node@@QAEPBVVector@@XZ 10001ce6 f i node.obj
 0001:00000ce6       ??0?$allocator@U?$pair@QAUlua_State@@PAVILuaInterface@@@std@@@std@@QAE@XZ 10001ce6 f i ILuaModuleManager.obj
 0001:00000ce6       ??0?$allocator@D@std@@QAE@XZ 10001ce6 f i ILuaObject.obj
 0001:00000ce6       ??0Vector@@QAE@XZ          10001ce6 f i main.obj
 0001:00000cf2       ??8?$_Tree_const_iterator@V?$_Tree_val@U?$_Tree_simple_types@U?$pair@QAUlua_State@@PAVILuaInterface@@@std@@@std@@@std@@@std@@QBE_NABV01@@Z 10001cf2 f i ILuaModuleManager.obj
 0001:00000d1a       ?Base@?$CUtlMemory@U?$UtlLinkedListElem_t@UAirSeedSpot@@H@@H@@QAEPAU?$UtlLinkedListElem_t@UAirSeedSpot@@H@@XZ 10001d1a f i nav.obj
 0001:00000d1a       ?Base@?$CUtlMemory@PAUJobInfo_t@@H@@QAEPAPAUJobInfo_t@@XZ 10001d1a f i main.obj
 0001:00000d1a       ?Base@?$CUtlMemory@PAVNode@@H@@QAEPAPAVNode@@XZ 10001d1a f i main.obj
 0001:00000d1a       ?Base@?$CUtlMemory@U?$UtlLinkedListElem_t@UGroundSeedSpot@@H@@H@@QAEPAU?$UtlLinkedListElem_t@UGroundSeedSpot@@H@@XZ 10001d1a f i nav.obj
 0001:00000d1a       ?value@error_condition@std@@QBEHXZ 10001d1a f i ILuaObject.obj
 0001:00000d1a       ?value@error_code@std@@QBEHXZ 10001d1a f i ILuaObject.obj
 0001:00000d1a       ?_Mynode@?$_Tree_unchecked_const_iterator@V?$_Tree_val@U?$_Tree_simple_types@U?$pair@QAUlua_State@@PAVILuaInterface@@@std@@@std@@@std@@U_Iterator_base0@2@@std@@QBEPAU?$_Tree_node@U?$pair@QAUlua_State@@PAVILuaInterface@@@std@@PAX@2@XZ 10001d1a f i ILuaModuleManager.obj
 0001:00000d1a       ?Base@?$CUtlMemory@EH@@QAEPAEXZ 10001d1a f i nav.obj
 0001:00000d28       ??C?$_Tree_iterator@V?$_Tree_val@U?$_Tree_simple_types@U?$pair@QAUlua_State@@PAVILuaInterface@@@std@@@std@@@std@@@std@@QBEPAU?$pair@QAUlua_State@@PAVILuaInterface@@@1@XZ 10001d28 f i ILuaModuleManager.obj
 0001:00000d40       ?begin@?$_Tree@V?$_Tmap_traits@PAUlua_State@@PAVILuaInterface@@U?$less@PAUlua_State@@@std@@V?$allocator@U?$pair@QAUlua_State@@PAVILuaInterface@@@std@@@4@$0A@@std@@@std@@QAE?AV?$_Tree_iterator@V?$_Tree_val@U?$_Tree_simple_types@U?$pair@QAUlua_State@@PAVILuaInterface@@@std@@@std@@@std@@@2@XZ 10001d40 f i ILuaModuleManager.obj
 0001:00000d63       ?erase@?$_Tree@V?$_Tmap_traits@PAUlua_State@@PAVILuaInterface@@U?$less@PAUlua_State@@@std@@V?$allocator@U?$pair@QAUlua_State@@PAVILuaInterface@@@std@@@4@$0A@@std@@@std@@QAE?AV?$_Tree_iterator@V?$_Tree_val@U?$_Tree_simple_types@U?$pair@QAUlua_State@@PAVILuaInterface@@@std@@@std@@@std@@@2@V?$_Tree_const_iterator@V?$_Tree_val@U?$_Tree_simple_types@U?$pair@QAUlua_State@@PAVILuaInterface@@@std@@@std@@@std@@@2@@Z 10001d63 f i ILuaModuleManager.obj
 0001:000013d3       ?clear@?$_Tree@V?$_Tmap_traits@PAUlua_State@@PAVILuaInterface@@U?$less@PAUlua_State@@@std@@V?$allocator@U?$pair@QAUlua_State@@PAVILuaInterface@@@std@@@4@$0A@@std@@@std@@QAEXXZ 100023d3 f i ILuaModuleManager.obj
 0001:00001422       ?_Eqrange@?$_Tree@V?$_Tmap_traits@PAUlua_State@@PAVILuaInterface@@U?$less@PAUlua_State@@@std@@V?$allocator@U?$pair@QAUlua_State@@PAVILuaInterface@@@std@@@4@$0A@@std@@@std@@IAE?AU?$pair@V?$_Tree_iterator@V?$_Tree_val@U?$_Tree_simple_types@U?$pair@QAUlua_State@@PAVILuaInterface@@@std@@@std@@@std@@@std@@V12@@2@ABQAUlua_State@@@Z 10002422 f i ILuaModuleManager.obj
 0001:000015bf       ?_Lbound@?$_Tree@V?$_Tmap_traits@PAUlua_State@@PAVILuaInterface@@U?$less@PAUlua_State@@@std@@V?$allocator@U?$pair@QAUlua_State@@PAVILuaInterface@@@std@@@4@$0A@@std@@@std@@IAEPAU?$_Tree_node@U?$pair@QAUlua_State@@PAVILuaInterface@@@std@@PAX@2@ABQAUlua_State@@@Z 100025bf f i ILuaModuleManager.obj
 0001:00001643       ?_Kfn@?$_Tree@V?$_Tmap_traits@PAUlua_State@@PAVILuaInterface@@U?$less@PAUlua_State@@@std@@V?$allocator@U?$pair@QAUlua_State@@PAVILuaInterface@@@std@@@4@$0A@@std@@@std@@IBEABQAUlua_State@@ABU?$pair@QAUlua_State@@PAVILuaInterface@@@2@@Z 10002643 f i ILuaModuleManager.obj
 0001:00001657       ??0?$_Tree_comp@$0A@V?$_Tmap_traits@PAUlua_State@@PAVILuaInterface@@U?$less@PAUlua_State@@@std@@V?$allocator@U?$pair@QAUlua_State@@PAVILuaInterface@@@std@@@4@$0A@@std@@@std@@QAE@ABU?$less@PAUlua_State@@@1@ABV?$allocator@U?$pair@QAUlua_State@@PAVILuaInterface@@@std@@@1@@Z 10002657 f i ILuaModuleManager.obj
 0001:00001670       ?_Myval@?$_Tree_val@U?$_Tree_simple_types@U?$pair@QAUlua_State@@PAVILuaInterface@@@std@@@std@@@std@@SAAAU?$pair@QAUlua_State@@PAVILuaInterface@@@2@PAU?$_Tree_node@U?$pair@QAUlua_State@@PAVILuaInterface@@@std@@PAX@2@@Z 10002670 f i ILuaModuleManager.obj
 0001:0000167b       ??E?$_Tree_const_iterator@V?$_Tree_val@U?$_Tree_simple_types@U?$pair@QAUlua_State@@PAVILuaInterface@@@std@@@std@@@std@@@std@@QAE?AV01@H@Z 1000267b f i ILuaModuleManager.obj
 0001:000016a2       ??9?$_Tree_const_iterator@V?$_Tree_val@U?$_Tree_simple_types@U?$pair@QAUlua_State@@PAVILuaInterface@@@std@@@std@@@std@@@std@@QBE_NABV01@@Z 100026a2 f i ILuaModuleManager.obj
 0001:000016d0       ??0?$_Tree_iterator@V?$_Tree_val@U?$_Tree_simple_types@U?$pair@QAUlua_State@@PAVILuaInterface@@@std@@@std@@@std@@@std@@QAE@PAU?$_Tree_node@U?$pair@QAUlua_State@@PAVILuaInterface@@@std@@PAX@1@PBV?$_Tree_val@U?$_Tree_simple_types@U?$pair@QAUlua_State@@PAVILuaInterface@@@std@@@std@@@1@@Z 100026d0 f i ILuaModuleManager.obj
 0001:000016ec       ??D?$_Tree_iterator@V?$_Tree_val@U?$_Tree_simple_types@U?$pair@QAUlua_State@@PAVILuaInterface@@@std@@@std@@@std@@@std@@QBEAAU?$pair@QAUlua_State@@PAVILuaInterface@@@1@XZ 100026ec f i ILuaModuleManager.obj
 0001:000016fd       ?pointer_to@?$pointer_traits@PAU?$pair@QAUlua_State@@PAVILuaInterface@@@std@@@std@@SAPAU?$pair@QAUlua_State@@PAVILuaInterface@@@2@AAU32@@Z 100026fd f i ILuaModuleManager.obj
 0001:0000170b       ?_Erase@?$_Tree@V?$_Tmap_traits@PAUlua_State@@PAVILuaInterface@@U?$less@PAUlua_State@@@std@@V?$allocator@U?$pair@QAUlua_State@@PAVILuaInterface@@@std@@@4@$0A@@std@@@std@@IAEXPAU?$_Tree_node@U?$pair@QAUlua_State@@PAVILuaInterface@@@std@@PAX@2@@Z 1000270b f i ILuaModuleManager.obj
 0001:00001795       ?_Lmost@?$_Tree@V?$_Tmap_traits@PAUlua_State@@PAVILuaInterface@@U?$less@PAUlua_State@@@std@@V?$allocator@U?$pair@QAUlua_State@@PAVILuaInterface@@@std@@@4@$0A@@std@@@std@@IBEAAPAU?$_Tree_node@U?$pair@QAUlua_State@@PAVILuaInterface@@@std@@PAX@2@XZ 10002795 f i ILuaModuleManager.obj
 0001:000017a9       ?_Lrotate@?$_Tree@V?$_Tmap_traits@PAUlua_State@@PAVILuaInterface@@U?$less@PAUlua_State@@@std@@V?$allocator@U?$pair@QAUlua_State@@PAVILuaInterface@@@std@@@4@$0A@@std@@@std@@IAEXPAU?$_Tree_node@U?$pair@QAUlua_State@@PAVILuaInterface@@@std@@PAX@2@@Z 100027a9 f i ILuaModuleManager.obj
 0001:000018a3       ?_Rmost@?$_Tree@V?$_Tmap_traits@PAUlua_State@@PAVILuaInterface@@U?$less@PAUlua_State@@@std@@V?$allocator@U?$pair@QAUlua_State@@PAVILuaInterface@@@std@@@4@$0A@@std@@@std@@IBEAAPAU?$_Tree_node@U?$pair@QAUlua_State@@PAVILuaInterface@@@std@@PAX@2@XZ 100028a3 f i ILuaModuleManager.obj
 0001:000018b7       ?_Root@?$_Tree@V?$_Tmap_traits@PAUlua_State@@PAVILuaInterface@@U?$less@PAUlua_State@@@std@@V?$allocator@U?$pair@QAUlua_State@@PAVILuaInterface@@@std@@@4@$0A@@std@@@std@@IBEAAPAU?$_Tree_node@U?$pair@QAUlua_State@@PAVILuaInterface@@@std@@PAX@2@XZ 100028b7 f i ILuaModuleManager.obj
 0001:000018cb       ?_Rrotate@?$_Tree@V?$_Tmap_traits@PAUlua_State@@PAVILuaInterface@@U?$less@PAUlua_State@@@std@@V?$allocator@U?$pair@QAUlua_State@@PAVILuaInterface@@@std@@@4@$0A@@std@@@std@@IAEXPAU?$_Tree_node@U?$pair@QAUlua_State@@PAVILuaInterface@@@std@@PAX@2@@Z 100028cb f i ILuaModuleManager.obj
 0001:000019c5       ??0?$_Tree_buy@U?$pair@QAUlua_State@@PAVILuaInterface@@@std@@V?$allocator@U?$pair@QAUlua_State@@PAVILuaInterface@@@std@@@2@@std@@QAE@ABV?$allocator@U?$pair@QAUlua_State@@PAVILuaInterface@@@std@@@1@@Z 100029c5 f i ILuaModuleManager.obj
 0001:000019de       ?_Getal@?$_Tree_alloc@$0A@U?$_Tree_base_types@U?$pair@QAUlua_State@@PAVILuaInterface@@@std@@V?$allocator@U?$pair@QAUlua_State@@PAVILuaInterface@@@std@@@2@@std@@@std@@QBE?AU?$_Wrap_alloc@V?$allocator@U?$_Tree_node@U?$pair@QAUlua_State@@PAVILuaInterface@@@std@@PAX@std@@@std@@@2@XZ 100029de f i ILuaModuleManager.obj
 0001:000019de       ?_Getal@?$_String_alloc@$0A@U?$_String_base_types@DV?$allocator@D@std@@@std@@@std@@QBE?AU?$_Wrap_alloc@V?$allocator@D@std@@@2@XZ 100029de f i ILuaObject.obj
 0001:000019f4       ?deallocate@?$_Wrap_alloc@V?$allocator@U?$_Tree_node@U?$pair@QAUlua_State@@PAVILuaInterface@@@std@@PAX@std@@@std@@@std@@QAEXPAU?$_Tree_node@U?$pair@QAUlua_State@@PAVILuaInterface@@@std@@PAX@2@I@Z 100029f4 f i ILuaModuleManager.obj
 0001:000019f4       ?deallocate@?$_Wrap_alloc@V?$allocator@D@std@@@std@@QAEXPADI@Z 100029f4 f i ILuaObject.obj
 0001:00001a0d       ?_Color@?$_Tree_val@U?$_Tree_simple_types@U?$pair@QAUlua_State@@PAVILuaInterface@@@std@@@std@@@std@@SAAADPAU?$_Tree_node@U?$pair@QAUlua_State@@PAVILuaInterface@@@std@@PAX@2@@Z 10002a0d f i ILuaModuleManager.obj
 0001:00001a18       ?_Isnil@?$_Tree_val@U?$_Tree_simple_types@U?$pair@QAUlua_State@@PAVILuaInterface@@@std@@@std@@@std@@SAAADPAU?$_Tree_node@U?$pair@QAUlua_State@@PAVILuaInterface@@@std@@PAX@2@@Z 10002a18 f i ILuaModuleManager.obj
 0001:00001a23       ??$forward@_N@std@@YA$$QA_NAA_N@Z 10002a23 f i ILuaModuleManager.obj
 0001:00001a23       ??$addressof@PAU?$_Tree_node@U?$pair@QAUlua_State@@PAVILuaInterface@@@std@@PAX@std@@@std@@YAPAPAU?$_Tree_node@U?$pair@QAUlua_State@@PAVILuaInterface@@@std@@PAX@0@AAPAU10@@Z 10002a23 f i ILuaModuleManager.obj
 0001:00001a23       ??$addressof@U?$pair@QAUlua_State@@PAVILuaInterface@@@std@@@std@@YAPAU?$pair@QAUlua_State@@PAVILuaInterface@@@0@AAU10@@Z 10002a23 f i ILuaModuleManager.obj
 0001:00001a23       ??$_Move@AAD@std@@YA$$QADAAD@Z 10002a23 f i ILuaModuleManager.obj
 0001:00001a23       ??$forward@ABQAUlua_State@@@std@@YAABQAUlua_State@@ABQAU1@@Z 10002a23 f i ILuaModuleManager.obj
 0001:00001a23       ??$forward@U?$pair@PAUlua_State@@PAVILuaInterface@@@std@@@std@@YA$$QAU?$pair@PAUlua_State@@PAVILuaInterface@@@0@AAU10@@Z 10002a23 f i ILuaModuleManager.obj
 0001:00001a23       ??$_Kfn@QAUlua_State@@PAVILuaInterface@@@?$_Tmap_traits@PAUlua_State@@PAVILuaInterface@@U?$less@PAUlua_State@@@std@@V?$allocator@U?$pair@QAUlua_State@@PAVILuaInterface@@@std@@@4@$0A@@std@@SAABQAUlua_State@@ABU?$pair@QAUlua_State@@PAVILuaInterface@@@1@@Z 10002a23 f i ILuaModuleManager.obj
 0001:00001a23       ??$forward@AAPAU?$_Tree_node@U?$pair@QAUlua_State@@PAVILuaInterface@@@std@@PAX@std@@@std@@YAAAPAU?$_Tree_node@U?$pair@QAUlua_State@@PAVILuaInterface@@@std@@PAX@0@AAPAU10@@Z 10002a23 f i ILuaModuleManager.obj
 0001:00001a23       ??$addressof@D@std@@YAPADAAD@Z 10002a23 f i ILuaObject.obj
 0001:00001a23       ??$forward@AAPAD@std@@YAAAPADAAPAD@Z 10002a23 f i ILuaObject.obj
 0001:00001a23       ??$forward@PAUlua_State@@@std@@YA$$QAPAUlua_State@@AAPAU1@@Z 10002a23 f i ILuaModuleManager.obj
 0001:00001a23       ??$forward@AAV?$_Tree_iterator@V?$_Tree_val@U?$_Tree_simple_types@U?$pair@QAUlua_State@@PAVILuaInterface@@@std@@@std@@@std@@@std@@@std@@YAAAV?$_Tree_iterator@V?$_Tree_val@U?$_Tree_simple_types@U?$pair@QAUlua_State@@PAVILuaInterface@@@std@@@std@@@std@@@0@AAV10@@Z 10002a23 f i ILuaModuleManager.obj
 0001:00001a23       ?_Left@?$_Tree_val@U?$_Tree_simple_types@U?$pair@QAUlua_State@@PAVILuaInterface@@@std@@@std@@@std@@SAAAPAU?$_Tree_node@U?$pair@QAUlua_State@@PAVILuaInterface@@@std@@PAX@2@PAU32@@Z 10002a23 f i ILuaModuleManager.obj
 0001:00001a23       ??$forward@AAU?$pair@QAUlua_State@@PAVILuaInterface@@@std@@@std@@YAAAU?$pair@QAUlua_State@@PAVILuaInterface@@@0@AAU10@@Z 10002a23 f i ILuaModuleManager.obj
 0001:00001a23       ??$forward@PAVILuaInterface@@@std@@YA$$QAPAVILuaInterface@@AAPAV1@@Z 10002a23 f i ILuaModuleManager.obj
 0001:00001a23       ??$forward@V?$_Tree_iterator@V?$_Tree_val@U?$_Tree_simple_types@U?$pair@QAUlua_State@@PAVILuaInterface@@@std@@@std@@@std@@@std@@@std@@YA$$QAV?$_Tree_iterator@V?$_Tree_val@U?$_Tree_simple_types@U?$pair@QAUlua_State@@PAVILuaInterface@@@std@@@std@@@std@@@0@AAV10@@Z 10002a23 f i ILuaModuleManager.obj
 0001:00001a2b       ?_Parent@?$_Tree_val@U?$_Tree_simple_types@U?$pair@QAUlua_State@@PAVILuaInterface@@@std@@@std@@@std@@SAAAPAU?$_Tree_node@U?$pair@QAUlua_State@@PAVILuaInterface@@@std@@PAX@2@PAU32@@Z 10002a2b f i ILuaModuleManager.obj
 0001:00001a36       ?_Right@?$_Tree_val@U?$_Tree_simple_types@U?$pair@QAUlua_State@@PAVILuaInterface@@@std@@@std@@@std@@SAAAPAU?$_Tree_node@U?$pair@QAUlua_State@@PAVILuaInterface@@@std@@PAX@2@PAU32@@Z 10002a36 f i ILuaModuleManager.obj
 0001:00001a41       ?_Max@?$_Tree_val@U?$_Tree_simple_types@U?$pair@QAUlua_State@@PAVILuaInterface@@@std@@@std@@@std@@SAPAU?$_Tree_node@U?$pair@QAUlua_State@@PAVILuaInterface@@@std@@PAX@2@PAU32@@Z 10002a41 f i ILuaModuleManager.obj
 0001:00001a71       ?_Min@?$_Tree_val@U?$_Tree_simple_types@U?$pair@QAUlua_State@@PAVILuaInterface@@@std@@@std@@@std@@SAPAU?$_Tree_node@U?$pair@QAUlua_State@@PAVILuaInterface@@@std@@PAX@2@PAU32@@Z 10002a71 f i ILuaModuleManager.obj
 0001:00001aa1       ??0?$_Tree_const_iterator@V?$_Tree_val@U?$_Tree_simple_types@U?$pair@QAUlua_State@@PAVILuaInterface@@@std@@@std@@@std@@@std@@QAE@PAU?$_Tree_node@U?$pair@QAUlua_State@@PAVILuaInterface@@@std@@PAX@1@PBV?$_Tree_val@U?$_Tree_simple_types@U?$pair@QAUlua_State@@PAVILuaInterface@@@std@@@std@@@1@@Z 10002aa1 f i ILuaModuleManager.obj
 0001:00001abd       ??D?$_Tree_const_iterator@V?$_Tree_val@U?$_Tree_simple_types@U?$pair@QAUlua_State@@PAVILuaInterface@@@std@@@std@@@std@@@std@@QBEABU?$pair@QAUlua_State@@PAVILuaInterface@@@1@XZ 10002abd f i ILuaModuleManager.obj
 0001:00001ad1       ??E?$_Tree_const_iterator@V?$_Tree_val@U?$_Tree_simple_types@U?$pair@QAUlua_State@@PAVILuaInterface@@@std@@@std@@@std@@@std@@QAEAAV01@XZ 10002ad1 f i ILuaModuleManager.obj
 0001:00001ae5       ??0?$_Tree_alloc@$0A@U?$_Tree_base_types@U?$pair@QAUlua_State@@PAVILuaInterface@@@std@@V?$allocator@U?$pair@QAUlua_State@@PAVILuaInterface@@@std@@@2@@std@@@std@@QAE@ABV?$allocator@U?$pair@QAUlua_State@@PAVILuaInterface@@@std@@@1@@Z 10002ae5 f i ILuaModuleManager.obj
 0001:00001b08       ??0?$_Wrap_alloc@V?$allocator@U?$_Tree_node@U?$pair@QAUlua_State@@PAVILuaInterface@@@std@@PAX@std@@@std@@@std@@QAE@XZ 10002b08 f i ILuaModuleManager.obj
 0001:00001b08       ??0cplane_t@@QAE@XZ        10002b08 f i nav.obj
 0001:00001b08       ??0?$_Wrap_alloc@V?$allocator@D@std@@@std@@QAE@XZ 10002b08 f i ILuaObject.obj
 0001:00001b08       ??0VectorAligned@@QAE@XZ   10002b08 f i nav.obj
 0001:00001b1c       ?deallocate@?$allocator@D@std@@QAEXPADI@Z 10002b1c f i ILuaObject.obj
 0001:00001b1c       ?deallocate@?$allocator@U?$_Tree_node@U?$pair@QAUlua_State@@PAVILuaInterface@@@std@@PAX@std@@@std@@QAEXPAU?$_Tree_node@U?$pair@QAUlua_State@@PAVILuaInterface@@@std@@PAX@2@I@Z 10002b1c f i ILuaModuleManager.obj
 0001:00001b30       ??0?$_Tree_unchecked_const_iterator@V?$_Tree_val@U?$_Tree_simple_types@U?$pair@QAUlua_State@@PAVILuaInterface@@@std@@@std@@@std@@U_Iterator_base0@2@@std@@QAE@PAU?$_Tree_node@U?$pair@QAUlua_State@@PAVILuaInterface@@@std@@PAX@1@PBV?$_Tree_val@U?$_Tree_simple_types@U?$pair@QAUlua_State@@PAVILuaInterface@@@std@@@std@@@1@@Z 10002b30 f i ILuaModuleManager.obj
 0001:00001b51       ??E?$_Tree_unchecked_const_iterator@V?$_Tree_val@U?$_Tree_simple_types@U?$pair@QAUlua_State@@PAVILuaInterface@@@std@@@std@@@std@@U_Iterator_base0@2@@std@@QAEAAV01@XZ 10002b51 f i ILuaModuleManager.obj
 0001:00001bea       ?_Buyheadnode@?$_Tree_alloc@$0A@U?$_Tree_base_types@U?$pair@QAUlua_State@@PAVILuaInterface@@@std@@V?$allocator@U?$pair@QAUlua_State@@PAVILuaInterface@@@std@@@2@@std@@@std@@QAEPAU?$_Tree_node@U?$pair@QAUlua_State@@PAVILuaInterface@@@std@@PAX@2@XZ 10002bea f i ILuaModuleManager.obj
 0001:00001d26       ??0?$_Tree_val@U?$_Tree_simple_types@U?$pair@QAUlua_State@@PAVILuaInterface@@@std@@@std@@@std@@QAE@XZ 10002d26 f i ILuaModuleManager.obj
 0001:00001d3f       ?allocate@?$_Wrap_alloc@V?$allocator@U?$_Tree_node@U?$pair@QAUlua_State@@PAVILuaInterface@@@std@@PAX@std@@@std@@@std@@QAEPAU?$_Tree_node@U?$pair@QAUlua_State@@PAVILuaInterface@@@std@@PAX@2@I@Z 10002d3f f i ILuaModuleManager.obj
 0001:00001d55       ?allocate@?$allocator@U?$_Tree_node@U?$pair@QAUlua_State@@PAVILuaInterface@@@std@@PAX@std@@@std@@QAEPAU?$_Tree_node@U?$pair@QAUlua_State@@PAVILuaInterface@@@std@@PAX@2@I@Z 10002d55 f i ILuaModuleManager.obj
 0001:00001d6c       ??$?0ABQAUlua_State@@PAVILuaInterface@@@?$pair@PAUlua_State@@PAVILuaInterface@@@std@@QAE@ABQAUlua_State@@$$QAPAVILuaInterface@@PAPAX@Z 10002d6c f i ILuaModuleManager.obj
 0001:00001d9b       ??$insert@U?$pair@PAUlua_State@@PAVILuaInterface@@@std@@@?$_Tree@V?$_Tmap_traits@PAUlua_State@@PAVILuaInterface@@U?$less@PAUlua_State@@@std@@V?$allocator@U?$pair@QAUlua_State@@PAVILuaInterface@@@std@@@4@$0A@@std@@@std@@QAE?AV?$_Tree_iterator@V?$_Tree_val@U?$_Tree_simple_types@U?$pair@QAUlua_State@@PAVILuaInterface@@@std@@@std@@@std@@@1@V?$_Tree_const_iterator@V?$_Tree_val@U?$_Tree_simple_types@U?$pair@QAUlua_State@@PAVILuaInterface@@@std@@@std@@@std@@@1@$$QAU?$pair@PAUlua_State@@PAVILuaInterface@@@1@@Z 10002d9b f i ILuaModuleManager.obj
 0001:00001dda       ??$?0V?$_Tree_iterator@V?$_Tree_val@U?$_Tree_simple_types@U?$pair@QAUlua_State@@PAVILuaInterface@@@std@@@std@@@std@@@std@@V01@@?$pair@V?$_Tree_iterator@V?$_Tree_val@U?$_Tree_simple_types@U?$pair@QAUlua_State@@PAVILuaInterface@@@std@@@std@@@std@@@std@@V12@@std@@QAE@$$QAU01@PAPAX@Z 10002dda f i ILuaModuleManager.obj
 0001:00001e0d       ??$_Distance@V?$_Tree_iterator@V?$_Tree_val@U?$_Tree_simple_types@U?$pair@QAUlua_State@@PAVILuaInterface@@@std@@@std@@@std@@@std@@I@std@@YAXV?$_Tree_iterator@V?$_Tree_val@U?$_Tree_simple_types@U?$pair@QAUlua_State@@PAVILuaInterface@@@std@@@std@@@std@@@0@0AAI@Z 10002e0d f i ILuaModuleManager.obj
 0001:00001e39       ??$swap@D@std@@YAXAAD0@Z   10002e39 f i ILuaModuleManager.obj
 0001:00001e6e       ??$destroy@PAU?$_Tree_node@U?$pair@QAUlua_State@@PAVILuaInterface@@@std@@PAX@std@@@?$_Wrap_alloc@V?$allocator@U?$_Tree_node@U?$pair@QAUlua_State@@PAVILuaInterface@@@std@@PAX@std@@@std@@@std@@QAEXPAPAU?$_Tree_node@U?$pair@QAUlua_State@@PAVILuaInterface@@@std@@PAX@1@@Z 10002e6e f i ILuaModuleManager.obj
 0001:00001e6e       ??$destroy@PAD@?$_Wrap_alloc@V?$allocator@D@std@@@std@@QAEXPAPAD@Z 10002e6e f i ILuaObject.obj
 0001:00001e6e       ??$destroy@U?$pair@QAUlua_State@@PAVILuaInterface@@@std@@@?$_Wrap_alloc@V?$allocator@U?$_Tree_node@U?$pair@QAUlua_State@@PAVILuaInterface@@@std@@PAX@std@@@std@@@std@@QAEXPAU?$pair@QAUlua_State@@PAVILuaInterface@@@1@@Z 10002e6e f i ILuaModuleManager.obj
 0001:00001e86       ??$?0AAV?$_Tree_iterator@V?$_Tree_val@U?$_Tree_simple_types@U?$pair@QAUlua_State@@PAVILuaInterface@@@std@@@std@@@std@@@std@@AAV01@@?$pair@V?$_Tree_iterator@V?$_Tree_val@U?$_Tree_simple_types@U?$pair@QAUlua_State@@PAVILuaInterface@@@std@@@std@@@std@@@std@@V12@@std@@QAE@AAV?$_Tree_iterator@V?$_Tree_val@U?$_Tree_simple_types@U?$pair@QAUlua_State@@PAVILuaInterface@@@std@@@std@@@std@@@1@0PAPAX@Z 10002e86 f i ILuaModuleManager.obj
 0001:00001eb5       ??$construct@PADAAPAD@?$_Wrap_alloc@V?$allocator@D@std@@@std@@QAEXPAPADAAPAD@Z 10002eb5 f i ILuaObject.obj
 0001:00001eb5       ??$construct@PAU?$_Tree_node@U?$pair@QAUlua_State@@PAVILuaInterface@@@std@@PAX@std@@AAPAU12@@?$_Wrap_alloc@V?$allocator@U?$_Tree_node@U?$pair@QAUlua_State@@PAVILuaInterface@@@std@@PAX@std@@@std@@@std@@QAEXPAPAU?$_Tree_node@U?$pair@QAUlua_State@@PAVILuaInterface@@@std@@PAX@1@AAPAU21@@Z 10002eb5 f i ILuaModuleManager.obj
 0001:00001ed8       ??$_Allocate@U?$_Tree_node@U?$pair@QAUlua_State@@PAVILuaInterface@@@std@@PAX@std@@@std@@YAPAU?$_Tree_node@U?$pair@QAUlua_State@@PAVILuaInterface@@@std@@PAX@0@IPAU10@@Z 10002ed8 f i ILuaModuleManager.obj
 0001:00001f11       ??$_Buynode@U?$pair@PAUlua_State@@PAVILuaInterface@@@std@@@?$_Tree_buy@U?$pair@QAUlua_State@@PAVILuaInterface@@@std@@V?$allocator@U?$pair@QAUlua_State@@PAVILuaInterface@@@std@@@2@@std@@QAEPAU?$_Tree_node@U?$pair@QAUlua_State@@PAVILuaInterface@@@std@@PAX@1@$$QAU?$pair@PAUlua_State@@PAVILuaInterface@@@1@@Z 10002f11 f i ILuaModuleManager.obj
 0001:00001fde       ??$_Insert_hint@AAU?$pair@QAUlua_State@@PAVILuaInterface@@@std@@PAU?$_Tree_node@U?$pair@QAUlua_State@@PAVILuaInterface@@@std@@PAX@2@@?$_Tree@V?$_Tmap_traits@PAUlua_State@@PAVILuaInterface@@U?$less@PAUlua_State@@@std@@V?$allocator@U?$pair@QAUlua_State@@PAVILuaInterface@@@std@@@4@$0A@@std@@@std@@IAE?AV?$_Tree_iterator@V?$_Tree_val@U?$_Tree_simple_types@U?$pair@QAUlua_State@@PAVILuaInterface@@@std@@@std@@@std@@@1@V?$_Tree_const_iterator@V?$_Tree_val@U?$_Tree_simple_types@U?$pair@QAUlua_State@@PAVILuaInterface@@@std@@@std@@@std@@@1@AAU?$pair@QAUlua_State@@PAVILuaInterface@@@1@PAU?$_Tree_node@U?$pair@QAUlua_State@@PAVILuaInterface@@@std@@PAX@1@@Z 10002fde f i ILuaModuleManager.obj
 0001:00002ae2       ??$_Iter_cat@V?$_Tree_iterator@V?$_Tree_val@U?$_Tree_simple_types@U?$pair@QAUlua_State@@PAVILuaInterface@@@std@@@std@@@std@@@std@@@std@@YA?AUbidirectional_iterator_tag@0@ABV?$_Tree_iterator@V?$_Tree_val@U?$_Tree_simple_types@U?$pair@QAUlua_State@@PAVILuaInterface@@@std@@@std@@@std@@@0@@Z 10003ae2 f i ILuaModuleManager.obj
 0001:00002af3       ??$_Distance2@V?$_Tree_iterator@V?$_Tree_val@U?$_Tree_simple_types@U?$pair@QAUlua_State@@PAVILuaInterface@@@std@@@std@@@std@@@std@@I@std@@YAXV?$_Tree_iterator@V?$_Tree_val@U?$_Tree_simple_types@U?$pair@QAUlua_State@@PAVILuaInterface@@@std@@@std@@@std@@@0@0AAIUbidirectional_iterator_tag@0@@Z 10003af3 f i ILuaModuleManager.obj
 0001:00002b22       ??$destroy@U?$pair@QAUlua_State@@PAVILuaInterface@@@std@@@?$allocator_traits@V?$allocator@U?$_Tree_node@U?$pair@QAUlua_State@@PAVILuaInterface@@@std@@PAX@std@@@std@@@std@@SAXAAV?$allocator@U?$_Tree_node@U?$pair@QAUlua_State@@PAVILuaInterface@@@std@@PAX@std@@@1@PAU?$pair@QAUlua_State@@PAVILuaInterface@@@1@@Z 10003b22 f i ILuaModuleManager.obj
 0001:00002b22       ??$destroy@PAU?$_Tree_node@U?$pair@QAUlua_State@@PAVILuaInterface@@@std@@PAX@std@@@?$allocator_traits@V?$allocator@U?$_Tree_node@U?$pair@QAUlua_State@@PAVILuaInterface@@@std@@PAX@std@@@std@@@std@@SAXAAV?$allocator@U?$_Tree_node@U?$pair@QAUlua_State@@PAVILuaInterface@@@std@@PAX@std@@@1@PAPAU?$_Tree_node@U?$pair@QAUlua_State@@PAVILuaInterface@@@std@@PAX@1@@Z 10003b22 f i ILuaModuleManager.obj
 0001:00002b22       ??$destroy@PAD@?$allocator_traits@V?$allocator@D@std@@@std@@SAXAAV?$allocator@D@1@PAPAD@Z 10003b22 f i ILuaObject.obj
 0001:00002b32       ??$construct@PADAAPAD@?$allocator_traits@V?$allocator@D@std@@@std@@SAXAAV?$allocator@D@1@PAPADAAPAD@Z 10003b32 f i ILuaObject.obj
 0001:00002b32       ??$construct@PAU?$_Tree_node@U?$pair@QAUlua_State@@PAVILuaInterface@@@std@@PAX@std@@AAPAU12@@?$allocator_traits@V?$allocator@U?$_Tree_node@U?$pair@QAUlua_State@@PAVILuaInterface@@@std@@PAX@std@@@std@@@std@@SAXAAV?$allocator@U?$_Tree_node@U?$pair@QAUlua_State@@PAVILuaInterface@@@std@@PAX@std@@@1@PAPAU?$_Tree_node@U?$pair@QAUlua_State@@PAVILuaInterface@@@std@@PAX@1@AAPAU31@@Z 10003b32 f i ILuaModuleManager.obj
 0001:00002b4c       ?size@?$_Tree@V?$_Tmap_traits@PAUlua_State@@PAVILuaInterface@@U?$less@PAUlua_State@@@std@@V?$allocator@U?$pair@QAUlua_State@@PAVILuaInterface@@@std@@@4@$0A@@std@@@std@@QBEIXZ 10003b4c f i ILuaModuleManager.obj
 0001:00002b4c       ?NumAllocated@?$CUtlMemory@PAVNode@@H@@QBEHXZ 10003b4c f i nav.obj
 0001:00002b4c       ?category@error_condition@std@@QBEABVerror_category@2@XZ 10003b4c f i ILuaObject.obj
 0001:00002b4c       ?category@error_code@std@@QBEABVerror_category@2@XZ 10003b4c f i ILuaObject.obj
 0001:00002b4c       ?NumAllocated@?$CUtlMemory@PAUJobInfo_t@@H@@QBEHXZ 10003b4c f i main.obj
 0001:00002b5b       ?_Destroy_if_not_nil@?$_Tree@V?$_Tmap_traits@PAUlua_State@@PAVILuaInterface@@U?$less@PAUlua_State@@@std@@V?$allocator@U?$pair@QAUlua_State@@PAVILuaInterface@@@std@@@4@$0A@@std@@@std@@IAEXPAU?$_Tree_node@U?$pair@QAUlua_State@@PAVILuaInterface@@@std@@PAX@2@@Z 10003b5b f i ILuaModuleManager.obj
 0001:00002ba3       ?_Buynode0@?$_Tree_buy@U?$pair@QAUlua_State@@PAVILuaInterface@@@std@@V?$allocator@U?$pair@QAUlua_State@@PAVILuaInterface@@@std@@@2@@std@@QAEPAU?$_Tree_node@U?$pair@QAUlua_State@@PAVILuaInterface@@@std@@PAX@2@XZ 10003ba3 f i ILuaModuleManager.obj
 0001:00002cc4       ?_Freenode0@?$_Tree_buy@U?$pair@QAUlua_State@@PAVILuaInterface@@@std@@V?$allocator@U?$pair@QAUlua_State@@PAVILuaInterface@@@std@@@2@@std@@QAEXPAU?$_Tree_node@U?$pair@QAUlua_State@@PAVILuaInterface@@@std@@PAX@2@@Z 10003cc4 f i ILuaModuleManager.obj
 0001:00002d54       ??0?$_Tree_const_iterator@V?$_Tree_val@U?$_Tree_simple_types@U?$pair@QAUlua_State@@PAVILuaInterface@@@std@@@std@@@std@@@std@@QAE@XZ 10003d54 f i ILuaModuleManager.obj
 0001:00002d68       ??F?$_Tree_const_iterator@V?$_Tree_val@U?$_Tree_simple_types@U?$pair@QAUlua_State@@PAVILuaInterface@@@std@@@std@@@std@@@std@@QAEAAV01@XZ 10003d68 f i ILuaModuleManager.obj
 0001:00002d7c       ??E?$_Tree_iterator@V?$_Tree_val@U?$_Tree_simple_types@U?$pair@QAUlua_State@@PAVILuaInterface@@@std@@@std@@@std@@@std@@QAEAAV01@XZ 10003d7c f i ILuaModuleManager.obj
 0001:00002d90       ??0?$_Tree_unchecked_const_iterator@V?$_Tree_val@U?$_Tree_simple_types@U?$pair@QAUlua_State@@PAVILuaInterface@@@std@@@std@@@std@@U_Iterator_base0@2@@std@@QAE@XZ 10003d90 f i ILuaModuleManager.obj
 0001:00002da2       ??F?$_Tree_unchecked_const_iterator@V?$_Tree_val@U?$_Tree_simple_types@U?$pair@QAUlua_State@@PAVILuaInterface@@@std@@@std@@@std@@U_Iterator_base0@2@@std@@QAEAAV01@XZ 10003da2 f i ILuaModuleManager.obj
 0001:00002e64       ??$construct@U?$pair@QAUlua_State@@PAVILuaInterface@@@std@@U?$pair@PAUlua_State@@PAVILuaInterface@@@2@@?$_Wrap_alloc@V?$allocator@U?$_Tree_node@U?$pair@QAUlua_State@@PAVILuaInterface@@@std@@PAX@std@@@std@@@std@@QAEXPAU?$pair@QAUlua_State@@PAVILuaInterface@@@1@$$QAU?$pair@PAUlua_State@@PAVILuaInterface@@@1@@Z 10003e64 f i ILuaModuleManager.obj
 0001:00002e87       ??$_Insert_at@AAU?$pair@QAUlua_State@@PAVILuaInterface@@@std@@PAU?$_Tree_node@U?$pair@QAUlua_State@@PAVILuaInterface@@@std@@PAX@2@@?$_Tree@V?$_Tmap_traits@PAUlua_State@@PAVILuaInterface@@U?$less@PAUlua_State@@@std@@V?$allocator@U?$pair@QAUlua_State@@PAVILuaInterface@@@std@@@4@$0A@@std@@@std@@IAE?AV?$_Tree_iterator@V?$_Tree_val@U?$_Tree_simple_types@U?$pair@QAUlua_State@@PAVILuaInterface@@@std@@@std@@@std@@@1@_NPAU?$_Tree_node@U?$pair@QAUlua_State@@PAVILuaInterface@@@std@@PAX@1@AAU?$pair@QAUlua_State@@PAVILuaInterface@@@1@1@Z 10003e87 f i ILuaModuleManager.obj
 0001:000031f5       ??$_Insert_nohint@AAU?$pair@QAUlua_State@@PAVILuaInterface@@@std@@PAU?$_Tree_node@U?$pair@QAUlua_State@@PAVILuaInterface@@@std@@PAX@2@@?$_Tree@V?$_Tmap_traits@PAUlua_State@@PAVILuaInterface@@U?$less@PAUlua_State@@@std@@V?$allocator@U?$pair@QAUlua_State@@PAVILuaInterface@@@std@@@4@$0A@@std@@@std@@IAE?AU?$pair@V?$_Tree_iterator@V?$_Tree_val@U?$_Tree_simple_types@U?$pair@QAUlua_State@@PAVILuaInterface@@@std@@@std@@@std@@@std@@_N@1@_NAAU?$pair@QAUlua_State@@PAVILuaInterface@@@1@PAU?$_Tree_node@U?$pair@QAUlua_State@@PAVILuaInterface@@@std@@PAX@1@@Z 100041f5 f i ILuaModuleManager.obj
 0001:0000358b       ??$construct@PAU?$_Tree_node@U?$pair@QAUlua_State@@PAVILuaInterface@@@std@@PAX@std@@AAPAU12@@?$allocator@U?$_Tree_node@U?$pair@QAUlua_State@@PAVILuaInterface@@@std@@PAX@std@@@std@@QAEXPAPAU?$_Tree_node@U?$pair@QAUlua_State@@PAVILuaInterface@@@std@@PAX@1@AAPAU21@@Z 1000458b f i ILuaModuleManager.obj
 0001:0000358b       ??$construct@PADAAPAD@?$allocator@D@std@@QAEXPAPADAAPAD@Z 1000458b f i ILuaObject.obj
 0001:00003601       ?max_size@?$_Tree@V?$_Tmap_traits@PAUlua_State@@PAVILuaInterface@@U?$less@PAUlua_State@@@std@@V?$allocator@U?$pair@QAUlua_State@@PAVILuaInterface@@@std@@@4@$0A@@std@@@std@@QBEIXZ 10004601 f i ILuaModuleManager.obj
 0001:0000361e       ??F?$_Tree_iterator@V?$_Tree_val@U?$_Tree_simple_types@U?$pair@QAUlua_State@@PAVILuaInterface@@@std@@@std@@@std@@@std@@QAEAAV01@XZ 1000461e f i ILuaModuleManager.obj
 0001:00003632       ?max_size@?$_Wrap_alloc@V?$allocator@U?$_Tree_node@U?$pair@QAUlua_State@@PAVILuaInterface@@@std@@PAX@std@@@std@@@std@@QBEIXZ 10004632 f i ILuaModuleManager.obj
 0001:00003644       ?max_size@?$allocator_traits@V?$allocator@U?$_Tree_node@U?$pair@QAUlua_State@@PAVILuaInterface@@@std@@PAX@std@@@std@@@std@@SAIABV?$allocator@U?$_Tree_node@U?$pair@QAUlua_State@@PAVILuaInterface@@@std@@PAX@std@@@2@@Z 10004644 f i ILuaModuleManager.obj
 0001:00003651       ?max_size@?$allocator@U?$_Tree_node@U?$pair@QAUlua_State@@PAVILuaInterface@@@std@@PAX@std@@@std@@QBEIXZ 10004651 f i ILuaModuleManager.obj
 0001:0000365f       ??$construct@U?$pair@QAUlua_State@@PAVILuaInterface@@@std@@U?$pair@PAUlua_State@@PAVILuaInterface@@@2@@?$allocator_traits@V?$allocator@U?$_Tree_node@U?$pair@QAUlua_State@@PAVILuaInterface@@@std@@PAX@std@@@std@@@std@@SAXAAV?$allocator@U?$_Tree_node@U?$pair@QAUlua_State@@PAVILuaInterface@@@std@@PAX@std@@@1@PAU?$pair@QAUlua_State@@PAVILuaInterface@@@1@$$QAU?$pair@PAUlua_State@@PAVILuaInterface@@@1@@Z 1000465f f i ILuaModuleManager.obj
 0001:00003679       ??$_Buynode_if_nil@AAU?$pair@QAUlua_State@@PAVILuaInterface@@@std@@@?$_Tree@V?$_Tmap_traits@PAUlua_State@@PAVILuaInterface@@U?$less@PAUlua_State@@@std@@V?$allocator@U?$pair@QAUlua_State@@PAVILuaInterface@@@std@@@4@$0A@@std@@@std@@IAEPAU?$_Tree_node@U?$pair@QAUlua_State@@PAVILuaInterface@@@std@@PAX@1@PAU21@AAU?$pair@QAUlua_State@@PAVILuaInterface@@@1@@Z 10004679 f i ILuaModuleManager.obj
 0001:00003687       ??$?0V?$_Tree_iterator@V?$_Tree_val@U?$_Tree_simple_types@U?$pair@QAUlua_State@@PAVILuaInterface@@@std@@@std@@@std@@@std@@_N@?$pair@V?$_Tree_iterator@V?$_Tree_val@U?$_Tree_simple_types@U?$pair@QAUlua_State@@PAVILuaInterface@@@std@@@std@@@std@@@std@@_N@std@@QAE@$$QAV?$_Tree_iterator@V?$_Tree_val@U?$_Tree_simple_types@U?$pair@QAUlua_State@@PAVILuaInterface@@@std@@@std@@@std@@@1@$$QA_NPAPAX@Z 10004687 f i ILuaModuleManager.obj
 0001:00003687       ??$?0AAV?$_Tree_iterator@V?$_Tree_val@U?$_Tree_simple_types@U?$pair@QAUlua_State@@PAVILuaInterface@@@std@@@std@@@std@@@std@@_N@?$pair@V?$_Tree_iterator@V?$_Tree_val@U?$_Tree_simple_types@U?$pair@QAUlua_State@@PAVILuaInterface@@@std@@@std@@@std@@@std@@_N@std@@QAE@AAV?$_Tree_iterator@V?$_Tree_val@U?$_Tree_simple_types@U?$pair@QAUlua_State@@PAVILuaInterface@@@std@@@std@@@std@@@1@$$QA_NPAPAX@Z 10004687 f i ILuaModuleManager.obj
 0001:000036b6       ??$?0V?$_Tree_iterator@V?$_Tree_val@U?$_Tree_simple_types@U?$pair@QAUlua_State@@PAVILuaInterface@@@std@@@std@@@std@@@std@@_N@?$pair@V?$_Tree_iterator@V?$_Tree_val@U?$_Tree_simple_types@U?$pair@QAUlua_State@@PAVILuaInterface@@@std@@@std@@@std@@@std@@_N@std@@QAE@$$QAU01@PAPAX@Z 100046b6 f i ILuaModuleManager.obj
 0001:000036e9       ??$construct@U?$pair@QAUlua_State@@PAVILuaInterface@@@std@@U?$pair@PAUlua_State@@PAVILuaInterface@@@2@@?$allocator@U?$_Tree_node@U?$pair@QAUlua_State@@PAVILuaInterface@@@std@@PAX@std@@@std@@QAEXPAU?$pair@QAUlua_State@@PAVILuaInterface@@@1@$$QAU?$pair@PAUlua_State@@PAVILuaInterface@@@1@@Z 100046e9 f i ILuaModuleManager.obj
 0001:00003760       ??$?0PAUlua_State@@PAVILuaInterface@@@?$pair@QAUlua_State@@PAVILuaInterface@@@std@@QAE@$$QAU?$pair@PAUlua_State@@PAVILuaInterface@@@1@PAPAX@Z 10004760 f i ILuaModuleManager.obj
 0001:00003793       ?length@?$char_traits@D@std@@SAIPBD@Z 10004793 f i ILuaObject.obj
 0001:000037db       ?copy@?$char_traits@D@std@@SAPADPADPBDI@Z 100047db f i ILuaObject.obj
 0001:00003806       ?move@?$char_traits@D@std@@SAPADPADPBDI@Z 10004806 f i ILuaObject.obj
 0001:00003831       ?assign@?$char_traits@D@std@@SAXAADABD@Z 10004831 f i ILuaObject.obj
 0001:00003840       ??0id@locale@std@@QAE@I@Z  10004840 f i ILuaObject.obj
 0001:00003840       ??0Iterator_t@?$CUtlMemory@U?$UtlLinkedListElem_t@UGroundSeedSpot@@H@@H@@QAE@H@Z 10004840 f i nav.obj
 0001:00003840       ??0Iterator_t@?$CUtlMemory@U?$UtlLinkedListElem_t@UAirSeedSpot@@H@@H@@QAE@H@Z 10004840 f i nav.obj
 0001:00003856       ??0error_category@std@@QAE@XZ 10004856 f i ILuaObject.obj
 0001:0000386b       ??1error_category@std@@UAE@XZ 1000486b f i ILuaObject.obj
 0001:0000387d       ??8error_category@std@@QBE_NABV01@@Z 1000487d f i ILuaObject.obj
 0001:000038a1       ??_Eerror_category@std@@UAEPAXI@Z 100048a1 f i * CIL library *:* CIL module *
 0001:000038a1       ??_Gerror_category@std@@UAEPAXI@Z 100048a1 f i ILuaObject.obj
 0001:000038c8       ??0error_condition@std@@QAE@HABVerror_category@1@@Z 100048c8 f i ILuaObject.obj
 0001:000038c8       ??0ILuaObject@@QAE@PAVILuaBase@Lua@GarrysMod@@H@Z 100048c8 f i ILuaObject.obj
 0001:000038e7       ??8error_condition@std@@QBE_NABV01@@Z 100048e7 f i ILuaObject.obj
 0001:0000393a       ?default_error_condition@error_category@std@@UBE?AVerror_condition@2@H@Z 1000493a f i ILuaObject.obj
 0001:00003956       ?equivalent@error_category@std@@UBE_NHABVerror_condition@2@@Z 10004956 f i ILuaObject.obj
 0001:0000397f       ?equivalent@error_category@std@@UBE_NABVerror_code@2@H@Z 1000497f f i ILuaObject.obj
 0001:000039c0       ??0_Generic_error_category@std@@QAE@XZ 100049c0 f i ILuaObject.obj
 0001:000039dd       ?name@_Generic_error_category@std@@UBEPBDXZ 100049dd f i ILuaObject.obj
 0001:000039eb       ?message@_Generic_error_category@std@@UBE?AV?$basic_string@DU?$char_traits@D@std@@V?$allocator@D@2@@2@H@Z 100049eb f i ILuaObject.obj
 0001:00003a34       ??_E_Generic_error_category@std@@UAEPAXI@Z 10004a34 f i * CIL library *:* CIL module *
 0001:00003a34       ??_G_Generic_error_category@std@@UAEPAXI@Z 10004a34 f i ILuaObject.obj
 0001:00003a5b       ??1_Generic_error_category@std@@UAE@XZ 10004a5b f i ILuaObject.obj
 0001:00003a6c       ??0_Iostream_error_category@std@@QAE@XZ 10004a6c f i ILuaObject.obj
 0001:00003a89       ?name@_Iostream_error_category@std@@UBEPBDXZ 10004a89 f i ILuaObject.obj
 0001:00003a97       ?message@_Iostream_error_category@std@@UBE?AV?$basic_string@DU?$char_traits@D@std@@V?$allocator@D@2@@2@H@Z 10004a97 f i ILuaObject.obj
 0001:00003ae4       ??_E_Iostream_error_category@std@@UAEPAXI@Z 10004ae4 f i * CIL library *:* CIL module *
 0001:00003ae4       ??_E_System_error_category@std@@UAEPAXI@Z 10004ae4 f i * CIL library *:* CIL module *
 0001:00003ae4       ??_G_System_error_category@std@@UAEPAXI@Z 10004ae4 f i ILuaObject.obj
 0001:00003ae4       ??_G_Iostream_error_category@std@@UAEPAXI@Z 10004ae4 f i ILuaObject.obj
 0001:00003b0b       ??1_System_error_category@std@@UAE@XZ 10004b0b f i ILuaObject.obj
 0001:00003b0b       ??1_Iostream_error_category@std@@UAE@XZ 10004b0b f i ILuaObject.obj
 0001:00003b1c       ??0_System_error_category@std@@QAE@XZ 10004b1c f i ILuaObject.obj
 0001:00003b39       ?name@_System_error_category@std@@UBEPBDXZ 10004b39 f i ILuaObject.obj
 0001:00003b47       ?message@_System_error_category@std@@UBE?AV?$basic_string@DU?$char_traits@D@std@@V?$allocator@D@2@@2@H@Z 10004b47 f i ILuaObject.obj
 0001:00003b90       ?default_error_condition@_System_error_category@std@@UBE?AVerror_condition@2@H@Z 10004b90 f i ILuaObject.obj
 0001:00003bd4       ?generic_category@std@@YAABVerror_category@1@XZ 10004bd4 f i ILuaObject.obj
 0001:00003bde       ?system_category@std@@YAABVerror_category@1@XZ 10004bde f i ILuaObject.obj
 0001:00003be8       ?ValidateGrowSize@?$CUtlMemory@U?$UtlLinkedListElem_t@UAirSeedSpot@@H@@H@@IAEXXZ 10004be8 f   nav.obj
 0001:00003be8       ?ValidateGrowSize@?$CUtlMemory@U?$UtlLinkedListElem_t@UGroundSeedSpot@@H@@H@@IAEXXZ 10004be8 f   nav.obj
 0001:00003be8       ?OnCall@?$CMemberFuncProxyBase@PAVNav@@P81@AEXPA_N@ZVCFuncMemPolicyNone@@@@IAEXXZ 10004be8 f   nav.obj
 0001:00003be8       ??1?$CRefCountServiceBase@$00VCRefMT@@@@MAE@XZ 10004be8 f   nav.obj
 0001:00003be8       ??1ILuaObject@@QAE@XZ      10004be8 f   ILuaObject.obj
 0001:00003be8       ?ValidateGrowSize@?$CUtlMemory@PAVNode@@H@@IAEXXZ 10004be8 f   main.obj
 0001:00003be8       ?ValidateGrowSize@?$CUtlMemory@PAUJobInfo_t@@H@@IAEXXZ 10004be8 f   main.obj
 0001:00003be8       ?OnCall@?$CMemberFuncProxyBase@PAVNav@@P81@AEXPAUJobInfo_t@@PAVNode@@1@ZVCFuncMemPolicyNone@@@@IAEXXZ 10004be8 f   nav.obj
 0001:00003bf1       ?UnReference@ILuaObject@@QAEXXZ 10004bf1 f   ILuaObject.obj
 0001:00003c39       ??_GILuaObject@@QAEPAXI@Z  10004c39 f i ILuaObject.obj
 0001:00003c60       ?SetMember@ILuaObject@@QAEXPBDPAV1@@Z 10004c60 f   ILuaObject.obj
 0001:00003cb1       ?SetMember@ILuaObject@@QAEXPBDN@Z 10004cb1 f   ILuaObject.obj
 0001:00003d15       ?SetMember@ILuaObject@@QAEXPBDP6AHPAUlua_State@@@Z@Z 10004d15 f   ILuaObject.obj
 0001:00003d73       ?SetMember@ILuaObject@@QAEXNPAV1@@Z 10004d73 f   ILuaObject.obj
 0001:00003dcb       ?SetMember@ILuaObject@@QAEXMPAV1@@Z 10004dcb f   ILuaObject.obj
 0001:00003ded       ?GetMember@ILuaObject@@QAEPAV1@PBD@Z 10004ded f   ILuaObject.obj
 0001:00003ea2       ?Push@ILuaObject@@QAEXXZ   10004ea2 f   ILuaObject.obj
 0001:00003ec3       ??0?$basic_string@DU?$char_traits@D@std@@V?$allocator@D@2@@std@@QAE@PBD@Z 10004ec3 f i ILuaObject.obj
 0001:00003efa       ?assign@?$basic_string@DU?$char_traits@D@std@@V?$allocator@D@2@@std@@QAEAAV12@PBD@Z 10004efa f i ILuaObject.obj
 0001:00003f1a       ?size@?$basic_string@DU?$char_traits@D@std@@V?$allocator@D@2@@std@@QBEIXZ 10004f1a f i ILuaObject.obj
 0001:00003f1a       ?TellPut@CUtlBuffer@@QBEHXZ 10004f1a f i nav.obj
 0001:00003f29       ?_Tidy@?$basic_string@DU?$char_traits@D@std@@V?$allocator@D@2@@std@@QAEX_NI@Z 10004f29 f i ILuaObject.obj
 0001:00003fb8       ??0?$_String_alloc@$0A@U?$_String_base_types@DV?$allocator@D@std@@@std@@@std@@QAE@ABV?$allocator@D@1@@Z 10004fb8 f i ILuaObject.obj
 0001:00003fce       ?_Myptr@?$_String_val@U?$_Simple_types@D@std@@@std@@QBEPBDXZ 10004fce f i ILuaObject.obj
 0001:00003fce       ?_Myptr@?$_String_val@U?$_Simple_types@D@std@@@std@@QAEPADXZ 10004fce f i ILuaObject.obj
 0001:00003ffa       ?assign@?$basic_string@DU?$char_traits@D@std@@V?$allocator@D@2@@std@@QAEAAV12@PBDI@Z 10004ffa f i ILuaObject.obj
 0001:0000406e       ?_Eos@?$basic_string@DU?$char_traits@D@std@@V?$allocator@D@2@@std@@QAEXI@Z 1000506e f i ILuaObject.obj
 0001:0000409e       ?_Xran@?$basic_string@DU?$char_traits@D@std@@V?$allocator@D@2@@std@@QBEXXZ 1000509e f i ILuaObject.obj
 0001:000040b1       ??0?$_String_val@U?$_Simple_types@D@std@@@std@@QAE@XZ 100050b1 f i ILuaObject.obj
 0001:000040cb       ?assign@?$basic_string@DU?$char_traits@D@std@@V?$allocator@D@2@@std@@QAEAAV12@ABV12@II@Z 100050cb f i ILuaObject.obj
 0001:00004170       ?_Grow@?$basic_string@DU?$char_traits@D@std@@V?$allocator@D@2@@std@@QAE_NI_N@Z 10005170 f i ILuaObject.obj
 0001:0000420f       ?_Inside@?$basic_string@DU?$char_traits@D@std@@V?$allocator@D@2@@std@@QAE_NPBD@Z 1000520f f i ILuaObject.obj
 0001:00004248       ?_Xlen@?$basic_string@DU?$char_traits@D@std@@V?$allocator@D@2@@std@@QBEXXZ 10005248 f i ILuaObject.obj
 0001:0000425b       ?erase@?$basic_string@DU?$char_traits@D@std@@V?$allocator@D@2@@std@@QAEAAV12@I@Z 1000525b f i ILuaObject.obj
 0001:00004287       ?erase@?$basic_string@DU?$char_traits@D@std@@V?$allocator@D@2@@std@@QAEAAV12@II@Z 10005287 f i ILuaObject.obj
 0001:00004309       ?max_size@?$basic_string@DU?$char_traits@D@std@@V?$allocator@D@2@@std@@QBEIXZ 10005309 f i ILuaObject.obj
 0001:00004343       ?_Copy@?$basic_string@DU?$char_traits@D@std@@V?$allocator@D@2@@std@@QAEXII@Z 10005343 f i ILuaObject.obj
 0001:000044e3       ?allocate@?$_Wrap_alloc@V?$allocator@D@std@@@std@@QAEPADI@Z 100054e3 f i ILuaObject.obj
 0001:000044f9       ?max_size@?$_Wrap_alloc@V?$allocator@D@std@@@std@@QBEIXZ 100054f9 f i ILuaObject.obj
 0001:0000450b       ?allocate@?$allocator@D@std@@QAEPADI@Z 1000550b f i ILuaObject.obj
 0001:00004522       ?max_size@?$allocator_traits@V?$allocator@D@std@@@std@@SAIABV?$allocator@D@2@@Z 10005522 f i ILuaObject.obj
 0001:0000452f       ?max_size@?$allocator@D@std@@QBEIXZ 1000552f f i ILuaObject.obj
 0001:0000453b       ??$_Allocate@D@std@@YAPADIPAD@Z 1000553b f i ILuaObject.obj
 0001:0000456d       ??0Vector@@QAE@MMM@Z       1000556d f i main.obj
 0001:000045a1       ??4Vector@@QAEAAV0@ABV0@@Z 100055a1 f i main.obj
 0001:000045d1       ?VectorSubtract@@YAXABVVector@@0AAV1@@Z 100055d1 f i main.obj
 0001:0000461b       ?VectorLength@@YAMABVVector@@@Z 1000561b f i main.obj
 0001:00004663       ?Length@Vector@@QBEMXZ     10005663 f i main.obj
 0001:00004675       ?DistTo@Vector@@QBEMABV1@@Z 10005675 f i main.obj
 0001:000046a4       ??0Vector4D@@QAE@MMMM@Z    100056a4 f i main.obj
 0001:000046e5       ??0ThreadPoolStartParams_t@@QAE@_NIPAHW4ThreeState_t@@IH@Z 100056e5 f i main.obj
 0001:000047d0       ?IsFinished@CJob@@QBE_NXZ  100057d0 f i main.obj
 0001:0000482c       _gmod13_open               1000582c f   main.obj
 0001:00004848       _gmod13_close              10005848 f   main.obj
 0001:0000486b       ?NewVectorObject@@YAPAVILuaObject@@PAUlua_State@@AAVVector@@@Z 1000586b f   main.obj
 0001:000049c2       ?GMOD_PushVector@@YAXPAUlua_State@@AAVVector@@@Z 100059c2 f   main.obj
 0001:000049f8       ?GetNode@@YAPAVNode@@PAUlua_State@@H@Z 100059f8 f   main.obj
 0001:000049f8       ?GMOD_GetVector@@YAAAVVector@@PAUlua_State@@H@Z 100059f8 f   main.obj
 0001:00004a15       ?GetNav@@YAPAVNav@@PAUlua_State@@H@Z 10005a15 f   main.obj
 0001:00004a5a       ?PushNav@@YAXPAUlua_State@@PAVNav@@@Z 10005a5a f   main.obj
 0001:00004ac9       ?PushNode@@YAXPAUlua_State@@PAVNode@@@Z 10005ac9 f   main.obj
 0001:00004b38       ?nav_Create@@YAHPAUlua_State@@@Z 10005b38 f   main.obj
 0001:00004bef       ?nav_Poll@@YAHPAUlua_State@@@Z 10005bef f   main.obj
 0001:0000513f       ??_GJobInfo_t@@QAEPAXI@Z   1000613f f i main.obj
 0001:00005166       ??1JobInfo_t@@QAE@XZ       10006166 f i main.obj
 0001:0000517a       ?Nav_GetNodeByID@@YAHPAUlua_State@@@Z 1000617a f   main.obj
 0001:000051fc       ?Nav_GetNodeTotal@@YAHPAUlua_State@@@Z 100061fc f   main.obj
 0001:00005259       ?Nav_GetNodes@@YAHPAUlua_State@@@Z 10006259 f   main.obj
 0001:00005371       ?Nav_SetupMaxDistance@@YAHPAUlua_State@@@Z 10006371 f   main.obj
 0001:00005403       ?Nav_AddGroundSeed@@YAHPAUlua_State@@@Z 10006403 f   main.obj
 0001:00005485       ?Nav_AddAirSeed@@YAHPAUlua_State@@@Z 10006485 f   main.obj
 0001:000054e1       ?Nav_ClearGroundSeeds@@YAHPAUlua_State@@@Z 100064e1 f   main.obj
 0001:00005517       ?Nav_ClearAirSeeds@@YAHPAUlua_State@@@Z 10006517 f   main.obj
 0001:0000554d       ?Nav_Generate@@YAHPAUlua_State@@@Z 1000654d f   main.obj
 0001:00005763       ??0JobInfo_t@@QAE@XZ       10006763 f i main.obj
 0001:00005794       ?Nav_FullGeneration@@YAHPAUlua_State@@@Z 10006794 f   main.obj
 0001:0000582d       ?Nav_IsGenerated@@YAHPAUlua_State@@@Z 1000682d f   main.obj
 0001:0000587d       ?Nav_FindPath@@YAHPAUlua_State@@@Z 1000687d f   main.obj
 0001:000059e0       ?Nav_FindPathHull@@YAHPAUlua_State@@@Z 100069e0 f   main.obj
 0001:00005ba9       ?Nav_GetHeuristic@@YAHPAUlua_State@@@Z 10006ba9 f   main.obj
 0001:00005bff       ?Nav_GetStart@@YAHPAUlua_State@@@Z 10006bff f   main.obj
 0001:00005c41       ?Nav_GetEnd@@YAHPAUlua_State@@@Z 10006c41 f   main.obj
 0001:00005c83       ?Nav_SetHeuristic@@YAHPAUlua_State@@@Z 10006c83 f   main.obj
 0001:00005cef       ?Nav_SetStart@@YAHPAUlua_State@@@Z 10006cef f   main.obj
 0001:00005d4e       ?Nav_SetEnd@@YAHPAUlua_State@@@Z 10006d4e f   main.obj
 0001:00005dad       ?Nav_GetNode@@YAHPAUlua_State@@@Z 10006dad f   main.obj
 0001:00005e15       ?Nav_GetClosestNode@@YAHPAUlua_State@@@Z 10006e15 f   main.obj
 0001:00005e7d       ?Nav_GetNodesInSphere@@YAHPAUlua_State@@@Z 10006e7d f   main.obj
 0001:00006029       ?Nav_Save@@YAHPAUlua_State@@@Z 10007029 f   main.obj
 0001:000060ac       ?Nav_Load@@YAHPAUlua_State@@@Z 100070ac f   main.obj
 0001:0000612f       ?Nav_GetDiagonal@@YAHPAUlua_State@@@Z 1000712f f   main.obj
 0001:0000617f       ?Nav_SetDiagonal@@YAHPAUlua_State@@@Z 1000717f f   main.obj
 0001:000061d0       ?Nav_GetGridSize@@YAHPAUlua_State@@@Z 100071d0 f   main.obj
 0001:00006226       ?Nav_SetGridSize@@YAHPAUlua_State@@@Z 10007226 f   main.obj
 0001:0000628d       ?Nav_GetMask@@YAHPAUlua_State@@@Z 1000728d f   main.obj
 0001:000062e3       ?Nav_SetMask@@YAHPAUlua_State@@@Z 100072e3 f   main.obj
 0001:0000634a       ?Nav_CreateNode@@YAHPAUlua_State@@@Z 1000734a f   main.obj
 0001:000063dc       ?Nav_RemoveNode@@YAHPAUlua_State@@@Z 100073dc f   main.obj
 0001:0000643b       ?Node__eq@@YAHPAUlua_State@@@Z 1000743b f   main.obj
 0001:000064cc       ?Node_GetID@@YAHPAUlua_State@@@Z 100074cc f   main.obj
 0001:0000652a       ?Node_GetPosition@@YAHPAUlua_State@@@Z 1000752a f   main.obj
 0001:00006565       ?Node_GetNormal@@YAHPAUlua_State@@@Z 10007565 f   main.obj
 0001:000065a3       ?Node_IsDisabled@@YAHPAUlua_State@@@Z 100075a3 f   main.obj
 0001:000065f3       ?Node_SetDisabled@@YAHPAUlua_State@@@Z 100075f3 f   main.obj
 0001:0000665d       ?Node_GetConnections@@YAHPAUlua_State@@@Z 1000765d f   main.obj
 0001:00006769       ?Node_IsConnected@@YAHPAUlua_State@@@Z 10007769 f   main.obj
 0001:0000682e       ?Node_SetNormal@@YAHPAUlua_State@@@Z 1000782e f   main.obj
 0001:0000688a       ?Node_SetPosition@@YAHPAUlua_State@@@Z 1000788a f   main.obj
 0001:000068e6       ?Node_ConnectTo@@YAHPAUlua_State@@@Z 100078e6 f   main.obj
 0001:000069c4       ?Node_RemoveConnection@@YAHPAUlua_State@@@Z 100079c4 f   main.obj
 0001:00006a61       ?Init@@YAHPAUlua_State@@@Z 10007a61 f   main.obj
 0001:00007440       ?Shutdown@@YAHPAUlua_State@@@Z 10008440 f   main.obj
 0001:000074d3       ??0?$CUtlVector@PAVNode@@V?$CUtlMemory@PAVNode@@H@@@@QAE@HH@Z 100084d3 f i main.obj
 0001:000074d3       ??0?$CUtlVector@PAUJobInfo_t@@V?$CUtlMemory@PAUJobInfo_t@@H@@@@QAE@HH@Z 100084d3 f i main.obj
 0001:00007530       ??1?$CUtlVector@PAVNode@@V?$CUtlMemory@PAVNode@@H@@@@QAE@XZ 10008530 f i main.obj
 0001:00007530       ??1?$CUtlVector@PAUJobInfo_t@@V?$CUtlMemory@PAUJobInfo_t@@H@@@@QAE@XZ 10008530 f i main.obj
 0001:0000757b       ?Element@?$CUtlVector@PAVNode@@V?$CUtlMemory@PAVNode@@H@@@@QAEAAPAVNode@@H@Z 1000857b f i main.obj
 0001:0000757b       ?Element@?$CUtlVector@PAVNode@@V?$CUtlMemory@PAVNode@@H@@@@QBEABQAVNode@@H@Z 1000857b f i nav.obj
 0001:0000757b       ?Element@?$CUtlVector@PAUJobInfo_t@@V?$CUtlMemory@PAUJobInfo_t@@H@@@@QAEAAPAUJobInfo_t@@H@Z 1000857b f i main.obj
 0001:0000757b       ??A?$CUtlVector@PAVNode@@V?$CUtlMemory@PAVNode@@H@@@@QAEAAPAVNode@@H@Z 1000857b f i main.obj
 0001:0000757b       ??A?$CUtlVector@PAUJobInfo_t@@V?$CUtlMemory@PAUJobInfo_t@@H@@@@QAEAAPAUJobInfo_t@@H@Z 1000857b f i main.obj
 0001:00007591       ?Size@?$CUtlVector@PAVNode@@V?$CUtlMemory@PAVNode@@H@@@@QBEHXZ 10008591 f i main.obj
 0001:00007591       ?Size@?$CUtlVector@PAUJobInfo_t@@V?$CUtlMemory@PAUJobInfo_t@@H@@@@QBEHXZ 10008591 f i main.obj
 0001:00007591       ?Head@?$CUtlLinkedList@UAirSeedSpot@@H$0A@HV?$CUtlMemory@U?$UtlLinkedListElem_t@UAirSeedSpot@@H@@H@@@@QBEHXZ 10008591 f i nav.obj
 0001:00007591       ?Head@?$CUtlLinkedList@UGroundSeedSpot@@H$0A@HV?$CUtlMemory@U?$UtlLinkedListElem_t@UGroundSeedSpot@@H@@H@@@@QBEHXZ 10008591 f i nav.obj
 0001:00007591       ?Count@?$CUtlVector@PAVNode@@V?$CUtlMemory@PAVNode@@H@@@@QBEHXZ 10008591 f i main.obj
 0001:000075a0       ?AddToTail@?$CUtlVector@PAVNode@@V?$CUtlMemory@PAVNode@@H@@@@QAEHABQAVNode@@@Z 100085a0 f i nav.obj
 0001:000075a0       ?AddToTail@?$CUtlVector@PAUJobInfo_t@@V?$CUtlMemory@PAUJobInfo_t@@H@@@@QAEHABQAUJobInfo_t@@@Z 100085a0 f i main.obj
 0001:000075bc       ?Remove@?$CUtlVector@PAVNode@@V?$CUtlMemory@PAVNode@@H@@@@QAEXH@Z 100085bc f i nav.obj
 0001:000075bc       ?Remove@?$CUtlVector@PAUJobInfo_t@@V?$CUtlMemory@PAUJobInfo_t@@H@@@@QAEXH@Z 100085bc f i main.obj
 0001:000075f3       ??$SafeRelease@PAVIThreadPool@@@@YAHAAPAVIThreadPool@@@Z 100085f3 f i main.obj
 0001:000075f3       ??$SafeRelease@PAVCJob@@@@YAHAAPAVCJob@@@Z 100085f3 f i main.obj
 0001:00007627       ?ResetDbgInfo@?$CUtlVector@PAUJobInfo_t@@V?$CUtlMemory@PAUJobInfo_t@@H@@@@IAEXXZ 10008627 f i main.obj
 0001:00007627       ?ResetDbgInfo@?$CUtlVector@PAVNode@@V?$CUtlMemory@PAVNode@@H@@@@IAEXXZ 10008627 f i main.obj
 0001:0000763e       ?Base@?$CUtlVector@PAUJobInfo_t@@V?$CUtlMemory@PAUJobInfo_t@@H@@@@QAEPAPAUJobInfo_t@@XZ 1000863e f i main.obj
 0001:0000763e       ?Base@?$CUtlVector@PAVNode@@V?$CUtlMemory@PAVNode@@H@@@@QAEPAPAVNode@@XZ 1000863e f i main.obj
 0001:0000763e       ?Base@CUtlBuffer@@QAEPAXXZ 1000863e f i nav.obj
 0001:0000764f       ?Purge@?$CUtlVector@PAVNode@@V?$CUtlMemory@PAVNode@@H@@@@QAEXXZ 1000864f f i main.obj
 0001:0000764f       ?Purge@?$CUtlVector@PAUJobInfo_t@@V?$CUtlMemory@PAUJobInfo_t@@H@@@@QAEXXZ 1000864f f i main.obj
 0001:00007670       ??0?$CUtlMemory@PAVNode@@H@@QAE@HH@Z 10008670 f i main.obj
 0001:00007670       ??0?$CUtlMemory@PAUJobInfo_t@@H@@QAE@HH@Z 10008670 f i main.obj
 0001:000076ca       ??1?$CUtlMemory@U?$UtlLinkedListElem_t@UAirSeedSpot@@H@@H@@QAE@XZ 100086ca f i nav.obj
 0001:000076ca       ??1?$CUtlMemory@EH@@QAE@XZ 100086ca f i nav.obj
 0001:000076ca       ??1?$CUtlMemory@PAVNode@@H@@QAE@XZ 100086ca f i main.obj
 0001:000076ca       ??1?$CUtlMemory@PAUJobInfo_t@@H@@QAE@XZ 100086ca f i main.obj
 0001:000076ca       ??1?$CUtlMemory@U?$UtlLinkedListElem_t@UGroundSeedSpot@@H@@H@@QAE@XZ 100086ca f i nav.obj
 0001:000076db       ??A?$CUtlMemory@PAUJobInfo_t@@H@@QAEAAPAUJobInfo_t@@H@Z 100086db f i main.obj
 0001:000076db       ??A?$CUtlMemory@PAVNode@@H@@QAEAAPAVNode@@H@Z 100086db f i main.obj
 0001:000076db       ??A?$CUtlMemory@PAVNode@@H@@QBEABQAVNode@@H@Z 100086db f i nav.obj
 0001:000076f1       ?InsertBefore@?$CUtlVector@PAUJobInfo_t@@V?$CUtlMemory@PAUJobInfo_t@@H@@@@QAEHHABQAUJobInfo_t@@@Z 100086f1 f i main.obj
 0001:000076f1       ?InsertBefore@?$CUtlVector@PAVNode@@V?$CUtlMemory@PAVNode@@H@@@@QAEHHABQAVNode@@@Z 100086f1 f i nav.obj
 0001:0000772c       ?ShiftElementsLeft@?$CUtlVector@PAVNode@@V?$CUtlMemory@PAVNode@@H@@@@IAEXHH@Z 1000872c f i nav.obj
 0001:0000772c       ?ShiftElementsLeft@?$CUtlVector@PAUJobInfo_t@@V?$CUtlMemory@PAUJobInfo_t@@H@@@@IAEXHH@Z 1000872c f i main.obj
 0001:0000777e       ?RemoveAll@?$CUtlVector@PAUJobInfo_t@@V?$CUtlMemory@PAUJobInfo_t@@H@@@@QAEXXZ 1000877e f i main.obj
 0001:0000777e       ?RemoveAll@?$CUtlVector@PAVNode@@V?$CUtlMemory@PAVNode@@H@@@@QAEXXZ 1000877e f i main.obj
 0001:000077b5       ?Purge@?$CUtlMemory@PAUJobInfo_t@@H@@QAEXXZ 100087b5 f i main.obj
 0001:000077b5       ?Purge@?$CUtlMemory@U?$UtlLinkedListElem_t@UAirSeedSpot@@H@@H@@QAEXXZ 100087b5 f i nav.obj
 0001:000077b5       ?Purge@?$CUtlMemory@PAVNode@@H@@QAEXXZ 100087b5 f i main.obj
 0001:000077b5       ?Purge@?$CUtlMemory@EH@@QAEXXZ 100087b5 f i nav.obj
 0001:000077b5       ?Purge@?$CUtlMemory@U?$UtlLinkedListElem_t@UGroundSeedSpot@@H@@H@@QAEXXZ 100087b5 f i nav.obj
 0001:000077fb       ?GrowVector@?$CUtlVector@PAUJobInfo_t@@V?$CUtlMemory@PAUJobInfo_t@@H@@@@IAEXH@Z 100087fb f i main.obj
 0001:000077fb       ?GrowVector@?$CUtlVector@PAVNode@@V?$CUtlMemory@PAVNode@@H@@@@IAEXH@Z 100087fb f i nav.obj
 0001:00007850       ?ShiftElementsRight@?$CUtlVector@PAVNode@@V?$CUtlMemory@PAVNode@@H@@@@IAEXHH@Z 10008850 f i nav.obj
 0001:00007850       ?ShiftElementsRight@?$CUtlVector@PAUJobInfo_t@@V?$CUtlMemory@PAUJobInfo_t@@H@@@@IAEXHH@Z 10008850 f i main.obj
 0001:000078a2       ??$CopyConstruct@PAVNode@@@@YAXPAPAVNode@@ABQAV0@@Z 100088a2 f i nav.obj
 0001:000078a2       ??$CopyConstruct@PAUJobInfo_t@@@@YAXPAPAUJobInfo_t@@ABQAU0@@Z 100088a2 f i main.obj
 0001:000078d4       ?IsExternallyAllocated@?$CUtlMemory@U?$UtlLinkedListElem_t@UGroundSeedSpot@@H@@H@@QBE_NXZ 100088d4 f i nav.obj
 0001:000078d4       ?IsExternallyAllocated@?$CUtlMemory@U?$UtlLinkedListElem_t@UAirSeedSpot@@H@@H@@QBE_NXZ 100088d4 f i nav.obj
 0001:000078d4       ?IsExternallyAllocated@?$CUtlMemory@EH@@QBE_NXZ 100088d4 f i nav.obj
 0001:000078d4       ?IsExternallyAllocated@?$CUtlMemory@PAVNode@@H@@QBE_NXZ 100088d4 f i main.obj
 0001:000078d4       ?IsExternallyAllocated@?$CUtlMemory@PAUJobInfo_t@@H@@QBE_NXZ 100088d4 f i main.obj
 0001:000078f7       ?Grow@?$CUtlMemory@PAUJobInfo_t@@H@@QAEXH@Z 100088f7 f i main.obj
 0001:000078f7       ?Grow@?$CUtlMemory@PAVNode@@H@@QAEXH@Z 100088f7 f i nav.obj
 0001:000079f1       _fabsf                     100089f1 f i nav.obj
 0001:00007a10       _sqrtf                     10008a10 f i nav.obj
 0001:00007a2c       ?abs@@YAMM@Z               10008a2c f i nav.obj
 0001:00007a2c       ?fabs@@YAMM@Z              10008a2c f i nav.obj
 0001:00007a42       ?pow@@YAMMH@Z              10008a42 f i nav.obj
 0001:00007a5c       ?sqrt@@YAMM@Z              10008a5c f i nav.obj
 0001:00007a72       ?V_memcpy@@YAXPAXPBXH@Z    10008a72 f i nav.obj
 0001:00007a88       ?ThreadInterlockedIncrement@@YAJPCJ@Z 10008a88 f i nav.obj
 0001:00007a9a       ?ThreadInterlockedDecrement@@YAJPCJ@Z 10008a9a f i nav.obj
 0001:00007aac       ?LengthSqr@Vector@@QBEMXZ  10008aac f i nav.obj
 0001:00007af4       ?IsZero@Vector@@QBE_NM@Z   10008af4 f i nav.obj
 0001:00007b83       ?VectorClear@@YAXAAVVector@@@Z 10008b83 f i nav.obj
 0001:00007bb7       ?VectorCopy@@YAXABVVector@@AAV1@@Z 10008bb7 f i nav.obj
 0001:00007bde       ?VectorAdd@@YAXABVVector@@0AAV1@@Z 10008bde f i nav.obj
 0001:00007c28       ?VectorMultiply@@YAXABVVector@@MAAV1@@Z 10008c28 f i nav.obj
 0001:00007c6a       ??HVector@@QBE?AV0@ABV0@@Z 10008c6a f i nav.obj
 0001:00007ca1       ??GVector@@QBE?AV0@ABV0@@Z 10008ca1 f i nav.obj
 0001:00007cd8       ??DVector@@QBE?AV0@M@Z     10008cd8 f i nav.obj
 0001:00007d17       ??0CBaseTrace@@QAE@XZ      10008d17 f i nav.obj
 0001:00007d41       ?Init@Ray_t@@QAEXABVVector@@0@Z 10008d41 f i nav.obj
 0001:00007dc7       ??0CGameTrace@@QAE@XZ      10008dc7 f i nav.obj
 0001:00007ddb       ?DidHit@CGameTrace@@QBE_NXZ 10008ddb f i nav.obj
 0001:00007e1c       ?IsSwappingBytes@CByteswap@@QAE_NXZ 10008e1c f i nav.obj
 0001:00007e2d       ?PeekGet@CUtlBuffer@@QBEPBXH@Z 10008e2d f i nav.obj
 0001:00007e50       ??$GetTypeBin@M@CUtlBuffer@@IAEXAAM@Z 10008e50 f i nav.obj
 0001:00007f33       ?GetInt@CUtlBuffer@@QAEHXZ 10008f33 f i nav.obj
 0001:00007f51       ?GetFloat@CUtlBuffer@@QAEMXZ 10008f51 f i nav.obj
 0001:00007f6f       ?PeekPut@CUtlBuffer@@QAEPAXH@Z 10008f6f f i nav.obj
 0001:00007f92       ?PutInt@CUtlBuffer@@QAEXH@Z 10008f92 f i nav.obj
 0001:00007fad       ?PutFloat@CUtlBuffer@@QAEXM@Z 10008fad f i nav.obj
 0001:00007fd0       ?IsText@CUtlBuffer@@QBE_NXZ 10008fd0 f i nav.obj
 0001:00007ff6       ?Increment@CRefMT@@SAHPAH@Z 10008ff6 f i nav.obj
 0001:00008004       ?Decrement@CRefMT@@SAHPAH@Z 10009004 f i nav.obj
 0001:00008012       ??0CFunctor@@QAE@XZ        10009012 f i nav.obj
 0001:0000802f       ??0IRefCounted@@QAE@XZ     1000902f f i nav.obj
 0001:00008044       ?ShouldHitEntity@CTraceFilterWorldAndPropsOnly@@UAE_NPAVIHandleEntity@@H@Z 10009044 f i nav.obj
 0001:00008051       ?GetTraceType@CTraceFilterWorldAndPropsOnly@@UBE?AW4TraceType_t@@XZ 10009051 f i nav.obj
 0001:0000805c       ?UTIL_TraceLine_GMOD@@YAXABVVector@@0IPAVCGameTrace@@@Z 1000905c f i nav.obj
 0001:000080d3       ??0Ray_t@@QAE@XZ           100090d3 f i nav.obj
 0001:00008108       ??0CTraceFilterWorldAndPropsOnly@@QAE@XZ 10009108 f i nav.obj
 0001:00008125       ??0ITraceFilter@@QAE@XZ    10009125 f i nav.obj
 0001:0000813a       ??0Nav@@QAE@PAVIThreadPool@@PAVIFileSystem@@H@Z 1000913a f   nav.obj
 0001:00008309       ?OppositeDirection@Nav@@SA?AW4NavDirType@@W42@@Z 10009309 f   nav.obj
 0001:000083a5       ?SetGridSize@Nav@@QAEXH@Z  100093a5 f   nav.obj
 0001:000083fd       ?GetNode@Nav@@QAEPAVNode@@ABVVector@@@Z 100093fd f   nav.obj
 0001:000084db       ?GetNodeByID@Nav@@QAEPAVNode@@H@Z 100094db f   nav.obj
 0001:0000850f       ?AddNode@Nav@@QAEPAVNode@@ABVVector@@0W4NavDirType@@PAV2@@Z 1000950f f   nav.obj
 0001:000086b9       ?RemoveNode@Nav@@QAEXPAVNode@@@Z 100096b9 f   nav.obj
 0001:0000874e       ?GetGridSize@Nav@@QAEHXZ   1000974e f   nav.obj
 0001:0000875d       ?IsGenerated@Nav@@QAE_NXZ  1000975d f   nav.obj
 0001:0000876b       ?SnapToGrid@Nav@@QAE?AVVector@@ABV2@_N1@Z 1000976b f   nav.obj
 0001:000087f3       ?Round@Nav@@QAEMMM@Z       100097f3 f   nav.obj
 0001:0000886d       ?GetGroundHeight@Nav@@QAE_NABVVector@@PAMPAV2@@Z 1000986d f   nav.obj
 0001:00008b73       ??0GroundLayerInfo@?1??GetGroundHeight@Nav@@QAE_NABVVector@@PAMPAV3@@Z@QAE@XZ 10009b73 f i nav.obj
 0001:00008b8a       ?GenerateQueue@Nav@@QAEPAVCJob@@PAUJobInfo_t@@@Z 10009b8a f   nav.obj
 0001:00008d03       ?FullGeneration@Nav@@QAEXPA_N@Z 10009d03 f   nav.obj
 0001:00008df1       ?ResetGeneration@Nav@@QAEXXZ 10009df1 f   nav.obj
 0001:00008e34       ?SetupMaxDistance@Nav@@QAEXABVVector@@H@Z 10009e34 f   nav.obj
 0001:00008e56       ?AddGroundSeed@Nav@@QAEXABVVector@@0@Z 10009e56 f   nav.obj
 0001:00008ea4       ??0AirSeedSpot@@QAE@XZ     10009ea4 f i nav.obj
 0001:00008ea4       ??0GroundSeedSpot@@QAE@XZ  10009ea4 f i nav.obj
 0001:00008ec3       ?AddAirSeed@Nav@@QAEXABVVector@@@Z 10009ec3 f   nav.obj
 0001:00008f06       ?ClearGroundSeeds@Nav@@QAEXXZ 10009f06 f   nav.obj
 0001:00008f1d       ?ClearAirSeeds@Nav@@QAEXXZ 10009f1d f   nav.obj
 0001:00008f34       ?GetNextGroundSeedNode@Nav@@QAEPAVNode@@XZ 10009f34 f   nav.obj
 0001:000092ac       ?GetNextAirSeedNode@Nav@@QAEPAVNode@@XZ 1000a2ac f   nav.obj
 0001:0000940f       ?SampleStep@Nav@@QAE_NXZ   1000a40f f   nav.obj
 0001:00009ffa       ?Save@Nav@@QAE_NPBD@Z      1000affa f   nav.obj
 0001:0000a26e       ??1CUtlBuffer@@QAE@XZ      1000b26e f i nav.obj
 0001:0000a27f       ?Load@Nav@@QAE_NPBD@Z      1000b27f f   nav.obj
 0001:0000a4b8       ?GetNodes@Nav@@QAEAAV?$CUtlVector@PAVNode@@V?$CUtlMemory@PAVNode@@H@@@@XZ 1000b4b8 f   nav.obj
 0001:0000a4c7       ?GetClosestNode@Nav@@QAEPAVNode@@ABVVector@@@Z 1000b4c7 f   nav.obj
 0001:0000a551       ?Reset@Nav@@QAEXXZ         1000b551 f   nav.obj
 0001:0000a5be       ?AddOpenedNode@Nav@@QAEXPAVNode@@@Z 1000b5be f   nav.obj
 0001:0000a5e5       ?AddClosedNode@Nav@@QAEXPAVNode@@@Z 1000b5e5 f   nav.obj
 0001:0000a624       ?HeuristicDistance@Nav@@QAEMPBVVector@@0@Z 1000b624 f   nav.obj
 0001:0000a66b       ?ManhattanDistance@Nav@@QAEMPBVVector@@0@Z 1000b66b f   nav.obj
 0001:0000a6fe       ?EuclideanDistance@Nav@@QAEMPBVVector@@0@Z 1000b6fe f   nav.obj
 0001:0000a79e       ?FindLowestF@Nav@@QAEPAVNode@@XZ 1000b79e f   nav.obj
 0001:0000a82e       ?FindPathQueue@Nav@@QAEPAVCJob@@PAUJobInfo_t@@@Z 1000b82e f   nav.obj
 0001:0000a862       ?ExecuteFindPath@Nav@@QAEXPAUJobInfo_t@@PAVNode@@1@Z 1000b862 f   nav.obj
 0001:0000aa96       ?GetMask@Nav@@QAEHXZ       1000ba96 f   nav.obj
 0001:0000aaa5       ?SetMask@Nav@@QAEXH@Z      1000baa5 f   nav.obj
 0001:0000aab9       ?GetDiagonal@Nav@@QAE_NXZ  1000bab9 f   nav.obj
 0001:0000aac8       ?SetDiagonal@Nav@@QAEX_N@Z 1000bac8 f   nav.obj
 0001:0000aafd       ?GetHeuristic@Nav@@QAEHXZ  1000bafd f   nav.obj
 0001:0000ab0f       ?GetStart@Nav@@QAEPAVNode@@XZ 1000bb0f f   nav.obj
 0001:0000ab21       ?GetEnd@Nav@@QAEPAVNode@@XZ 1000bb21 f   nav.obj
 0001:0000ab33       ?SetHeuristic@Nav@@QAEXH@Z 1000bb33 f   nav.obj
 0001:0000ab4a       ?SetStart@Nav@@QAEXPAVNode@@@Z 1000bb4a f   nav.obj
 0001:0000ab61       ?SetEnd@Nav@@QAEXPAVNode@@@Z 1000bb61 f   nav.obj
 0001:0000ab78       ??1?$CRefCounted1@VCFunctor@@V?$CRefCountServiceBase@$00VCRefMT@@@@@@UAE@XZ 1000bb78 f i nav.obj
 0001:0000ab8c       ?AddRef@?$CRefCounted1@VCFunctor@@V?$CRefCountServiceBase@$00VCRefMT@@@@@@UAEHXZ 1000bb8c f i nav.obj
 0001:0000aba0       ?Release@?$CRefCounted1@VCFunctor@@V?$CRefCountServiceBase@$00VCRefMT@@@@@@UAEHXZ 1000bba0 f i nav.obj
 0001:0000abb4       ??0?$CRefCountServiceBase@$00VCRefMT@@@@IAE@XZ 1000bbb4 f i nav.obj
 0001:0000abca       ?OnFinalRelease@?$CRefCountServiceBase@$00VCRefMT@@@@MAE_NXZ 1000bbca f i nav.obj
 0001:0000abd5       ?DoAddRef@?$CRefCountServiceBase@$00VCRefMT@@@@IAEHXZ 1000bbd5 f i nav.obj
 0001:0000abeb       ?DoRelease@?$CRefCountServiceBase@$00VCRefMT@@@@IAEHXZ 1000bbeb f i nav.obj
 0001:0000ac51       ??$_Pow_int@M@@YAMMH@Z     1000bc51 f i nav.obj
 0001:0000acd9       ??A?$CUtlMemory@EH@@QAEAAEH@Z 1000bcd9 f i nav.obj
 0001:0000acd9       ??A?$CUtlMemory@EH@@QBEABEH@Z 1000bcd9 f i nav.obj
 0001:0000acec       ?IsValidIndex@?$CUtlVector@PAVNode@@V?$CUtlMemory@PAVNode@@H@@@@QBE_NH@Z 1000bcec f i nav.obj
 0001:0000ad19       ?AddToHead@?$CUtlVector@PAVNode@@V?$CUtlMemory@PAVNode@@H@@@@QAEHABQAVNode@@@Z 1000bd19 f i nav.obj
 0001:0000ad31       ?EnsureCapacity@?$CUtlVector@PAVNode@@V?$CUtlMemory@PAVNode@@H@@@@QAEXH@Z 1000bd31 f i nav.obj
 0001:0000ad4f       ?FindAndRemove@?$CUtlVector@PAVNode@@V?$CUtlMemory@PAVNode@@H@@@@QAE_NABQAVNode@@@Z 1000bd4f f i nav.obj
 0001:0000ad80       ??$SwapBufferToTargetEndian@M@CByteswap@@QAEXPAM0H@Z 1000bd80 f i nav.obj
 0001:0000ae05       ??$GetType@H@CUtlBuffer@@IAEXAAHPBD@Z 1000be05 f i nav.obj
 0001:0000ae43       ??$GetType@M@CUtlBuffer@@IAEXAAMPBD@Z 1000be43 f i nav.obj
 0001:0000ae8a       ??$PutType@H@CUtlBuffer@@IAEXHPBD@Z 1000be8a f i nav.obj
 0001:0000aec2       ??$PutType@M@CUtlBuffer@@IAEXMPBD@Z 1000bec2 f i nav.obj
 0001:0000af0b       ??0?$CUtlLinkedList@UAirSeedSpot@@H$0A@HV?$CUtlMemory@U?$UtlLinkedListElem_t@UAirSeedSpot@@H@@H@@@@QAE@HH@Z 1000bf0b f i nav.obj
 0001:0000af0b       ??0?$CUtlLinkedList@UGroundSeedSpot@@H$0A@HV?$CUtlMemory@U?$UtlLinkedListElem_t@UGroundSeedSpot@@H@@H@@@@QAE@HH@Z 1000bf0b f i nav.obj
 0001:0000af78       ??1?$CUtlLinkedList@UAirSeedSpot@@H$0A@HV?$CUtlMemory@U?$UtlLinkedListElem_t@UAirSeedSpot@@H@@H@@@@QAE@XZ 1000bf78 f i nav.obj
 0001:0000af78       ??1?$CUtlLinkedList@UGroundSeedSpot@@H$0A@HV?$CUtlMemory@U?$UtlLinkedListElem_t@UGroundSeedSpot@@H@@H@@@@QAE@XZ 1000bf78 f i nav.obj
 0001:0000afc3       ?InternalElement@?$CUtlLinkedList@UAirSeedSpot@@H$0A@HV?$CUtlMemory@U?$UtlLinkedListElem_t@UAirSeedSpot@@H@@H@@@@IBEABU?$UtlLinkedListElem_t@UAirSeedSpot@@H@@H@Z 1000bfc3 f i nav.obj
 0001:0000afc3       ?Element@?$CUtlLinkedList@UGroundSeedSpot@@H$0A@HV?$CUtlMemory@U?$UtlLinkedListElem_t@UGroundSeedSpot@@H@@H@@@@QAEAAUGroundSeedSpot@@H@Z 1000bfc3 f i nav.obj
 0001:0000afc3       ?InternalElement@?$CUtlLinkedList@UAirSeedSpot@@H$0A@HV?$CUtlMemory@U?$UtlLinkedListElem_t@UAirSeedSpot@@H@@H@@@@IAEAAU?$UtlLinkedListElem_t@UAirSeedSpot@@H@@H@Z 1000bfc3 f i nav.obj
 0001:0000afc3       ?Element@?$CUtlLinkedList@UAirSeedSpot@@H$0A@HV?$CUtlMemory@U?$UtlLinkedListElem_t@UAirSeedSpot@@H@@H@@@@QAEAAUAirSeedSpot@@H@Z 1000bfc3 f i nav.obj
 0001:0000afc3       ?InternalElement@?$CUtlLinkedList@UGroundSeedSpot@@H$0A@HV?$CUtlMemory@U?$UtlLinkedListElem_t@UGroundSeedSpot@@H@@H@@@@IAEAAU?$UtlLinkedListElem_t@UGroundSeedSpot@@H@@H@Z 1000bfc3 f i nav.obj
 0001:0000afc3       ?InternalElement@?$CUtlLinkedList@UGroundSeedSpot@@H$0A@HV?$CUtlMemory@U?$UtlLinkedListElem_t@UGroundSeedSpot@@H@@H@@@@IBEABU?$UtlLinkedListElem_t@UGroundSeedSpot@@H@@H@Z 1000bfc3 f i nav.obj
 0001:0000afd9       ?EnsureCapacity@?$CUtlLinkedList@UGroundSeedSpot@@H$0A@HV?$CUtlMemory@U?$UtlLinkedListElem_t@UGroundSeedSpot@@H@@H@@@@QAEXH@Z 1000bfd9 f i nav.obj
 0001:0000afd9       ?EnsureCapacity@?$CUtlLinkedList@UAirSeedSpot@@H$0A@HV?$CUtlMemory@U?$UtlLinkedListElem_t@UAirSeedSpot@@H@@H@@@@QAEXH@Z 1000bfd9 f i nav.obj
 0001:0000aff7       ?AddToTail@?$CUtlLinkedList@UGroundSeedSpot@@H$0A@HV?$CUtlMemory@U?$UtlLinkedListElem_t@UGroundSeedSpot@@H@@H@@@@QAEHABUGroundSeedSpot@@@Z 1000bff7 f i nav.obj
 0001:0000b013       ?RemoveAll@?$CUtlLinkedList@UAirSeedSpot@@H$0A@HV?$CUtlMemory@U?$UtlLinkedListElem_t@UAirSeedSpot@@H@@H@@@@QAEXXZ 1000c013 f i nav.obj
 0001:0000b013       ?RemoveAll@?$CUtlLinkedList@UGroundSeedSpot@@H$0A@HV?$CUtlMemory@U?$UtlLinkedListElem_t@UGroundSeedSpot@@H@@H@@@@QAEXXZ 1000c013 f i nav.obj
 0001:0000b1b1       ?Next@?$CUtlLinkedList@UAirSeedSpot@@H$0A@HV?$CUtlMemory@U?$UtlLinkedListElem_t@UAirSeedSpot@@H@@H@@@@QBEHH@Z 1000c1b1 f i nav.obj
 0001:0000b1b1       ?Next@?$CUtlLinkedList@UGroundSeedSpot@@H$0A@HV?$CUtlMemory@U?$UtlLinkedListElem_t@UGroundSeedSpot@@H@@H@@@@QBEHH@Z 1000c1b1 f i nav.obj
 0001:0000b1ca       ?IsValidIndex@?$CUtlLinkedList@UGroundSeedSpot@@H$0A@HV?$CUtlMemory@U?$UtlLinkedListElem_t@UGroundSeedSpot@@H@@H@@@@QBE_NH@Z 1000c1ca f i nav.obj
 0001:0000b1ca       ?IsValidIndex@?$CUtlLinkedList@UAirSeedSpot@@H$0A@HV?$CUtlMemory@U?$UtlLinkedListElem_t@UAirSeedSpot@@H@@H@@@@QBE_NH@Z 1000c1ca f i nav.obj
 0001:0000b23f       ?AddToTail@?$CUtlLinkedList@UAirSeedSpot@@H$0A@HV?$CUtlMemory@U?$UtlLinkedListElem_t@UAirSeedSpot@@H@@H@@@@QAEHABUAirSeedSpot@@@Z 1000c23f f i nav.obj
 0001:0000b25b       ??$QueueCall@VNav@@V1@XPA_NPA_N@IThreadPool@@QAEPAVCJob@@PAVNav@@P82@AEXPA_N@ZABQA_N@Z 1000c25b f i nav.obj
 0001:0000b28f       ??$QueueCall@VNav@@V1@XPAUJobInfo_t@@PAVNode@@PAV3@PAU2@PAV3@PAV3@@IThreadPool@@QAEPAVCJob@@PAVNav@@P82@AEXPAUJobInfo_t@@PAVNode@@2@ZABQAU3@ABQAV4@5@Z 1000c28f f i nav.obj
 0001:0000b2c9       ?InvalidIndex@?$CUtlLinkedList@UGroundSeedSpot@@H$0A@HV?$CUtlMemory@U?$UtlLinkedListElem_t@UGroundSeedSpot@@H@@H@@@@SAHXZ 1000c2c9 f i nav.obj
 0001:0000b2c9       ?InvalidIndex@?$CUtlLinkedList@UAirSeedSpot@@H$0A@HV?$CUtlMemory@U?$UtlLinkedListElem_t@UAirSeedSpot@@H@@H@@@@SAHXZ 1000c2c9 f i nav.obj
 0001:0000b2d3       ?ResetDbgInfo@?$CUtlLinkedList@UAirSeedSpot@@H$0A@HV?$CUtlMemory@U?$UtlLinkedListElem_t@UAirSeedSpot@@H@@H@@@@IAEXXZ 1000c2d3 f i nav.obj
 0001:0000b2d3       ?ResetDbgInfo@?$CUtlLinkedList@UGroundSeedSpot@@H$0A@HV?$CUtlMemory@U?$UtlLinkedListElem_t@UGroundSeedSpot@@H@@H@@@@IAEXXZ 1000c2d3 f i nav.obj
 0001:0000b2ea       ?First@?$CUtlMemory@U?$UtlLinkedListElem_t@UAirSeedSpot@@H@@H@@QBE?AVIterator_t@1@XZ 1000c2ea f i nav.obj
 0001:0000b2ea       ?First@?$CUtlMemory@U?$UtlLinkedListElem_t@UGroundSeedSpot@@H@@H@@QBE?AVIterator_t@1@XZ 1000c2ea f i nav.obj
 0001:0000b323       ?Next@?$CUtlMemory@U?$UtlLinkedListElem_t@UAirSeedSpot@@H@@H@@QBE?AVIterator_t@1@ABV21@@Z 1000c323 f i nav.obj
 0001:0000b323       ?Next@?$CUtlMemory@U?$UtlLinkedListElem_t@UGroundSeedSpot@@H@@H@@QBE?AVIterator_t@1@ABV21@@Z 1000c323 f i nav.obj
 0001:0000b366       ?GetIndex@?$CUtlMemory@U?$UtlLinkedListElem_t@UAirSeedSpot@@H@@H@@QBEHABVIterator_t@1@@Z 1000c366 f i nav.obj
 0001:0000b366       ?GetIndex@?$CUtlMemory@U?$UtlLinkedListElem_t@UGroundSeedSpot@@H@@H@@QBEHABVIterator_t@1@@Z 1000c366 f i nav.obj
 0001:0000b376       ?IsIdxAfter@?$CUtlMemory@U?$UtlLinkedListElem_t@UAirSeedSpot@@H@@H@@QBE_NHABVIterator_t@1@@Z 1000c376 f i nav.obj
 0001:0000b376       ?IsIdxAfter@?$CUtlMemory@U?$UtlLinkedListElem_t@UGroundSeedSpot@@H@@H@@QBE_NHABVIterator_t@1@@Z 1000c376 f i nav.obj
 0001:0000b39c       ?InvalidIterator@?$CUtlMemory@U?$UtlLinkedListElem_t@UAirSeedSpot@@H@@H@@QBE?AVIterator_t@1@XZ 1000c39c f i nav.obj
 0001:0000b39c       ?InvalidIterator@?$CUtlMemory@U?$UtlLinkedListElem_t@UGroundSeedSpot@@H@@H@@QBE?AVIterator_t@1@XZ 1000c39c f i nav.obj
 0001:0000b3b8       ??8Iterator_t@?$CUtlMemory@U?$UtlLinkedListElem_t@UAirSeedSpot@@H@@H@@QBE_NV01@@Z 1000c3b8 f i nav.obj
 0001:0000b3b8       ??8Iterator_t@?$CUtlMemory@U?$UtlLinkedListElem_t@UGroundSeedSpot@@H@@H@@QBE_NV01@@Z 1000c3b8 f i nav.obj
 0001:0000b3de       ??9Iterator_t@?$CUtlMemory@U?$UtlLinkedListElem_t@UGroundSeedSpot@@H@@H@@QBE_NV01@@Z 1000c3de f i nav.obj
 0001:0000b3de       ??9Iterator_t@?$CUtlMemory@U?$UtlLinkedListElem_t@UAirSeedSpot@@H@@H@@QBE_NV01@@Z 1000c3de f i nav.obj
 0001:0000b404       ??0?$CRefCounted1@VCFunctor@@V?$CRefCountServiceBase@$00VCRefMT@@@@@@QAE@XZ 1000c404 f i nav.obj
 0001:0000b423       ?InvalidIndex@?$CUtlMemory@U?$UtlLinkedListElem_t@UGroundSeedSpot@@H@@H@@SAHXZ 1000c423 f i nav.obj
 0001:0000b423       ?InvalidIndex@?$CUtlMemory@U?$UtlLinkedListElem_t@UAirSeedSpot@@H@@H@@SAHXZ 1000c423 f i nav.obj
 0001:0000b42b       ?Find@?$CUtlVector@PAVNode@@V?$CUtlMemory@PAVNode@@H@@@@QBEHABQAVNode@@@Z 1000c42b f i nav.obj
 0001:0000b46f       ?EnsureCapacity@?$CUtlMemory@PAVNode@@H@@QAEXH@Z 1000c46f f i nav.obj
 0001:0000b4f6       ??$LowLevelByteSwap@M@CByteswap@@CAXPAM0@Z 1000c4f6 f i nav.obj
 0001:0000b545       ??$GetTypeBin@H@CUtlBuffer@@IAEXAAH@Z 1000c545 f i nav.obj
 0001:0000b5bc       ??$PutTypeBin@H@CUtlBuffer@@IAEXH@Z 1000c5bc f i nav.obj
 0001:0000b632       ??$PutTypeBin@M@CUtlBuffer@@IAEXM@Z 1000c632 f i nav.obj
 0001:0000b6ac       ?InsertBefore@?$CUtlLinkedList@UGroundSeedSpot@@H$0A@HV?$CUtlMemory@U?$UtlLinkedListElem_t@UGroundSeedSpot@@H@@H@@@@QAEHHABUGroundSeedSpot@@@Z 1000c6ac f i nav.obj
 0001:0000b6ec       ?ConstructList@?$CUtlLinkedList@UGroundSeedSpot@@H$0A@HV?$CUtlMemory@U?$UtlLinkedListElem_t@UGroundSeedSpot@@H@@H@@@@IAEXXZ 1000c6ec f i nav.obj
 0001:0000b6ec       ?ConstructList@?$CUtlLinkedList@UAirSeedSpot@@H$0A@HV?$CUtlMemory@U?$UtlLinkedListElem_t@UAirSeedSpot@@H@@H@@@@IAEXXZ 1000c6ec f i nav.obj
 0001:0000b71d       ??0?$CUtlMemory@U?$UtlLinkedListElem_t@UGroundSeedSpot@@H@@H@@QAE@HH@Z 1000c71d f i nav.obj
 0001:0000b71d       ??0?$CUtlMemory@U?$UtlLinkedListElem_t@UAirSeedSpot@@H@@H@@QAE@HH@Z 1000c71d f i nav.obj
 0001:0000b777       ??A?$CUtlMemory@U?$UtlLinkedListElem_t@UAirSeedSpot@@H@@H@@QBEABU?$UtlLinkedListElem_t@UAirSeedSpot@@H@@H@Z 1000c777 f i nav.obj
 0001:0000b777       ??A?$CUtlMemory@U?$UtlLinkedListElem_t@UAirSeedSpot@@H@@H@@QAEAAU?$UtlLinkedListElem_t@UAirSeedSpot@@H@@H@Z 1000c777 f i nav.obj
[...]
 0002:0000e7fc       __unwindtable$?CreateInterface@ILuaModuleManager@@QAEXPAUlua_State@@@Z 1002f7fc     * CIL library *:* CIL module *
 0002:0000e804       __ehfuncinfo$?_Copy@?$basic_string@DU?$char_traits@D@std@@V?$allocator@D@2@@std@@QAEXII@Z 1002f804     * CIL library *:* CIL module *
 0002:0000e828       __unwindtable$?_Copy@?$basic_string@DU?$char_traits@D@std@@V?$allocator@D@2@@std@@QAEXII@Z 1002f828     * CIL library *:* CIL module *
 0002:0000e848       __tryblocktable$?_Copy@?$basic_string@DU?$char_traits@D@std@@V?$allocator@D@2@@std@@QAEXII@Z 1002f848     * CIL library *:* CIL module *
 0002:0000e870       __catchsym$?_Copy@?$basic_string@DU?$char_traits@D@std@@V?$allocator@D@2@@std@@QAEXII@Z$4 1002f870     * CIL library *:* CIL module *
 0002:0000e880       __catchsym$?_Copy@?$basic_string@DU?$char_traits@D@std@@V?$allocator@D@2@@std@@QAEXII@Z$5 1002f880     * CIL library *:* CIL module *
 0002:0000e890       __ehfuncinfo$?GetGlobal@ILuaInterface@@QAEPAVILuaObject@@PBD@Z 1002f890     * CIL library *:* CIL module *
 0002:0000e890       __ehfuncinfo$?GetMember@ILuaObject@@QAEPAV1@PBD@Z 1002f890     * CIL library *:* CIL module *
 0002:0000e8b4       __unwindtable$?GetMember@ILuaObject@@QAEPAV1@PBD@Z 1002f8b4     * CIL library *:* CIL module *
 0002:0000e8b4       __unwindtable$?GetGlobal@ILuaInterface@@QAEPAVILuaObject@@PBD@Z 1002f8b4     * CIL library *:* CIL module *
 0002:0000e8bc       __ehfuncinfo$?Nav_FindPathHull@@YAHPAUlua_State@@@Z 1002f8bc     * CIL library *:* CIL module *
 0002:0000e8bc       __ehfuncinfo$?Nav_FindPath@@YAHPAUlua_State@@@Z 1002f8bc     * CIL library *:* CIL module *
 0002:0000e8e0       __unwindtable$?Nav_FindPath@@YAHPAUlua_State@@@Z 1002f8e0     * CIL library *:* CIL module *
 0002:0000e8e0       __unwindtable$?Nav_FindPathHull@@YAHPAUlua_State@@@Z 1002f8e0     * CIL library *:* CIL module *
 0002:0000e8e8       __ehfuncinfo$?Nav_Generate@@YAHPAUlua_State@@@Z 1002f8e8     * CIL library *:* CIL module *
 0002:0000e90c       __unwindtable$?Nav_Generate@@YAHPAUlua_State@@@Z 1002f90c     * CIL library *:* CIL module *
 0002:0000e914       __ehfuncinfo$??$CreateFunctor@PAVNav@@V1@XPA_NPA_N@@YAPAVCFunctor@@PAVNav@@P81@AEXPA_N@ZABQA_N@Z 1002f914     * CIL library *:* CIL module *
 0002:0000e914       __ehfuncinfo$??__Emodulemanager@@YAXXZ 1002f914     * CIL library *:* CIL module *
 0002:0000e914       __ehfuncinfo$?nav_Create@@YAHPAUlua_State@@@Z 1002f914     * CIL library *:* CIL module *
 0002:0000e914       __ehfuncinfo$??$CreateFunctor@PAVNav@@V1@XPAUJobInfo_t@@PAVNode@@PAV3@PAU2@PAV3@PAV3@@@YAPAVCFunctor@@PAVNav@@P81@AEXPAUJobInfo_t@@PAVNode@@2@ZABQAU2@ABQAV3@5@Z 1002f914     * CIL library *:* CIL module *
 0002:0000e938       __unwindtable$?nav_Create@@YAHPAUlua_State@@@Z 1002f938     * CIL library *:* CIL module *
 0002:0000e938       __unwindtable$??__Emodulemanager@@YAXXZ 1002f938     * CIL library *:* CIL module *
 0002:0000e938       __unwindtable$??$CreateFunctor@PAVNav@@V1@XPAUJobInfo_t@@PAVNode@@PAV3@PAU2@PAV3@PAV3@@@YAPAVCFunctor@@PAVNav@@P81@AEXPAUJobInfo_t@@PAVNode@@2@ZABQAU2@ABQAV3@5@Z 1002f938     * CIL library *:* CIL module *
 0002:0000e938       __unwindtable$??$CreateFunctor@PAVNav@@V1@XPA_NPA_N@@YAPAVCFunctor@@PAVNav@@P81@AEXPA_N@ZABQA_N@Z 1002f938     * CIL library *:* CIL module *
 0002:0000e940       __ehfuncinfo$??0?$CMemberFunctor1@PAVNav@@P81@AEXPA_N@ZPA_NV?$CRefCounted1@VCFunctor@@V?$CRefCountServiceBase@$00VCRefMT@@@@@@VCFuncMemPolicyNone@@@@QAE@PAVNav@@P81@AEXPA_N@ZABQA_N@Z 1002f940     * CIL library *:* CIL module *
 0002:0000e940       __ehfuncinfo$??1?$CMemberFunctor3@PAVNav@@P81@AEXPAUJobInfo_t@@PAVNode@@1@ZPAU2@PAV3@PAV3@V?$CRefCounted1@VCFunctor@@V?$CRefCountServiceBase@$00VCRefMT@@@@@@VCFuncMemPolicyNone@@@@UAE@XZ 1002f940     * CIL library *:* CIL module *
 0002:0000e940       __ehfuncinfo$??0?$CMemberFunctor3@PAVNav@@P81@AEXPAUJobInfo_t@@PAVNode@@1@ZPAU2@PAV3@PAV3@V?$CRefCounted1@VCFunctor@@V?$CRefCountServiceBase@$00VCRefMT@@@@@@VCFuncMemPolicyNone@@@@QAE@PAVNav@@P81@AEXPAUJobInfo_t@@PAVNode@@2@ZABQAU2@ABQAV3@5@Z 1002f940     * CIL library *:* CIL module *
 0002:0000e940       __ehfuncinfo$??1?$CMemberFunctor1@PAVNav@@P81@AEXPA_N@ZPA_NV?$CRefCounted1@VCFunctor@@V?$CRefCountServiceBase@$00VCRefMT@@@@@@VCFuncMemPolicyNone@@@@UAE@XZ 1002f940     * CIL library *:* CIL module *
 0002:0000e964       __unwindtable$??0?$CMemberFunctor3@PAVNav@@P81@AEXPAUJobInfo_t@@PAVNode@@1@ZPAU2@PAV3@PAV3@V?$CRefCounted1@VCFunctor@@V?$CRefCountServiceBase@$00VCRefMT@@@@@@VCFuncMemPolicyNone@@@@QAE@PAVNav@@P81@AEXPAUJobInfo_t@@PAVNode@@2@ZABQAU2@ABQAV3@5@Z 1002f964     * CIL library *:* CIL module *
 0002:0000e964       __unwindtable$??1?$CMemberFunctor3@PAVNav@@P81@AEXPAUJobInfo_t@@PAVNode@@1@ZPAU2@PAV3@PAV3@V?$CRefCounted1@VCFunctor@@V?$CRefCountServiceBase@$00VCRefMT@@@@@@VCFuncMemPolicyNone@@@@UAE@XZ 1002f964     * CIL library *:* CIL module *
 0002:0000e964       __unwindtable$??0?$CMemberFunctor1@PAVNav@@P81@AEXPA_N@ZPA_NV?$CRefCounted1@VCFunctor@@V?$CRefCountServiceBase@$00VCRefMT@@@@@@VCFuncMemPolicyNone@@@@QAE@PAVNav@@P81@AEXPA_N@ZABQA_N@Z 1002f964     * CIL library *:* CIL module *
 0002:0000e964       __unwindtable$??1?$CMemberFunctor1@PAVNav@@P81@AEXPA_N@ZPA_NV?$CRefCounted1@VCFunctor@@V?$CRefCountServiceBase@$00VCRefMT@@@@@@VCFuncMemPolicyNone@@@@UAE@XZ 1002f964     * CIL library *:* CIL module *
 0002:0000e96c       __ehfuncinfo$??0?$CUtlLinkedList@UGroundSeedSpot@@H$0A@HV?$CUtlMemory@U?$UtlLinkedListElem_t@UGroundSeedSpot@@H@@H@@@@QAE@HH@Z 1002f96c     * CIL library *:* CIL module *
 0002:0000e96c       __ehfuncinfo$??1?$CUtlLinkedList@UAirSeedSpot@@H$0A@HV?$CUtlMemory@U?$UtlLinkedListElem_t@UAirSeedSpot@@H@@H@@@@QAE@XZ 1002f96c     * CIL library *:* CIL module *
 0002:0000e96c       __ehfuncinfo$??0?$CUtlLinkedList@UAirSeedSpot@@H$0A@HV?$CUtlMemory@U?$UtlLinkedListElem_t@UAirSeedSpot@@H@@H@@@@QAE@HH@Z 1002f96c     * CIL library *:* CIL module *
 0002:0000e96c       __ehfuncinfo$??1?$CUtlLinkedList@UGroundSeedSpot@@H$0A@HV?$CUtlMemory@U?$UtlLinkedListElem_t@UGroundSeedSpot@@H@@H@@@@QAE@XZ 1002f96c     * CIL library *:* CIL module *
 0002:0000e96c       __ehfuncinfo$??1?$CUtlVector@PAUJobInfo_t@@V?$CUtlMemory@PAUJobInfo_t@@H@@@@QAE@XZ 1002f96c     * CIL library *:* CIL module *
 0002:0000e96c       __ehfuncinfo$??0?$CUtlVector@PAUJobInfo_t@@V?$CUtlMemory@PAUJobInfo_t@@H@@@@QAE@HH@Z 1002f96c     * CIL library *:* CIL module *
 0002:0000e96c       __ehfuncinfo$??0?$CUtlVector@PAVNode@@V?$CUtlMemory@PAVNode@@H@@@@QAE@HH@Z 1002f96c     * CIL library *:* CIL module *
 0002:0000e96c       __ehfuncinfo$??1?$CUtlVector@PAVNode@@V?$CUtlMemory@PAVNode@@H@@@@QAE@XZ 1002f96c     * CIL library *:* CIL module *
 0002:0000e990       __unwindtable$??0?$CUtlVector@PAUJobInfo_t@@V?$CUtlMemory@PAUJobInfo_t@@H@@@@QAE@HH@Z 1002f990     * CIL library *:* CIL module *
 0002:0000e990       __unwindtable$??0?$CUtlVector@PAVNode@@V?$CUtlMemory@PAVNode@@H@@@@QAE@HH@Z 1002f990     * CIL library *:* CIL module *
 0002:0000e990       __unwindtable$??0?$CUtlLinkedList@UGroundSeedSpot@@H$0A@HV?$CUtlMemory@U?$UtlLinkedListElem_t@UGroundSeedSpot@@H@@H@@@@QAE@HH@Z 1002f990     * CIL library *:* CIL module *
 0002:0000e990       __unwindtable$??1?$CUtlLinkedList@UAirSeedSpot@@H$0A@HV?$CUtlMemory@U?$UtlLinkedListElem_t@UAirSeedSpot@@H@@H@@@@QAE@XZ 1002f990     * CIL library *:* CIL module *
 0002:0000e990       __unwindtable$??1?$CUtlLinkedList@UGroundSeedSpot@@H$0A@HV?$CUtlMemory@U?$UtlLinkedListElem_t@UGroundSeedSpot@@H@@H@@@@QAE@XZ 1002f990     * CIL library *:* CIL module *
 0002:0000e990       __unwindtable$??1?$CUtlVector@PAVNode@@V?$CUtlMemory@PAVNode@@H@@@@QAE@XZ 1002f990     * CIL library *:* CIL module *
 0002:0000e990       __unwindtable$??1?$CUtlVector@PAUJobInfo_t@@V?$CUtlMemory@PAUJobInfo_t@@H@@@@QAE@XZ 1002f990     * CIL library *:* CIL module *
 0002:0000e990       __unwindtable$??0?$CUtlLinkedList@UAirSeedSpot@@H$0A@HV?$CUtlMemory@U?$UtlLinkedListElem_t@UAirSeedSpot@@H@@H@@@@QAE@HH@Z 1002f990     * CIL library *:* CIL module *
 0002:0000e998       __ehfuncinfo$?GetNextGroundSeedNode@Nav@@QAEPAVNode@@XZ 1002f998     * CIL library *:* CIL module *
 0002:0000e998       __ehfuncinfo$?GetNextAirSeedNode@Nav@@QAEPAVNode@@XZ 1002f998     * CIL library *:* CIL module *
 0002:0000e9bc       __unwindtable$?GetNextAirSeedNode@Nav@@QAEPAVNode@@XZ 1002f9bc     * CIL library *:* CIL module *
 0002:0000e9bc       __unwindtable$?GetNextGroundSeedNode@Nav@@QAEPAVNode@@XZ 1002f9bc     * CIL library *:* CIL module *
 0002:0000e9c4       __ehfuncinfo$?Load@Nav@@QAE_NPBD@Z 1002f9c4     * CIL library *:* CIL module *
 0002:0000e9e8       __unwindtable$?Load@Nav@@QAE_NPBD@Z 1002f9e8     * CIL library *:* CIL module *
 0002:0000e9f8       __ehfuncinfo$?Save@Nav@@QAE_NPBD@Z 1002f9f8     * CIL library *:* CIL module *
 0002:0000ea1c       __unwindtable$?Save@Nav@@QAE_NPBD@Z 1002fa1c     * CIL library *:* CIL module *
 0002:0000ea24       __ehfuncinfo$?AddNode@Nav@@QAEPAVNode@@ABVVector@@0W4NavDirType@@PAV2@@Z 1002fa24     * CIL library *:* CIL module *
 0002:0000ea48       __unwindtable$?AddNode@Nav@@QAEPAVNode@@ABVVector@@0W4NavDirType@@PAV2@@Z 1002fa48     * CIL library *:* CIL module *
 0002:0000ea50       __ehfuncinfo$??0Nav@@QAE@PAVIThreadPool@@PAVIFileSystem@@H@Z 1002fa50     * CIL library *:* CIL module *
 0002:0000ea74       __unwindtable$??0Nav@@QAE@PAVIThreadPool@@PAVIFileSystem@@H@Z 1002fa74     * CIL library *:* CIL module *
 0002:0000ecbe       .idata$6                   1002fcbe     tier0:tier0.dll
 0002:0000ecf0       .idata$6                   1002fcf0     vstdlib:vstdlib.dll
 0002:0000ed4e       .idata$6                   1002fd4e     kernel32:KERNEL32.dll
 0002:0000f200       .edata                     10030200     gmsv_navigation_win32.exp
 0002:0000f228       rgpv                       10030228     gmsv_navigation_win32.exp
 0002:0000f234       rgszName                   10030234     gmsv_navigation_win32.exp
 0002:0000f240       rgwOrd                     10030240     gmsv_navigation_win32.exp
 0002:0000f246       szName                     10030246     gmsv_navigation_win32.exp
 0002:0000f260       $N00001                    10030260     gmsv_navigation_win32.exp
 0002:0000f270       $N00002                    10030270     gmsv_navigation_win32.exp
 0002:0000f27d       $N00003                    1003027d     gmsv_navigation_win32.exp
 0003:00000020       _vec2_invalid              10031020     mathlib:mathlib_base.obj
 0003:00000480       _vec2_invalid              10031480     mathlib:color_conversion.obj
 0003:00000488       _vec2_invalid              10031488     mathlib:sse.obj
 0003:00000490       _vec2_invalid              10031490     mathlib:3dnow.obj
 0003:00000498       _s_pConversionArrays_StringCharConversion 10031498     tier1:utlbuffer.obj
 0003:000004f0       _s_pConversionArrays_NoEscConversion 100314f0     tier1:utlbuffer.obj
 0003:000004f8       _vec2_invalid              100314f8     tier1:utlbuffer.obj
 0003:0000056c       _s_BackSlashMap            1003156c     tier1:strtools.obj
 0003:00000578       _vec2_invalid              10031578     tier1:strtools.obj
 0003:000005e0       _NAME_                     100315e0     LIBCMT:acos.obj
 0003:000005f0       _NAME_                     100315f0     LIBCMT:asin.obj
 0003:00000608       POW_name                   10031608     LIBCMT:pow.obj
 0003:00000628       _errtable                  10031628     LIBCMT:dosmap.obj
 0003:00000790       _ErrnoNoMem                10031790     LIBCMT:dosmap.obj
 0003:00000794       _DoserrorNoMem             10031794     LIBCMT:dosmap.obj
 0003:000007f8       ?isPackaged@?1??__crtIsPackagedApp@@9@9 100317f8     LIBCMT:winapisupp.obj
 0003:00000830       _newcw                     10031830     LIBCMT:floor.obj
 0003:00000844       ___rgctypeflag             10031844     LIBCMT:mbctype.obj
 0003:00000848       ___rgcode_page_info        10031848     LIBCMT:mbctype.obj
 0003:00000f98       __ctype_loc_style          10031f98     LIBCMT:wsetloca.obj
 0003:00001230       __locktable                10032230     LIBCMT:mlock.obj
 0003:00001380       ?_names@?1??_get_fname@@9@9 10032380     LIBCMT:fpexcept.obj
 0003:00001468       _over                      10032468     LIBCMT:fpctrl.obj
 0003:00001474       _under                     10032474     LIBCMT:fpctrl.obj
 0003:00001480       ?__DAZ_ENABLED@?1??__set_fpsr_sse2@@9@9 10032480     LIBCMT:fpctrl.obj
 0003:000014ec       _DoubleFormat              100324ec     LIBCMT:intrncvt.obj
 0003:00001504       _FloatFormat               10032504     LIBCMT:intrncvt.obj
 0003:00001870       _Name                      10032870     * CIL library *:* CIL module *
 0003:00001900       _Name                      10032900     * CIL library *:* CIL module *
 0003:00001990       _Name                      10032990     * CIL library *:* CIL module *
 0003:00001a20       _Name                      10032a20     * CIL library *:* CIL module *
 0003:00001ab0       _Name                      10032ab0     * CIL library *:* CIL module *
 0003:00001b40       _Name                      10032b40     * CIL library *:* CIL module *
 0003:00001ed0       _NAME_                     10032ed0     LIBCMT:sqrt.obj
 0003:000022e1       _s_b3DNowEnabled           100332e1     mathlib:mathlib_base.obj
 0003:000022e2       _s_bMMXEnabled             100332e2     mathlib:mathlib_base.obj
 0003:000022e3       _s_bSSEEnabled             100332e3     mathlib:mathlib_base.obj
 0003:000022e4       _s_bSSE2Enabled            100332e4     mathlib:mathlib_base.obj
 0003:000022e8       _vec2_origin               100332e8     mathlib:mathlib_base.obj
 0003:00002308       _texturetolinear           10033308     mathlib:color_conversion.obj
 0003:00003708       _g_Mathlib_LinearToGamma   10034708     mathlib:color_conversion.obj
 0003:00003b08       _lineartotexture           10034b08     mathlib:color_conversion.obj
 0003:00004b08       _lineartoscreen            10035b08     mathlib:color_conversion.obj
 0003:00005b08       _g_Mathlib_GammaToLinear   10036b08     mathlib:color_conversion.obj
 0003:00009f08       _texgammatable             1003af08     mathlib:color_conversion.obj
 0003:0000a008       _vec2_origin               1003b008     mathlib:color_conversion.obj
 0003:0000a010       _vec2_origin               1003b010     mathlib:sse.obj
 0003:0000a018       _vec2_origin               1003b018     mathlib:3dnow.obj
 0003:0000a028       _vec2_origin               1003b028     tier1:utlbuffer.obj
 0003:0000b350       _vec2_origin               1003c350     tier1:strtools.obj
 0003:0000b358       ___proc_attached           1003c358     LIBCMT:dllcrt0.obj
 0003:0000b368       _GS_ExceptionRecord        1003c368     LIBCMT:gs_report.obj
 0003:0000b3b8       _GS_ContextRecord          1003c3b8     LIBCMT:gs_report.obj
 0003:0000b684       _DebuggerWasPresent        1003c684     LIBCMT:gs_report.obj
 0003:0000b6d8       ?outmsg@?8??_NMSG_WRITE@@9@9 1003c6d8     LIBCMT:crt0msg.obj
 0003:0000bd04       ___type_info_root_node     1003cd04     LIBCMT:typname.obj
 0003:0000be10       ?_pgmname@?1??_setargv@@9@9 1003ce10     LIBCMT:stdargv.obj
 0003:0000bf18       __pmatherr_set             1003cf18     LIBCMT:libm_error.obj
 0003:0000bf34       _fSystemSet                1003cf34     LIBCMT:mbctype.obj
 0003:0000bf40       ___enable_percent_n        1003cf40     LIBCMT:printf.obj
 0003:0000bf48       _lclcritsects              1003cf48     LIBCMT:mlock.obj
 0003:0000c09c       _g_pfnRtlGenRandom         1003d09c     LIBCMT:rand_s.obj
 0003:0000c0a0       _ctrlc_action              1003d0a0     LIBCMT:winsig.obj
 0003:0000c0a4       _ctrlbreak_action          1003d0a4     LIBCMT:winsig.obj
 0003:0000c0a8       _abort_action              1003d0a8     LIBCMT:winsig.obj
 0003:0000c0ac       _term_action               1003d0ac     LIBCMT:winsig.obj
 0003:0000c0b0       _ConsoleCtrlHandler_Installed 1003d0b0     LIBCMT:winsig.obj
 0003:0000c0c0       ?pfnMessageBox@?1??__crtMessageBoxW@@9@9 1003d0c0     LIBCMT:crtmboxw.obj
 0003:0000c0c4       ?pfnGetActiveWindow@?1??__crtMessageBoxW@@9@9 1003d0c4     LIBCMT:crtmboxw.obj
 0003:0000c0c8       ?pfnGetLastActivePopup@?1??__crtMessageBoxW@@9@9 1003d0c8     LIBCMT:crtmboxw.obj
 0003:0000c0cc       ?pfnGetProcessWindowStation@?1??__crtMessageBoxW@@9@9 1003d0cc     LIBCMT:crtmboxw.obj
 0003:0000c0d0       ?pfnGetUserObjectInformation@?1??__crtMessageBoxW@@9@9 1003d0d0     LIBCMT:crtmboxw.obj
 0003:0000c0d4       ___crtCallProc             1003d0d4     LIBCMT:winapinls.obj
 0003:0000c100       _heap                      1003d100     LIBCMT:undname.obj
 0003:0000c11e       __Tuple_alloc              1003d11e     libcpmt:xthrow.obj
 0003:0000c11f       _ignore                    1003d11f     libcpmt:xthrow.obj
 0003:0000c120       _allocator_arg             1003d120     libcpmt:xthrow.obj
 0003:0000c121       _piecewise_construct       1003d121     libcpmt:xthrow.obj
 0003:0000c122       _allocator_arg             1003d122     libcpmt:syserror.obj
 0003:0000c123       _piecewise_construct       1003d123     libcpmt:syserror.obj
 0003:0000c13c       _vec2_origin               1003d13c     * CIL library *:* CIL module *
 0003:0000c144       _vec2_invalid              1003d144     * CIL library *:* CIL module *
 0003:0000c14c       _allocator_arg             1003d14c     * CIL library *:* CIL module *
 0003:0000c14d       _piecewise_construct       1003d14d     * CIL library *:* CIL module *
 0003:0000c14e       _allocator_arg             1003d14e     * CIL library *:* CIL module *
 0003:0000c14f       _piecewise_construct       1003d14f     * CIL library *:* CIL module *
 0003:0000c150       _vec2_origin               1003d150     * CIL library *:* CIL module *
 0003:0000c158       _vec2_invalid              1003d158     * CIL library *:* CIL module *
 0003:0000c164       _vec2_origin               1003d164     * CIL library *:* CIL module *
 0003:0000c16c       _vec2_invalid              1003d16c     * CIL library *:* CIL module *
 0003:0000c174       _vec4_origin               1003d174     * CIL library *:* CIL module *
 0003:0000c184       _allocator_arg             1003d184     * CIL library *:* CIL module *
 0003:0000c185       _piecewise_construct       1003d185     * CIL library *:* CIL module *
 0003:0000c186       _allocator_arg             1003d186     * CIL library *:* CIL module *
 0003:0000c187       _piecewise_construct       1003d187     * CIL library *:* CIL module *
 0003:0000c188       _vec2_origin               1003d188     * CIL library *:* CIL module *
 0003:0000c190       _vector_origin             1003d190     * CIL library *:* CIL module *
 0003:0000c19c       _vec4_invalid              1003d19c     * CIL library *:* CIL module *
 0003:0000c1ac       _vec2_invalid              1003d1ac     * CIL library *:* CIL module *
 0003:0000c1c8       _vec4_origin               1003d1c8     * CIL library *:* CIL module *
 0003:0000c1d8       _vec2_origin               1003d1d8     * CIL library *:* CIL module *
 0003:0000c1e0       _vector_origin             1003d1e0     * CIL library *:* CIL module *
 0003:0000c1ec       _vec4_invalid              1003d1ec     * CIL library *:* CIL module *
 0003:0000c1fc       _vec2_invalid              1003d1fc     * CIL library *:* CIL module *
 0003:0000c204       _allocator_arg             1003d204     * CIL library *:* CIL module *
 0003:0000c205       _piecewise_construct       1003d205     * CIL library *:* CIL module *
 0003:0000c208       _vec2_origin               1003d208     * CIL library *:* CIL module *
 0003:0000c210       _vec2_invalid              1003d210     * CIL library *:* CIL module *
 0004:00000060       $R000000                   1003f060     * linker generated manifest res *
