 gmcl_navigation_win32

 Timestamp is 50c4d25d (Sun Dec 09 13:03:09 2012)

 Preferred load address is 10000000

 Start         Length     Name                   Class
 0001:00000000 0001ef8aH .text                   CODE
 0001:0001ef8a 00000360H .text$x                 CODE
 0001:0001f2f0 00000713H .text$yc                CODE
 0001:0001fa03 0000003cH .text$yd                CODE
 0002:00000000 0000013cH .idata$5                DATA
 0002:0000013c 00000004H .CRT$XCA                DATA
 0002:00000140 000000b4H .CRT$XCU                DATA
 0002:000001f4 00000004H .CRT$XCZ                DATA
 0002:000001f8 00000004H .CRT$XIA                DATA
 0002:000001fc 00000014H .CRT$XIC                DATA
 0002:00000210 00000004H .CRT$XIZ                DATA
 0002:00000214 00000004H .CRT$XPA                DATA
 0002:00000218 00000008H .CRT$XPX                DATA
 0002:00000220 00000004H .CRT$XPXA               DATA
 0002:00000224 00000004H .CRT$XPZ                DATA
 0002:00000228 00000004H .CRT$XTA                DATA
 0002:0000022c 00000004H .CRT$XTZ                DATA
 0002:00000230 0000d4b8H .rdata                  DATA
 0002:0000d6e8 0000008cH .rdata$debug            DATA
 0002:0000d774 00000708H .rdata$r                DATA
 0002:0000de80 0000006cH .rdata$sxdata           DATA
 0002:0000deec 00000004H .rtc$IAA                DATA
 0002:0000def0 00000004H .rtc$IZZ                DATA
 0002:0000def4 00000004H .rtc$TAA                DATA
 0002:0000def8 00000004H .rtc$TZZ                DATA
 0002:0000df00 00000a94H .xdata$x                DATA
 0002:0000e994 0000003cH .idata$2                DATA
 0002:0000e9d0 00000014H .idata$3                DATA
 0002:0000e9e4 0000013cH .idata$4                DATA
 0002:0000eb20 000005c4H .idata$6                DATA
 0002:0000f0f0 00000089H .edata                  DATA
 0003:00000000 00001ee8H .data                   DATA
 0003:00001f00 0000b470H .bss                    DATA
 0004:00000000 00000058H .rsrc$01                DATA
 0004:00000060 00000180H .rsrc$02                DATA

  Address         Publics by Value              Rva+Base       Lib:Object

 0000:00000000       __except_list              00000000     <absolute>
 0000:0000001b       ___safe_se_handler_count   0000001b     <absolute>
 0000:00000000       ___ImageBase               10000000     <linker-defined>
 0001:00000000       ??2@YAPAXIPAX@Z            10001000 f i ILuaInterface.obj
 0001:00000008       ?UtlMemory_CalcNewAllocationCount@@YAHHHHH@Z 10001008 f i ILuaInterface.obj
 0001:0000004d       ??0Vector2D@@QAE@MM@Z      1000104d f i ILuaInterface.obj
 0001:00000074       ??_H@YGXPAXIHP6EPAX0@Z@Z   10001074 f i ILuaInterface.obj
 0001:00000095       ?V_memmove@@YAXPAXPBXH@Z   10001095 f i ILuaInterface.obj
 0001:000000ab       ??0ILuaInterface@@QAE@PAUlua_State@@@Z 100010ab f   ILuaInterface.obj
 0001:00000250       ??1ILuaInterface@@QAE@XZ   10001250 f   ILuaInterface.obj
 0001:00000285       ?GetNewTable@ILuaInterface@@QAEPAVILuaObject@@XZ 10001285 f   ILuaInterface.obj
 0001:00000310       ?NewTable@ILuaInterface@@QAEXXZ 10001310 f   ILuaInterface.obj
 0001:0000032a       ?PushUserData@ILuaInterface@@QAEXPAVILuaObject@@PAXE@Z 1000132a f   ILuaInterface.obj
 0001:000003d3       ?Error@ILuaInterface@@QAAXPBDZZ 100013d3 f   ILuaInterface.obj
 0001:00000432       ?ErrorNoHalt@ILuaInterface@@QAAXPBDZZ 10001432 f   ILuaInterface.obj
 0001:000004af       ?GetGlobal@ILuaInterface@@QAEPAVILuaObject@@PBD@Z 100014af f   ILuaInterface.obj
 0001:00000579       ?SetGlobal@ILuaInterface@@QAEXPBDPAVILuaObject@@@Z 10001579 f   ILuaInterface.obj
 0001:000005de       ?GetObject@ILuaInterface@@QAEPAVILuaObject@@H@Z 100015de f   ILuaInterface.obj
 0001:0000067d       ?GetString@ILuaInterface@@QAEPBDHPAI@Z 1000167d f   ILuaInterface.obj
 0001:0000069f       ?GetInteger@ILuaInterface@@QAEHH@Z 1000169f f   ILuaInterface.obj
 0001:000006c3       ?GetNumber@ILuaInterface@@QAENH@Z 100016c3 f   ILuaInterface.obj
 0001:000006e2       ?GetBool@ILuaInterface@@QAE_NH@Z 100016e2 f   ILuaInterface.obj
 0001:00000701       ?GetUserData@ILuaInterface@@QAEPAXH@Z 10001701 f   ILuaInterface.obj
 0001:00000729       ?GetReference@ILuaInterface@@QAEHH@Z 10001729 f   ILuaInterface.obj
 0001:00000762       ?FreeReference@ILuaInterface@@QAEXH@Z 10001762 f   ILuaInterface.obj
 0001:00000784       ?PushReference@ILuaInterface@@QAEXH@Z 10001784 f   ILuaInterface.obj
 0001:000007a6       ?Pop@ILuaInterface@@QAEXH@Z 100017a6 f   ILuaInterface.obj
 0001:000007c5       ?Push@ILuaInterface@@QAEXPAVILuaObject@@@Z 100017c5 f   ILuaInterface.obj
 0001:000007d8       ?Push@ILuaInterface@@QAEXPBDI@Z 100017d8 f   ILuaInterface.obj
 0001:000007fa       ?Push@ILuaInterface@@QAEX_N@Z 100017fa f   ILuaInterface.obj
 0001:00000819       ?Push@ILuaInterface@@QAEXP6AHPAUlua_State@@@Z@Z 10001819 f   ILuaInterface.obj
 0001:0000083b       ?Push@ILuaInterface@@QAEXM@Z 1000183b f   ILuaInterface.obj
 0001:00000863       ?CheckType@ILuaInterface@@QAEXHH@Z 10001863 f   ILuaInterface.obj
 0001:00000885       ?GetType@ILuaInterface@@QAEHH@Z 10001885 f   ILuaInterface.obj
 0001:000008a7       ?GetReturn@ILuaInterface@@QAEPAVILuaObject@@H@Z 100018a7 f   ILuaInterface.obj
 0001:000008bd       ?Call@ILuaInterface@@QAEXHH@Z 100018bd f   ILuaInterface.obj
 0001:000008df       ?GetMetaTable@ILuaInterface@@QAEPAVILuaObject@@PBDH@Z 100018df f   ILuaInterface.obj
 0001:0000097e       ??$vsprintf_s@$0EAA@@@YAHAAY0EAA@DPBDPAD@Z 1000197e f i ILuaInterface.obj
 0001:00000999       ??$Destruct@PAVNode@@@@YAXPAPAVNode@@@Z 10001999 f i main.obj
 0001:00000999       ??$Destruct@PAUJobInfo_t@@@@YAXPAPAUJobInfo_t@@@Z 10001999 f i main.obj
 0001:00000999       ?OnRelease@CFuncMemPolicyNone@@SAXPAX@Z 10001999 f i nav.obj
 0001:00000999       ??3@YAXPAX0@Z              10001999 f i ILuaModuleManager.obj
 0001:00000999       ??$Destruct@UAirSeedSpot@@@@YAXPAUAirSeedSpot@@@Z 10001999 f i nav.obj
 0001:00000999       ?OnAcquire@CFuncMemPolicyNone@@SAXPAX@Z 10001999 f i nav.obj
 0001:00000999       ??$Destruct@UGroundSeedSpot@@@@YAXPAUGroundSeedSpot@@@Z 10001999 f i nav.obj
 0001:0000099e       ??$destroy@PAD@?$allocator@D@std@@QAEXPAPAD@Z 1000199e f i ILuaObject.obj
 0001:0000099e       ??$destroy@PAU?$_Tree_node@U?$pair@QAUlua_State@@PAVILuaInterface@@@std@@PAX@std@@@?$allocator@U?$_Tree_node@U?$pair@QAUlua_State@@PAVILuaInterface@@@std@@PAX@std@@@std@@QAEXPAPAU?$_Tree_node@U?$pair@QAUlua_State@@PAVILuaInterface@@@std@@PAX@1@@Z 1000199e f i ILuaModuleManager.obj
 0001:0000099e       ?_Adopt@_Iterator_base0@std@@QAEXPBX@Z 1000199e f i ILuaModuleManager.obj
 0001:0000099e       ??$destroy@U?$pair@QAUlua_State@@PAVILuaInterface@@@std@@@?$allocator@U?$_Tree_node@U?$pair@QAUlua_State@@PAVILuaInterface@@@std@@PAX@std@@@std@@QAEXPAU?$pair@QAUlua_State@@PAVILuaInterface@@@1@@Z 1000199e f i ILuaModuleManager.obj
 0001:000009a9       ?CreateInterface@ILuaModuleManager@@QAEXPAUlua_State@@@Z 100019a9 f   ILuaModuleManager.obj
 0001:00000a24       ?DestroyInterface@ILuaModuleManager@@QAEXPAUlua_State@@@Z 10001a24 f   ILuaModuleManager.obj
 0001:00000a70       ??_GILuaInterface@@QAEPAXI@Z 10001a70 f i ILuaModuleManager.obj
 0001:00000a97       ?GetLuaInterface@ILuaModuleManager@@QAEPAVILuaInterface@@PAUlua_State@@@Z 10001a97 f   ILuaModuleManager.obj
 0001:00000ab0       ??0ILuaModuleManager@@QAE@XZ 10001ab0 f i ILuaModuleManager.obj
 0001:00000ac4       ??0?$map@PAUlua_State@@PAVILuaInterface@@U?$less@PAUlua_State@@@std@@V?$allocator@U?$pair@QAUlua_State@@PAVILuaInterface@@@std@@@4@@std@@QAE@XZ 10001ac4 f i ILuaModuleManager.obj
 0001:00000ae6       ??A?$map@PAUlua_State@@PAVILuaInterface@@U?$less@PAUlua_State@@@std@@V?$allocator@U?$pair@QAUlua_State@@PAVILuaInterface@@@std@@@4@@std@@QAEAAPAVILuaInterface@@ABQAUlua_State@@@Z 10001ae6 f i ILuaModuleManager.obj
 0001:00000b88       ?erase@?$_Tree@V?$_Tmap_traits@PAUlua_State@@PAVILuaInterface@@U?$less@PAUlua_State@@@std@@V?$allocator@U?$pair@QAUlua_State@@PAVILuaInterface@@@std@@@4@$0A@@std@@@std@@QAEIABQAUlua_State@@@Z 10001b88 f i ILuaModuleManager.obj
 0001:00000be6       ??0?$_Tree@V?$_Tmap_traits@PAUlua_State@@PAVILuaInterface@@U?$less@PAUlua_State@@@std@@V?$allocator@U?$pair@QAUlua_State@@PAVILuaInterface@@@std@@@4@$0A@@std@@@std@@QAE@ABU?$less@PAUlua_State@@@1@ABV?$allocator@U?$pair@QAUlua_State@@PAVILuaInterface@@@std@@@1@@Z 10001be6 f i ILuaModuleManager.obj
 0001:00000c02       ?end@?$_Tree@V?$_Tmap_traits@PAUlua_State@@PAVILuaInterface@@U?$less@PAUlua_State@@@std@@V?$allocator@U?$pair@QAUlua_State@@PAVILuaInterface@@@std@@@4@$0A@@std@@@std@@QAE?AV?$_Tree_iterator@V?$_Tree_val@U?$_Tree_simple_types@U?$pair@QAUlua_State@@PAVILuaInterface@@@std@@@std@@@std@@@2@XZ 10001c02 f i ILuaModuleManager.obj
 0001:00000c20       ?erase@?$_Tree@V?$_Tmap_traits@PAUlua_State@@PAVILuaInterface@@U?$less@PAUlua_State@@@std@@V?$allocator@U?$pair@QAUlua_State@@PAVILuaInterface@@@std@@@4@$0A@@std@@@std@@QAE?AV?$_Tree_iterator@V?$_Tree_val@U?$_Tree_simple_types@U?$pair@QAUlua_State@@PAVILuaInterface@@@std@@@std@@@std@@@2@V?$_Tree_const_iterator@V?$_Tree_val@U?$_Tree_simple_types@U?$pair@QAUlua_State@@PAVILuaInterface@@@std@@@std@@@std@@@2@0@Z 10001c20 f i ILuaModuleManager.obj
 0001:00000cc1       ?lower_bound@?$_Tree@V?$_Tmap_traits@PAUlua_State@@PAVILuaInterface@@U?$less@PAUlua_State@@@std@@V?$allocator@U?$pair@QAUlua_State@@PAVILuaInterface@@@std@@@4@$0A@@std@@@std@@QAE?AV?$_Tree_iterator@V?$_Tree_val@U?$_Tree_simple_types@U?$pair@QAUlua_State@@PAVILuaInterface@@@std@@@std@@@std@@@2@ABQAUlua_State@@@Z 10001cc1 f i ILuaModuleManager.obj
 0001:00000ce6       ?equal_range@?$_Tree@V?$_Tmap_traits@PAUlua_State@@PAVILuaInterface@@U?$less@PAUlua_State@@@std@@V?$allocator@U?$pair@QAUlua_State@@PAVILuaInterface@@@std@@@4@$0A@@std@@@std@@QAE?AU?$pair@V?$_Tree_iterator@V?$_Tree_val@U?$_Tree_simple_types@U?$pair@QAUlua_State@@PAVILuaInterface@@@std@@@std@@@std@@@std@@V12@@2@ABQAUlua_State@@@Z 10001ce6 f i ILuaModuleManager.obj
 0001:00000d10       ?_Key@?$_Tree@V?$_Tmap_traits@PAUlua_State@@PAVILuaInterface@@U?$less@PAUlua_State@@@std@@V?$allocator@U?$pair@QAUlua_State@@PAVILuaInterface@@@std@@@4@$0A@@std@@@std@@IBEABQAUlua_State@@PAU?$_Tree_node@U?$pair@QAUlua_State@@PAVILuaInterface@@@std@@PAX@2@@Z 10001d10 f i ILuaModuleManager.obj
 0001:00000d2d       ??R?$less@PAUlua_State@@@std@@QBE_NABQAUlua_State@@0@Z 10001d2d f i ILuaModuleManager.obj
 0001:00000d55       ?_Getcomp@?$_Tree_comp@$0A@V?$_Tmap_traits@PAUlua_State@@PAVILuaInterface@@U?$less@PAUlua_State@@@std@@V?$allocator@U?$pair@QAUlua_State@@PAVILuaInterface@@@std@@@4@$0A@@std@@@std@@QBE?AU?$less@PAUlua_State@@@2@XZ 10001d55 f i ILuaModuleManager.obj
 0001:00000d63       ??0?$allocator@U?$pair@QAUlua_State@@PAVILuaInterface@@@std@@@std@@QAE@XZ 10001d63 f i ILuaModuleManager.obj
 0001:00000d63       ??0?$allocator@D@std@@QAE@XZ 10001d63 f i ILuaObject.obj
 0001:00000d63       ??0Vector@@QAE@XZ          10001d63 f i main.obj
 0001:00000d63       ??0?$allocator@U?$_Tree_node@U?$pair@QAUlua_State@@PAVILuaInterface@@@std@@PAX@std@@@std@@QAE@XZ 10001d63 f i ILuaModuleManager.obj
 0001:00000d63       ?GetPosition@Node@@QAEPBVVector@@XZ 10001d63 f i node.obj
 0001:00000d6f       ??8?$_Tree_const_iterator@V?$_Tree_val@U?$_Tree_simple_types@U?$pair@QAUlua_State@@PAVILuaInterface@@@std@@@std@@@std@@@std@@QBE_NABV01@@Z 10001d6f f i ILuaModuleManager.obj
 0001:00000d97       ?_Mynode@?$_Tree_unchecked_const_iterator@V?$_Tree_val@U?$_Tree_simple_types@U?$pair@QAUlua_State@@PAVILuaInterface@@@std@@@std@@@std@@U_Iterator_base0@2@@std@@QBEPAU?$_Tree_node@U?$pair@QAUlua_State@@PAVILuaInterface@@@std@@PAX@2@XZ 10001d97 f i ILuaModuleManager.obj
 0001:00000d97       ?Base@?$CUtlMemory@U?$UtlLinkedListElem_t@UGroundSeedSpot@@H@@H@@QAEPAU?$UtlLinkedListElem_t@UGroundSeedSpot@@H@@XZ 10001d97 f i nav.obj
 0001:00000d97       ?value@error_code@std@@QBEHXZ 10001d97 f i ILuaObject.obj
 0001:00000d97       ?Base@?$CUtlMemory@U?$UtlLinkedListElem_t@UAirSeedSpot@@H@@H@@QAEPAU?$UtlLinkedListElem_t@UAirSeedSpot@@H@@XZ 10001d97 f i nav.obj
 0001:00000d97       ?Base@?$CUtlMemory@PAUJobInfo_t@@H@@QAEPAPAUJobInfo_t@@XZ 10001d97 f i main.obj
 0001:00000d97       ?Base@?$CUtlMemory@EH@@QAEPAEXZ 10001d97 f i nav.obj
 0001:00000d97       ?value@error_condition@std@@QBEHXZ 10001d97 f i ILuaObject.obj
 0001:00000d97       ?Base@?$CUtlMemory@PAVNode@@H@@QAEPAPAVNode@@XZ 10001d97 f i main.obj
 0001:00000da5       ??C?$_Tree_iterator@V?$_Tree_val@U?$_Tree_simple_types@U?$pair@QAUlua_State@@PAVILuaInterface@@@std@@@std@@@std@@@std@@QBEPAU?$pair@QAUlua_State@@PAVILuaInterface@@@1@XZ 10001da5 f i ILuaModuleManager.obj
 0001:00000dbd       ?begin@?$_Tree@V?$_Tmap_traits@PAUlua_State@@PAVILuaInterface@@U?$less@PAUlua_State@@@std@@V?$allocator@U?$pair@QAUlua_State@@PAVILuaInterface@@@std@@@4@$0A@@std@@@std@@QAE?AV?$_Tree_iterator@V?$_Tree_val@U?$_Tree_simple_types@U?$pair@QAUlua_State@@PAVILuaInterface@@@std@@@std@@@std@@@2@XZ 10001dbd f i ILuaModuleManager.obj
 0001:00000de0       ?erase@?$_Tree@V?$_Tmap_traits@PAUlua_State@@PAVILuaInterface@@U?$less@PAUlua_State@@@std@@V?$allocator@U?$pair@QAUlua_State@@PAVILuaInterface@@@std@@@4@$0A@@std@@@std@@QAE?AV?$_Tree_iterator@V?$_Tree_val@U?$_Tree_simple_types@U?$pair@QAUlua_State@@PAVILuaInterface@@@std@@@std@@@std@@@2@V?$_Tree_const_iterator@V?$_Tree_val@U?$_Tree_simple_types@U?$pair@QAUlua_State@@PAVILuaInterface@@@std@@@std@@@std@@@2@@Z 10001de0 f i ILuaModuleManager.obj
 0001:00001450       ?clear@?$_Tree@V?$_Tmap_traits@PAUlua_State@@PAVILuaInterface@@U?$less@PAUlua_State@@@std@@V?$allocator@U?$pair@QAUlua_State@@PAVILuaInterface@@@std@@@4@$0A@@std@@@std@@QAEXXZ 10002450 f i ILuaModuleManager.obj
 0001:0000149f       ?_Eqrange@?$_Tree@V?$_Tmap_traits@PAUlua_State@@PAVILuaInterface@@U?$less@PAUlua_State@@@std@@V?$allocator@U?$pair@QAUlua_State@@PAVILuaInterface@@@std@@@4@$0A@@std@@@std@@IAE?AU?$pair@V?$_Tree_iterator@V?$_Tree_val@U?$_Tree_simple_types@U?$pair@QAUlua_State@@PAVILuaInterface@@@std@@@std@@@std@@@std@@V12@@2@ABQAUlua_State@@@Z 1000249f f i ILuaModuleManager.obj
 0001:0000163c       ?_Lbound@?$_Tree@V?$_Tmap_traits@PAUlua_State@@PAVILuaInterface@@U?$less@PAUlua_State@@@std@@V?$allocator@U?$pair@QAUlua_State@@PAVILuaInterface@@@std@@@4@$0A@@std@@@std@@IAEPAU?$_Tree_node@U?$pair@QAUlua_State@@PAVILuaInterface@@@std@@PAX@2@ABQAUlua_State@@@Z 1000263c f i ILuaModuleManager.obj
 0001:000016c0       ?_Kfn@?$_Tree@V?$_Tmap_traits@PAUlua_State@@PAVILuaInterface@@U?$less@PAUlua_State@@@std@@V?$allocator@U?$pair@QAUlua_State@@PAVILuaInterface@@@std@@@4@$0A@@std@@@std@@IBEABQAUlua_State@@ABU?$pair@QAUlua_State@@PAVILuaInterface@@@2@@Z 100026c0 f i ILuaModuleManager.obj
 0001:000016d4       ??0?$_Tree_comp@$0A@V?$_Tmap_traits@PAUlua_State@@PAVILuaInterface@@U?$less@PAUlua_State@@@std@@V?$allocator@U?$pair@QAUlua_State@@PAVILuaInterface@@@std@@@4@$0A@@std@@@std@@QAE@ABU?$less@PAUlua_State@@@1@ABV?$allocator@U?$pair@QAUlua_State@@PAVILuaInterface@@@std@@@1@@Z 100026d4 f i ILuaModuleManager.obj
 0001:000016ed       ?_Myval@?$_Tree_val@U?$_Tree_simple_types@U?$pair@QAUlua_State@@PAVILuaInterface@@@std@@@std@@@std@@SAAAU?$pair@QAUlua_State@@PAVILuaInterface@@@2@PAU?$_Tree_node@U?$pair@QAUlua_State@@PAVILuaInterface@@@std@@PAX@2@@Z 100026ed f i ILuaModuleManager.obj
 0001:000016f8       ??E?$_Tree_const_iterator@V?$_Tree_val@U?$_Tree_simple_types@U?$pair@QAUlua_State@@PAVILuaInterface@@@std@@@std@@@std@@@std@@QAE?AV01@H@Z 100026f8 f i ILuaModuleManager.obj
 0001:0000171f       ??9?$_Tree_const_iterator@V?$_Tree_val@U?$_Tree_simple_types@U?$pair@QAUlua_State@@PAVILuaInterface@@@std@@@std@@@std@@@std@@QBE_NABV01@@Z 1000271f f i ILuaModuleManager.obj
 0001:0000174d       ??0?$_Tree_iterator@V?$_Tree_val@U?$_Tree_simple_types@U?$pair@QAUlua_State@@PAVILuaInterface@@@std@@@std@@@std@@@std@@QAE@PAU?$_Tree_node@U?$pair@QAUlua_State@@PAVILuaInterface@@@std@@PAX@1@PBV?$_Tree_val@U?$_Tree_simple_types@U?$pair@QAUlua_State@@PAVILuaInterface@@@std@@@std@@@1@@Z 1000274d f i ILuaModuleManager.obj
 0001:00001769       ??D?$_Tree_iterator@V?$_Tree_val@U?$_Tree_simple_types@U?$pair@QAUlua_State@@PAVILuaInterface@@@std@@@std@@@std@@@std@@QBEAAU?$pair@QAUlua_State@@PAVILuaInterface@@@1@XZ 10002769 f i ILuaModuleManager.obj
 0001:0000177a       ?pointer_to@?$pointer_traits@PAU?$pair@QAUlua_State@@PAVILuaInterface@@@std@@@std@@SAPAU?$pair@QAUlua_State@@PAVILuaInterface@@@2@AAU32@@Z 1000277a f i ILuaModuleManager.obj
 0001:00001788       ?_Erase@?$_Tree@V?$_Tmap_traits@PAUlua_State@@PAVILuaInterface@@U?$less@PAUlua_State@@@std@@V?$allocator@U?$pair@QAUlua_State@@PAVILuaInterface@@@std@@@4@$0A@@std@@@std@@IAEXPAU?$_Tree_node@U?$pair@QAUlua_State@@PAVILuaInterface@@@std@@PAX@2@@Z 10002788 f i ILuaModuleManager.obj
 0001:00001812       ?_Lmost@?$_Tree@V?$_Tmap_traits@PAUlua_State@@PAVILuaInterface@@U?$less@PAUlua_State@@@std@@V?$allocator@U?$pair@QAUlua_State@@PAVILuaInterface@@@std@@@4@$0A@@std@@@std@@IBEAAPAU?$_Tree_node@U?$pair@QAUlua_State@@PAVILuaInterface@@@std@@PAX@2@XZ 10002812 f i ILuaModuleManager.obj
 0001:00001826       ?_Lrotate@?$_Tree@V?$_Tmap_traits@PAUlua_State@@PAVILuaInterface@@U?$less@PAUlua_State@@@std@@V?$allocator@U?$pair@QAUlua_State@@PAVILuaInterface@@@std@@@4@$0A@@std@@@std@@IAEXPAU?$_Tree_node@U?$pair@QAUlua_State@@PAVILuaInterface@@@std@@PAX@2@@Z 10002826 f i ILuaModuleManager.obj
 0001:00001920       ?_Rmost@?$_Tree@V?$_Tmap_traits@PAUlua_State@@PAVILuaInterface@@U?$less@PAUlua_State@@@std@@V?$allocator@U?$pair@QAUlua_State@@PAVILuaInterface@@@std@@@4@$0A@@std@@@std@@IBEAAPAU?$_Tree_node@U?$pair@QAUlua_State@@PAVILuaInterface@@@std@@PAX@2@XZ 10002920 f i ILuaModuleManager.obj
 0001:00001934       ?_Root@?$_Tree@V?$_Tmap_traits@PAUlua_State@@PAVILuaInterface@@U?$less@PAUlua_State@@@std@@V?$allocator@U?$pair@QAUlua_State@@PAVILuaInterface@@@std@@@4@$0A@@std@@@std@@IBEAAPAU?$_Tree_node@U?$pair@QAUlua_State@@PAVILuaInterface@@@std@@PAX@2@XZ 10002934 f i ILuaModuleManager.obj
 0001:00001948       ?_Rrotate@?$_Tree@V?$_Tmap_traits@PAUlua_State@@PAVILuaInterface@@U?$less@PAUlua_State@@@std@@V?$allocator@U?$pair@QAUlua_State@@PAVILuaInterface@@@std@@@4@$0A@@std@@@std@@IAEXPAU?$_Tree_node@U?$pair@QAUlua_State@@PAVILuaInterface@@@std@@PAX@2@@Z 10002948 f i ILuaModuleManager.obj
 0001:00001a42       ??0?$_Tree_buy@U?$pair@QAUlua_State@@PAVILuaInterface@@@std@@V?$allocator@U?$pair@QAUlua_State@@PAVILuaInterface@@@std@@@2@@std@@QAE@ABV?$allocator@U?$pair@QAUlua_State@@PAVILuaInterface@@@std@@@1@@Z 10002a42 f i ILuaModuleManager.obj
 0001:00001a5b       ?_Getal@?$_String_alloc@$0A@U?$_String_base_types@DV?$allocator@D@std@@@std@@@std@@QBE?AU?$_Wrap_alloc@V?$allocator@D@std@@@2@XZ 10002a5b f i ILuaObject.obj
 0001:00001a5b       ?_Getal@?$_Tree_alloc@$0A@U?$_Tree_base_types@U?$pair@QAUlua_State@@PAVILuaInterface@@@std@@V?$allocator@U?$pair@QAUlua_State@@PAVILuaInterface@@@std@@@2@@std@@@std@@QBE?AU?$_Wrap_alloc@V?$allocator@U?$_Tree_node@U?$pair@QAUlua_State@@PAVILuaInterface@@@std@@PAX@std@@@std@@@2@XZ 10002a5b f i ILuaModuleManager.obj
 0001:00001a71       ?deallocate@?$_Wrap_alloc@V?$allocator@U?$_Tree_node@U?$pair@QAUlua_State@@PAVILuaInterface@@@std@@PAX@std@@@std@@@std@@QAEXPAU?$_Tree_node@U?$pair@QAUlua_State@@PAVILuaInterface@@@std@@PAX@2@I@Z 10002a71 f i ILuaModuleManager.obj
 0001:00001a71       ?deallocate@?$_Wrap_alloc@V?$allocator@D@std@@@std@@QAEXPADI@Z 10002a71 f i ILuaObject.obj
 0001:00001a8a       ?_Color@?$_Tree_val@U?$_Tree_simple_types@U?$pair@QAUlua_State@@PAVILuaInterface@@@std@@@std@@@std@@SAAADPAU?$_Tree_node@U?$pair@QAUlua_State@@PAVILuaInterface@@@std@@PAX@2@@Z 10002a8a f i ILuaModuleManager.obj
 0001:00001a95       ?_Isnil@?$_Tree_val@U?$_Tree_simple_types@U?$pair@QAUlua_State@@PAVILuaInterface@@@std@@@std@@@std@@SAAADPAU?$_Tree_node@U?$pair@QAUlua_State@@PAVILuaInterface@@@std@@PAX@2@@Z 10002a95 f i ILuaModuleManager.obj
 0001:00001aa0       ??$forward@AAU?$pair@QAUlua_State@@PAVILuaInterface@@@std@@@std@@YAAAU?$pair@QAUlua_State@@PAVILuaInterface@@@0@AAU10@@Z 10002aa0 f i ILuaModuleManager.obj
 0001:00001aa0       ??$forward@AAPAU?$_Tree_node@U?$pair@QAUlua_State@@PAVILuaInterface@@@std@@PAX@std@@@std@@YAAAPAU?$_Tree_node@U?$pair@QAUlua_State@@PAVILuaInterface@@@std@@PAX@0@AAPAU10@@Z 10002aa0 f i ILuaModuleManager.obj
 0001:00001aa0       ??$addressof@D@std@@YAPADAAD@Z 10002aa0 f i ILuaObject.obj
 0001:00001aa0       ??$_Kfn@QAUlua_State@@PAVILuaInterface@@@?$_Tmap_traits@PAUlua_State@@PAVILuaInterface@@U?$less@PAUlua_State@@@std@@V?$allocator@U?$pair@QAUlua_State@@PAVILuaInterface@@@std@@@4@$0A@@std@@SAABQAUlua_State@@ABU?$pair@QAUlua_State@@PAVILuaInterface@@@1@@Z 10002aa0 f i ILuaModuleManager.obj
 0001:00001aa0       ??$forward@U?$pair@PAUlua_State@@PAVILuaInterface@@@std@@@std@@YA$$QAU?$pair@PAUlua_State@@PAVILuaInterface@@@0@AAU10@@Z 10002aa0 f i ILuaModuleManager.obj
 0001:00001aa0       ??$forward@PAVILuaInterface@@@std@@YA$$QAPAVILuaInterface@@AAPAV1@@Z 10002aa0 f i ILuaModuleManager.obj
 0001:00001aa0       ??$forward@ABQAUlua_State@@@std@@YAABQAUlua_State@@ABQAU1@@Z 10002aa0 f i ILuaModuleManager.obj
 0001:00001aa0       ??$forward@AAPAD@std@@YAAAPADAAPAD@Z 10002aa0 f i ILuaObject.obj
 0001:00001aa0       ??$addressof@PAU?$_Tree_node@U?$pair@QAUlua_State@@PAVILuaInterface@@@std@@PAX@std@@@std@@YAPAPAU?$_Tree_node@U?$pair@QAUlua_State@@PAVILuaInterface@@@std@@PAX@0@AAPAU10@@Z 10002aa0 f i ILuaModuleManager.obj
 0001:00001aa0       ??$forward@V?$_Tree_iterator@V?$_Tree_val@U?$_Tree_simple_types@U?$pair@QAUlua_State@@PAVILuaInterface@@@std@@@std@@@std@@@std@@@std@@YA$$QAV?$_Tree_iterator@V?$_Tree_val@U?$_Tree_simple_types@U?$pair@QAUlua_State@@PAVILuaInterface@@@std@@@std@@@std@@@0@AAV10@@Z 10002aa0 f i ILuaModuleManager.obj
 0001:00001aa0       ??$addressof@U?$pair@QAUlua_State@@PAVILuaInterface@@@std@@@std@@YAPAU?$pair@QAUlua_State@@PAVILuaInterface@@@0@AAU10@@Z 10002aa0 f i ILuaModuleManager.obj
 0001:00001aa0       ??$forward@AAV?$_Tree_iterator@V?$_Tree_val@U?$_Tree_simple_types@U?$pair@QAUlua_State@@PAVILuaInterface@@@std@@@std@@@std@@@std@@@std@@YAAAV?$_Tree_iterator@V?$_Tree_val@U?$_Tree_simple_types@U?$pair@QAUlua_State@@PAVILuaInterface@@@std@@@std@@@std@@@0@AAV10@@Z 10002aa0 f i ILuaModuleManager.obj
 0001:00001aa0       ??$forward@PAUlua_State@@@std@@YA$$QAPAUlua_State@@AAPAU1@@Z 10002aa0 f i ILuaModuleManager.obj
 0001:00001aa0       ??$_Move@AAD@std@@YA$$QADAAD@Z 10002aa0 f i ILuaModuleManager.obj
 0001:00001aa0       ??$forward@_N@std@@YA$$QA_NAA_N@Z 10002aa0 f i ILuaModuleManager.obj
 0001:00001aa0       ?_Left@?$_Tree_val@U?$_Tree_simple_types@U?$pair@QAUlua_State@@PAVILuaInterface@@@std@@@std@@@std@@SAAAPAU?$_Tree_node@U?$pair@QAUlua_State@@PAVILuaInterface@@@std@@PAX@2@PAU32@@Z 10002aa0 f i ILuaModuleManager.obj
 0001:00001aa8       ?_Parent@?$_Tree_val@U?$_Tree_simple_types@U?$pair@QAUlua_State@@PAVILuaInterface@@@std@@@std@@@std@@SAAAPAU?$_Tree_node@U?$pair@QAUlua_State@@PAVILuaInterface@@@std@@PAX@2@PAU32@@Z 10002aa8 f i ILuaModuleManager.obj
 0001:00001ab3       ?_Right@?$_Tree_val@U?$_Tree_simple_types@U?$pair@QAUlua_State@@PAVILuaInterface@@@std@@@std@@@std@@SAAAPAU?$_Tree_node@U?$pair@QAUlua_State@@PAVILuaInterface@@@std@@PAX@2@PAU32@@Z 10002ab3 f i ILuaModuleManager.obj
 0001:00001abe       ?_Max@?$_Tree_val@U?$_Tree_simple_types@U?$pair@QAUlua_State@@PAVILuaInterface@@@std@@@std@@@std@@SAPAU?$_Tree_node@U?$pair@QAUlua_State@@PAVILuaInterface@@@std@@PAX@2@PAU32@@Z 10002abe f i ILuaModuleManager.obj
 0001:00001aee       ?_Min@?$_Tree_val@U?$_Tree_simple_types@U?$pair@QAUlua_State@@PAVILuaInterface@@@std@@@std@@@std@@SAPAU?$_Tree_node@U?$pair@QAUlua_State@@PAVILuaInterface@@@std@@PAX@2@PAU32@@Z 10002aee f i ILuaModuleManager.obj
 0001:00001b1e       ??0?$_Tree_const_iterator@V?$_Tree_val@U?$_Tree_simple_types@U?$pair@QAUlua_State@@PAVILuaInterface@@@std@@@std@@@std@@@std@@QAE@PAU?$_Tree_node@U?$pair@QAUlua_State@@PAVILuaInterface@@@std@@PAX@1@PBV?$_Tree_val@U?$_Tree_simple_types@U?$pair@QAUlua_State@@PAVILuaInterface@@@std@@@std@@@1@@Z 10002b1e f i ILuaModuleManager.obj
 0001:00001b3a       ??D?$_Tree_const_iterator@V?$_Tree_val@U?$_Tree_simple_types@U?$pair@QAUlua_State@@PAVILuaInterface@@@std@@@std@@@std@@@std@@QBEABU?$pair@QAUlua_State@@PAVILuaInterface@@@1@XZ 10002b3a f i ILuaModuleManager.obj
 0001:00001b4e       ??E?$_Tree_const_iterator@V?$_Tree_val@U?$_Tree_simple_types@U?$pair@QAUlua_State@@PAVILuaInterface@@@std@@@std@@@std@@@std@@QAEAAV01@XZ 10002b4e f i ILuaModuleManager.obj
 0001:00001b62       ??0?$_Tree_alloc@$0A@U?$_Tree_base_types@U?$pair@QAUlua_State@@PAVILuaInterface@@@std@@V?$allocator@U?$pair@QAUlua_State@@PAVILuaInterface@@@std@@@2@@std@@@std@@QAE@ABV?$allocator@U?$pair@QAUlua_State@@PAVILuaInterface@@@std@@@1@@Z 10002b62 f i ILuaModuleManager.obj
 0001:00001b85       ??0?$_Wrap_alloc@V?$allocator@D@std@@@std@@QAE@XZ 10002b85 f i ILuaObject.obj
 0001:00001b85       ??0VectorAligned@@QAE@XZ   10002b85 f i gmutility.obj
 0001:00001b85       ??0cplane_t@@QAE@XZ        10002b85 f i nav.obj
 0001:00001b85       ??0?$_Wrap_alloc@V?$allocator@U?$_Tree_node@U?$pair@QAUlua_State@@PAVILuaInterface@@@std@@PAX@std@@@std@@@std@@QAE@XZ 10002b85 f i ILuaModuleManager.obj
 0001:00001b99       ?deallocate@?$allocator@U?$_Tree_node@U?$pair@QAUlua_State@@PAVILuaInterface@@@std@@PAX@std@@@std@@QAEXPAU?$_Tree_node@U?$pair@QAUlua_State@@PAVILuaInterface@@@std@@PAX@2@I@Z 10002b99 f i ILuaModuleManager.obj
 0001:00001b99       ?deallocate@?$allocator@D@std@@QAEXPADI@Z 10002b99 f i ILuaObject.obj
 0001:00001bad       ??0?$_Tree_unchecked_const_iterator@V?$_Tree_val@U?$_Tree_simple_types@U?$pair@QAUlua_State@@PAVILuaInterface@@@std@@@std@@@std@@U_Iterator_base0@2@@std@@QAE@PAU?$_Tree_node@U?$pair@QAUlua_State@@PAVILuaInterface@@@std@@PAX@1@PBV?$_Tree_val@U?$_Tree_simple_types@U?$pair@QAUlua_State@@PAVILuaInterface@@@std@@@std@@@1@@Z 10002bad f i ILuaModuleManager.obj
 0001:00001bce       ??E?$_Tree_unchecked_const_iterator@V?$_Tree_val@U?$_Tree_simple_types@U?$pair@QAUlua_State@@PAVILuaInterface@@@std@@@std@@@std@@U_Iterator_base0@2@@std@@QAEAAV01@XZ 10002bce f i ILuaModuleManager.obj
 0001:00001c67       ?_Buyheadnode@?$_Tree_alloc@$0A@U?$_Tree_base_types@U?$pair@QAUlua_State@@PAVILuaInterface@@@std@@V?$allocator@U?$pair@QAUlua_State@@PAVILuaInterface@@@std@@@2@@std@@@std@@QAEPAU?$_Tree_node@U?$pair@QAUlua_State@@PAVILuaInterface@@@std@@PAX@2@XZ 10002c67 f i ILuaModuleManager.obj
 0001:00001da3       ??0?$_Tree_val@U?$_Tree_simple_types@U?$pair@QAUlua_State@@PAVILuaInterface@@@std@@@std@@@std@@QAE@XZ 10002da3 f i ILuaModuleManager.obj
 0001:00001dbc       ?allocate@?$_Wrap_alloc@V?$allocator@U?$_Tree_node@U?$pair@QAUlua_State@@PAVILuaInterface@@@std@@PAX@std@@@std@@@std@@QAEPAU?$_Tree_node@U?$pair@QAUlua_State@@PAVILuaInterface@@@std@@PAX@2@I@Z 10002dbc f i ILuaModuleManager.obj
 0001:00001dd2       ?allocate@?$allocator@U?$_Tree_node@U?$pair@QAUlua_State@@PAVILuaInterface@@@std@@PAX@std@@@std@@QAEPAU?$_Tree_node@U?$pair@QAUlua_State@@PAVILuaInterface@@@std@@PAX@2@I@Z 10002dd2 f i ILuaModuleManager.obj
 0001:00001de9       ??$?0ABQAUlua_State@@PAVILuaInterface@@@?$pair@PAUlua_State@@PAVILuaInterface@@@std@@QAE@ABQAUlua_State@@$$QAPAVILuaInterface@@PAPAX@Z 10002de9 f i ILuaModuleManager.obj
 0001:00001e18       ??$insert@U?$pair@PAUlua_State@@PAVILuaInterface@@@std@@@?$_Tree@V?$_Tmap_traits@PAUlua_State@@PAVILuaInterface@@U?$less@PAUlua_State@@@std@@V?$allocator@U?$pair@QAUlua_State@@PAVILuaInterface@@@std@@@4@$0A@@std@@@std@@QAE?AV?$_Tree_iterator@V?$_Tree_val@U?$_Tree_simple_types@U?$pair@QAUlua_State@@PAVILuaInterface@@@std@@@std@@@std@@@1@V?$_Tree_const_iterator@V?$_Tree_val@U?$_Tree_simple_types@U?$pair@QAUlua_State@@PAVILuaInterface@@@std@@@std@@@std@@@1@$$QAU?$pair@PAUlua_State@@PAVILuaInterface@@@1@@Z 10002e18 f i ILuaModuleManager.obj
 0001:00001e57       ??$?0V?$_Tree_iterator@V?$_Tree_val@U?$_Tree_simple_types@U?$pair@QAUlua_State@@PAVILuaInterface@@@std@@@std@@@std@@@std@@V01@@?$pair@V?$_Tree_iterator@V?$_Tree_val@U?$_Tree_simple_types@U?$pair@QAUlua_State@@PAVILuaInterface@@@std@@@std@@@std@@@std@@V12@@std@@QAE@$$QAU01@PAPAX@Z 10002e57 f i ILuaModuleManager.obj
 0001:00001e8a       ??$_Distance@V?$_Tree_iterator@V?$_Tree_val@U?$_Tree_simple_types@U?$pair@QAUlua_State@@PAVILuaInterface@@@std@@@std@@@std@@@std@@I@std@@YAXV?$_Tree_iterator@V?$_Tree_val@U?$_Tree_simple_types@U?$pair@QAUlua_State@@PAVILuaInterface@@@std@@@std@@@std@@@0@0AAI@Z 10002e8a f i ILuaModuleManager.obj
 0001:00001eb6       ??$swap@D@std@@YAXAAD0@Z   10002eb6 f i ILuaModuleManager.obj
 0001:00001eeb       ??$destroy@PAU?$_Tree_node@U?$pair@QAUlua_State@@PAVILuaInterface@@@std@@PAX@std@@@?$_Wrap_alloc@V?$allocator@U?$_Tree_node@U?$pair@QAUlua_State@@PAVILuaInterface@@@std@@PAX@std@@@std@@@std@@QAEXPAPAU?$_Tree_node@U?$pair@QAUlua_State@@PAVILuaInterface@@@std@@PAX@1@@Z 10002eeb f i ILuaModuleManager.obj
 0001:00001eeb       ??$destroy@U?$pair@QAUlua_State@@PAVILuaInterface@@@std@@@?$_Wrap_alloc@V?$allocator@U?$_Tree_node@U?$pair@QAUlua_State@@PAVILuaInterface@@@std@@PAX@std@@@std@@@std@@QAEXPAU?$pair@QAUlua_State@@PAVILuaInterface@@@1@@Z 10002eeb f i ILuaModuleManager.obj
 0001:00001eeb       ??$destroy@PAD@?$_Wrap_alloc@V?$allocator@D@std@@@std@@QAEXPAPAD@Z 10002eeb f i ILuaObject.obj
 0001:00001f03       ??$?0AAV?$_Tree_iterator@V?$_Tree_val@U?$_Tree_simple_types@U?$pair@QAUlua_State@@PAVILuaInterface@@@std@@@std@@@std@@@std@@AAV01@@?$pair@V?$_Tree_iterator@V?$_Tree_val@U?$_Tree_simple_types@U?$pair@QAUlua_State@@PAVILuaInterface@@@std@@@std@@@std@@@std@@V12@@std@@QAE@AAV?$_Tree_iterator@V?$_Tree_val@U?$_Tree_simple_types@U?$pair@QAUlua_State@@PAVILuaInterface@@@std@@@std@@@std@@@1@0PAPAX@Z 10002f03 f i ILuaModuleManager.obj
 0001:00001f32       ??$construct@PAU?$_Tree_node@U?$pair@QAUlua_State@@PAVILuaInterface@@@std@@PAX@std@@AAPAU12@@?$_Wrap_alloc@V?$allocator@U?$_Tree_node@U?$pair@QAUlua_State@@PAVILuaInterface@@@std@@PAX@std@@@std@@@std@@QAEXPAPAU?$_Tree_node@U?$pair@QAUlua_State@@PAVILuaInterface@@@std@@PAX@1@AAPAU21@@Z 10002f32 f i ILuaModuleManager.obj
 0001:00001f32       ??$construct@PADAAPAD@?$_Wrap_alloc@V?$allocator@D@std@@@std@@QAEXPAPADAAPAD@Z 10002f32 f i ILuaObject.obj
 0001:00001f55       ??$_Allocate@U?$_Tree_node@U?$pair@QAUlua_State@@PAVILuaInterface@@@std@@PAX@std@@@std@@YAPAU?$_Tree_node@U?$pair@QAUlua_State@@PAVILuaInterface@@@std@@PAX@0@IPAU10@@Z 10002f55 f i ILuaModuleManager.obj
 0001:00001f8e       ??$_Buynode@U?$pair@PAUlua_State@@PAVILuaInterface@@@std@@@?$_Tree_buy@U?$pair@QAUlua_State@@PAVILuaInterface@@@std@@V?$allocator@U?$pair@QAUlua_State@@PAVILuaInterface@@@std@@@2@@std@@QAEPAU?$_Tree_node@U?$pair@QAUlua_State@@PAVILuaInterface@@@std@@PAX@1@$$QAU?$pair@PAUlua_State@@PAVILuaInterface@@@1@@Z 10002f8e f i ILuaModuleManager.obj
 0001:0000205b       ??$_Insert_hint@AAU?$pair@QAUlua_State@@PAVILuaInterface@@@std@@PAU?$_Tree_node@U?$pair@QAUlua_State@@PAVILuaInterface@@@std@@PAX@2@@?$_Tree@V?$_Tmap_traits@PAUlua_State@@PAVILuaInterface@@U?$less@PAUlua_State@@@std@@V?$allocator@U?$pair@QAUlua_State@@PAVILuaInterface@@@std@@@4@$0A@@std@@@std@@IAE?AV?$_Tree_iterator@V?$_Tree_val@U?$_Tree_simple_types@U?$pair@QAUlua_State@@PAVILuaInterface@@@std@@@std@@@std@@@1@V?$_Tree_const_iterator@V?$_Tree_val@U?$_Tree_simple_types@U?$pair@QAUlua_State@@PAVILuaInterface@@@std@@@std@@@std@@@1@AAU?$pair@QAUlua_State@@PAVILuaInterface@@@1@PAU?$_Tree_node@U?$pair@QAUlua_State@@PAVILuaInterface@@@std@@PAX@1@@Z 1000305b f i ILuaModuleManager.obj
 0001:00002b5f       ??$_Iter_cat@V?$_Tree_iterator@V?$_Tree_val@U?$_Tree_simple_types@U?$pair@QAUlua_State@@PAVILuaInterface@@@std@@@std@@@std@@@std@@@std@@YA?AUbidirectional_iterator_tag@0@ABV?$_Tree_iterator@V?$_Tree_val@U?$_Tree_simple_types@U?$pair@QAUlua_State@@PAVILuaInterface@@@std@@@std@@@std@@@0@@Z 10003b5f f i ILuaModuleManager.obj
 0001:00002b70       ??$_Distance2@V?$_Tree_iterator@V?$_Tree_val@U?$_Tree_simple_types@U?$pair@QAUlua_State@@PAVILuaInterface@@@std@@@std@@@std@@@std@@I@std@@YAXV?$_Tree_iterator@V?$_Tree_val@U?$_Tree_simple_types@U?$pair@QAUlua_State@@PAVILuaInterface@@@std@@@std@@@std@@@0@0AAIUbidirectional_iterator_tag@0@@Z 10003b70 f i ILuaModuleManager.obj
 0001:00002b9f       ??$destroy@U?$pair@QAUlua_State@@PAVILuaInterface@@@std@@@?$allocator_traits@V?$allocator@U?$_Tree_node@U?$pair@QAUlua_State@@PAVILuaInterface@@@std@@PAX@std@@@std@@@std@@SAXAAV?$allocator@U?$_Tree_node@U?$pair@QAUlua_State@@PAVILuaInterface@@@std@@PAX@std@@@1@PAU?$pair@QAUlua_State@@PAVILuaInterface@@@1@@Z 10003b9f f i ILuaModuleManager.obj
 0001:00002b9f       ??$destroy@PAU?$_Tree_node@U?$pair@QAUlua_State@@PAVILuaInterface@@@std@@PAX@std@@@?$allocator_traits@V?$allocator@U?$_Tree_node@U?$pair@QAUlua_State@@PAVILuaInterface@@@std@@PAX@std@@@std@@@std@@SAXAAV?$allocator@U?$_Tree_node@U?$pair@QAUlua_State@@PAVILuaInterface@@@std@@PAX@std@@@1@PAPAU?$_Tree_node@U?$pair@QAUlua_State@@PAVILuaInterface@@@std@@PAX@1@@Z 10003b9f f i ILuaModuleManager.obj
 0001:00002b9f       ??$destroy@PAD@?$allocator_traits@V?$allocator@D@std@@@std@@SAXAAV?$allocator@D@1@PAPAD@Z 10003b9f f i ILuaObject.obj
 0001:00002baf       ??$construct@PADAAPAD@?$allocator_traits@V?$allocator@D@std@@@std@@SAXAAV?$allocator@D@1@PAPADAAPAD@Z 10003baf f i ILuaObject.obj
 0001:00002baf       ??$construct@PAU?$_Tree_node@U?$pair@QAUlua_State@@PAVILuaInterface@@@std@@PAX@std@@AAPAU12@@?$allocator_traits@V?$allocator@U?$_Tree_node@U?$pair@QAUlua_State@@PAVILuaInterface@@@std@@PAX@std@@@std@@@std@@SAXAAV?$allocator@U?$_Tree_node@U?$pair@QAUlua_State@@PAVILuaInterface@@@std@@PAX@std@@@1@PAPAU?$_Tree_node@U?$pair@QAUlua_State@@PAVILuaInterface@@@std@@PAX@1@AAPAU31@@Z 10003baf f i ILuaModuleManager.obj
 0001:00002bc9       ?category@error_code@std@@QBEABVerror_category@2@XZ 10003bc9 f i ILuaObject.obj
 0001:00002bc9       ?category@error_condition@std@@QBEABVerror_category@2@XZ 10003bc9 f i ILuaObject.obj
 0001:00002bc9       ?NumAllocated@?$CUtlMemory@PAUJobInfo_t@@H@@QBEHXZ 10003bc9 f i main.obj
 0001:00002bc9       ?size@?$_Tree@V?$_Tmap_traits@PAUlua_State@@PAVILuaInterface@@U?$less@PAUlua_State@@@std@@V?$allocator@U?$pair@QAUlua_State@@PAVILuaInterface@@@std@@@4@$0A@@std@@@std@@QBEIXZ 10003bc9 f i ILuaModuleManager.obj
 0001:00002bc9       ?NumAllocated@?$CUtlMemory@PAVNode@@H@@QBEHXZ 10003bc9 f i nav.obj
 0001:00002bd8       ?_Destroy_if_not_nil@?$_Tree@V?$_Tmap_traits@PAUlua_State@@PAVILuaInterface@@U?$less@PAUlua_State@@@std@@V?$allocator@U?$pair@QAUlua_State@@PAVILuaInterface@@@std@@@4@$0A@@std@@@std@@IAEXPAU?$_Tree_node@U?$pair@QAUlua_State@@PAVILuaInterface@@@std@@PAX@2@@Z 10003bd8 f i ILuaModuleManager.obj
 0001:00002c20       ?_Buynode0@?$_Tree_buy@U?$pair@QAUlua_State@@PAVILuaInterface@@@std@@V?$allocator@U?$pair@QAUlua_State@@PAVILuaInterface@@@std@@@2@@std@@QAEPAU?$_Tree_node@U?$pair@QAUlua_State@@PAVILuaInterface@@@std@@PAX@2@XZ 10003c20 f i ILuaModuleManager.obj
 0001:00002d41       ?_Freenode0@?$_Tree_buy@U?$pair@QAUlua_State@@PAVILuaInterface@@@std@@V?$allocator@U?$pair@QAUlua_State@@PAVILuaInterface@@@std@@@2@@std@@QAEXPAU?$_Tree_node@U?$pair@QAUlua_State@@PAVILuaInterface@@@std@@PAX@2@@Z 10003d41 f i ILuaModuleManager.obj
 0001:00002dd1       ??0?$_Tree_const_iterator@V?$_Tree_val@U?$_Tree_simple_types@U?$pair@QAUlua_State@@PAVILuaInterface@@@std@@@std@@@std@@@std@@QAE@XZ 10003dd1 f i ILuaModuleManager.obj
 0001:00002de5       ??F?$_Tree_const_iterator@V?$_Tree_val@U?$_Tree_simple_types@U?$pair@QAUlua_State@@PAVILuaInterface@@@std@@@std@@@std@@@std@@QAEAAV01@XZ 10003de5 f i ILuaModuleManager.obj
 0001:00002df9       ??E?$_Tree_iterator@V?$_Tree_val@U?$_Tree_simple_types@U?$pair@QAUlua_State@@PAVILuaInterface@@@std@@@std@@@std@@@std@@QAEAAV01@XZ 10003df9 f i ILuaModuleManager.obj
 0001:00002e0d       ??0?$_Tree_unchecked_const_iterator@V?$_Tree_val@U?$_Tree_simple_types@U?$pair@QAUlua_State@@PAVILuaInterface@@@std@@@std@@@std@@U_Iterator_base0@2@@std@@QAE@XZ 10003e0d f i ILuaModuleManager.obj
 0001:00002e1f       ??F?$_Tree_unchecked_const_iterator@V?$_Tree_val@U?$_Tree_simple_types@U?$pair@QAUlua_State@@PAVILuaInterface@@@std@@@std@@@std@@U_Iterator_base0@2@@std@@QAEAAV01@XZ 10003e1f f i ILuaModuleManager.obj
 0001:00002ee1       ??$construct@U?$pair@QAUlua_State@@PAVILuaInterface@@@std@@U?$pair@PAUlua_State@@PAVILuaInterface@@@2@@?$_Wrap_alloc@V?$allocator@U?$_Tree_node@U?$pair@QAUlua_State@@PAVILuaInterface@@@std@@PAX@std@@@std@@@std@@QAEXPAU?$pair@QAUlua_State@@PAVILuaInterface@@@1@$$QAU?$pair@PAUlua_State@@PAVILuaInterface@@@1@@Z 10003ee1 f i ILuaModuleManager.obj
 0001:00002f04       ??$_Insert_at@AAU?$pair@QAUlua_State@@PAVILuaInterface@@@std@@PAU?$_Tree_node@U?$pair@QAUlua_State@@PAVILuaInterface@@@std@@PAX@2@@?$_Tree@V?$_Tmap_traits@PAUlua_State@@PAVILuaInterface@@U?$less@PAUlua_State@@@std@@V?$allocator@U?$pair@QAUlua_State@@PAVILuaInterface@@@std@@@4@$0A@@std@@@std@@IAE?AV?$_Tree_iterator@V?$_Tree_val@U?$_Tree_simple_types@U?$pair@QAUlua_State@@PAVILuaInterface@@@std@@@std@@@std@@@1@_NPAU?$_Tree_node@U?$pair@QAUlua_State@@PAVILuaInterface@@@std@@PAX@1@AAU?$pair@QAUlua_State@@PAVILuaInterface@@@1@1@Z 10003f04 f i ILuaModuleManager.obj
 0001:00003272       ??$_Insert_nohint@AAU?$pair@QAUlua_State@@PAVILuaInterface@@@std@@PAU?$_Tree_node@U?$pair@QAUlua_State@@PAVILuaInterface@@@std@@PAX@2@@?$_Tree@V?$_Tmap_traits@PAUlua_State@@PAVILuaInterface@@U?$less@PAUlua_State@@@std@@V?$allocator@U?$pair@QAUlua_State@@PAVILuaInterface@@@std@@@4@$0A@@std@@@std@@IAE?AU?$pair@V?$_Tree_iterator@V?$_Tree_val@U?$_Tree_simple_types@U?$pair@QAUlua_State@@PAVILuaInterface@@@std@@@std@@@std@@@std@@_N@1@_NAAU?$pair@QAUlua_State@@PAVILuaInterface@@@1@PAU?$_Tree_node@U?$pair@QAUlua_State@@PAVILuaInterface@@@std@@PAX@1@@Z 10004272 f i ILuaModuleManager.obj
 0001:00003608       ??$construct@PAU?$_Tree_node@U?$pair@QAUlua_State@@PAVILuaInterface@@@std@@PAX@std@@AAPAU12@@?$allocator@U?$_Tree_node@U?$pair@QAUlua_State@@PAVILuaInterface@@@std@@PAX@std@@@std@@QAEXPAPAU?$_Tree_node@U?$pair@QAUlua_State@@PAVILuaInterface@@@std@@PAX@1@AAPAU21@@Z 10004608 f i ILuaModuleManager.obj
 0001:00003608       ??$construct@PADAAPAD@?$allocator@D@std@@QAEXPAPADAAPAD@Z 10004608 f i ILuaObject.obj
 0001:0000367e       ?max_size@?$_Tree@V?$_Tmap_traits@PAUlua_State@@PAVILuaInterface@@U?$less@PAUlua_State@@@std@@V?$allocator@U?$pair@QAUlua_State@@PAVILuaInterface@@@std@@@4@$0A@@std@@@std@@QBEIXZ 1000467e f i ILuaModuleManager.obj
 0001:0000369b       ??F?$_Tree_iterator@V?$_Tree_val@U?$_Tree_simple_types@U?$pair@QAUlua_State@@PAVILuaInterface@@@std@@@std@@@std@@@std@@QAEAAV01@XZ 1000469b f i ILuaModuleManager.obj
 0001:000036af       ?max_size@?$_Wrap_alloc@V?$allocator@U?$_Tree_node@U?$pair@QAUlua_State@@PAVILuaInterface@@@std@@PAX@std@@@std@@@std@@QBEIXZ 100046af f i ILuaModuleManager.obj
 0001:000036c1       ?max_size@?$allocator_traits@V?$allocator@U?$_Tree_node@U?$pair@QAUlua_State@@PAVILuaInterface@@@std@@PAX@std@@@std@@@std@@SAIABV?$allocator@U?$_Tree_node@U?$pair@QAUlua_State@@PAVILuaInterface@@@std@@PAX@std@@@2@@Z 100046c1 f i ILuaModuleManager.obj
 0001:000036ce       ?max_size@?$allocator@U?$_Tree_node@U?$pair@QAUlua_State@@PAVILuaInterface@@@std@@PAX@std@@@std@@QBEIXZ 100046ce f i ILuaModuleManager.obj
 0001:000036dc       ??$construct@U?$pair@QAUlua_State@@PAVILuaInterface@@@std@@U?$pair@PAUlua_State@@PAVILuaInterface@@@2@@?$allocator_traits@V?$allocator@U?$_Tree_node@U?$pair@QAUlua_State@@PAVILuaInterface@@@std@@PAX@std@@@std@@@std@@SAXAAV?$allocator@U?$_Tree_node@U?$pair@QAUlua_State@@PAVILuaInterface@@@std@@PAX@std@@@1@PAU?$pair@QAUlua_State@@PAVILuaInterface@@@1@$$QAU?$pair@PAUlua_State@@PAVILuaInterface@@@1@@Z 100046dc f i ILuaModuleManager.obj
 0001:000036f6       ??$_Buynode_if_nil@AAU?$pair@QAUlua_State@@PAVILuaInterface@@@std@@@?$_Tree@V?$_Tmap_traits@PAUlua_State@@PAVILuaInterface@@U?$less@PAUlua_State@@@std@@V?$allocator@U?$pair@QAUlua_State@@PAVILuaInterface@@@std@@@4@$0A@@std@@@std@@IAEPAU?$_Tree_node@U?$pair@QAUlua_State@@PAVILuaInterface@@@std@@PAX@1@PAU21@AAU?$pair@QAUlua_State@@PAVILuaInterface@@@1@@Z 100046f6 f i ILuaModuleManager.obj
 0001:00003704       ??$?0AAV?$_Tree_iterator@V?$_Tree_val@U?$_Tree_simple_types@U?$pair@QAUlua_State@@PAVILuaInterface@@@std@@@std@@@std@@@std@@_N@?$pair@V?$_Tree_iterator@V?$_Tree_val@U?$_Tree_simple_types@U?$pair@QAUlua_State@@PAVILuaInterface@@@std@@@std@@@std@@@std@@_N@std@@QAE@AAV?$_Tree_iterator@V?$_Tree_val@U?$_Tree_simple_types@U?$pair@QAUlua_State@@PAVILuaInterface@@@std@@@std@@@std@@@1@$$QA_NPAPAX@Z 10004704 f i ILuaModuleManager.obj
 0001:00003704       ??$?0V?$_Tree_iterator@V?$_Tree_val@U?$_Tree_simple_types@U?$pair@QAUlua_State@@PAVILuaInterface@@@std@@@std@@@std@@@std@@_N@?$pair@V?$_Tree_iterator@V?$_Tree_val@U?$_Tree_simple_types@U?$pair@QAUlua_State@@PAVILuaInterface@@@std@@@std@@@std@@@std@@_N@std@@QAE@$$QAV?$_Tree_iterator@V?$_Tree_val@U?$_Tree_simple_types@U?$pair@QAUlua_State@@PAVILuaInterface@@@std@@@std@@@std@@@1@$$QA_NPAPAX@Z 10004704 f i ILuaModuleManager.obj
 0001:00003733       ??$?0V?$_Tree_iterator@V?$_Tree_val@U?$_Tree_simple_types@U?$pair@QAUlua_State@@PAVILuaInterface@@@std@@@std@@@std@@@std@@_N@?$pair@V?$_Tree_iterator@V?$_Tree_val@U?$_Tree_simple_types@U?$pair@QAUlua_State@@PAVILuaInterface@@@std@@@std@@@std@@@std@@_N@std@@QAE@$$QAU01@PAPAX@Z 10004733 f i ILuaModuleManager.obj
 0001:00003766       ??$construct@U?$pair@QAUlua_State@@PAVILuaInterface@@@std@@U?$pair@PAUlua_State@@PAVILuaInterface@@@2@@?$allocator@U?$_Tree_node@U?$pair@QAUlua_State@@PAVILuaInterface@@@std@@PAX@std@@@std@@QAEXPAU?$pair@QAUlua_State@@PAVILuaInterface@@@1@$$QAU?$pair@PAUlua_State@@PAVILuaInterface@@@1@@Z 10004766 f i ILuaModuleManager.obj
 0001:000037dd       ??$?0PAUlua_State@@PAVILuaInterface@@@?$pair@QAUlua_State@@PAVILuaInterface@@@std@@QAE@$$QAU?$pair@PAUlua_State@@PAVILuaInterface@@@1@PAPAX@Z 100047dd f i ILuaModuleManager.obj
 0001:00003810       ?length@?$char_traits@D@std@@SAIPBD@Z 10004810 f i ILuaObject.obj
 0001:00003858       ?copy@?$char_traits@D@std@@SAPADPADPBDI@Z 10004858 f i ILuaObject.obj
 0001:00003883       ?move@?$char_traits@D@std@@SAPADPADPBDI@Z 10004883 f i ILuaObject.obj
 0001:000038ae       ?assign@?$char_traits@D@std@@SAXAADABD@Z 100048ae f i ILuaObject.obj
 0001:000038bd       ??0Iterator_t@?$CUtlMemory@U?$UtlLinkedListElem_t@UGroundSeedSpot@@H@@H@@QAE@H@Z 100048bd f i nav.obj
 0001:000038bd       ??0Iterator_t@?$CUtlMemory@U?$UtlLinkedListElem_t@UAirSeedSpot@@H@@H@@QAE@H@Z 100048bd f i nav.obj
 0001:000038bd       ??0id@locale@std@@QAE@I@Z  100048bd f i ILuaObject.obj
 0001:000038d3       ??0error_category@std@@QAE@XZ 100048d3 f i ILuaObject.obj
 0001:000038e8       ??1error_category@std@@UAE@XZ 100048e8 f i ILuaObject.obj
 0001:000038fa       ??8error_category@std@@QBE_NABV01@@Z 100048fa f i ILuaObject.obj
 0001:0000391e       ??_Eerror_category@std@@UAEPAXI@Z 1000491e f i * CIL library *:* CIL module *
 0001:0000391e       ??_Gerror_category@std@@UAEPAXI@Z 1000491e f i ILuaObject.obj
 0001:00003945       ??0ILuaObject@@QAE@PAVILuaBase@Lua@GarrysMod@@H@Z 10004945 f i ILuaObject.obj
 0001:00003945       ??0error_condition@std@@QAE@HABVerror_category@1@@Z 10004945 f i ILuaObject.obj
 0001:00003964       ??8error_condition@std@@QBE_NABV01@@Z 10004964 f i ILuaObject.obj
 0001:000039b7       ?default_error_condition@error_category@std@@UBE?AVerror_condition@2@H@Z 100049b7 f i ILuaObject.obj
 0001:000039d3       ?equivalent@error_category@std@@UBE_NHABVerror_condition@2@@Z 100049d3 f i ILuaObject.obj
 0001:000039fc       ?equivalent@error_category@std@@UBE_NABVerror_code@2@H@Z 100049fc f i ILuaObject.obj
 0001:00003a3d       ??0_Generic_error_category@std@@QAE@XZ 10004a3d f i ILuaObject.obj
 0001:00003a5a       ?name@_Generic_error_category@std@@UBEPBDXZ 10004a5a f i ILuaObject.obj
 0001:00003a68       ?message@_Generic_error_category@std@@UBE?AV?$basic_string@DU?$char_traits@D@std@@V?$allocator@D@2@@2@H@Z 10004a68 f i ILuaObject.obj
 0001:00003ab1       ??_E_Generic_error_category@std@@UAEPAXI@Z 10004ab1 f i * CIL library *:* CIL module *
 0001:00003ab1       ??_G_Generic_error_category@std@@UAEPAXI@Z 10004ab1 f i ILuaObject.obj
 0001:00003ad8       ??1_Generic_error_category@std@@UAE@XZ 10004ad8 f i ILuaObject.obj
 0001:00003ae9       ??0_Iostream_error_category@std@@QAE@XZ 10004ae9 f i ILuaObject.obj
 0001:00003b06       ?name@_Iostream_error_category@std@@UBEPBDXZ 10004b06 f i ILuaObject.obj
 0001:00003b14       ?message@_Iostream_error_category@std@@UBE?AV?$basic_string@DU?$char_traits@D@std@@V?$allocator@D@2@@2@H@Z 10004b14 f i ILuaObject.obj
 0001:00003b61       ??_G_System_error_category@std@@UAEPAXI@Z 10004b61 f i ILuaObject.obj
 0001:00003b61       ??_E_System_error_category@std@@UAEPAXI@Z 10004b61 f i * CIL library *:* CIL module *
 0001:00003b61       ??_G_Iostream_error_category@std@@UAEPAXI@Z 10004b61 f i ILuaObject.obj
 0001:00003b61       ??_E_Iostream_error_category@std@@UAEPAXI@Z 10004b61 f i * CIL library *:* CIL module *
 0001:00003b88       ??1_Iostream_error_category@std@@UAE@XZ 10004b88 f i ILuaObject.obj
 0001:00003b88       ??1_System_error_category@std@@UAE@XZ 10004b88 f i ILuaObject.obj
 0001:00003b99       ??0_System_error_category@std@@QAE@XZ 10004b99 f i ILuaObject.obj
 0001:00003bb6       ?name@_System_error_category@std@@UBEPBDXZ 10004bb6 f i ILuaObject.obj
 0001:00003bc4       ?message@_System_error_category@std@@UBE?AV?$basic_string@DU?$char_traits@D@std@@V?$allocator@D@2@@2@H@Z 10004bc4 f i ILuaObject.obj
 0001:00003c0d       ?default_error_condition@_System_error_category@std@@UBE?AVerror_condition@2@H@Z 10004c0d f i ILuaObject.obj
 0001:00003c51       ?generic_category@std@@YAABVerror_category@1@XZ 10004c51 f i ILuaObject.obj
 0001:00003c5b       ?system_category@std@@YAABVerror_category@1@XZ 10004c5b f i ILuaObject.obj
 0001:00003c65       ?ValidateGrowSize@?$CUtlMemory@U?$UtlLinkedListElem_t@UGroundSeedSpot@@H@@H@@IAEXXZ 10004c65 f   nav.obj
 0001:00003c65       ?OnCall@?$CMemberFuncProxyBase@PAVNav@@P81@AEXPAUJobInfo_t@@PAVNode@@1@ZVCFuncMemPolicyNone@@@@IAEXXZ 10004c65 f   nav.obj
 0001:00003c65       ?ValidateGrowSize@?$CUtlMemory@U?$UtlLinkedListElem_t@UAirSeedSpot@@H@@H@@IAEXXZ 10004c65 f   nav.obj
 0001:00003c65       ?ValidateGrowSize@?$CUtlMemory@PAUJobInfo_t@@H@@IAEXXZ 10004c65 f   main.obj
 0001:00003c65       ??1?$CRefCountServiceBase@$00VCRefMT@@@@MAE@XZ 10004c65 f   nav.obj
 0001:00003c65       ?ValidateGrowSize@?$CUtlMemory@PAVNode@@H@@IAEXXZ 10004c65 f   main.obj
 0001:00003c65       ?OnCall@?$CMemberFuncProxyBase@PAVNav@@P81@AEXPA_N@ZVCFuncMemPolicyNone@@@@IAEXXZ 10004c65 f   nav.obj
 0001:00003c65       ??1ILuaObject@@QAE@XZ      10004c65 f   ILuaObject.obj
 0001:00003c6e       ?UnReference@ILuaObject@@QAEXXZ 10004c6e f   ILuaObject.obj
 0001:00003cb6       ??_GILuaObject@@QAEPAXI@Z  10004cb6 f i ILuaObject.obj
 0001:00003cdd       ?SetMember@ILuaObject@@QAEXPBDPAV1@@Z 10004cdd f   ILuaObject.obj
 0001:00003d2e       ?SetMember@ILuaObject@@QAEXPBDN@Z 10004d2e f   ILuaObject.obj
 0001:00003d92       ?SetMember@ILuaObject@@QAEXPBDP6AHPAUlua_State@@@Z@Z 10004d92 f   ILuaObject.obj
 0001:00003df0       ?SetMember@ILuaObject@@QAEXNPAV1@@Z 10004df0 f   ILuaObject.obj
 0001:00003e48       ?SetMember@ILuaObject@@QAEXMPAV1@@Z 10004e48 f   ILuaObject.obj
 0001:00003e6a       ?GetMember@ILuaObject@@QAEPAV1@PBD@Z 10004e6a f   ILuaObject.obj
 0001:00003f1f       ?Push@ILuaObject@@QAEXXZ   10004f1f f   ILuaObject.obj
 0001:00003f40       ??0?$basic_string@DU?$char_traits@D@std@@V?$allocator@D@2@@std@@QAE@PBD@Z 10004f40 f i ILuaObject.obj
 0001:00003f77       ?assign@?$basic_string@DU?$char_traits@D@std@@V?$allocator@D@2@@std@@QAEAAV12@PBD@Z 10004f77 f i ILuaObject.obj
 0001:00003f97       ?TellPut@CUtlBuffer@@QBEHXZ 10004f97 f i nav.obj
 0001:00003f97       ?size@?$basic_string@DU?$char_traits@D@std@@V?$allocator@D@2@@std@@QBEIXZ 10004f97 f i ILuaObject.obj
 0001:00003fa6       ?_Tidy@?$basic_string@DU?$char_traits@D@std@@V?$allocator@D@2@@std@@QAEX_NI@Z 10004fa6 f i ILuaObject.obj
 0001:00004035       ??0?$_String_alloc@$0A@U?$_String_base_types@DV?$allocator@D@std@@@std@@@std@@QAE@ABV?$allocator@D@1@@Z 10005035 f i ILuaObject.obj
 0001:0000404b       ?_Myptr@?$_String_val@U?$_Simple_types@D@std@@@std@@QAEPADXZ 1000504b f i ILuaObject.obj
 0001:0000404b       ?_Myptr@?$_String_val@U?$_Simple_types@D@std@@@std@@QBEPBDXZ 1000504b f i ILuaObject.obj
 0001:00004077       ?assign@?$basic_string@DU?$char_traits@D@std@@V?$allocator@D@2@@std@@QAEAAV12@PBDI@Z 10005077 f i ILuaObject.obj
 0001:000040eb       ?_Eos@?$basic_string@DU?$char_traits@D@std@@V?$allocator@D@2@@std@@QAEXI@Z 100050eb f i ILuaObject.obj
 0001:0000411b       ?_Xran@?$basic_string@DU?$char_traits@D@std@@V?$allocator@D@2@@std@@QBEXXZ 1000511b f i ILuaObject.obj
 0001:0000412e       ??0?$_String_val@U?$_Simple_types@D@std@@@std@@QAE@XZ 1000512e f i ILuaObject.obj
 0001:00004148       ?assign@?$basic_string@DU?$char_traits@D@std@@V?$allocator@D@2@@std@@QAEAAV12@ABV12@II@Z 10005148 f i ILuaObject.obj
 0001:000041ed       ?_Grow@?$basic_string@DU?$char_traits@D@std@@V?$allocator@D@2@@std@@QAE_NI_N@Z 100051ed f i ILuaObject.obj
 0001:0000428c       ?_Inside@?$basic_string@DU?$char_traits@D@std@@V?$allocator@D@2@@std@@QAE_NPBD@Z 1000528c f i ILuaObject.obj
 0001:000042c5       ?_Xlen@?$basic_string@DU?$char_traits@D@std@@V?$allocator@D@2@@std@@QBEXXZ 100052c5 f i ILuaObject.obj
 0001:000042d8       ?erase@?$basic_string@DU?$char_traits@D@std@@V?$allocator@D@2@@std@@QAEAAV12@I@Z 100052d8 f i ILuaObject.obj
 0001:00004304       ?erase@?$basic_string@DU?$char_traits@D@std@@V?$allocator@D@2@@std@@QAEAAV12@II@Z 10005304 f i ILuaObject.obj
 0001:00004386       ?max_size@?$basic_string@DU?$char_traits@D@std@@V?$allocator@D@2@@std@@QBEIXZ 10005386 f i ILuaObject.obj
 0001:000043c0       ?_Copy@?$basic_string@DU?$char_traits@D@std@@V?$allocator@D@2@@std@@QAEXII@Z 100053c0 f i ILuaObject.obj
 0001:00004560       ?allocate@?$_Wrap_alloc@V?$allocator@D@std@@@std@@QAEPADI@Z 10005560 f i ILuaObject.obj
 0001:00004576       ?max_size@?$_Wrap_alloc@V?$allocator@D@std@@@std@@QBEIXZ 10005576 f i ILuaObject.obj
 0001:00004588       ?allocate@?$allocator@D@std@@QAEPADI@Z 10005588 f i ILuaObject.obj
 0001:0000459f       ?max_size@?$allocator_traits@V?$allocator@D@std@@@std@@SAIABV?$allocator@D@2@@Z 1000559f f i ILuaObject.obj
 0001:000045ac       ?max_size@?$allocator@D@std@@QBEIXZ 100055ac f i ILuaObject.obj
 0001:000045b8       ??$_Allocate@D@std@@YAPADIPAD@Z 100055b8 f i ILuaObject.obj
 0001:000045ea       ??0Vector@@QAE@MMM@Z       100055ea f i main.obj
 0001:0000461e       ??4Vector@@QAEAAV0@ABV0@@Z 1000561e f i main.obj
 0001:0000464e       ?VectorSubtract@@YAXABVVector@@0AAV1@@Z 1000564e f i main.obj
 0001:00004698       ?VectorLength@@YAMABVVector@@@Z 10005698 f i main.obj
 0001:000046e0       ?Length@Vector@@QBEMXZ     100056e0 f i main.obj
 0001:000046f2       ?DistTo@Vector@@QBEMABV1@@Z 100056f2 f i main.obj
 0001:00004721       ??0Vector4D@@QAE@MMMM@Z    10005721 f i main.obj
 0001:00004762       ??0ThreadPoolStartParams_t@@QAE@_NIPAHW4ThreeState_t@@IH@Z 10005762 f i main.obj
 0001:0000484d       ?IsFinished@CJob@@QBE_NXZ  1000584d f i main.obj
 0001:000048a9       _gmod13_open               100058a9 f   main.obj
 0001:000048c5       _gmod13_close              100058c5 f   main.obj
 0001:000048e8       ?NewVectorObject@@YAPAVILuaObject@@PAUlua_State@@AAVVector@@@Z 100058e8 f   main.obj
 0001:00004a3f       ?GMOD_PushVector@@YAXPAUlua_State@@AAVVector@@@Z 10005a3f f   main.obj
 0001:00004a75       ?GMOD_GetVector@@YAAAVVector@@PAUlua_State@@H@Z 10005a75 f   main.obj
 0001:00004a75       ?GetNode@@YAPAVNode@@PAUlua_State@@H@Z 10005a75 f   main.obj
 0001:00004a92       ?GetNav@@YAPAVNav@@PAUlua_State@@H@Z 10005a92 f   main.obj
 0001:00004ad7       ?PushNav@@YAXPAUlua_State@@PAVNav@@@Z 10005ad7 f   main.obj
 0001:00004b46       ?PushNode@@YAXPAUlua_State@@PAVNode@@@Z 10005b46 f   main.obj
 0001:00004bb5       ?nav_Create@@YAHPAUlua_State@@@Z 10005bb5 f   main.obj
 0001:00004c72       ?nav_Poll@@YAHPAUlua_State@@@Z 10005c72 f   main.obj
 0001:0000501c       ??_GJobInfo_t@@QAEPAXI@Z   1000601c f i main.obj
 0001:00005043       ??1JobInfo_t@@QAE@XZ       10006043 f i main.obj
 0001:00005057       ?Nav_GetNodeByID@@YAHPAUlua_State@@@Z 10006057 f   main.obj
 0001:000050d9       ?Nav_GetNodeTotal@@YAHPAUlua_State@@@Z 100060d9 f   main.obj
 0001:00005136       ?Nav_GetNodes@@YAHPAUlua_State@@@Z 10006136 f   main.obj
 0001:0000524e       ?Nav_SetupMaxDistance@@YAHPAUlua_State@@@Z 1000624e f   main.obj
 0001:000052e0       ?Nav_AddGroundSeed@@YAHPAUlua_State@@@Z 100062e0 f   main.obj
 0001:00005362       ?Nav_AddAirSeed@@YAHPAUlua_State@@@Z 10006362 f   main.obj
 0001:000053be       ?Nav_ClearGroundSeeds@@YAHPAUlua_State@@@Z 100063be f   main.obj
 0001:000053f4       ?Nav_ClearAirSeeds@@YAHPAUlua_State@@@Z 100063f4 f   main.obj
 0001:0000542a       ?Nav_Generate@@YAHPAUlua_State@@@Z 1000642a f   main.obj
 0001:000055e8       ??0JobInfo_t@@QAE@XZ       100065e8 f i main.obj
 0001:00005619       ?Nav_FullGeneration@@YAHPAUlua_State@@@Z 10006619 f   main.obj
 0001:000056b2       ?Nav_IsGenerated@@YAHPAUlua_State@@@Z 100066b2 f   main.obj
 0001:00005702       ?Nav_FindPath@@YAHPAUlua_State@@@Z 10006702 f   main.obj
 0001:00005865       ?Nav_FindPathHull@@YAHPAUlua_State@@@Z 10006865 f   main.obj
 0001:00005a2e       ?Nav_GetHeuristic@@YAHPAUlua_State@@@Z 10006a2e f   main.obj
 0001:00005a84       ?Nav_GetStart@@YAHPAUlua_State@@@Z 10006a84 f   main.obj
 0001:00005ac6       ?Nav_GetEnd@@YAHPAUlua_State@@@Z 10006ac6 f   main.obj
 0001:00005b08       ?Nav_SetHeuristic@@YAHPAUlua_State@@@Z 10006b08 f   main.obj
 0001:00005b74       ?Nav_SetStart@@YAHPAUlua_State@@@Z 10006b74 f   main.obj
 0001:00005bd3       ?Nav_SetEnd@@YAHPAUlua_State@@@Z 10006bd3 f   main.obj
 0001:00005c32       ?Nav_GetNode@@YAHPAUlua_State@@@Z 10006c32 f   main.obj
 0001:00005c9a       ?Nav_GetClosestNode@@YAHPAUlua_State@@@Z 10006c9a f   main.obj
 0001:00005d02       ?Nav_GetNodesInSphere@@YAHPAUlua_State@@@Z 10006d02 f   main.obj
 0001:00005eae       ?Nav_Save@@YAHPAUlua_State@@@Z 10006eae f   main.obj
 0001:00005f31       ?Nav_Load@@YAHPAUlua_State@@@Z 10006f31 f   main.obj
 0001:00005fb4       ?Nav_GetDiagonal@@YAHPAUlua_State@@@Z 10006fb4 f   main.obj
 0001:00006004       ?Nav_SetDiagonal@@YAHPAUlua_State@@@Z 10007004 f   main.obj
 0001:00006055       ?Nav_GetGridSize@@YAHPAUlua_State@@@Z 10007055 f   main.obj
 0001:000060ab       ?Nav_SetGridSize@@YAHPAUlua_State@@@Z 100070ab f   main.obj
 0001:00006112       ?Nav_GetMask@@YAHPAUlua_State@@@Z 10007112 f   main.obj
 0001:00006168       ?Nav_SetMask@@YAHPAUlua_State@@@Z 10007168 f   main.obj
 0001:000061cf       ?Nav_CreateNode@@YAHPAUlua_State@@@Z 100071cf f   main.obj
 0001:00006261       ?Nav_RemoveNode@@YAHPAUlua_State@@@Z 10007261 f   main.obj
 0001:000062c0       ?Node__eq@@YAHPAUlua_State@@@Z 100072c0 f   main.obj
 0001:00006351       ?Node_GetID@@YAHPAUlua_State@@@Z 10007351 f   main.obj
 0001:000063af       ?Node_GetPosition@@YAHPAUlua_State@@@Z 100073af f   main.obj
 0001:000063ea       ?Node_GetNormal@@YAHPAUlua_State@@@Z 100073ea f   main.obj
 0001:00006428       ?Node_IsDisabled@@YAHPAUlua_State@@@Z 10007428 f   main.obj
 0001:00006478       ?Node_SetDisabled@@YAHPAUlua_State@@@Z 10007478 f   main.obj
 0001:000064e2       ?Node_GetConnections@@YAHPAUlua_State@@@Z 100074e2 f   main.obj
 0001:000065ee       ?Node_IsConnected@@YAHPAUlua_State@@@Z 100075ee f   main.obj
 0001:000066b3       ?Node_SetNormal@@YAHPAUlua_State@@@Z 100076b3 f   main.obj
 0001:0000670f       ?Node_SetPosition@@YAHPAUlua_State@@@Z 1000770f f   main.obj
 0001:0000676b       ?Node_ConnectTo@@YAHPAUlua_State@@@Z 1000776b f   main.obj
 0001:00006849       ?Node_RemoveConnection@@YAHPAUlua_State@@@Z 10007849 f   main.obj
 0001:000068e6       ?Init@@YAHPAUlua_State@@@Z 100078e6 f   main.obj
 0001:00007341       ?Shutdown@@YAHPAUlua_State@@@Z 10008341 f   main.obj
 0001:000073d4       ??0?$CUtlVector@PAVNode@@V?$CUtlMemory@PAVNode@@H@@@@QAE@HH@Z 100083d4 f i main.obj
 0001:000073d4       ??0?$CUtlVector@PAUJobInfo_t@@V?$CUtlMemory@PAUJobInfo_t@@H@@@@QAE@HH@Z 100083d4 f i main.obj
 0001:00007431       ??1?$CUtlVector@PAVNode@@V?$CUtlMemory@PAVNode@@H@@@@QAE@XZ 10008431 f i main.obj
 0001:00007431       ??1?$CUtlVector@PAUJobInfo_t@@V?$CUtlMemory@PAUJobInfo_t@@H@@@@QAE@XZ 10008431 f i main.obj
 0001:0000747c       ?Element@?$CUtlVector@PAUJobInfo_t@@V?$CUtlMemory@PAUJobInfo_t@@H@@@@QAEAAPAUJobInfo_t@@H@Z 1000847c f i main.obj
 0001:0000747c       ?Element@?$CUtlVector@PAVNode@@V?$CUtlMemory@PAVNode@@H@@@@QBEABQAVNode@@H@Z 1000847c f i nav.obj
 0001:0000747c       ??A?$CUtlVector@PAUJobInfo_t@@V?$CUtlMemory@PAUJobInfo_t@@H@@@@QAEAAPAUJobInfo_t@@H@Z 1000847c f i main.obj
 0001:0000747c       ??A?$CUtlVector@PAVNode@@V?$CUtlMemory@PAVNode@@H@@@@QAEAAPAVNode@@H@Z 1000847c f i main.obj
 0001:0000747c       ?Element@?$CUtlVector@PAVNode@@V?$CUtlMemory@PAVNode@@H@@@@QAEAAPAVNode@@H@Z 1000847c f i main.obj
 0001:00007492       ?Size@?$CUtlVector@PAVNode@@V?$CUtlMemory@PAVNode@@H@@@@QBEHXZ 10008492 f i main.obj
 0001:00007492       ?Size@?$CUtlVector@PAUJobInfo_t@@V?$CUtlMemory@PAUJobInfo_t@@H@@@@QBEHXZ 10008492 f i main.obj
 0001:00007492       ?Head@?$CUtlLinkedList@UGroundSeedSpot@@H$0A@HV?$CUtlMemory@U?$UtlLinkedListElem_t@UGroundSeedSpot@@H@@H@@@@QBEHXZ 10008492 f i nav.obj
 0001:00007492       ?Count@?$CUtlVector@PAVNode@@V?$CUtlMemory@PAVNode@@H@@@@QBEHXZ 10008492 f i main.obj
 0001:00007492       ?Head@?$CUtlLinkedList@UAirSeedSpot@@H$0A@HV?$CUtlMemory@U?$UtlLinkedListElem_t@UAirSeedSpot@@H@@H@@@@QBEHXZ 10008492 f i nav.obj
 0001:000074a1       ?AddToTail@?$CUtlVector@PAVNode@@V?$CUtlMemory@PAVNode@@H@@@@QAEHABQAVNode@@@Z 100084a1 f i nav.obj
 0001:000074a1       ?AddToTail@?$CUtlVector@PAUJobInfo_t@@V?$CUtlMemory@PAUJobInfo_t@@H@@@@QAEHABQAUJobInfo_t@@@Z 100084a1 f i main.obj
 0001:000074bd       ?Remove@?$CUtlVector@PAVNode@@V?$CUtlMemory@PAVNode@@H@@@@QAEXH@Z 100084bd f i nav.obj
 0001:000074bd       ?Remove@?$CUtlVector@PAUJobInfo_t@@V?$CUtlMemory@PAUJobInfo_t@@H@@@@QAEXH@Z 100084bd f i main.obj
 0001:000074f4       ??$SafeRelease@PAVIThreadPool@@@@YAHAAPAVIThreadPool@@@Z 100084f4 f i main.obj
 0001:000074f4       ??$SafeRelease@PAVCJob@@@@YAHAAPAVCJob@@@Z 100084f4 f i main.obj
 0001:00007528       ?ResetDbgInfo@?$CUtlVector@PAVNode@@V?$CUtlMemory@PAVNode@@H@@@@IAEXXZ 10008528 f i main.obj
 0001:00007528       ?ResetDbgInfo@?$CUtlVector@PAUJobInfo_t@@V?$CUtlMemory@PAUJobInfo_t@@H@@@@IAEXXZ 10008528 f i main.obj
 0001:0000753f       ?Base@?$CUtlVector@PAUJobInfo_t@@V?$CUtlMemory@PAUJobInfo_t@@H@@@@QAEPAPAUJobInfo_t@@XZ 1000853f f i main.obj
 0001:0000753f       ?Base@?$CUtlVector@PAVNode@@V?$CUtlMemory@PAVNode@@H@@@@QAEPAPAVNode@@XZ 1000853f f i main.obj
 0001:0000753f       ?Base@CUtlBuffer@@QAEPAXXZ 1000853f f i nav.obj
 0001:00007550       ?Purge@?$CUtlVector@PAUJobInfo_t@@V?$CUtlMemory@PAUJobInfo_t@@H@@@@QAEXXZ 10008550 f i main.obj
 0001:00007550       ?Purge@?$CUtlVector@PAVNode@@V?$CUtlMemory@PAVNode@@H@@@@QAEXXZ 10008550 f i main.obj
 0001:00007571       ??0?$CUtlMemory@PAVNode@@H@@QAE@HH@Z 10008571 f i main.obj
 0001:00007571       ??0?$CUtlMemory@PAUJobInfo_t@@H@@QAE@HH@Z 10008571 f i main.obj
 0001:000075cb       ??1?$CUtlMemory@PAVNode@@H@@QAE@XZ 100085cb f i main.obj
 0001:000075cb       ??1?$CUtlMemory@U?$UtlLinkedListElem_t@UGroundSeedSpot@@H@@H@@QAE@XZ 100085cb f i nav.obj
 0001:000075cb       ??1?$CUtlMemory@EH@@QAE@XZ 100085cb f i nav.obj
 0001:000075cb       ??1?$CUtlMemory@U?$UtlLinkedListElem_t@UAirSeedSpot@@H@@H@@QAE@XZ 100085cb f i nav.obj
 0001:000075cb       ??1?$CUtlMemory@PAUJobInfo_t@@H@@QAE@XZ 100085cb f i main.obj
 0001:000075dc       ??A?$CUtlMemory@PAVNode@@H@@QBEABQAVNode@@H@Z 100085dc f i nav.obj
 0001:000075dc       ??A?$CUtlMemory@PAVNode@@H@@QAEAAPAVNode@@H@Z 100085dc f i main.obj
 0001:000075dc       ??A?$CUtlMemory@PAUJobInfo_t@@H@@QAEAAPAUJobInfo_t@@H@Z 100085dc f i main.obj
 0001:000075f2       ?InsertBefore@?$CUtlVector@PAVNode@@V?$CUtlMemory@PAVNode@@H@@@@QAEHHABQAVNode@@@Z 100085f2 f i nav.obj
 0001:000075f2       ?InsertBefore@?$CUtlVector@PAUJobInfo_t@@V?$CUtlMemory@PAUJobInfo_t@@H@@@@QAEHHABQAUJobInfo_t@@@Z 100085f2 f i main.obj
 0001:0000762d       ?ShiftElementsLeft@?$CUtlVector@PAVNode@@V?$CUtlMemory@PAVNode@@H@@@@IAEXHH@Z 1000862d f i nav.obj
 0001:0000762d       ?ShiftElementsLeft@?$CUtlVector@PAUJobInfo_t@@V?$CUtlMemory@PAUJobInfo_t@@H@@@@IAEXHH@Z 1000862d f i main.obj
 0001:0000767f       ?RemoveAll@?$CUtlVector@PAUJobInfo_t@@V?$CUtlMemory@PAUJobInfo_t@@H@@@@QAEXXZ 1000867f f i main.obj
 0001:0000767f       ?RemoveAll@?$CUtlVector@PAVNode@@V?$CUtlMemory@PAVNode@@H@@@@QAEXXZ 1000867f f i main.obj
 0001:000076b6       ?Purge@?$CUtlMemory@U?$UtlLinkedListElem_t@UGroundSeedSpot@@H@@H@@QAEXXZ 100086b6 f i nav.obj
 0001:000076b6       ?Purge@?$CUtlMemory@PAUJobInfo_t@@H@@QAEXXZ 100086b6 f i main.obj
 0001:000076b6       ?Purge@?$CUtlMemory@EH@@QAEXXZ 100086b6 f i nav.obj
 0001:000076b6       ?Purge@?$CUtlMemory@PAVNode@@H@@QAEXXZ 100086b6 f i main.obj
 0001:000076b6       ?Purge@?$CUtlMemory@U?$UtlLinkedListElem_t@UAirSeedSpot@@H@@H@@QAEXXZ 100086b6 f i nav.obj
 0001:000076fc       ?GrowVector@?$CUtlVector@PAVNode@@V?$CUtlMemory@PAVNode@@H@@@@IAEXH@Z 100086fc f i nav.obj
 0001:000076fc       ?GrowVector@?$CUtlVector@PAUJobInfo_t@@V?$CUtlMemory@PAUJobInfo_t@@H@@@@IAEXH@Z 100086fc f i main.obj
 0001:00007751       ?ShiftElementsRight@?$CUtlVector@PAUJobInfo_t@@V?$CUtlMemory@PAUJobInfo_t@@H@@@@IAEXHH@Z 10008751 f i main.obj
 0001:00007751       ?ShiftElementsRight@?$CUtlVector@PAVNode@@V?$CUtlMemory@PAVNode@@H@@@@IAEXHH@Z 10008751 f i nav.obj
 0001:000077a3       ??$CopyConstruct@PAUJobInfo_t@@@@YAXPAPAUJobInfo_t@@ABQAU0@@Z 100087a3 f i main.obj
 0001:000077a3       ??$CopyConstruct@PAVNode@@@@YAXPAPAVNode@@ABQAV0@@Z 100087a3 f i nav.obj
 0001:000077d5       ?IsExternallyAllocated@?$CUtlMemory@EH@@QBE_NXZ 100087d5 f i nav.obj
 0001:000077d5       ?IsExternallyAllocated@?$CUtlMemory@PAVNode@@H@@QBE_NXZ 100087d5 f i main.obj
 0001:000077d5       ?IsExternallyAllocated@?$CUtlMemory@U?$UtlLinkedListElem_t@UGroundSeedSpot@@H@@H@@QBE_NXZ 100087d5 f i nav.obj
 0001:000077d5       ?IsExternallyAllocated@?$CUtlMemory@U?$UtlLinkedListElem_t@UAirSeedSpot@@H@@H@@QBE_NXZ 100087d5 f i nav.obj
 0001:000077d5       ?IsExternallyAllocated@?$CUtlMemory@PAUJobInfo_t@@H@@QBE_NXZ 100087d5 f i main.obj
 0001:000077f8       ?Grow@?$CUtlMemory@PAVNode@@H@@QAEXH@Z 100087f8 f i nav.obj
 0001:000077f8       ?Grow@?$CUtlMemory@PAUJobInfo_t@@H@@QAEXH@Z 100087f8 f i main.obj
 0001:000078f2       _fabsf                     100088f2 f i nav.obj
 0001:00007911       _sqrtf                     10008911 f i nav.obj
 0001:0000792d       ?fabs@@YAMM@Z              1000892d f i nav.obj
 0001:0000792d       ?abs@@YAMM@Z               1000892d f i nav.obj
 0001:00007943       ?pow@@YAMMH@Z              10008943 f i nav.obj
 0001:0000795d       ?sqrt@@YAMM@Z              1000895d f i nav.obj
 0001:00007973       ?V_memcpy@@YAXPAXPBXH@Z    10008973 f i nav.obj
 0001:00007989       ?ThreadInterlockedIncrement@@YAJPCJ@Z 10008989 f i nav.obj
 0001:0000799b       ?ThreadInterlockedDecrement@@YAJPCJ@Z 1000899b f i nav.obj
 0001:000079ad       ?IsZero@Vector@@QBE_NM@Z   100089ad f i nav.obj
 0001:00007a3c       ?VectorAdd@@YAXABVVector@@0AAV1@@Z 10008a3c f i nav.obj
 0001:00007a86       ?VectorMultiply@@YAXABVVector@@MAAV1@@Z 10008a86 f i nav.obj
 0001:00007ac8       ??HVector@@QBE?AV0@ABV0@@Z 10008ac8 f i nav.obj
 0001:00007aff       ??GVector@@QBE?AV0@ABV0@@Z 10008aff f i nav.obj
 0001:00007b36       ??DVector@@QBE?AV0@M@Z     10008b36 f i nav.obj
 0001:00007b75       ??0CBaseTrace@@QAE@XZ      10008b75 f i nav.obj
 0001:00007b9f       ??0CGameTrace@@QAE@XZ      10008b9f f i nav.obj
 0001:00007bb3       ?DidHit@CGameTrace@@QBE_NXZ 10008bb3 f i nav.obj
 0001:00007bf4       ?IsSwappingBytes@CByteswap@@QAE_NXZ 10008bf4 f i nav.obj
 0001:00007c05       ?PeekGet@CUtlBuffer@@QBEPBXH@Z 10008c05 f i nav.obj
 0001:00007c28       ??$GetTypeBin@M@CUtlBuffer@@IAEXAAM@Z 10008c28 f i nav.obj
 0001:00007d0b       ?GetInt@CUtlBuffer@@QAEHXZ 10008d0b f i nav.obj
 0001:00007d29       ?GetFloat@CUtlBuffer@@QAEMXZ 10008d29 f i nav.obj
 0001:00007d47       ?PeekPut@CUtlBuffer@@QAEPAXH@Z 10008d47 f i nav.obj
 0001:00007d6a       ?PutInt@CUtlBuffer@@QAEXH@Z 10008d6a f i nav.obj
 0001:00007d85       ?PutFloat@CUtlBuffer@@QAEXM@Z 10008d85 f i nav.obj
 0001:00007da8       ?IsText@CUtlBuffer@@QBE_NXZ 10008da8 f i nav.obj
 0001:00007dce       ?Increment@CRefMT@@SAHPAH@Z 10008dce f i nav.obj
 0001:00007ddc       ?Decrement@CRefMT@@SAHPAH@Z 10008ddc f i nav.obj
 0001:00007dea       ??0CFunctor@@QAE@XZ        10008dea f i nav.obj
 0001:00007e07       ??0IRefCounted@@QAE@XZ     10008e07 f i nav.obj
 0001:00007e1c       ??0Nav@@QAE@PAVGMUtility@@PAVIThreadPool@@PAVIFileSystem@@H@Z 10008e1c f   nav.obj
 0001:00007fd9       ?OppositeDirection@Nav@@SA?AW4NavDirType@@W42@@Z 10008fd9 f   nav.obj
 0001:00008075       ?SetGridSize@Nav@@QAEXH@Z  10009075 f   nav.obj
 0001:000080cd       ?GetNode@Nav@@QAEPAVNode@@ABVVector@@@Z 100090cd f   nav.obj
 0001:000081ab       ?GetNodeByID@Nav@@QAEPAVNode@@H@Z 100091ab f   nav.obj
 0001:000081df       ?AddNode@Nav@@QAEPAVNode@@ABVVector@@0W4NavDirType@@PAV2@@Z 100091df f   nav.obj
 0001:00008389       ?RemoveNode@Nav@@QAEXPAVNode@@@Z 10009389 f   nav.obj
 0001:0000841e       ?GetGridSize@Nav@@QAEHXZ   1000941e f   nav.obj
 0001:0000842d       ?IsGenerated@Nav@@QAE_NXZ  1000942d f   nav.obj
 0001:0000843b       ?SnapToGrid@Nav@@QAE?AVVector@@ABV2@_N1@Z 1000943b f   nav.obj
 0001:000084c3       ?Round@Nav@@QAEMMM@Z       100094c3 f   nav.obj
 0001:0000853d       ?GetGroundHeight@Nav@@QAE_NABVVector@@PAMPAV2@@Z 1000953d f   nav.obj
 0001:00008849       ??0GroundLayerInfo@?1??GetGroundHeight@Nav@@QAE_NABVVector@@PAMPAV3@@Z@QAE@XZ 10009849 f i nav.obj
 0001:00008860       ?GenerateQueue@Nav@@QAEPAVCJob@@PAUJobInfo_t@@@Z 10009860 f   nav.obj
 0001:000088a3       ?FullGeneration@Nav@@QAEXPA_N@Z 100098a3 f   nav.obj
 0001:00008991       ?ResetGeneration@Nav@@QAEXXZ 10009991 f   nav.obj
 0001:000089d4       ?SetupMaxDistance@Nav@@QAEXABVVector@@H@Z 100099d4 f   nav.obj
 0001:000089f6       ?AddGroundSeed@Nav@@QAEXABVVector@@0@Z 100099f6 f   nav.obj
 0001:00008a44       ??0GroundSeedSpot@@QAE@XZ  10009a44 f i nav.obj
 0001:00008a44       ??0AirSeedSpot@@QAE@XZ     10009a44 f i nav.obj
 0001:00008a63       ?AddAirSeed@Nav@@QAEXABVVector@@@Z 10009a63 f   nav.obj
 0001:00008aa6       ?ClearGroundSeeds@Nav@@QAEXXZ 10009aa6 f   nav.obj
 0001:00008abd       ?ClearAirSeeds@Nav@@QAEXXZ 10009abd f   nav.obj
 0001:00008ad4       ?GetNextGroundSeedNode@Nav@@QAEPAVNode@@XZ 10009ad4 f   nav.obj
 0001:00008e4c       ?GetNextAirSeedNode@Nav@@QAEPAVNode@@XZ 10009e4c f   nav.obj
 0001:00008faf       ?SampleStep@Nav@@QAE_NXZ   10009faf f   nav.obj
 0001:00009ba3       ?Save@Nav@@QAE_NPBD@Z      1000aba3 f   nav.obj
 0001:00009e17       ??1CUtlBuffer@@QAE@XZ      1000ae17 f i nav.obj
 0001:00009e28       ?Load@Nav@@QAE_NPBD@Z      1000ae28 f   nav.obj
 0001:0000a061       ?GetNodes@Nav@@QAEAAV?$CUtlVector@PAVNode@@V?$CUtlMemory@PAVNode@@H@@@@XZ 1000b061 f   nav.obj
 0001:0000a070       ?GetClosestNode@Nav@@QAEPAVNode@@ABVVector@@@Z 1000b070 f   nav.obj
 0001:0000a0fa       ?Reset@Nav@@QAEXXZ         1000b0fa f   nav.obj
 0001:0000a167       ?AddOpenedNode@Nav@@QAEXPAVNode@@@Z 1000b167 f   nav.obj
 0001:0000a18e       ?AddClosedNode@Nav@@QAEXPAVNode@@@Z 1000b18e f   nav.obj
 0001:0000a1cd       ?HeuristicDistance@Nav@@QAEMPBVVector@@0@Z 1000b1cd f   nav.obj
 0001:0000a214       ?ManhattanDistance@Nav@@QAEMPBVVector@@0@Z 1000b214 f   nav.obj
 0001:0000a2a7       ?EuclideanDistance@Nav@@QAEMPBVVector@@0@Z 1000b2a7 f   nav.obj
 0001:0000a347       ?FindLowestF@Nav@@QAEPAVNode@@XZ 1000b347 f   nav.obj
 0001:0000a3d7       ?FindPathQueue@Nav@@QAEPAVCJob@@PAUJobInfo_t@@@Z 1000b3d7 f   nav.obj
 0001:0000a40b       ?ExecuteFindPath@Nav@@QAEXPAUJobInfo_t@@PAVNode@@1@Z 1000b40b f   nav.obj
 0001:0000a6b3       ?GetMask@Nav@@QAEHXZ       1000b6b3 f   nav.obj
 0001:0000a6c2       ?SetMask@Nav@@QAEXH@Z      1000b6c2 f   nav.obj
 0001:0000a6d6       ?GetDiagonal@Nav@@QAE_NXZ  1000b6d6 f   nav.obj
 0001:0000a6e5       ?SetDiagonal@Nav@@QAEX_N@Z 1000b6e5 f   nav.obj
 0001:0000a71a       ?GetHeuristic@Nav@@QAEHXZ  1000b71a f   nav.obj
 0001:0000a72c       ?GetStart@Nav@@QAEPAVNode@@XZ 1000b72c f   nav.obj
 0001:0000a73e       ?GetEnd@Nav@@QAEPAVNode@@XZ 1000b73e f   nav.obj
 0001:0000a750       ?SetHeuristic@Nav@@QAEXH@Z 1000b750 f   nav.obj
 0001:0000a767       ?SetStart@Nav@@QAEXPAVNode@@@Z 1000b767 f   nav.obj
 0001:0000a77e       ?SetEnd@Nav@@QAEXPAVNode@@@Z 1000b77e f   nav.obj
 0001:0000a795       ??1?$CRefCounted1@VCFunctor@@V?$CRefCountServiceBase@$00VCRefMT@@@@@@UAE@XZ 1000b795 f i nav.obj
 0001:0000a7a9       ?AddRef@?$CRefCounted1@VCFunctor@@V?$CRefCountServiceBase@$00VCRefMT@@@@@@UAEHXZ 1000b7a9 f i nav.obj
 0001:0000a7bd       ?Release@?$CRefCounted1@VCFunctor@@V?$CRefCountServiceBase@$00VCRefMT@@@@@@UAEHXZ 1000b7bd f i nav.obj
 0001:0000a7d1       ??0?$CRefCountServiceBase@$00VCRefMT@@@@IAE@XZ 1000b7d1 f i nav.obj
 0001:0000a7e7       ?OnFinalRelease@?$CRefCountServiceBase@$00VCRefMT@@@@MAE_NXZ 1000b7e7 f i nav.obj
 0001:0000a7f2       ?DoAddRef@?$CRefCountServiceBase@$00VCRefMT@@@@IAEHXZ 1000b7f2 f i nav.obj
 0001:0000a808       ?DoRelease@?$CRefCountServiceBase@$00VCRefMT@@@@IAEHXZ 1000b808 f i nav.obj
 0001:0000a86e       ??$_Pow_int@M@@YAMMH@Z     1000b86e f i nav.obj
 0001:0000a8f6       ??A?$CUtlMemory@EH@@QAEAAEH@Z 1000b8f6 f i nav.obj
 0001:0000a8f6       ??A?$CUtlMemory@EH@@QBEABEH@Z 1000b8f6 f i nav.obj
 0001:0000a909       ?IsValidIndex@?$CUtlVector@PAVNode@@V?$CUtlMemory@PAVNode@@H@@@@QBE_NH@Z 1000b909 f i nav.obj
 0001:0000a936       ?AddToHead@?$CUtlVector@PAVNode@@V?$CUtlMemory@PAVNode@@H@@@@QAEHABQAVNode@@@Z 1000b936 f i nav.obj
 0001:0000a94e       ?EnsureCapacity@?$CUtlVector@PAVNode@@V?$CUtlMemory@PAVNode@@H@@@@QAEXH@Z 1000b94e f i nav.obj
 0001:0000a96c       ?FindAndRemove@?$CUtlVector@PAVNode@@V?$CUtlMemory@PAVNode@@H@@@@QAE_NABQAVNode@@@Z 1000b96c f i nav.obj
 0001:0000a99d       ??$SwapBufferToTargetEndian@M@CByteswap@@QAEXPAM0H@Z 1000b99d f i nav.obj
 0001:0000aa22       ??$GetType@H@CUtlBuffer@@IAEXAAHPBD@Z 1000ba22 f i nav.obj
 0001:0000aa60       ??$GetType@M@CUtlBuffer@@IAEXAAMPBD@Z 1000ba60 f i nav.obj
 0001:0000aaa7       ??$PutType@H@CUtlBuffer@@IAEXHPBD@Z 1000baa7 f i nav.obj
 0001:0000aadf       ??$PutType@M@CUtlBuffer@@IAEXMPBD@Z 1000badf f i nav.obj
 0001:0000ab28       ??0?$CUtlLinkedList@UGroundSeedSpot@@H$0A@HV?$CUtlMemory@U?$UtlLinkedListElem_t@UGroundSeedSpot@@H@@H@@@@QAE@HH@Z 1000bb28 f i nav.obj
 0001:0000ab28       ??0?$CUtlLinkedList@UAirSeedSpot@@H$0A@HV?$CUtlMemory@U?$UtlLinkedListElem_t@UAirSeedSpot@@H@@H@@@@QAE@HH@Z 1000bb28 f i nav.obj
 0001:0000ab95       ??1?$CUtlLinkedList@UGroundSeedSpot@@H$0A@HV?$CUtlMemory@U?$UtlLinkedListElem_t@UGroundSeedSpot@@H@@H@@@@QAE@XZ 1000bb95 f i nav.obj
 0001:0000ab95       ??1?$CUtlLinkedList@UAirSeedSpot@@H$0A@HV?$CUtlMemory@U?$UtlLinkedListElem_t@UAirSeedSpot@@H@@H@@@@QAE@XZ 1000bb95 f i nav.obj
 0001:0000abe0       ?InternalElement@?$CUtlLinkedList@UGroundSeedSpot@@H$0A@HV?$CUtlMemory@U?$UtlLinkedListElem_t@UGroundSeedSpot@@H@@H@@@@IBEABU?$UtlLinkedListElem_t@UGroundSeedSpot@@H@@H@Z 1000bbe0 f i nav.obj
 0001:0000abe0       ?InternalElement@?$CUtlLinkedList@UAirSeedSpot@@H$0A@HV?$CUtlMemory@U?$UtlLinkedListElem_t@UAirSeedSpot@@H@@H@@@@IBEABU?$UtlLinkedListElem_t@UAirSeedSpot@@H@@H@Z 1000bbe0 f i nav.obj
 0001:0000abe0       ?Element@?$CUtlLinkedList@UAirSeedSpot@@H$0A@HV?$CUtlMemory@U?$UtlLinkedListElem_t@UAirSeedSpot@@H@@H@@@@QAEAAUAirSeedSpot@@H@Z 1000bbe0 f i nav.obj
 0001:0000abe0       ?Element@?$CUtlLinkedList@UGroundSeedSpot@@H$0A@HV?$CUtlMemory@U?$UtlLinkedListElem_t@UGroundSeedSpot@@H@@H@@@@QAEAAUGroundSeedSpot@@H@Z 1000bbe0 f i nav.obj
 0001:0000abe0       ?InternalElement@?$CUtlLinkedList@UAirSeedSpot@@H$0A@HV?$CUtlMemory@U?$UtlLinkedListElem_t@UAirSeedSpot@@H@@H@@@@IAEAAU?$UtlLinkedListElem_t@UAirSeedSpot@@H@@H@Z 1000bbe0 f i nav.obj
 0001:0000abe0       ?InternalElement@?$CUtlLinkedList@UGroundSeedSpot@@H$0A@HV?$CUtlMemory@U?$UtlLinkedListElem_t@UGroundSeedSpot@@H@@H@@@@IAEAAU?$UtlLinkedListElem_t@UGroundSeedSpot@@H@@H@Z 1000bbe0 f i nav.obj
 0001:0000abf6       ?EnsureCapacity@?$CUtlLinkedList@UAirSeedSpot@@H$0A@HV?$CUtlMemory@U?$UtlLinkedListElem_t@UAirSeedSpot@@H@@H@@@@QAEXH@Z 1000bbf6 f i nav.obj
 0001:0000abf6       ?EnsureCapacity@?$CUtlLinkedList@UGroundSeedSpot@@H$0A@HV?$CUtlMemory@U?$UtlLinkedListElem_t@UGroundSeedSpot@@H@@H@@@@QAEXH@Z 1000bbf6 f i nav.obj
 0001:0000ac14       ?AddToTail@?$CUtlLinkedList@UGroundSeedSpot@@H$0A@HV?$CUtlMemory@U?$UtlLinkedListElem_t@UGroundSeedSpot@@H@@H@@@@QAEHABUGroundSeedSpot@@@Z 1000bc14 f i nav.obj
 0001:0000ac30       ?RemoveAll@?$CUtlLinkedList@UGroundSeedSpot@@H$0A@HV?$CUtlMemory@U?$UtlLinkedListElem_t@UGroundSeedSpot@@H@@H@@@@QAEXXZ 1000bc30 f i nav.obj
 0001:0000ac30       ?RemoveAll@?$CUtlLinkedList@UAirSeedSpot@@H$0A@HV?$CUtlMemory@U?$UtlLinkedListElem_t@UAirSeedSpot@@H@@H@@@@QAEXXZ 1000bc30 f i nav.obj
 0001:0000adce       ?Next@?$CUtlLinkedList@UGroundSeedSpot@@H$0A@HV?$CUtlMemory@U?$UtlLinkedListElem_t@UGroundSeedSpot@@H@@H@@@@QBEHH@Z 1000bdce f i nav.obj
 0001:0000adce       ?Next@?$CUtlLinkedList@UAirSeedSpot@@H$0A@HV?$CUtlMemory@U?$UtlLinkedListElem_t@UAirSeedSpot@@H@@H@@@@QBEHH@Z 1000bdce f i nav.obj
 0001:0000ade7       ?IsValidIndex@?$CUtlLinkedList@UGroundSeedSpot@@H$0A@HV?$CUtlMemory@U?$UtlLinkedListElem_t@UGroundSeedSpot@@H@@H@@@@QBE_NH@Z 1000bde7 f i nav.obj
 0001:0000ade7       ?IsValidIndex@?$CUtlLinkedList@UAirSeedSpot@@H$0A@HV?$CUtlMemory@U?$UtlLinkedListElem_t@UAirSeedSpot@@H@@H@@@@QBE_NH@Z 1000bde7 f i nav.obj
 0001:0000ae5c       ?AddToTail@?$CUtlLinkedList@UAirSeedSpot@@H$0A@HV?$CUtlMemory@U?$UtlLinkedListElem_t@UAirSeedSpot@@H@@H@@@@QAEHABUAirSeedSpot@@@Z 1000be5c f i nav.obj
 0001:0000ae78       ??$QueueCall@VNav@@V1@XPA_NPA_N@IThreadPool@@QAEPAVCJob@@PAVNav@@P82@AEXPA_N@ZABQA_N@Z 1000be78 f i nav.obj
 0001:0000aeac       ??$QueueCall@VNav@@V1@XPAUJobInfo_t@@PAVNode@@PAV3@PAU2@PAV3@PAV3@@IThreadPool@@QAEPAVCJob@@PAVNav@@P82@AEXPAUJobInfo_t@@PAVNode@@2@ZABQAU3@ABQAV4@5@Z 1000beac f i nav.obj
 0001:0000aee6       ?InvalidIndex@?$CUtlLinkedList@UGroundSeedSpot@@H$0A@HV?$CUtlMemory@U?$UtlLinkedListElem_t@UGroundSeedSpot@@H@@H@@@@SAHXZ 1000bee6 f i nav.obj
 0001:0000aee6       ?InvalidIndex@?$CUtlLinkedList@UAirSeedSpot@@H$0A@HV?$CUtlMemory@U?$UtlLinkedListElem_t@UAirSeedSpot@@H@@H@@@@SAHXZ 1000bee6 f i nav.obj
 0001:0000aef0       ?ResetDbgInfo@?$CUtlLinkedList@UGroundSeedSpot@@H$0A@HV?$CUtlMemory@U?$UtlLinkedListElem_t@UGroundSeedSpot@@H@@H@@@@IAEXXZ 1000bef0 f i nav.obj
 0001:0000aef0       ?ResetDbgInfo@?$CUtlLinkedList@UAirSeedSpot@@H$0A@HV?$CUtlMemory@U?$UtlLinkedListElem_t@UAirSeedSpot@@H@@H@@@@IAEXXZ 1000bef0 f i nav.obj
 0001:0000af07       ?First@?$CUtlMemory@U?$UtlLinkedListElem_t@UAirSeedSpot@@H@@H@@QBE?AVIterator_t@1@XZ 1000bf07 f i nav.obj
 0001:0000af07       ?First@?$CUtlMemory@U?$UtlLinkedListElem_t@UGroundSeedSpot@@H@@H@@QBE?AVIterator_t@1@XZ 1000bf07 f i nav.obj
 0001:0000af40       ?Next@?$CUtlMemory@U?$UtlLinkedListElem_t@UAirSeedSpot@@H@@H@@QBE?AVIterator_t@1@ABV21@@Z 1000bf40 f i nav.obj
 0001:0000af40       ?Next@?$CUtlMemory@U?$UtlLinkedListElem_t@UGroundSeedSpot@@H@@H@@QBE?AVIterator_t@1@ABV21@@Z 1000bf40 f i nav.obj
 0001:0000af83       ?GetIndex@?$CUtlMemory@U?$UtlLinkedListElem_t@UAirSeedSpot@@H@@H@@QBEHABVIterator_t@1@@Z 1000bf83 f i nav.obj
 0001:0000af83       ?GetIndex@?$CUtlMemory@U?$UtlLinkedListElem_t@UGroundSeedSpot@@H@@H@@QBEHABVIterator_t@1@@Z 1000bf83 f i nav.obj
 0001:0000af93       ?IsIdxAfter@?$CUtlMemory@U?$UtlLinkedListElem_t@UGroundSeedSpot@@H@@H@@QBE_NHABVIterator_t@1@@Z 1000bf93 f i nav.obj
 0001:0000af93       ?IsIdxAfter@?$CUtlMemory@U?$UtlLinkedListElem_t@UAirSeedSpot@@H@@H@@QBE_NHABVIterator_t@1@@Z 1000bf93 f i nav.obj
 0001:0000afb9       ?InvalidIterator@?$CUtlMemory@U?$UtlLinkedListElem_t@UAirSeedSpot@@H@@H@@QBE?AVIterator_t@1@XZ 1000bfb9 f i nav.obj
 0001:0000afb9       ?InvalidIterator@?$CUtlMemory@U?$UtlLinkedListElem_t@UGroundSeedSpot@@H@@H@@QBE?AVIterator_t@1@XZ 1000bfb9 f i nav.obj
 0001:0000afd5       ??8Iterator_t@?$CUtlMemory@U?$UtlLinkedListElem_t@UGroundSeedSpot@@H@@H@@QBE_NV01@@Z 1000bfd5 f i nav.obj
 0001:0000afd5       ??8Iterator_t@?$CUtlMemory@U?$UtlLinkedListElem_t@UAirSeedSpot@@H@@H@@QBE_NV01@@Z 1000bfd5 f i nav.obj
 0001:0000affb       ??9Iterator_t@?$CUtlMemory@U?$UtlLinkedListElem_t@UAirSeedSpot@@H@@H@@QBE_NV01@@Z 1000bffb f i nav.obj
 0001:0000affb       ??9Iterator_t@?$CUtlMemory@U?$UtlLinkedListElem_t@UGroundSeedSpot@@H@@H@@QBE_NV01@@Z 1000bffb f i nav.obj
 0001:0000b021       ??0?$CRefCounted1@VCFunctor@@V?$CRefCountServiceBase@$00VCRefMT@@@@@@QAE@XZ 1000c021 f i nav.obj
 0001:0000b040       ?InvalidIndex@?$CUtlMemory@U?$UtlLinkedListElem_t@UAirSeedSpot@@H@@H@@SAHXZ 1000c040 f i nav.obj
 0001:0000b040       ?InvalidIndex@?$CUtlMemory@U?$UtlLinkedListElem_t@UGroundSeedSpot@@H@@H@@SAHXZ 1000c040 f i nav.obj
 0001:0000b048       ?Find@?$CUtlVector@PAVNode@@V?$CUtlMemory@PAVNode@@H@@@@QBEHABQAVNode@@@Z 1000c048 f i nav.obj
 0001:0000b08c       ?EnsureCapacity@?$CUtlMemory@PAVNode@@H@@QAEXH@Z 1000c08c f i nav.obj
 0001:0000b113       ??$LowLevelByteSwap@M@CByteswap@@CAXPAM0@Z 1000c113 f i nav.obj
 0001:0000b162       ??$GetTypeBin@H@CUtlBuffer@@IAEXAAH@Z 1000c162 f i nav.obj
 0001:0000b1d9       ??$PutTypeBin@H@CUtlBuffer@@IAEXH@Z 1000c1d9 f i nav.obj
 0001:0000b24f       ??$PutTypeBin@M@CUtlBuffer@@IAEXM@Z 1000c24f f i nav.obj
 0001:0000b2c9       ?InsertBefore@?$CUtlLinkedList@UGroundSeedSpot@@H$0A@HV?$CUtlMemory@U?$UtlLinkedListElem_t@UGroundSeedSpot@@H@@H@@@@QAEHHABUGroundSeedSpot@@@Z 1000c2c9 f i nav.obj
 0001:0000b309       ?ConstructList@?$CUtlLinkedList@UAirSeedSpot@@H$0A@HV?$CUtlMemory@U?$UtlLinkedListElem_t@UAirSeedSpot@@H@@H@@@@IAEXXZ 1000c309 f i nav.obj
 0001:0000b309       ?ConstructList@?$CUtlLinkedList@UGroundSeedSpot@@H$0A@HV?$CUtlMemory@U?$UtlLinkedListElem_t@UGroundSeedSpot@@H@@H@@@@IAEXXZ 1000c309 f i nav.obj
 0001:0000b33a       ??0?$CUtlMemory@U?$UtlLinkedListElem_t@UGroundSeedSpot@@H@@H@@QAE@HH@Z 1000c33a f i nav.obj
 0001:0000b33a       ??0?$CUtlMemory@U?$UtlLinkedListElem_t@UAirSeedSpot@@H@@H@@QAE@HH@Z 1000c33a f i nav.obj
 0001:0000b394       ??A?$CUtlMemory@U?$UtlLinkedListElem_t@UAirSeedSpot@@H@@H@@QAEAAU?$UtlLinkedListElem_t@UAirSeedSpot@@H@@H@Z 1000c394 f i nav.obj
 0001:0000b394       ??A?$CUtlMemory@U?$UtlLinkedListElem_t@UAirSeedSpot@@H@@H@@QBEABU?$UtlLinkedListElem_t@UAirSeedSpot@@H@@H@Z 1000c394 f i nav.obj
 0001:0000b394       ??A?$CUtlMemory@U?$UtlLinkedListElem_t@UGroundSeedSpot@@H@@H@@QBEABU?$UtlLinkedListElem_t@UGroundSeedSpot@@H@@H@Z 1000c394 f i nav.obj
 0001:0000b394       ??A?$CUtlMemory@U?$UtlLinkedListElem_t@UGroundSeedSpot@@H@@H@@QAEAAU?$UtlLinkedListElem_t@UGroundSeedSpot@@H@@H@Z 1000c394 f i nav.obj
 0001:0000b3aa       ?IsIdxValid@?$CUtlMemory@U?$UtlLinkedListElem_t@UAirSeedSpot@@H@@H@@QBE_NH@Z 1000c3aa f i nav.obj
 0001:0000b3aa       ?IsIdxValid@?$CUtlMemory@U?$UtlLinkedListElem_t@UGroundSeedSpot@@H@@H@@QBE_NH@Z 1000c3aa f i nav.obj
 0001:0000b3de       ?EnsureCapacity@?$CUtlMemory@U?$UtlLinkedListElem_t@UGroundSeedSpot@@H@@H@@QAEXH@Z 1000c3de f i nav.obj
[...]
 0002:0000e780       __ehfuncinfo$?GetMember@ILuaObject@@QAEPAV1@PBD@Z 1002f780     * CIL library *:* CIL module *
 0002:0000e780       __ehfuncinfo$?GetGlobal@ILuaInterface@@QAEPAVILuaObject@@PBD@Z 1002f780     * CIL library *:* CIL module *
 0002:0000e7a4       __unwindtable$?GetGlobal@ILuaInterface@@QAEPAVILuaObject@@PBD@Z 1002f7a4     * CIL library *:* CIL module *
 0002:0000e7a4       __unwindtable$?GetMember@ILuaObject@@QAEPAV1@PBD@Z 1002f7a4     * CIL library *:* CIL module *
 0002:0000e7ac       __ehfuncinfo$??1?$CUtlVector@PAVNode@@V?$CUtlMemory@PAVNode@@H@@@@QAE@XZ 1002f7ac     * CIL library *:* CIL module *
 0002:0000e7ac       __ehfuncinfo$??0?$CUtlLinkedList@UAirSeedSpot@@H$0A@HV?$CUtlMemory@U?$UtlLinkedListElem_t@UAirSeedSpot@@H@@H@@@@QAE@HH@Z 1002f7ac     * CIL library *:* CIL module *
 0002:0000e7ac       __ehfuncinfo$??0?$CUtlVector@PAVNode@@V?$CUtlMemory@PAVNode@@H@@@@QAE@HH@Z 1002f7ac     * CIL library *:* CIL module *
 0002:0000e7ac       __ehfuncinfo$??1?$CUtlLinkedList@UAirSeedSpot@@H$0A@HV?$CUtlMemory@U?$UtlLinkedListElem_t@UAirSeedSpot@@H@@H@@@@QAE@XZ 1002f7ac     * CIL library *:* CIL module *
 0002:0000e7ac       __ehfuncinfo$??0?$CUtlLinkedList@UGroundSeedSpot@@H$0A@HV?$CUtlMemory@U?$UtlLinkedListElem_t@UGroundSeedSpot@@H@@H@@@@QAE@HH@Z 1002f7ac     * CIL library *:* CIL module *
 0002:0000e7ac       __ehfuncinfo$??1?$CUtlLinkedList@UGroundSeedSpot@@H$0A@HV?$CUtlMemory@U?$UtlLinkedListElem_t@UGroundSeedSpot@@H@@H@@@@QAE@XZ 1002f7ac     * CIL library *:* CIL module *
 0002:0000e7ac       __ehfuncinfo$??0?$CUtlVector@PAUJobInfo_t@@V?$CUtlMemory@PAUJobInfo_t@@H@@@@QAE@HH@Z 1002f7ac     * CIL library *:* CIL module *
 0002:0000e7ac       __ehfuncinfo$??1?$CUtlVector@PAUJobInfo_t@@V?$CUtlMemory@PAUJobInfo_t@@H@@@@QAE@XZ 1002f7ac     * CIL library *:* CIL module *
 0002:0000e7d0       __unwindtable$??0?$CUtlVector@PAVNode@@V?$CUtlMemory@PAVNode@@H@@@@QAE@HH@Z 1002f7d0     * CIL library *:* CIL module *
 0002:0000e7d0       __unwindtable$??1?$CUtlLinkedList@UAirSeedSpot@@H$0A@HV?$CUtlMemory@U?$UtlLinkedListElem_t@UAirSeedSpot@@H@@H@@@@QAE@XZ 1002f7d0     * CIL library *:* CIL module *
 0002:0000e7d0       __unwindtable$??1?$CUtlVector@PAVNode@@V?$CUtlMemory@PAVNode@@H@@@@QAE@XZ 1002f7d0     * CIL library *:* CIL module *
 0002:0000e7d0       __unwindtable$??1?$CUtlLinkedList@UGroundSeedSpot@@H$0A@HV?$CUtlMemory@U?$UtlLinkedListElem_t@UGroundSeedSpot@@H@@H@@@@QAE@XZ 1002f7d0     * CIL library *:* CIL module *
 0002:0000e7d0       __unwindtable$??0?$CUtlLinkedList@UAirSeedSpot@@H$0A@HV?$CUtlMemory@U?$UtlLinkedListElem_t@UAirSeedSpot@@H@@H@@@@QAE@HH@Z 1002f7d0     * CIL library *:* CIL module *
 0002:0000e7d0       __unwindtable$??0?$CUtlLinkedList@UGroundSeedSpot@@H$0A@HV?$CUtlMemory@U?$UtlLinkedListElem_t@UGroundSeedSpot@@H@@H@@@@QAE@HH@Z 1002f7d0     * CIL library *:* CIL module *
 0002:0000e7d0       __unwindtable$??1?$CUtlVector@PAUJobInfo_t@@V?$CUtlMemory@PAUJobInfo_t@@H@@@@QAE@XZ 1002f7d0     * CIL library *:* CIL module *
 0002:0000e7d0       __unwindtable$??0?$CUtlVector@PAUJobInfo_t@@V?$CUtlMemory@PAUJobInfo_t@@H@@@@QAE@HH@Z 1002f7d0     * CIL library *:* CIL module *
 0002:0000e7d8       __ehfuncinfo$?Init@@YAHPAUlua_State@@@Z 1002f7d8     * CIL library *:* CIL module *
 0002:0000e7fc       __unwindtable$?Init@@YAHPAUlua_State@@@Z 1002f7fc     * CIL library *:* CIL module *
 0002:0000e804       __ehfuncinfo$?Nav_Generate@@YAHPAUlua_State@@@Z 1002f804     * CIL library *:* CIL module *
 0002:0000e804       __ehfuncinfo$?Nav_FindPathHull@@YAHPAUlua_State@@@Z 1002f804     * CIL library *:* CIL module *
 0002:0000e804       __ehfuncinfo$?Nav_FindPath@@YAHPAUlua_State@@@Z 1002f804     * CIL library *:* CIL module *
 0002:0000e828       __unwindtable$?Nav_FindPath@@YAHPAUlua_State@@@Z 1002f828     * CIL library *:* CIL module *
 0002:0000e828       __unwindtable$?Nav_FindPathHull@@YAHPAUlua_State@@@Z 1002f828     * CIL library *:* CIL module *
 0002:0000e828       __unwindtable$?Nav_Generate@@YAHPAUlua_State@@@Z 1002f828     * CIL library *:* CIL module *
 0002:0000e830       __ehfuncinfo$??1?$CMemberFunctor1@PAVNav@@P81@AEXPA_N@ZPA_NV?$CRefCounted1@VCFunctor@@V?$CRefCountServiceBase@$00VCRefMT@@@@@@VCFuncMemPolicyNone@@@@UAE@XZ 1002f830     * CIL library *:* CIL module *
 0002:0000e830       __ehfuncinfo$??0?$CMemberFunctor1@PAVNav@@P81@AEXPA_N@ZPA_NV?$CRefCounted1@VCFunctor@@V?$CRefCountServiceBase@$00VCRefMT@@@@@@VCFuncMemPolicyNone@@@@QAE@PAVNav@@P81@AEXPA_N@ZABQA_N@Z 1002f830     * CIL library *:* CIL module *
 0002:0000e830       __ehfuncinfo$??0?$CMemberFunctor3@PAVNav@@P81@AEXPAUJobInfo_t@@PAVNode@@1@ZPAU2@PAV3@PAV3@V?$CRefCounted1@VCFunctor@@V?$CRefCountServiceBase@$00VCRefMT@@@@@@VCFuncMemPolicyNone@@@@QAE@PAVNav@@P81@AEXPAUJobInfo_t@@PAVNode@@2@ZABQAU2@ABQAV3@5@Z 1002f830     * CIL library *:* CIL module *
 0002:0000e830       __ehfuncinfo$??1?$CMemberFunctor3@PAVNav@@P81@AEXPAUJobInfo_t@@PAVNode@@1@ZPAU2@PAV3@PAV3@V?$CRefCounted1@VCFunctor@@V?$CRefCountServiceBase@$00VCRefMT@@@@@@VCFuncMemPolicyNone@@@@UAE@XZ 1002f830     * CIL library *:* CIL module *
 0002:0000e854       __unwindtable$??1?$CMemberFunctor1@PAVNav@@P81@AEXPA_N@ZPA_NV?$CRefCounted1@VCFunctor@@V?$CRefCountServiceBase@$00VCRefMT@@@@@@VCFuncMemPolicyNone@@@@UAE@XZ 1002f854     * CIL library *:* CIL module *
 0002:0000e854       __unwindtable$??0?$CMemberFunctor3@PAVNav@@P81@AEXPAUJobInfo_t@@PAVNode@@1@ZPAU2@PAV3@PAV3@V?$CRefCounted1@VCFunctor@@V?$CRefCountServiceBase@$00VCRefMT@@@@@@VCFuncMemPolicyNone@@@@QAE@PAVNav@@P81@AEXPAUJobInfo_t@@PAVNode@@2@ZABQAU2@ABQAV3@5@Z 1002f854     * CIL library *:* CIL module *
 0002:0000e854       __unwindtable$??0?$CMemberFunctor1@PAVNav@@P81@AEXPA_N@ZPA_NV?$CRefCounted1@VCFunctor@@V?$CRefCountServiceBase@$00VCRefMT@@@@@@VCFuncMemPolicyNone@@@@QAE@PAVNav@@P81@AEXPA_N@ZABQA_N@Z 1002f854     * CIL library *:* CIL module *
 0002:0000e854       __unwindtable$??1?$CMemberFunctor3@PAVNav@@P81@AEXPAUJobInfo_t@@PAVNode@@1@ZPAU2@PAV3@PAV3@V?$CRefCounted1@VCFunctor@@V?$CRefCountServiceBase@$00VCRefMT@@@@@@VCFuncMemPolicyNone@@@@UAE@XZ 1002f854     * CIL library *:* CIL module *
 0002:0000e85c       __ehfuncinfo$?nav_Create@@YAHPAUlua_State@@@Z 1002f85c     * CIL library *:* CIL module *
 0002:0000e85c       __ehfuncinfo$??$CreateFunctor@PAVNav@@V1@XPA_NPA_N@@YAPAVCFunctor@@PAVNav@@P81@AEXPA_N@ZABQA_N@Z 1002f85c     * CIL library *:* CIL module *
 0002:0000e85c       __ehfuncinfo$??__Emodulemanager@@YAXXZ 1002f85c     * CIL library *:* CIL module *
 0002:0000e85c       __ehfuncinfo$??$CreateFunctor@PAVNav@@V1@XPAUJobInfo_t@@PAVNode@@PAV3@PAU2@PAV3@PAV3@@@YAPAVCFunctor@@PAVNav@@P81@AEXPAUJobInfo_t@@PAVNode@@2@ZABQAU2@ABQAV3@5@Z 1002f85c     * CIL library *:* CIL module *
 0002:0000e880       __unwindtable$??$CreateFunctor@PAVNav@@V1@XPA_NPA_N@@YAPAVCFunctor@@PAVNav@@P81@AEXPA_N@ZABQA_N@Z 1002f880     * CIL library *:* CIL module *
 0002:0000e880       __unwindtable$??__Emodulemanager@@YAXXZ 1002f880     * CIL library *:* CIL module *
 0002:0000e880       __unwindtable$?nav_Create@@YAHPAUlua_State@@@Z 1002f880     * CIL library *:* CIL module *
 0002:0000e880       __unwindtable$??$CreateFunctor@PAVNav@@V1@XPAUJobInfo_t@@PAVNode@@PAV3@PAU2@PAV3@PAV3@@@YAPAVCFunctor@@PAVNav@@P81@AEXPAUJobInfo_t@@PAVNode@@2@ZABQAU2@ABQAV3@5@Z 1002f880     * CIL library *:* CIL module *
 0002:0000e888       __ehfuncinfo$?GetNextAirSeedNode@Nav@@QAEPAVNode@@XZ 1002f888     * CIL library *:* CIL module *
 0002:0000e888       __ehfuncinfo$?GetNextGroundSeedNode@Nav@@QAEPAVNode@@XZ 1002f888     * CIL library *:* CIL module *
 0002:0000e8ac       __unwindtable$?GetNextGroundSeedNode@Nav@@QAEPAVNode@@XZ 1002f8ac     * CIL library *:* CIL module *
 0002:0000e8ac       __unwindtable$?GetNextAirSeedNode@Nav@@QAEPAVNode@@XZ 1002f8ac     * CIL library *:* CIL module *
 0002:0000e8b4       __ehfuncinfo$?Load@Nav@@QAE_NPBD@Z 1002f8b4     * CIL library *:* CIL module *
 0002:0000e8d8       __unwindtable$?Load@Nav@@QAE_NPBD@Z 1002f8d8     * CIL library *:* CIL module *
 0002:0000e8e8       __ehfuncinfo$?Save@Nav@@QAE_NPBD@Z 1002f8e8     * CIL library *:* CIL module *
 0002:0000e90c       __unwindtable$?Save@Nav@@QAE_NPBD@Z 1002f90c     * CIL library *:* CIL module *
 0002:0000e914       __ehfuncinfo$?AddNode@Nav@@QAEPAVNode@@ABVVector@@0W4NavDirType@@PAV2@@Z 1002f914     * CIL library *:* CIL module *
 0002:0000e938       __unwindtable$?AddNode@Nav@@QAEPAVNode@@ABVVector@@0W4NavDirType@@PAV2@@Z 1002f938     * CIL library *:* CIL module *
 0002:0000e940       __ehfuncinfo$??0Nav@@QAE@PAVGMUtility@@PAVIThreadPool@@PAVIFileSystem@@H@Z 1002f940     * CIL library *:* CIL module *
 0002:0000e964       __unwindtable$??0Nav@@QAE@PAVGMUtility@@PAVIThreadPool@@PAVIFileSystem@@H@Z 1002f964     * CIL library *:* CIL module *
 0002:0000ebae       .idata$6                   1002fbae     tier0:tier0.dll
 0002:0000ebe0       .idata$6                   1002fbe0     vstdlib:vstdlib.dll
 0002:0000ec3e       .idata$6                   1002fc3e     kernel32:KERNEL32.dll
 0002:0000f0f0       .edata                     100300f0     gmcl_navigation_win32.exp
 0002:0000f118       rgpv                       10030118     gmcl_navigation_win32.exp
 0002:0000f124       rgszName                   10030124     gmcl_navigation_win32.exp
 0002:0000f130       rgwOrd                     10030130     gmcl_navigation_win32.exp
 0002:0000f136       szName                     10030136     gmcl_navigation_win32.exp
 0002:0000f150       $N00001                    10030150     gmcl_navigation_win32.exp
 0002:0000f160       $N00002                    10030160     gmcl_navigation_win32.exp
 0002:0000f16d       $N00003                    1003016d     gmcl_navigation_win32.exp
 0003:00000020       _vec2_invalid              10031020     mathlib:mathlib_base.obj
 0003:00000480       _vec2_invalid              10031480     mathlib:color_conversion.obj
 0003:00000488       _vec2_invalid              10031488     mathlib:sse.obj
 0003:00000490       _vec2_invalid              10031490     mathlib:3dnow.obj
 0003:00000498       _s_pConversionArrays_StringCharConversion 10031498     tier1:utlbuffer.obj
 0003:000004f0       _s_pConversionArrays_NoEscConversion 100314f0     tier1:utlbuffer.obj
 0003:000004f8       _vec2_invalid              100314f8     tier1:utlbuffer.obj
 0003:0000056c       _s_BackSlashMap            1003156c     tier1:strtools.obj
 0003:00000578       _vec2_invalid              10031578     tier1:strtools.obj
 0003:000005e0       _NAME_                     100315e0     LIBCMT:acos.obj
 0003:000005f0       _NAME_                     100315f0     LIBCMT:asin.obj
 0003:00000608       POW_name                   10031608     LIBCMT:pow.obj
 0003:00000628       _errtable                  10031628     LIBCMT:dosmap.obj
 0003:00000790       _ErrnoNoMem                10031790     LIBCMT:dosmap.obj
 0003:00000794       _DoserrorNoMem             10031794     LIBCMT:dosmap.obj
 0003:000007f8       ?isPackaged@?1??__crtIsPackagedApp@@9@9 100317f8     LIBCMT:winapisupp.obj
 0003:00000830       _newcw                     10031830     LIBCMT:floor.obj
 0003:00000844       ___rgctypeflag             10031844     LIBCMT:mbctype.obj
 0003:00000848       ___rgcode_page_info        10031848     LIBCMT:mbctype.obj
 0003:00000f98       __ctype_loc_style          10031f98     LIBCMT:wsetloca.obj
 0003:00001230       __locktable                10032230     LIBCMT:mlock.obj
 0003:00001380       ?_names@?1??_get_fname@@9@9 10032380     LIBCMT:fpexcept.obj
 0003:00001468       _over                      10032468     LIBCMT:fpctrl.obj
 0003:00001474       _under                     10032474     LIBCMT:fpctrl.obj
 0003:00001480       ?__DAZ_ENABLED@?1??__set_fpsr_sse2@@9@9 10032480     LIBCMT:fpctrl.obj
 0003:000014ec       _DoubleFormat              100324ec     LIBCMT:intrncvt.obj
 0003:00001504       _FloatFormat               10032504     LIBCMT:intrncvt.obj
 0003:00001870       _Name                      10032870     * CIL library *:* CIL module *
 0003:00001900       _Name                      10032900     * CIL library *:* CIL module *
 0003:00001990       _Name                      10032990     * CIL library *:* CIL module *
 0003:00001a20       _Name                      10032a20     * CIL library *:* CIL module *
 0003:00001ab0       _Name                      10032ab0     * CIL library *:* CIL module *
 0003:00001b40       _Name                      10032b40     * CIL library *:* CIL module *
 0003:00001ee0       _NAME_                     10032ee0     LIBCMT:sqrt.obj
 0003:00002301       _s_b3DNowEnabled           10033301     mathlib:mathlib_base.obj
 0003:00002302       _s_bMMXEnabled             10033302     mathlib:mathlib_base.obj
 0003:00002303       _s_bSSEEnabled             10033303     mathlib:mathlib_base.obj
 0003:00002304       _s_bSSE2Enabled            10033304     mathlib:mathlib_base.obj
 0003:00002308       _vec2_origin               10033308     mathlib:mathlib_base.obj
 0003:00002328       _texturetolinear           10033328     mathlib:color_conversion.obj
 0003:00003728       _g_Mathlib_LinearToGamma   10034728     mathlib:color_conversion.obj
 0003:00003b28       _lineartotexture           10034b28     mathlib:color_conversion.obj
 0003:00004b28       _lineartoscreen            10035b28     mathlib:color_conversion.obj
 0003:00005b28       _g_Mathlib_GammaToLinear   10036b28     mathlib:color_conversion.obj
 0003:00009f28       _texgammatable             1003af28     mathlib:color_conversion.obj
 0003:0000a028       _vec2_origin               1003b028     mathlib:color_conversion.obj
 0003:0000a030       _vec2_origin               1003b030     mathlib:sse.obj
 0003:0000a038       _vec2_origin               1003b038     mathlib:3dnow.obj
 0003:0000a048       _vec2_origin               1003b048     tier1:utlbuffer.obj
 0003:0000b370       _vec2_origin               1003c370     tier1:strtools.obj
 0003:0000b378       ___proc_attached           1003c378     LIBCMT:dllcrt0.obj
 0003:0000b388       _GS_ExceptionRecord        1003c388     LIBCMT:gs_report.obj
 0003:0000b3d8       _GS_ContextRecord          1003c3d8     LIBCMT:gs_report.obj
 0003:0000b6a4       _DebuggerWasPresent        1003c6a4     LIBCMT:gs_report.obj
 0003:0000b6f8       ?outmsg@?8??_NMSG_WRITE@@9@9 1003c6f8     LIBCMT:crt0msg.obj
 0003:0000bd24       ___type_info_root_node     1003cd24     LIBCMT:typname.obj
 0003:0000be30       ?_pgmname@?1??_setargv@@9@9 1003ce30     LIBCMT:stdargv.obj
 0003:0000bf38       __pmatherr_set             1003cf38     LIBCMT:libm_error.obj
 0003:0000bf54       _fSystemSet                1003cf54     LIBCMT:mbctype.obj
 0003:0000bf60       ___enable_percent_n        1003cf60     LIBCMT:printf.obj
 0003:0000bf68       _lclcritsects              1003cf68     LIBCMT:mlock.obj
 0003:0000c0bc       _g_pfnRtlGenRandom         1003d0bc     LIBCMT:rand_s.obj
 0003:0000c0c0       _ctrlc_action              1003d0c0     LIBCMT:winsig.obj
 0003:0000c0c4       _ctrlbreak_action          1003d0c4     LIBCMT:winsig.obj
 0003:0000c0c8       _abort_action              1003d0c8     LIBCMT:winsig.obj
 0003:0000c0cc       _term_action               1003d0cc     LIBCMT:winsig.obj
 0003:0000c0d0       _ConsoleCtrlHandler_Installed 1003d0d0     LIBCMT:winsig.obj
 0003:0000c0e0       ?pfnMessageBox@?1??__crtMessageBoxW@@9@9 1003d0e0     LIBCMT:crtmboxw.obj
 0003:0000c0e4       ?pfnGetActiveWindow@?1??__crtMessageBoxW@@9@9 1003d0e4     LIBCMT:crtmboxw.obj
 0003:0000c0e8       ?pfnGetLastActivePopup@?1??__crtMessageBoxW@@9@9 1003d0e8     LIBCMT:crtmboxw.obj
 0003:0000c0ec       ?pfnGetProcessWindowStation@?1??__crtMessageBoxW@@9@9 1003d0ec     LIBCMT:crtmboxw.obj
 0003:0000c0f0       ?pfnGetUserObjectInformation@?1??__crtMessageBoxW@@9@9 1003d0f0     LIBCMT:crtmboxw.obj
 0003:0000c0f4       ___crtCallProc             1003d0f4     LIBCMT:winapinls.obj
 0003:0000c120       _heap                      1003d120     LIBCMT:undname.obj
 0003:0000c13e       __Tuple_alloc              1003d13e     libcpmt:xthrow.obj
 0003:0000c13f       _ignore                    1003d13f     libcpmt:xthrow.obj
 0003:0000c140       _allocator_arg             1003d140     libcpmt:xthrow.obj
 0003:0000c141       _piecewise_construct       1003d141     libcpmt:xthrow.obj
 0003:0000c142       _allocator_arg             1003d142     libcpmt:syserror.obj
 0003:0000c143       _piecewise_construct       1003d143     libcpmt:syserror.obj
 0003:0000c15c       _vec2_origin               1003d15c     * CIL library *:* CIL module *
 0003:0000c164       _vec2_invalid              1003d164     * CIL library *:* CIL module *
 0003:0000c16c       _allocator_arg             1003d16c     * CIL library *:* CIL module *
 0003:0000c16d       _piecewise_construct       1003d16d     * CIL library *:* CIL module *
 0003:0000c16e       _allocator_arg             1003d16e     * CIL library *:* CIL module *
 0003:0000c16f       _piecewise_construct       1003d16f     * CIL library *:* CIL module *
 0003:0000c170       _vec2_origin               1003d170     * CIL library *:* CIL module *
 0003:0000c178       _vec2_invalid              1003d178     * CIL library *:* CIL module *
 0003:0000c184       _vec2_origin               1003d184     * CIL library *:* CIL module *
 0003:0000c18c       _vec2_invalid              1003d18c     * CIL library *:* CIL module *
 0003:0000c194       _vec4_origin               1003d194     * CIL library *:* CIL module *
 0003:0000c1a4       _allocator_arg             1003d1a4     * CIL library *:* CIL module *
 0003:0000c1a5       _piecewise_construct       1003d1a5     * CIL library *:* CIL module *
 0003:0000c1a6       _allocator_arg             1003d1a6     * CIL library *:* CIL module *
 0003:0000c1a7       _piecewise_construct       1003d1a7     * CIL library *:* CIL module *
 0003:0000c1a8       _vec2_origin               1003d1a8     * CIL library *:* CIL module *
 0003:0000c1b0       _vector_origin             1003d1b0     * CIL library *:* CIL module *
 0003:0000c1bc       _vec4_invalid              1003d1bc     * CIL library *:* CIL module *
 0003:0000c1cc       _vec2_invalid              1003d1cc     * CIL library *:* CIL module *
 0003:0000c1e8       _vec4_origin               1003d1e8     * CIL library *:* CIL module *
 0003:0000c1f8       _vec2_origin               1003d1f8     * CIL library *:* CIL module *
 0003:0000c200       _vector_origin             1003d200     * CIL library *:* CIL module *
 0003:0000c20c       _vec4_invalid              1003d20c     * CIL library *:* CIL module *
 0003:0000c21c       _vec2_invalid              1003d21c     * CIL library *:* CIL module *
 0003:0000c224       _vec4_origin               1003d224     * CIL library *:* CIL module *
 0003:0000c234       _allocator_arg             1003d234     * CIL library *:* CIL module *
 0003:0000c235       _piecewise_construct       1003d235     * CIL library *:* CIL module *
 0003:0000c238       _vec2_origin               1003d238     * CIL library *:* CIL module *
 0003:0000c240       _vec4_invalid              1003d240     * CIL library *:* CIL module *
 0003:0000c250       _vec2_invalid              1003d250     * CIL library *:* CIL module *
 0003:0000c258       _vec4_origin               1003d258     * CIL library *:* CIL module *
 0003:0000c268       _vec2_origin               1003d268     * CIL library *:* CIL module *
 0003:0000c270       _vec4_invalid              1003d270     * CIL library *:* CIL module *
 0003:0000c280       _vec2_invalid              1003d280     * CIL library *:* CIL module *
 0004:00000060       $R000000                   1003f060     * linker generated manifest res *
