 gmcl_navigation_win32

 Timestamp is 50c6b069 (Mon Dec 10 23:02:49 2012)

 Preferred load address is 10000000

 Start         Length     Name                   Class
 0001:00000000 0002a29aH .text                   CODE
 0001:0002a2a0 00000d69H .text$x                 CODE
 0001:0002b010 00000a1aH .text$yc                CODE
 0001:0002ba30 000000b8H .text$yd                CODE
 0002:00000000 00000184H .idata$5                DATA
 0002:00000184 00000004H .CRT$XCA                DATA
 0002:00000188 00000164H .CRT$XCU                DATA
 0002:000002ec 00000004H .CRT$XCZ                DATA
 0002:000002f0 00000004H .CRT$XIA                DATA
 0002:000002f4 00000014H .CRT$XIC                DATA
 0002:00000308 00000004H .CRT$XIU                DATA
 0002:0000030c 00000004H .CRT$XIZ                DATA
 0002:00000310 00000004H .CRT$XLA                DATA
 0002:00000314 00000004H .CRT$XLC                DATA
 0002:00000318 00000004H .CRT$XLZ                DATA
 0002:0000031c 00000004H .CRT$XPA                DATA
 0002:00000320 00000008H .CRT$XPX                DATA
 0002:00000328 00000004H .CRT$XPXA               DATA
 0002:0000032c 00000004H .CRT$XPZ                DATA
 0002:00000330 00000004H .CRT$XTA                DATA
 0002:00000334 00000004H .CRT$XTU                DATA
 0002:00000338 00000004H .CRT$XTZ                DATA
 0002:00000340 0000d858H .rdata                  DATA
 0002:0000db98 00000018H .rdata$T                DATA
 0002:0000dbb0 0000008cH .rdata$debug            DATA
 0002:0000dc3c 00001039H .rdata$r                DATA
 0002:0000ec80 0000014cH .rdata$sxdata           DATA
 0002:0000edcc 00000004H .rtc$IAA                DATA
 0002:0000edd0 00000004H .rtc$IZZ                DATA
 0002:0000edd4 00000004H .rtc$TAA                DATA
 0002:0000edd8 00000004H .rtc$TZZ                DATA
 0002:0000ede0 00001b84H .xdata$x                DATA
 0002:00010964 00000028H .idata$2                DATA
 0002:0001098c 00000014H .idata$3                DATA
 0002:000109a0 00000184H .idata$4                DATA
 0002:00010b24 000006fcH .idata$6                DATA
 0002:00011220 00000089H .edata                  DATA
 0003:00000000 00002748H .data                   DATA
 0003:00002760 0000b4d8H .bss                    DATA
 0004:00000000 00000001H .tls                    DATA
 0004:00000001 00000001H .tls$ZZZ                DATA
 0005:00000000 00000058H .rsrc$01                DATA
 0005:00000060 00000180H .rsrc$02                DATA

  Address         Publics by Value              Rva+Base       Lib:Object

 0000:00000000       __except_list              00000000     <absolute>
 0000:00000053       ___safe_se_handler_count   00000053     <absolute>
 0000:00000000       ___ImageBase               10000000     <linker-defined>
 0001:00000000       ??2@YAPAXIPAX@Z            10001000 f i ILuaInterface.obj
 0001:00000008       ?UtlMemory_CalcNewAllocationCount@@YAHHHHH@Z 10001008 f i ILuaInterface.obj
 0001:0000004d       ??0Vector2D@@QAE@MM@Z      1000104d f i ILuaInterface.obj
 0001:00000074       ??_H@YGXPAXIHP6EPAX0@Z@Z   10001074 f i ILuaInterface.obj
 0001:00000095       ?V_memmove@@YAXPAXPBXH@Z   10001095 f i ILuaInterface.obj
 0001:000000ab       ??0ILuaInterface@@QAE@PAUlua_State@@@Z 100010ab f   ILuaInterface.obj
 0001:00000250       ??1ILuaInterface@@QAE@XZ   10001250 f   ILuaInterface.obj
 0001:00000285       ?GetNewTable@ILuaInterface@@QAEPAVILuaObject@@XZ 10001285 f   ILuaInterface.obj
 0001:00000310       ?NewTable@ILuaInterface@@QAEXXZ 10001310 f   ILuaInterface.obj
 0001:0000032a       ?PushUserData@ILuaInterface@@QAEXPAVILuaObject@@PAXE@Z 1000132a f   ILuaInterface.obj
 0001:000003d3       ?Error@ILuaInterface@@QAAXPBDZZ 100013d3 f   ILuaInterface.obj
 0001:00000432       ?ErrorNoHalt@ILuaInterface@@QAAXPBDZZ 10001432 f   ILuaInterface.obj
 0001:000004af       ?GetGlobal@ILuaInterface@@QAEPAVILuaObject@@PBD@Z 100014af f   ILuaInterface.obj
 0001:00000579       ?SetGlobal@ILuaInterface@@QAEXPBDPAVILuaObject@@@Z 10001579 f   ILuaInterface.obj
 0001:000005de       ?GetObject@ILuaInterface@@QAEPAVILuaObject@@H@Z 100015de f   ILuaInterface.obj
 0001:0000067d       ?GetString@ILuaInterface@@QAEPBDHPAI@Z 1000167d f   ILuaInterface.obj
 0001:0000069f       ?GetInteger@ILuaInterface@@QAEHH@Z 1000169f f   ILuaInterface.obj
 0001:000006c3       ?GetNumber@ILuaInterface@@QAENH@Z 100016c3 f   ILuaInterface.obj
 0001:000006e2       ?GetBool@ILuaInterface@@QAE_NH@Z 100016e2 f   ILuaInterface.obj
 0001:00000701       ?GetUserData@ILuaInterface@@QAEPAXH@Z 10001701 f   ILuaInterface.obj
 0001:00000729       ?GetReference@ILuaInterface@@QAEHH@Z 10001729 f   ILuaInterface.obj
 0001:00000762       ?FreeReference@ILuaInterface@@QAEXH@Z 10001762 f   ILuaInterface.obj
 0001:00000784       ?PushReference@ILuaInterface@@QAEXH@Z 10001784 f   ILuaInterface.obj
 0001:000007a6       ?Pop@ILuaInterface@@QAEXH@Z 100017a6 f   ILuaInterface.obj
 0001:000007c5       ?Push@ILuaInterface@@QAEXPAVILuaObject@@@Z 100017c5 f   ILuaInterface.obj
 0001:000007d8       ?Push@ILuaInterface@@QAEXPBDI@Z 100017d8 f   ILuaInterface.obj
 0001:000007fa       ?Push@ILuaInterface@@QAEX_N@Z 100017fa f   ILuaInterface.obj
 0001:00000819       ?Push@ILuaInterface@@QAEXP6AHPAUlua_State@@@Z@Z 10001819 f   ILuaInterface.obj
 0001:0000083b       ?Push@ILuaInterface@@QAEXM@Z 1000183b f   ILuaInterface.obj
 0001:00000863       ?CheckType@ILuaInterface@@QAEXHH@Z 10001863 f   ILuaInterface.obj
 0001:00000885       ?GetType@ILuaInterface@@QAEHH@Z 10001885 f   ILuaInterface.obj
 0001:000008a7       ?GetReturn@ILuaInterface@@QAEPAVILuaObject@@H@Z 100018a7 f   ILuaInterface.obj
 0001:000008bd       ?Call@ILuaInterface@@QAEXHH@Z 100018bd f   ILuaInterface.obj
 0001:000008df       ?GetMetaTable@ILuaInterface@@QAEPAVILuaObject@@PBDH@Z 100018df f   ILuaInterface.obj
 0001:0000097e       ??$vsprintf_s@$0EAA@@@YAHAAY0EAA@DPBDPAD@Z 1000197e f i ILuaInterface.obj
 0001:00000999       ??$unused_var@W4dst_flags@date_time@boost@@@?$counted_time_system@U?$counted_time_rep@Vmillisec_posix_time_system_config@posix_time@boost@@@date_time@boost@@@date_time@boost@@SAXABW4dst_flags@12@@Z 10001999 f i main.obj
 0001:00000999       ??3@YAXPAX0@Z              10001999 f i ILuaModuleManager.obj
 0001:00000999       ??$Destruct@UGroundSeedSpot@@@@YAXPAUGroundSeedSpot@@@Z 10001999 f i nav.obj
 0001:00000999       ??$Destruct@PAUJobInfo_t@@@@YAXPAPAUJobInfo_t@@@Z 10001999 f i main.obj
 0001:00000999       ??$Destruct@PAVNode@@@@YAXPAPAVNode@@@Z 10001999 f i main.obj
 0001:00000999       ??$Destruct@UAirSeedSpot@@@@YAXPAUAirSeedSpot@@@Z 10001999 f i nav.obj
 0001:00000999       ?throw_exception_assert_compatibility@boost@@YAXABVexception@std@@@Z 10001999 f i main.obj
 0001:0000099e       ??$destroy@PAU?$_Tree_node@U?$pair@QAUlua_State@@PAVILuaInterface@@@std@@PAX@std@@@?$allocator@U?$_Tree_node@U?$pair@QAUlua_State@@PAVILuaInterface@@@std@@PAX@std@@@std@@QAEXPAPAU?$_Tree_node@U?$pair@QAUlua_State@@PAVILuaInterface@@@std@@PAX@1@@Z 1000199e f i ILuaModuleManager.obj
 0001:0000099e       ??$destroy@PAD@?$allocator@D@std@@QAEXPAPAD@Z 1000199e f i ILuaObject.obj
 0001:0000099e       ?_Adopt@_Iterator_base0@std@@QAEXPBX@Z 1000199e f i ILuaModuleManager.obj
 0001:0000099e       ??$destroy@U?$pair@QAUlua_State@@PAVILuaInterface@@@std@@@?$allocator@U?$_Tree_node@U?$pair@QAUlua_State@@PAVILuaInterface@@@std@@PAX@std@@@std@@QAEXPAU?$pair@QAUlua_State@@PAVILuaInterface@@@1@@Z 1000199e f i ILuaModuleManager.obj
 0001:0000099e       ??$destroy@PAU?$_Tree_node@U?$pair@QBXUtss_data_node@detail@boost@@@std@@PAX@std@@@?$allocator@U?$_Tree_node@U?$pair@QBXUtss_data_node@detail@boost@@@std@@PAX@std@@@std@@QAEXPAPAU?$_Tree_node@U?$pair@QBXUtss_data_node@detail@boost@@@std@@PAX@1@@Z 1000199e f i nav.obj
 0001:0000099e       ??$destroy@U?$pair@PAVcondition_variable@boost@@PAVmutex@2@@std@@@?$allocator@U?$pair@PAVcondition_variable@boost@@PAVmutex@2@@std@@@std@@QAEXPAU?$pair@PAVcondition_variable@boost@@PAVmutex@2@@1@@Z 1000199e f i nav.obj
 0001:000009a9       ?CreateInterface@ILuaModuleManager@@QAEXPAUlua_State@@@Z 100019a9 f   ILuaModuleManager.obj
 0001:00000a24       ?DestroyInterface@ILuaModuleManager@@QAEXPAUlua_State@@@Z 10001a24 f   ILuaModuleManager.obj
 0001:00000a70       ??_GILuaInterface@@QAEPAXI@Z 10001a70 f i ILuaModuleManager.obj
 0001:00000a97       ?GetLuaInterface@ILuaModuleManager@@QAEPAVILuaInterface@@PAUlua_State@@@Z 10001a97 f   ILuaModuleManager.obj
 0001:00000ab0       ??0ILuaModuleManager@@QAE@XZ 10001ab0 f i ILuaModuleManager.obj
 0001:00000ac4       ??0?$map@PAUlua_State@@PAVILuaInterface@@U?$less@PAUlua_State@@@std@@V?$allocator@U?$pair@QAUlua_State@@PAVILuaInterface@@@std@@@4@@std@@QAE@XZ 10001ac4 f i ILuaModuleManager.obj
 0001:00000ae6       ??A?$map@PAUlua_State@@PAVILuaInterface@@U?$less@PAUlua_State@@@std@@V?$allocator@U?$pair@QAUlua_State@@PAVILuaInterface@@@std@@@4@@std@@QAEAAPAVILuaInterface@@ABQAUlua_State@@@Z 10001ae6 f i ILuaModuleManager.obj
 0001:00000b88       ?erase@?$_Tree@V?$_Tmap_traits@PAUlua_State@@PAVILuaInterface@@U?$less@PAUlua_State@@@std@@V?$allocator@U?$pair@QAUlua_State@@PAVILuaInterface@@@std@@@4@$0A@@std@@@std@@QAEIABQAUlua_State@@@Z 10001b88 f i ILuaModuleManager.obj
 0001:00000be6       ??0?$_Tree@V?$_Tmap_traits@PAUlua_State@@PAVILuaInterface@@U?$less@PAUlua_State@@@std@@V?$allocator@U?$pair@QAUlua_State@@PAVILuaInterface@@@std@@@4@$0A@@std@@@std@@QAE@ABU?$less@PAUlua_State@@@1@ABV?$allocator@U?$pair@QAUlua_State@@PAVILuaInterface@@@std@@@1@@Z 10001be6 f i ILuaModuleManager.obj
 0001:00000c02       ?end@?$_Tree@V?$_Tmap_traits@PBXUtss_data_node@detail@boost@@U?$less@PBX@std@@V?$allocator@U?$pair@QBXUtss_data_node@detail@boost@@@std@@@5@$0A@@std@@@std@@QAE?AV?$_Tree_iterator@V?$_Tree_val@U?$_Tree_simple_types@U?$pair@QBXUtss_data_node@detail@boost@@@std@@@std@@@std@@@2@XZ 10001c02 f i nav.obj
 0001:00000c02       ?end@?$_Tree@V?$_Tmap_traits@PAUlua_State@@PAVILuaInterface@@U?$less@PAUlua_State@@@std@@V?$allocator@U?$pair@QAUlua_State@@PAVILuaInterface@@@std@@@4@$0A@@std@@@std@@QAE?AV?$_Tree_iterator@V?$_Tree_val@U?$_Tree_simple_types@U?$pair@QAUlua_State@@PAVILuaInterface@@@std@@@std@@@std@@@2@XZ 10001c02 f i ILuaModuleManager.obj
 0001:00000c20       ?erase@?$_Tree@V?$_Tmap_traits@PAUlua_State@@PAVILuaInterface@@U?$less@PAUlua_State@@@std@@V?$allocator@U?$pair@QAUlua_State@@PAVILuaInterface@@@std@@@4@$0A@@std@@@std@@QAE?AV?$_Tree_iterator@V?$_Tree_val@U?$_Tree_simple_types@U?$pair@QAUlua_State@@PAVILuaInterface@@@std@@@std@@@std@@@2@V?$_Tree_const_iterator@V?$_Tree_val@U?$_Tree_simple_types@U?$pair@QAUlua_State@@PAVILuaInterface@@@std@@@std@@@std@@@2@0@Z 10001c20 f i ILuaModuleManager.obj
 0001:00000cc1       ?lower_bound@?$_Tree@V?$_Tmap_traits@PAUlua_State@@PAVILuaInterface@@U?$less@PAUlua_State@@@std@@V?$allocator@U?$pair@QAUlua_State@@PAVILuaInterface@@@std@@@4@$0A@@std@@@std@@QAE?AV?$_Tree_iterator@V?$_Tree_val@U?$_Tree_simple_types@U?$pair@QAUlua_State@@PAVILuaInterface@@@std@@@std@@@std@@@2@ABQAUlua_State@@@Z 10001cc1 f i ILuaModuleManager.obj
 0001:00000ce6       ?equal_range@?$_Tree@V?$_Tmap_traits@PAUlua_State@@PAVILuaInterface@@U?$less@PAUlua_State@@@std@@V?$allocator@U?$pair@QAUlua_State@@PAVILuaInterface@@@std@@@4@$0A@@std@@@std@@QAE?AU?$pair@V?$_Tree_iterator@V?$_Tree_val@U?$_Tree_simple_types@U?$pair@QAUlua_State@@PAVILuaInterface@@@std@@@std@@@std@@@std@@V12@@2@ABQAUlua_State@@@Z 10001ce6 f i ILuaModuleManager.obj
 0001:00000d10       ?_Key@?$_Tree@V?$_Tmap_traits@PAUlua_State@@PAVILuaInterface@@U?$less@PAUlua_State@@@std@@V?$allocator@U?$pair@QAUlua_State@@PAVILuaInterface@@@std@@@4@$0A@@std@@@std@@IBEABQAUlua_State@@PAU?$_Tree_node@U?$pair@QAUlua_State@@PAVILuaInterface@@@std@@PAX@2@@Z 10001d10 f i ILuaModuleManager.obj
 0001:00000d2d       ??R?$less@PAUlua_State@@@std@@QBE_NABQAUlua_State@@0@Z 10001d2d f i ILuaModuleManager.obj
 0001:00000d55       ?_Getcomp@?$_Tree_comp@$0A@V?$_Tmap_traits@PAUlua_State@@PAVILuaInterface@@U?$less@PAUlua_State@@@std@@V?$allocator@U?$pair@QAUlua_State@@PAVILuaInterface@@@std@@@4@$0A@@std@@@std@@QBE?AU?$less@PAUlua_State@@@2@XZ 10001d55 f i ILuaModuleManager.obj
 0001:00000d63       ??0?$arg@$07@boost@@QAE@XZ 10001d63 f i main.obj
 0001:00000d63       ??0?$arg@$06@boost@@QAE@XZ 10001d63 f i main.obj
 0001:00000d63       ??0?$arg@$05@boost@@QAE@XZ 10001d63 f i main.obj
 0001:00000d63       ??0?$allocator@U?$_Tree_node@U?$pair@QAUlua_State@@PAVILuaInterface@@@std@@PAX@std@@@std@@QAE@XZ 10001d63 f i ILuaModuleManager.obj
 0001:00000d63       ??0?$arg@$01@boost@@QAE@XZ 10001d63 f i main.obj
 0001:00000d63       ??0?$allocator@U?$pair@QBXUtss_data_node@detail@boost@@@std@@@std@@QAE@XZ 10001d63 f i nav.obj
 0001:00000d63       ??0list0@_bi@boost@@QAE@XZ 10001d63 f i nav.obj
 0001:00000d63       ??0?$arg@$03@boost@@QAE@XZ 10001d63 f i main.obj
 0001:00000d63       ??0?$arg@$02@boost@@QAE@XZ 10001d63 f i main.obj
 0001:00000d63       ??0?$allocator@U?$pair@QAUlua_State@@PAVILuaInterface@@@std@@@std@@QAE@XZ 10001d63 f i ILuaModuleManager.obj
 0001:00000d63       ??0?$allocator@U?$_Tree_node@U?$pair@QBXUtss_data_node@detail@boost@@@std@@PAX@std@@@std@@QAE@XZ 10001d63 f i nav.obj
 0001:00000d63       ??0_Ignore@std@@QAE@XZ     10001d63 f i main.obj
 0001:00000d63       ??0?$arg@$00@boost@@QAE@XZ 10001d63 f i main.obj
 0001:00000d63       ??0Vector@@QAE@XZ          10001d63 f i main.obj
 0001:00000d63       ??0?$allocator@D@std@@QAE@XZ 10001d63 f i ILuaObject.obj
 0001:00000d63       ??0?$arg@$08@boost@@QAE@XZ 10001d63 f i main.obj
 0001:00000d63       ??0?$arg@$04@boost@@QAE@XZ 10001d63 f i main.obj
 0001:00000d63       ??0?$allocator@U?$pair@PAVcondition_variable@boost@@PAVmutex@2@@std@@@std@@QAE@XZ 10001d63 f i nav.obj
 0001:00000d63       ?GetPosition@Node@@QAEPBVVector@@XZ 10001d63 f i node.obj
 0001:00000d63       ?get@?$value@PAVNode@@@_bi@boost@@QAEAAPAVNode@@XZ 10001d63 f i nav.obj
 0001:00000d63       ?get@?$value@PA_N@_bi@boost@@QAEAAPA_NXZ 10001d63 f i nav.obj
 0001:00000d63       ?get@?$value@PAVNav@@@_bi@boost@@QAEAAPAVNav@@XZ 10001d63 f i nav.obj
 0001:00000d63       ?get@?$value@PAUJobInfo_t@@@_bi@boost@@QAEAAPAUJobInfo_t@@XZ 10001d63 f i nav.obj
 0001:00000d6f       ??8?$_Tree_const_iterator@V?$_Tree_val@U?$_Tree_simple_types@U?$pair@QAUlua_State@@PAVILuaInterface@@@std@@@std@@@std@@@std@@QBE_NABV01@@Z 10001d6f f i ILuaModuleManager.obj
 0001:00000d6f       ??8?$_Tree_const_iterator@V?$_Tree_val@U?$_Tree_simple_types@U?$pair@QBXUtss_data_node@detail@boost@@@std@@@std@@@std@@@std@@QBE_NABV01@@Z 10001d6f f i nav.obj
 0001:00000d97       ?Base@?$CUtlMemory@PAVNode@@H@@QAEPAPAVNode@@XZ 10001d97 f i main.obj
 0001:00000d97       ?_Mynode@?$_Tree_unchecked_const_iterator@V?$_Tree_val@U?$_Tree_simple_types@U?$pair@QAUlua_State@@PAVILuaInterface@@@std@@@std@@@std@@U_Iterator_base0@2@@std@@QBEPAU?$_Tree_node@U?$pair@QAUlua_State@@PAVILuaInterface@@@std@@PAX@2@XZ 10001d97 f i ILuaModuleManager.obj
 0001:00000d97       ?Base@?$CUtlMemory@PAUJobInfo_t@@H@@QAEPAPAUJobInfo_t@@XZ 10001d97 f i main.obj
 0001:00000d97       ?Base@?$CUtlMemory@U?$UtlLinkedListElem_t@UAirSeedSpot@@H@@H@@QAEPAU?$UtlLinkedListElem_t@UAirSeedSpot@@H@@XZ 10001d97 f i nav.obj
 0001:00000d97       ?Base@?$CUtlMemory@EH@@QAEPAEXZ 10001d97 f i nav.obj
 0001:00000d97       ?as_number@?$int_adapter@I@date_time@boost@@QBEIXZ 10001d97 f i main.obj
 0001:00000d97       ?value@error_code@std@@QBEHXZ 10001d97 f i ILuaObject.obj
 0001:00000d97       ?get@?$refcount_ptr@Uerror_info_container@exception_detail@boost@@@exception_detail@boost@@QBEPAUerror_info_container@23@XZ 10001d97 f i main.obj
 0001:00000d97       ?Base@?$CUtlMemory@U?$UtlLinkedListElem_t@UGroundSeedSpot@@H@@H@@QAEPAU?$UtlLinkedListElem_t@UGroundSeedSpot@@H@@XZ 10001d97 f i nav.obj
 0001:00000d97       ?value@error_condition@std@@QBEHXZ 10001d97 f i ILuaObject.obj
 0001:00000d97       ?day_number@date@gregorian@boost@@QBEIXZ 10001d97 f i main.obj
 0001:00000d97       ?value@error_code@system@boost@@QBEHXZ 10001d97 f i nav.obj
 0001:00000d97       ?_Mynode@?$_Tree_unchecked_const_iterator@V?$_Tree_val@U?$_Tree_simple_types@U?$pair@QBXUtss_data_node@detail@boost@@@std@@@std@@@std@@U_Iterator_base0@2@@std@@QBEPAU?$_Tree_node@U?$pair@QBXUtss_data_node@detail@boost@@@std@@PAX@2@XZ 10001d97 f i nav.obj
 0001:00000da5       ??C?$_Tree_iterator@V?$_Tree_val@U?$_Tree_simple_types@U?$pair@QAUlua_State@@PAVILuaInterface@@@std@@@std@@@std@@@std@@QBEPAU?$pair@QAUlua_State@@PAVILuaInterface@@@1@XZ 10001da5 f i ILuaModuleManager.obj
 0001:00000dbd       ?begin@?$_Tree@V?$_Tmap_traits@PBXUtss_data_node@detail@boost@@U?$less@PBX@std@@V?$allocator@U?$pair@QBXUtss_data_node@detail@boost@@@std@@@5@$0A@@std@@@std@@QAE?AV?$_Tree_iterator@V?$_Tree_val@U?$_Tree_simple_types@U?$pair@QBXUtss_data_node@detail@boost@@@std@@@std@@@std@@@2@XZ 10001dbd f i nav.obj
 0001:00000dbd       ?begin@?$_Tree@V?$_Tmap_traits@PAUlua_State@@PAVILuaInterface@@U?$less@PAUlua_State@@@std@@V?$allocator@U?$pair@QAUlua_State@@PAVILuaInterface@@@std@@@4@$0A@@std@@@std@@QAE?AV?$_Tree_iterator@V?$_Tree_val@U?$_Tree_simple_types@U?$pair@QAUlua_State@@PAVILuaInterface@@@std@@@std@@@std@@@2@XZ 10001dbd f i ILuaModuleManager.obj
 0001:00000de0       ?erase@?$_Tree@V?$_Tmap_traits@PAUlua_State@@PAVILuaInterface@@U?$less@PAUlua_State@@@std@@V?$allocator@U?$pair@QAUlua_State@@PAVILuaInterface@@@std@@@4@$0A@@std@@@std@@QAE?AV?$_Tree_iterator@V?$_Tree_val@U?$_Tree_simple_types@U?$pair@QAUlua_State@@PAVILuaInterface@@@std@@@std@@@std@@@2@V?$_Tree_const_iterator@V?$_Tree_val@U?$_Tree_simple_types@U?$pair@QAUlua_State@@PAVILuaInterface@@@std@@@std@@@std@@@2@@Z 10001de0 f i ILuaModuleManager.obj
 0001:00001450       ?clear@?$_Tree@V?$_Tmap_traits@PAUlua_State@@PAVILuaInterface@@U?$less@PAUlua_State@@@std@@V?$allocator@U?$pair@QAUlua_State@@PAVILuaInterface@@@std@@@4@$0A@@std@@@std@@QAEXXZ 10002450 f i ILuaModuleManager.obj
 0001:0000149f       ?_Eqrange@?$_Tree@V?$_Tmap_traits@PAUlua_State@@PAVILuaInterface@@U?$less@PAUlua_State@@@std@@V?$allocator@U?$pair@QAUlua_State@@PAVILuaInterface@@@std@@@4@$0A@@std@@@std@@IAE?AU?$pair@V?$_Tree_iterator@V?$_Tree_val@U?$_Tree_simple_types@U?$pair@QAUlua_State@@PAVILuaInterface@@@std@@@std@@@std@@@std@@V12@@2@ABQAUlua_State@@@Z 1000249f f i ILuaModuleManager.obj
 0001:0000163c       ?_Lbound@?$_Tree@V?$_Tmap_traits@PAUlua_State@@PAVILuaInterface@@U?$less@PAUlua_State@@@std@@V?$allocator@U?$pair@QAUlua_State@@PAVILuaInterface@@@std@@@4@$0A@@std@@@std@@IAEPAU?$_Tree_node@U?$pair@QAUlua_State@@PAVILuaInterface@@@std@@PAX@2@ABQAUlua_State@@@Z 1000263c f i ILuaModuleManager.obj
 0001:000016c0       ?_Kfn@?$_Tree@V?$_Tmap_traits@PAUlua_State@@PAVILuaInterface@@U?$less@PAUlua_State@@@std@@V?$allocator@U?$pair@QAUlua_State@@PAVILuaInterface@@@std@@@4@$0A@@std@@@std@@IBEABQAUlua_State@@ABU?$pair@QAUlua_State@@PAVILuaInterface@@@2@@Z 100026c0 f i ILuaModuleManager.obj
 0001:000016d4       ??0?$_Tree_comp@$0A@V?$_Tmap_traits@PAUlua_State@@PAVILuaInterface@@U?$less@PAUlua_State@@@std@@V?$allocator@U?$pair@QAUlua_State@@PAVILuaInterface@@@std@@@4@$0A@@std@@@std@@QAE@ABU?$less@PAUlua_State@@@1@ABV?$allocator@U?$pair@QAUlua_State@@PAVILuaInterface@@@std@@@1@@Z 100026d4 f i ILuaModuleManager.obj
 0001:000016ed       ?_Myval@?$_Tree_val@U?$_Tree_simple_types@U?$pair@QBXUtss_data_node@detail@boost@@@std@@@std@@@std@@SAAAU?$pair@QBXUtss_data_node@detail@boost@@@2@PAU?$_Tree_node@U?$pair@QBXUtss_data_node@detail@boost@@@std@@PAX@2@@Z 100026ed f i nav.obj
 0001:000016ed       ?_Myval@?$_Tree_val@U?$_Tree_simple_types@U?$pair@QAUlua_State@@PAVILuaInterface@@@std@@@std@@@std@@SAAAU?$pair@QAUlua_State@@PAVILuaInterface@@@2@PAU?$_Tree_node@U?$pair@QAUlua_State@@PAVILuaInterface@@@std@@PAX@2@@Z 100026ed f i ILuaModuleManager.obj
 0001:000016f8       ??E?$_Tree_const_iterator@V?$_Tree_val@U?$_Tree_simple_types@U?$pair@QBXUtss_data_node@detail@boost@@@std@@@std@@@std@@@std@@QAE?AV01@H@Z 100026f8 f i nav.obj
 0001:000016f8       ??E?$_Tree_const_iterator@V?$_Tree_val@U?$_Tree_simple_types@U?$pair@QAUlua_State@@PAVILuaInterface@@@std@@@std@@@std@@@std@@QAE?AV01@H@Z 100026f8 f i ILuaModuleManager.obj
 0001:0000171f       ??9?$_Tree_const_iterator@V?$_Tree_val@U?$_Tree_simple_types@U?$pair@QAUlua_State@@PAVILuaInterface@@@std@@@std@@@std@@@std@@QBE_NABV01@@Z 1000271f f i ILuaModuleManager.obj
 0001:0000171f       ??9?$_Tree_const_iterator@V?$_Tree_val@U?$_Tree_simple_types@U?$pair@QBXUtss_data_node@detail@boost@@@std@@@std@@@std@@@std@@QBE_NABV01@@Z 1000271f f i nav.obj
 0001:0000174d       ??0?$_Tree_iterator@V?$_Tree_val@U?$_Tree_simple_types@U?$pair@QBXUtss_data_node@detail@boost@@@std@@@std@@@std@@@std@@QAE@PAU?$_Tree_node@U?$pair@QBXUtss_data_node@detail@boost@@@std@@PAX@1@PBV?$_Tree_val@U?$_Tree_simple_types@U?$pair@QBXUtss_data_node@detail@boost@@@std@@@std@@@1@@Z 1000274d f i nav.obj
 0001:0000174d       ??0?$_Tree_iterator@V?$_Tree_val@U?$_Tree_simple_types@U?$pair@QAUlua_State@@PAVILuaInterface@@@std@@@std@@@std@@@std@@QAE@PAU?$_Tree_node@U?$pair@QAUlua_State@@PAVILuaInterface@@@std@@PAX@1@PBV?$_Tree_val@U?$_Tree_simple_types@U?$pair@QAUlua_State@@PAVILuaInterface@@@std@@@std@@@1@@Z 1000274d f i ILuaModuleManager.obj
 0001:00001769       ??D?$_Tree_iterator@V?$_Tree_val@U?$_Tree_simple_types@U?$pair@QAUlua_State@@PAVILuaInterface@@@std@@@std@@@std@@@std@@QBEAAU?$pair@QAUlua_State@@PAVILuaInterface@@@1@XZ 10002769 f i ILuaModuleManager.obj
 0001:0000177a       ?pointer_to@?$pointer_traits@PAU?$pair@QAUlua_State@@PAVILuaInterface@@@std@@@std@@SAPAU?$pair@QAUlua_State@@PAVILuaInterface@@@2@AAU32@@Z 1000277a f i ILuaModuleManager.obj
 0001:00001788       ?_Erase@?$_Tree@V?$_Tmap_traits@PAUlua_State@@PAVILuaInterface@@U?$less@PAUlua_State@@@std@@V?$allocator@U?$pair@QAUlua_State@@PAVILuaInterface@@@std@@@4@$0A@@std@@@std@@IAEXPAU?$_Tree_node@U?$pair@QAUlua_State@@PAVILuaInterface@@@std@@PAX@2@@Z 10002788 f i ILuaModuleManager.obj
 0001:00001812       ?_Lmost@?$_Tree@V?$_Tmap_traits@PAUlua_State@@PAVILuaInterface@@U?$less@PAUlua_State@@@std@@V?$allocator@U?$pair@QAUlua_State@@PAVILuaInterface@@@std@@@4@$0A@@std@@@std@@IBEAAPAU?$_Tree_node@U?$pair@QAUlua_State@@PAVILuaInterface@@@std@@PAX@2@XZ 10002812 f i ILuaModuleManager.obj
 0001:00001812       ?_Lmost@?$_Tree@V?$_Tmap_traits@PBXUtss_data_node@detail@boost@@U?$less@PBX@std@@V?$allocator@U?$pair@QBXUtss_data_node@detail@boost@@@std@@@5@$0A@@std@@@std@@IBEAAPAU?$_Tree_node@U?$pair@QBXUtss_data_node@detail@boost@@@std@@PAX@2@XZ 10002812 f i nav.obj
 0001:00001826       ?_Lrotate@?$_Tree@V?$_Tmap_traits@PBXUtss_data_node@detail@boost@@U?$less@PBX@std@@V?$allocator@U?$pair@QBXUtss_data_node@detail@boost@@@std@@@5@$0A@@std@@@std@@IAEXPAU?$_Tree_node@U?$pair@QBXUtss_data_node@detail@boost@@@std@@PAX@2@@Z 10002826 f i nav.obj
 0001:00001826       ?_Lrotate@?$_Tree@V?$_Tmap_traits@PAUlua_State@@PAVILuaInterface@@U?$less@PAUlua_State@@@std@@V?$allocator@U?$pair@QAUlua_State@@PAVILuaInterface@@@std@@@4@$0A@@std@@@std@@IAEXPAU?$_Tree_node@U?$pair@QAUlua_State@@PAVILuaInterface@@@std@@PAX@2@@Z 10002826 f i ILuaModuleManager.obj
 0001:00001920       ?_Rmost@?$_Tree@V?$_Tmap_traits@PAUlua_State@@PAVILuaInterface@@U?$less@PAUlua_State@@@std@@V?$allocator@U?$pair@QAUlua_State@@PAVILuaInterface@@@std@@@4@$0A@@std@@@std@@IBEAAPAU?$_Tree_node@U?$pair@QAUlua_State@@PAVILuaInterface@@@std@@PAX@2@XZ 10002920 f i ILuaModuleManager.obj
 0001:00001920       ?_Rmost@?$_Tree@V?$_Tmap_traits@PBXUtss_data_node@detail@boost@@U?$less@PBX@std@@V?$allocator@U?$pair@QBXUtss_data_node@detail@boost@@@std@@@5@$0A@@std@@@std@@IBEAAPAU?$_Tree_node@U?$pair@QBXUtss_data_node@detail@boost@@@std@@PAX@2@XZ 10002920 f i nav.obj
 0001:00001934       ?_Root@?$_Tree@V?$_Tmap_traits@PAUlua_State@@PAVILuaInterface@@U?$less@PAUlua_State@@@std@@V?$allocator@U?$pair@QAUlua_State@@PAVILuaInterface@@@std@@@4@$0A@@std@@@std@@IBEAAPAU?$_Tree_node@U?$pair@QAUlua_State@@PAVILuaInterface@@@std@@PAX@2@XZ 10002934 f i ILuaModuleManager.obj
 0001:00001934       ?_Root@?$_Tree@V?$_Tmap_traits@PBXUtss_data_node@detail@boost@@U?$less@PBX@std@@V?$allocator@U?$pair@QBXUtss_data_node@detail@boost@@@std@@@5@$0A@@std@@@std@@IBEAAPAU?$_Tree_node@U?$pair@QBXUtss_data_node@detail@boost@@@std@@PAX@2@XZ 10002934 f i nav.obj
 0001:00001948       ?_Rrotate@?$_Tree@V?$_Tmap_traits@PBXUtss_data_node@detail@boost@@U?$less@PBX@std@@V?$allocator@U?$pair@QBXUtss_data_node@detail@boost@@@std@@@5@$0A@@std@@@std@@IAEXPAU?$_Tree_node@U?$pair@QBXUtss_data_node@detail@boost@@@std@@PAX@2@@Z 10002948 f i nav.obj
 0001:00001948       ?_Rrotate@?$_Tree@V?$_Tmap_traits@PAUlua_State@@PAVILuaInterface@@U?$less@PAUlua_State@@@std@@V?$allocator@U?$pair@QAUlua_State@@PAVILuaInterface@@@std@@@4@$0A@@std@@@std@@IAEXPAU?$_Tree_node@U?$pair@QAUlua_State@@PAVILuaInterface@@@std@@PAX@2@@Z 10002948 f i ILuaModuleManager.obj
 0001:00001a42       ??0?$_Tree_buy@U?$pair@QAUlua_State@@PAVILuaInterface@@@std@@V?$allocator@U?$pair@QAUlua_State@@PAVILuaInterface@@@std@@@2@@std@@QAE@ABV?$allocator@U?$pair@QAUlua_State@@PAVILuaInterface@@@std@@@1@@Z 10002a42 f i ILuaModuleManager.obj
 0001:00001a5b       ?_Getal@?$_Tree_alloc@$0A@U?$_Tree_base_types@U?$pair@QBXUtss_data_node@detail@boost@@@std@@V?$allocator@U?$pair@QBXUtss_data_node@detail@boost@@@std@@@2@@std@@@std@@QBE?AU?$_Wrap_alloc@V?$allocator@U?$_Tree_node@U?$pair@QBXUtss_data_node@detail@boost@@@std@@PAX@std@@@std@@@2@XZ 10002a5b f i nav.obj
 0001:00001a5b       ?_Getal@?$_Tree_alloc@$0A@U?$_Tree_base_types@U?$pair@QAUlua_State@@PAVILuaInterface@@@std@@V?$allocator@U?$pair@QAUlua_State@@PAVILuaInterface@@@std@@@2@@std@@@std@@QBE?AU?$_Wrap_alloc@V?$allocator@U?$_Tree_node@U?$pair@QAUlua_State@@PAVILuaInterface@@@std@@PAX@std@@@std@@@2@XZ 10002a5b f i ILuaModuleManager.obj
 0001:00001a5b       ?_Getal@?$_String_alloc@$0A@U?$_String_base_types@DV?$allocator@D@std@@@std@@@std@@QBE?AU?$_Wrap_alloc@V?$allocator@D@std@@@2@XZ 10002a5b f i ILuaObject.obj
 0001:00001a5b       ?_Getal@?$_Vector_alloc@$0A@U?$_Vec_base_types@U?$pair@PAVcondition_variable@boost@@PAVmutex@2@@std@@V?$allocator@U?$pair@PAVcondition_variable@boost@@PAVmutex@2@@std@@@2@@std@@@std@@QBE?AU?$_Wrap_alloc@V?$allocator@U?$pair@PAVcondition_variable@boost@@PAVmutex@2@@std@@@std@@@2@XZ 10002a5b f i nav.obj
 0001:00001a71       ?deallocate@?$_Wrap_alloc@V?$allocator@U?$_Tree_node@U?$pair@QAUlua_State@@PAVILuaInterface@@@std@@PAX@std@@@std@@@std@@QAEXPAU?$_Tree_node@U?$pair@QAUlua_State@@PAVILuaInterface@@@std@@PAX@2@I@Z 10002a71 f i ILuaModuleManager.obj
 0001:00001a71       ?deallocate@?$_Wrap_alloc@V?$allocator@D@std@@@std@@QAEXPADI@Z 10002a71 f i ILuaObject.obj
 0001:00001a71       ?deallocate@?$_Wrap_alloc@V?$allocator@U?$pair@PAVcondition_variable@boost@@PAVmutex@2@@std@@@std@@@std@@QAEXPAU?$pair@PAVcondition_variable@boost@@PAVmutex@2@@2@I@Z 10002a71 f i nav.obj
 0001:00001a71       ?deallocate@?$_Wrap_alloc@V?$allocator@U?$_Tree_node@U?$pair@QBXUtss_data_node@detail@boost@@@std@@PAX@std@@@std@@@std@@QAEXPAU?$_Tree_node@U?$pair@QBXUtss_data_node@detail@boost@@@std@@PAX@2@I@Z 10002a71 f i nav.obj
 0001:00001a8a       ?_Color@?$_Tree_val@U?$_Tree_simple_types@U?$pair@QAUlua_State@@PAVILuaInterface@@@std@@@std@@@std@@SAAADPAU?$_Tree_node@U?$pair@QAUlua_State@@PAVILuaInterface@@@std@@PAX@2@@Z 10002a8a f i ILuaModuleManager.obj
 0001:00001a8a       ?_Color@?$_Tree_val@U?$_Tree_simple_types@U?$pair@QBXUtss_data_node@detail@boost@@@std@@@std@@@std@@SAAADPAU?$_Tree_node@U?$pair@QBXUtss_data_node@detail@boost@@@std@@PAX@2@@Z 10002a8a f i nav.obj
 0001:00001a95       ?_Isnil@?$_Tree_val@U?$_Tree_simple_types@U?$pair@QBXUtss_data_node@detail@boost@@@std@@@std@@@std@@SAAADPAU?$_Tree_node@U?$pair@QBXUtss_data_node@detail@boost@@@std@@PAX@2@@Z 10002a95 f i nav.obj
 0001:00001a95       ?_Isnil@?$_Tree_val@U?$_Tree_simple_types@U?$pair@QAUlua_State@@PAVILuaInterface@@@std@@@std@@@std@@SAAADPAU?$_Tree_node@U?$pair@QAUlua_State@@PAVILuaInterface@@@std@@PAX@2@@Z 10002a95 f i ILuaModuleManager.obj
 0001:00001aa0       ??$forward@V?$_Tree_iterator@V?$_Tree_val@U?$_Tree_simple_types@U?$pair@QAUlua_State@@PAVILuaInterface@@@std@@@std@@@std@@@std@@@std@@YA$$QAV?$_Tree_iterator@V?$_Tree_val@U?$_Tree_simple_types@U?$pair@QAUlua_State@@PAVILuaInterface@@@std@@@std@@@std@@@0@AAV10@@Z 10002aa0 f i ILuaModuleManager.obj
 0001:00001aa0       ?_Left@?$_Tree_val@U?$_Tree_simple_types@U?$pair@QAUlua_State@@PAVILuaInterface@@@std@@@std@@@std@@SAAAPAU?$_Tree_node@U?$pair@QAUlua_State@@PAVILuaInterface@@@std@@PAX@2@PAU32@@Z 10002aa0 f i ILuaModuleManager.obj
 0001:00001aa0       ?_Left@?$_Tree_val@U?$_Tree_simple_types@U?$pair@QBXUtss_data_node@detail@boost@@@std@@@std@@@std@@SAAAPAU?$_Tree_node@U?$pair@QBXUtss_data_node@detail@boost@@@std@@PAX@2@PAU32@@Z 10002aa0 f i nav.obj
 0001:00001aa0       ?unwrap@?$unwrapper@V?$mf1@XVNav@@PA_N@_mfi@boost@@@_bi@boost@@SAAAV?$mf1@XVNav@@PA_N@_mfi@3@AAV453@J@Z 10002aa0 f i nav.obj
 0001:00001aa0       ??$forward@AAPAD@std@@YAAAPADAAPAD@Z 10002aa0 f i ILuaObject.obj
 0001:00001aa0       ??$forward@PAUlua_State@@@std@@YA$$QAPAUlua_State@@AAPAU1@@Z 10002aa0 f i ILuaModuleManager.obj
 0001:00001aa0       ??$forward@V?$bind_t@XV?$mf1@XVNav@@PA_N@_mfi@boost@@V?$list2@V?$value@PAVNav@@@_bi@boost@@V?$value@PA_N@23@@_bi@3@@_bi@boost@@AAV123@@boost@@YA$$QAV?$bind_t@XV?$mf1@XVNav@@PA_N@_mfi@boost@@V?$list2@V?$value@PAVNav@@@_bi@boost@@V?$value@PA_N@23@@_bi@3@@_bi@0@AAV120@PAX@Z 10002aa0 f i nav.obj
 0001:00001aa0       ??$forward@V?$bind_t@XV?$mf3@XVNav@@PAUJobInfo_t@@PAVNode@@PAV3@@_mfi@boost@@V?$list4@V?$value@PAVNav@@@_bi@boost@@V?$value@PAUJobInfo_t@@@23@V?$value@PAVNode@@@23@V523@@_bi@3@@_bi@boost@@AAV123@@boost@@YA$$QAV?$bind_t@XV?$mf3@XVNav@@PAUJobInfo_t@@PAVNode@@PAV3@@_mfi@boost@@V?$list4@V?$value@PAVNav@@@_bi@boost@@V?$value@PAUJobInfo_t@@@23@V?$value@PAVNode@@@23@V523@@_bi@3@@_bi@0@AAV120@PAX@Z 10002aa0 f i nav.obj
 0001:00001aa0       ??$forward@_N@std@@YA$$QA_NAA_N@Z 10002aa0 f i ILuaModuleManager.obj
 0001:00001aa0       ??$forward@ABQAUlua_State@@@std@@YAABQAUlua_State@@ABQAU1@@Z 10002aa0 f i ILuaModuleManager.obj
 0001:00001aa0       ??$addressof@PAU?$_Tree_node@U?$pair@QBXUtss_data_node@detail@boost@@@std@@PAX@std@@@std@@YAPAPAU?$_Tree_node@U?$pair@QBXUtss_data_node@detail@boost@@@std@@PAX@0@AAPAU10@@Z 10002aa0 f i nav.obj
 0001:00001aa0       ??$_Move@AAD@std@@YA$$QADAAD@Z 10002aa0 f i ILuaModuleManager.obj
 0001:00001aa0       ??$addressof@U?$pair@QBXUtss_data_node@detail@boost@@@std@@@std@@YAPAU?$pair@QBXUtss_data_node@detail@boost@@@0@AAU10@@Z 10002aa0 f i nav.obj
 0001:00001aa0       ??$addressof@U?$pair@QAUlua_State@@PAVILuaInterface@@@std@@@std@@YAPAU?$pair@QAUlua_State@@PAVILuaInterface@@@0@AAU10@@Z 10002aa0 f i ILuaModuleManager.obj
 0001:00001aa0       ??$forward@U?$pair@PAUlua_State@@PAVILuaInterface@@@std@@@std@@YA$$QAU?$pair@PAUlua_State@@PAVILuaInterface@@@0@AAU10@@Z 10002aa0 f i ILuaModuleManager.obj
 0001:00001aa0       ??$forward@AAV?$_Tree_iterator@V?$_Tree_val@U?$_Tree_simple_types@U?$pair@QAUlua_State@@PAVILuaInterface@@@std@@@std@@@std@@@std@@@std@@YAAAV?$_Tree_iterator@V?$_Tree_val@U?$_Tree_simple_types@U?$pair@QAUlua_State@@PAVILuaInterface@@@std@@@std@@@std@@@0@AAV10@@Z 10002aa0 f i ILuaModuleManager.obj
 0001:00001aa0       ??$addressof@D@std@@YAPADAAD@Z 10002aa0 f i ILuaObject.obj
 0001:00001aa0       ??$forward@AAPAU?$_Tree_node@U?$pair@QBXUtss_data_node@detail@boost@@@std@@PAX@std@@@std@@YAAAPAU?$_Tree_node@U?$pair@QBXUtss_data_node@detail@boost@@@std@@PAX@0@AAPAU10@@Z 10002aa0 f i nav.obj
 0001:00001aa0       ??$forward@PAVILuaInterface@@@std@@YA$$QAPAVILuaInterface@@AAPAV1@@Z 10002aa0 f i ILuaModuleManager.obj
 0001:00001aa0       ??$addressof@PAU?$_Tree_node@U?$pair@QAUlua_State@@PAVILuaInterface@@@std@@PAX@std@@@std@@YAPAPAU?$_Tree_node@U?$pair@QAUlua_State@@PAVILuaInterface@@@std@@PAX@0@AAPAU10@@Z 10002aa0 f i ILuaModuleManager.obj
 0001:00001aa0       ??$forward@AAPAU?$_Tree_node@U?$pair@QAUlua_State@@PAVILuaInterface@@@std@@PAX@std@@@std@@YAAAPAU?$_Tree_node@U?$pair@QAUlua_State@@PAVILuaInterface@@@std@@PAX@0@AAPAU10@@Z 10002aa0 f i ILuaModuleManager.obj
 0001:00001aa0       ??$_Kfn@QAUlua_State@@PAVILuaInterface@@@?$_Tmap_traits@PAUlua_State@@PAVILuaInterface@@U?$less@PAUlua_State@@@std@@V?$allocator@U?$pair@QAUlua_State@@PAVILuaInterface@@@std@@@4@$0A@@std@@SAABQAUlua_State@@ABU?$pair@QAUlua_State@@PAVILuaInterface@@@1@@Z 10002aa0 f i ILuaModuleManager.obj
 0001:00001aa0       ?unwrap@?$unwrapper@V?$mf3@XVNav@@PAUJobInfo_t@@PAVNode@@PAV3@@_mfi@boost@@@_bi@boost@@SAAAV?$mf3@XVNav@@PAUJobInfo_t@@PAVNode@@PAV3@@_mfi@3@AAV453@J@Z 10002aa0 f i nav.obj
 0001:00001aa0       ??$forward@AAU?$pair@QAUlua_State@@PAVILuaInterface@@@std@@@std@@YAAAU?$pair@QAUlua_State@@PAVILuaInterface@@@0@AAU10@@Z 10002aa0 f i ILuaModuleManager.obj
 0001:00001aa8       ?_Parent@?$_Tree_val@U?$_Tree_simple_types@U?$pair@QBXUtss_data_node@detail@boost@@@std@@@std@@@std@@SAAAPAU?$_Tree_node@U?$pair@QBXUtss_data_node@detail@boost@@@std@@PAX@2@PAU32@@Z 10002aa8 f i nav.obj
 0001:00001aa8       ?_Parent@?$_Tree_val@U?$_Tree_simple_types@U?$pair@QAUlua_State@@PAVILuaInterface@@@std@@@std@@@std@@SAAAPAU?$_Tree_node@U?$pair@QAUlua_State@@PAVILuaInterface@@@std@@PAX@2@PAU32@@Z 10002aa8 f i ILuaModuleManager.obj
 0001:00001ab3       ?_Right@?$_Tree_val@U?$_Tree_simple_types@U?$pair@QAUlua_State@@PAVILuaInterface@@@std@@@std@@@std@@SAAAPAU?$_Tree_node@U?$pair@QAUlua_State@@PAVILuaInterface@@@std@@PAX@2@PAU32@@Z 10002ab3 f i ILuaModuleManager.obj
 0001:00001ab3       ?_Right@?$_Tree_val@U?$_Tree_simple_types@U?$pair@QBXUtss_data_node@detail@boost@@@std@@@std@@@std@@SAAAPAU?$_Tree_node@U?$pair@QBXUtss_data_node@detail@boost@@@std@@PAX@2@PAU32@@Z 10002ab3 f i nav.obj
 0001:00001abe       ?_Max@?$_Tree_val@U?$_Tree_simple_types@U?$pair@QAUlua_State@@PAVILuaInterface@@@std@@@std@@@std@@SAPAU?$_Tree_node@U?$pair@QAUlua_State@@PAVILuaInterface@@@std@@PAX@2@PAU32@@Z 10002abe f i ILuaModuleManager.obj
 0001:00001abe       ?_Max@?$_Tree_val@U?$_Tree_simple_types@U?$pair@QBXUtss_data_node@detail@boost@@@std@@@std@@@std@@SAPAU?$_Tree_node@U?$pair@QBXUtss_data_node@detail@boost@@@std@@PAX@2@PAU32@@Z 10002abe f i nav.obj
 0001:00001aee       ?_Min@?$_Tree_val@U?$_Tree_simple_types@U?$pair@QBXUtss_data_node@detail@boost@@@std@@@std@@@std@@SAPAU?$_Tree_node@U?$pair@QBXUtss_data_node@detail@boost@@@std@@PAX@2@PAU32@@Z 10002aee f i nav.obj
 0001:00001aee       ?_Min@?$_Tree_val@U?$_Tree_simple_types@U?$pair@QAUlua_State@@PAVILuaInterface@@@std@@@std@@@std@@SAPAU?$_Tree_node@U?$pair@QAUlua_State@@PAVILuaInterface@@@std@@PAX@2@PAU32@@Z 10002aee f i ILuaModuleManager.obj
 0001:00001b1e       ??0?$_Tree_const_iterator@V?$_Tree_val@U?$_Tree_simple_types@U?$pair@QAUlua_State@@PAVILuaInterface@@@std@@@std@@@std@@@std@@QAE@PAU?$_Tree_node@U?$pair@QAUlua_State@@PAVILuaInterface@@@std@@PAX@1@PBV?$_Tree_val@U?$_Tree_simple_types@U?$pair@QAUlua_State@@PAVILuaInterface@@@std@@@std@@@1@@Z 10002b1e f i ILuaModuleManager.obj
 0001:00001b1e       ??0?$_Tree_const_iterator@V?$_Tree_val@U?$_Tree_simple_types@U?$pair@QBXUtss_data_node@detail@boost@@@std@@@std@@@std@@@std@@QAE@PAU?$_Tree_node@U?$pair@QBXUtss_data_node@detail@boost@@@std@@PAX@1@PBV?$_Tree_val@U?$_Tree_simple_types@U?$pair@QBXUtss_data_node@detail@boost@@@std@@@std@@@1@@Z 10002b1e f i nav.obj
 0001:00001b3a       ??D?$_Tree_const_iterator@V?$_Tree_val@U?$_Tree_simple_types@U?$pair@QAUlua_State@@PAVILuaInterface@@@std@@@std@@@std@@@std@@QBEABU?$pair@QAUlua_State@@PAVILuaInterface@@@1@XZ 10002b3a f i ILuaModuleManager.obj
 0001:00001b4e       ??E?$_Tree_const_iterator@V?$_Tree_val@U?$_Tree_simple_types@U?$pair@QBXUtss_data_node@detail@boost@@@std@@@std@@@std@@@std@@QAEAAV01@XZ 10002b4e f i nav.obj
 0001:00001b4e       ??E?$_Tree_const_iterator@V?$_Tree_val@U?$_Tree_simple_types@U?$pair@QAUlua_State@@PAVILuaInterface@@@std@@@std@@@std@@@std@@QAEAAV01@XZ 10002b4e f i ILuaModuleManager.obj
 0001:00001b62       ??0?$_Tree_alloc@$0A@U?$_Tree_base_types@U?$pair@QAUlua_State@@PAVILuaInterface@@@std@@V?$allocator@U?$pair@QAUlua_State@@PAVILuaInterface@@@std@@@2@@std@@@std@@QAE@ABV?$allocator@U?$pair@QAUlua_State@@PAVILuaInterface@@@std@@@1@@Z 10002b62 f i ILuaModuleManager.obj
 0001:00001b85       ??0?$_Wrap_alloc@V?$allocator@U?$_Tree_node@U?$pair@QAUlua_State@@PAVILuaInterface@@@std@@PAX@std@@@std@@@std@@QAE@XZ 10002b85 f i ILuaModuleManager.obj
 0001:00001b85       ??0?$_Wrap_alloc@V?$allocator@D@std@@@std@@QAE@XZ 10002b85 f i ILuaObject.obj
 0001:00001b85       ??0?$_Wrap_alloc@V?$allocator@U?$_Tree_node@U?$pair@QBXUtss_data_node@detail@boost@@@std@@PAX@std@@@std@@@std@@QAE@XZ 10002b85 f i nav.obj
 0001:00001b85       ??0VectorAligned@@QAE@XZ   10002b85 f i nav.obj
 0001:00001b85       ??0cplane_t@@QAE@XZ        10002b85 f i nav.obj
 0001:00001b85       ??0?$_Wrap_alloc@V?$allocator@U?$pair@PAVcondition_variable@boost@@PAVmutex@2@@std@@@std@@@std@@QAE@XZ 10002b85 f i nav.obj
 0001:00001b99       ?deallocate@?$allocator@U?$pair@PAVcondition_variable@boost@@PAVmutex@2@@std@@@std@@QAEXPAU?$pair@PAVcondition_variable@boost@@PAVmutex@2@@2@I@Z 10002b99 f i nav.obj
 0001:00001b99       ?deallocate@?$allocator@D@std@@QAEXPADI@Z 10002b99 f i ILuaObject.obj
 0001:00001b99       ?deallocate@?$allocator@U?$_Tree_node@U?$pair@QBXUtss_data_node@detail@boost@@@std@@PAX@std@@@std@@QAEXPAU?$_Tree_node@U?$pair@QBXUtss_data_node@detail@boost@@@std@@PAX@2@I@Z 10002b99 f i nav.obj
 0001:00001b99       ?deallocate@?$allocator@U?$_Tree_node@U?$pair@QAUlua_State@@PAVILuaInterface@@@std@@PAX@std@@@std@@QAEXPAU?$_Tree_node@U?$pair@QAUlua_State@@PAVILuaInterface@@@std@@PAX@2@I@Z 10002b99 f i ILuaModuleManager.obj
 0001:00001bad       ??0?$_Tree_unchecked_const_iterator@V?$_Tree_val@U?$_Tree_simple_types@U?$pair@QAUlua_State@@PAVILuaInterface@@@std@@@std@@@std@@U_Iterator_base0@2@@std@@QAE@PAU?$_Tree_node@U?$pair@QAUlua_State@@PAVILuaInterface@@@std@@PAX@1@PBV?$_Tree_val@U?$_Tree_simple_types@U?$pair@QAUlua_State@@PAVILuaInterface@@@std@@@std@@@1@@Z 10002bad f i ILuaModuleManager.obj
 0001:00001bad       ??0?$_Tree_unchecked_const_iterator@V?$_Tree_val@U?$_Tree_simple_types@U?$pair@QBXUtss_data_node@detail@boost@@@std@@@std@@@std@@U_Iterator_base0@2@@std@@QAE@PAU?$_Tree_node@U?$pair@QBXUtss_data_node@detail@boost@@@std@@PAX@1@PBV?$_Tree_val@U?$_Tree_simple_types@U?$pair@QBXUtss_data_node@detail@boost@@@std@@@std@@@1@@Z 10002bad f i nav.obj
 0001:00001bce       ??E?$_Tree_unchecked_const_iterator@V?$_Tree_val@U?$_Tree_simple_types@U?$pair@QBXUtss_data_node@detail@boost@@@std@@@std@@@std@@U_Iterator_base0@2@@std@@QAEAAV01@XZ 10002bce f i nav.obj
 0001:00001bce       ??E?$_Tree_unchecked_const_iterator@V?$_Tree_val@U?$_Tree_simple_types@U?$pair@QAUlua_State@@PAVILuaInterface@@@std@@@std@@@std@@U_Iterator_base0@2@@std@@QAEAAV01@XZ 10002bce f i ILuaModuleManager.obj
 0001:00001c67       ?_Buyheadnode@?$_Tree_alloc@$0A@U?$_Tree_base_types@U?$pair@QAUlua_State@@PAVILuaInterface@@@std@@V?$allocator@U?$pair@QAUlua_State@@PAVILuaInterface@@@std@@@2@@std@@@std@@QAEPAU?$_Tree_node@U?$pair@QAUlua_State@@PAVILuaInterface@@@std@@PAX@2@XZ 10002c67 f i ILuaModuleManager.obj
 0001:00001da3       ??0?$_Tree_val@U?$_Tree_simple_types@U?$pair@QBXUtss_data_node@detail@boost@@@std@@@std@@@std@@QAE@XZ 10002da3 f i nav.obj
 0001:00001da3       ??0?$_Tree_val@U?$_Tree_simple_types@U?$pair@QAUlua_State@@PAVILuaInterface@@@std@@@std@@@std@@QAE@XZ 10002da3 f i ILuaModuleManager.obj
 0001:00001dbc       ?allocate@?$_Wrap_alloc@V?$allocator@U?$_Tree_node@U?$pair@QAUlua_State@@PAVILuaInterface@@@std@@PAX@std@@@std@@@std@@QAEPAU?$_Tree_node@U?$pair@QAUlua_State@@PAVILuaInterface@@@std@@PAX@2@I@Z 10002dbc f i ILuaModuleManager.obj
 0001:00001dd2       ?allocate@?$allocator@U?$_Tree_node@U?$pair@QAUlua_State@@PAVILuaInterface@@@std@@PAX@std@@@std@@QAEPAU?$_Tree_node@U?$pair@QAUlua_State@@PAVILuaInterface@@@std@@PAX@2@I@Z 10002dd2 f i ILuaModuleManager.obj
 0001:00001de9       ??$?0ABQAUlua_State@@PAVILuaInterface@@@?$pair@PAUlua_State@@PAVILuaInterface@@@std@@QAE@ABQAUlua_State@@$$QAPAVILuaInterface@@PAPAX@Z 10002de9 f i ILuaModuleManager.obj
 0001:00001e18       ??$insert@U?$pair@PAUlua_State@@PAVILuaInterface@@@std@@@?$_Tree@V?$_Tmap_traits@PAUlua_State@@PAVILuaInterface@@U?$less@PAUlua_State@@@std@@V?$allocator@U?$pair@QAUlua_State@@PAVILuaInterface@@@std@@@4@$0A@@std@@@std@@QAE?AV?$_Tree_iterator@V?$_Tree_val@U?$_Tree_simple_types@U?$pair@QAUlua_State@@PAVILuaInterface@@@std@@@std@@@std@@@1@V?$_Tree_const_iterator@V?$_Tree_val@U?$_Tree_simple_types@U?$pair@QAUlua_State@@PAVILuaInterface@@@std@@@std@@@std@@@1@$$QAU?$pair@PAUlua_State@@PAVILuaInterface@@@1@@Z 10002e18 f i ILuaModuleManager.obj
 0001:00001e57       ??$?0V?$_Tree_iterator@V?$_Tree_val@U?$_Tree_simple_types@U?$pair@QAUlua_State@@PAVILuaInterface@@@std@@@std@@@std@@@std@@V01@@?$pair@V?$_Tree_iterator@V?$_Tree_val@U?$_Tree_simple_types@U?$pair@QAUlua_State@@PAVILuaInterface@@@std@@@std@@@std@@@std@@V12@@std@@QAE@$$QAU01@PAPAX@Z 10002e57 f i ILuaModuleManager.obj
 0001:00001e8a       ??$_Distance@V?$_Tree_iterator@V?$_Tree_val@U?$_Tree_simple_types@U?$pair@QAUlua_State@@PAVILuaInterface@@@std@@@std@@@std@@@std@@I@std@@YAXV?$_Tree_iterator@V?$_Tree_val@U?$_Tree_simple_types@U?$pair@QAUlua_State@@PAVILuaInterface@@@std@@@std@@@std@@@0@0AAI@Z 10002e8a f i ILuaModuleManager.obj
 0001:00001eb6       ??$swap@D@std@@YAXAAD0@Z   10002eb6 f i ILuaModuleManager.obj
 0001:00001eeb       ??$destroy@U?$pair@QAUlua_State@@PAVILuaInterface@@@std@@@?$_Wrap_alloc@V?$allocator@U?$_Tree_node@U?$pair@QAUlua_State@@PAVILuaInterface@@@std@@PAX@std@@@std@@@std@@QAEXPAU?$pair@QAUlua_State@@PAVILuaInterface@@@1@@Z 10002eeb f i ILuaModuleManager.obj
 0001:00001eeb       ??$destroy@PAU?$_Tree_node@U?$pair@QAUlua_State@@PAVILuaInterface@@@std@@PAX@std@@@?$_Wrap_alloc@V?$allocator@U?$_Tree_node@U?$pair@QAUlua_State@@PAVILuaInterface@@@std@@PAX@std@@@std@@@std@@QAEXPAPAU?$_Tree_node@U?$pair@QAUlua_State@@PAVILuaInterface@@@std@@PAX@1@@Z 10002eeb f i ILuaModuleManager.obj
 0001:00001eeb       ??$destroy@U?$pair@PAVcondition_variable@boost@@PAVmutex@2@@std@@@?$_Wrap_alloc@V?$allocator@U?$pair@PAVcondition_variable@boost@@PAVmutex@2@@std@@@std@@@std@@QAEXPAU?$pair@PAVcondition_variable@boost@@PAVmutex@2@@1@@Z 10002eeb f i nav.obj
 0001:00001eeb       ??$destroy@PAD@?$_Wrap_alloc@V?$allocator@D@std@@@std@@QAEXPAPAD@Z 10002eeb f i ILuaObject.obj
 0001:00001eeb       ??$destroy@PAU?$_Tree_node@U?$pair@QBXUtss_data_node@detail@boost@@@std@@PAX@std@@@?$_Wrap_alloc@V?$allocator@U?$_Tree_node@U?$pair@QBXUtss_data_node@detail@boost@@@std@@PAX@std@@@std@@@std@@QAEXPAPAU?$_Tree_node@U?$pair@QBXUtss_data_node@detail@boost@@@std@@PAX@1@@Z 10002eeb f i nav.obj
 0001:00001f03       ??$?0AAV?$_Tree_iterator@V?$_Tree_val@U?$_Tree_simple_types@U?$pair@QAUlua_State@@PAVILuaInterface@@@std@@@std@@@std@@@std@@AAV01@@?$pair@V?$_Tree_iterator@V?$_Tree_val@U?$_Tree_simple_types@U?$pair@QAUlua_State@@PAVILuaInterface@@@std@@@std@@@std@@@std@@V12@@std@@QAE@AAV?$_Tree_iterator@V?$_Tree_val@U?$_Tree_simple_types@U?$pair@QAUlua_State@@PAVILuaInterface@@@std@@@std@@@std@@@1@0PAPAX@Z 10002f03 f i ILuaModuleManager.obj
 0001:00001f32       ??$construct@PAU?$_Tree_node@U?$pair@QAUlua_State@@PAVILuaInterface@@@std@@PAX@std@@AAPAU12@@?$_Wrap_alloc@V?$allocator@U?$_Tree_node@U?$pair@QAUlua_State@@PAVILuaInterface@@@std@@PAX@std@@@std@@@std@@QAEXPAPAU?$_Tree_node@U?$pair@QAUlua_State@@PAVILuaInterface@@@std@@PAX@1@AAPAU21@@Z 10002f32 f i ILuaModuleManager.obj
 0001:00001f32       ??$construct@PAU?$_Tree_node@U?$pair@QBXUtss_data_node@detail@boost@@@std@@PAX@std@@AAPAU12@@?$_Wrap_alloc@V?$allocator@U?$_Tree_node@U?$pair@QBXUtss_data_node@detail@boost@@@std@@PAX@std@@@std@@@std@@QAEXPAPAU?$_Tree_node@U?$pair@QBXUtss_data_node@detail@boost@@@std@@PAX@1@AAPAU21@@Z 10002f32 f i nav.obj
 0001:00001f32       ??$construct@PADAAPAD@?$_Wrap_alloc@V?$allocator@D@std@@@std@@QAEXPAPADAAPAD@Z 10002f32 f i ILuaObject.obj
 0001:00001f55       ??$_Allocate@U?$_Tree_node@U?$pair@QAUlua_State@@PAVILuaInterface@@@std@@PAX@std@@@std@@YAPAU?$_Tree_node@U?$pair@QAUlua_State@@PAVILuaInterface@@@std@@PAX@0@IPAU10@@Z 10002f55 f i ILuaModuleManager.obj
 0001:00001f8e       ??$_Buynode@U?$pair@PAUlua_State@@PAVILuaInterface@@@std@@@?$_Tree_buy@U?$pair@QAUlua_State@@PAVILuaInterface@@@std@@V?$allocator@U?$pair@QAUlua_State@@PAVILuaInterface@@@std@@@2@@std@@QAEPAU?$_Tree_node@U?$pair@QAUlua_State@@PAVILuaInterface@@@std@@PAX@1@$$QAU?$pair@PAUlua_State@@PAVILuaInterface@@@1@@Z 10002f8e f i ILuaModuleManager.obj
 0001:0000205b       ??$_Insert_hint@AAU?$pair@QAUlua_State@@PAVILuaInterface@@@std@@PAU?$_Tree_node@U?$pair@QAUlua_State@@PAVILuaInterface@@@std@@PAX@2@@?$_Tree@V?$_Tmap_traits@PAUlua_State@@PAVILuaInterface@@U?$less@PAUlua_State@@@std@@V?$allocator@U?$pair@QAUlua_State@@PAVILuaInterface@@@std@@@4@$0A@@std@@@std@@IAE?AV?$_Tree_iterator@V?$_Tree_val@U?$_Tree_simple_types@U?$pair@QAUlua_State@@PAVILuaInterface@@@std@@@std@@@std@@@1@V?$_Tree_const_iterator@V?$_Tree_val@U?$_Tree_simple_types@U?$pair@QAUlua_State@@PAVILuaInterface@@@std@@@std@@@std@@@1@AAU?$pair@QAUlua_State@@PAVILuaInterface@@@1@PAU?$_Tree_node@U?$pair@QAUlua_State@@PAVILuaInterface@@@std@@PAX@1@@Z 1000305b f i ILuaModuleManager.obj
 0001:00002b5f       ??$_Iter_cat@V?$_Tree_iterator@V?$_Tree_val@U?$_Tree_simple_types@U?$pair@QAUlua_State@@PAVILuaInterface@@@std@@@std@@@std@@@std@@@std@@YA?AUbidirectional_iterator_tag@0@ABV?$_Tree_iterator@V?$_Tree_val@U?$_Tree_simple_types@U?$pair@QAUlua_State@@PAVILuaInterface@@@std@@@std@@@std@@@0@@Z 10003b5f f i ILuaModuleManager.obj
 0001:00002b70       ??$_Distance2@V?$_Tree_iterator@V?$_Tree_val@U?$_Tree_simple_types@U?$pair@QAUlua_State@@PAVILuaInterface@@@std@@@std@@@std@@@std@@I@std@@YAXV?$_Tree_iterator@V?$_Tree_val@U?$_Tree_simple_types@U?$pair@QAUlua_State@@PAVILuaInterface@@@std@@@std@@@std@@@0@0AAIUbidirectional_iterator_tag@0@@Z 10003b70 f i ILuaModuleManager.obj
 0001:00002b9f       ??$destroy@PAU?$_Tree_node@U?$pair@QAUlua_State@@PAVILuaInterface@@@std@@PAX@std@@@?$allocator_traits@V?$allocator@U?$_Tree_node@U?$pair@QAUlua_State@@PAVILuaInterface@@@std@@PAX@std@@@std@@@std@@SAXAAV?$allocator@U?$_Tree_node@U?$pair@QAUlua_State@@PAVILuaInterface@@@std@@PAX@std@@@1@PAPAU?$_Tree_node@U?$pair@QAUlua_State@@PAVILuaInterface@@@std@@PAX@1@@Z 10003b9f f i ILuaModuleManager.obj
 0001:00002b9f       ??$destroy@PAD@?$allocator_traits@V?$allocator@D@std@@@std@@SAXAAV?$allocator@D@1@PAPAD@Z 10003b9f f i ILuaObject.obj
 0001:00002b9f       ??$destroy@U?$pair@PAVcondition_variable@boost@@PAVmutex@2@@std@@@?$allocator_traits@V?$allocator@U?$pair@PAVcondition_variable@boost@@PAVmutex@2@@std@@@std@@@std@@SAXAAV?$allocator@U?$pair@PAVcondition_variable@boost@@PAVmutex@2@@std@@@1@PAU?$pair@PAVcondition_variable@boost@@PAVmutex@2@@1@@Z 10003b9f f i nav.obj
 0001:00002b9f       ??$destroy@PAU?$_Tree_node@U?$pair@QBXUtss_data_node@detail@boost@@@std@@PAX@std@@@?$allocator_traits@V?$allocator@U?$_Tree_node@U?$pair@QBXUtss_data_node@detail@boost@@@std@@PAX@std@@@std@@@std@@SAXAAV?$allocator@U?$_Tree_node@U?$pair@QBXUtss_data_node@detail@boost@@@std@@PAX@std@@@1@PAPAU?$_Tree_node@U?$pair@QBXUtss_data_node@detail@boost@@@std@@PAX@1@@Z 10003b9f f i nav.obj
 0001:00002b9f       ??$destroy@U?$pair@QAUlua_State@@PAVILuaInterface@@@std@@@?$allocator_traits@V?$allocator@U?$_Tree_node@U?$pair@QAUlua_State@@PAVILuaInterface@@@std@@PAX@std@@@std@@@std@@SAXAAV?$allocator@U?$_Tree_node@U?$pair@QAUlua_State@@PAVILuaInterface@@@std@@PAX@std@@@1@PAU?$pair@QAUlua_State@@PAVILuaInterface@@@1@@Z 10003b9f f i ILuaModuleManager.obj
 0001:00002baf       ??$construct@PAU?$_Tree_node@U?$pair@QBXUtss_data_node@detail@boost@@@std@@PAX@std@@AAPAU12@@?$allocator_traits@V?$allocator@U?$_Tree_node@U?$pair@QBXUtss_data_node@detail@boost@@@std@@PAX@std@@@std@@@std@@SAXAAV?$allocator@U?$_Tree_node@U?$pair@QBXUtss_data_node@detail@boost@@@std@@PAX@std@@@1@PAPAU?$_Tree_node@U?$pair@QBXUtss_data_node@detail@boost@@@std@@PAX@1@AAPAU31@@Z 10003baf f i nav.obj
 0001:00002baf       ??$construct@PAU?$_Tree_node@U?$pair@QAUlua_State@@PAVILuaInterface@@@std@@PAX@std@@AAPAU12@@?$allocator_traits@V?$allocator@U?$_Tree_node@U?$pair@QAUlua_State@@PAVILuaInterface@@@std@@PAX@std@@@std@@@std@@SAXAAV?$allocator@U?$_Tree_node@U?$pair@QAUlua_State@@PAVILuaInterface@@@std@@PAX@std@@@1@PAPAU?$_Tree_node@U?$pair@QAUlua_State@@PAVILuaInterface@@@std@@PAX@1@AAPAU31@@Z 10003baf f i ILuaModuleManager.obj
 0001:00002baf       ??$construct@PADAAPAD@?$allocator_traits@V?$allocator@D@std@@@std@@SAXAAV?$allocator@D@1@PAPADAAPAD@Z 10003baf f i ILuaObject.obj
 0001:00002bc9       ?NumAllocated@?$CUtlMemory@PAUJobInfo_t@@H@@QBEHXZ 10003bc9 f i main.obj
 0001:00002bc9       ?category@error_code@std@@QBEABVerror_category@2@XZ 10003bc9 f i ILuaObject.obj
 0001:00002bc9       ?size@?$_Tree@V?$_Tmap_traits@PAUlua_State@@PAVILuaInterface@@U?$less@PAUlua_State@@@std@@V?$allocator@U?$pair@QAUlua_State@@PAVILuaInterface@@@std@@@4@$0A@@std@@@std@@QBEIXZ 10003bc9 f i ILuaModuleManager.obj
 0001:00002bc9       ?NumAllocated@?$CUtlMemory@PAVNode@@H@@QBEHXZ 10003bc9 f i nav.obj
 0001:00002bc9       ?category@error_condition@std@@QBEABVerror_category@2@XZ 10003bc9 f i ILuaObject.obj
 0001:00002bd8       ?_Destroy_if_not_nil@?$_Tree@V?$_Tmap_traits@PAUlua_State@@PAVILuaInterface@@U?$less@PAUlua_State@@@std@@V?$allocator@U?$pair@QAUlua_State@@PAVILuaInterface@@@std@@@4@$0A@@std@@@std@@IAEXPAU?$_Tree_node@U?$pair@QAUlua_State@@PAVILuaInterface@@@std@@PAX@2@@Z 10003bd8 f i ILuaModuleManager.obj
 0001:00002c20       ?_Buynode0@?$_Tree_buy@U?$pair@QAUlua_State@@PAVILuaInterface@@@std@@V?$allocator@U?$pair@QAUlua_State@@PAVILuaInterface@@@std@@@2@@std@@QAEPAU?$_Tree_node@U?$pair@QAUlua_State@@PAVILuaInterface@@@std@@PAX@2@XZ 10003c20 f i ILuaModuleManager.obj
 0001:00002d41       ?_Freeheadnode@?$_Tree_alloc@$0A@U?$_Tree_base_types@U?$pair@QBXUtss_data_node@detail@boost@@@std@@V?$allocator@U?$pair@QBXUtss_data_node@detail@boost@@@std@@@2@@std@@@std@@QAEXPAU?$_Tree_node@U?$pair@QBXUtss_data_node@detail@boost@@@std@@PAX@2@@Z 10003d41 f i nav.obj
 0001:00002d41       ?_Freenode0@?$_Tree_buy@U?$pair@QAUlua_State@@PAVILuaInterface@@@std@@V?$allocator@U?$pair@QAUlua_State@@PAVILuaInterface@@@std@@@2@@std@@QAEXPAU?$_Tree_node@U?$pair@QAUlua_State@@PAVILuaInterface@@@std@@PAX@2@@Z 10003d41 f i ILuaModuleManager.obj
 0001:00002dd1       ??0?$_Tree_const_iterator@V?$_Tree_val@U?$_Tree_simple_types@U?$pair@QAUlua_State@@PAVILuaInterface@@@std@@@std@@@std@@@std@@QAE@XZ 10003dd1 f i ILuaModuleManager.obj
 0001:00002de5       ??F?$_Tree_const_iterator@V?$_Tree_val@U?$_Tree_simple_types@U?$pair@QAUlua_State@@PAVILuaInterface@@@std@@@std@@@std@@@std@@QAEAAV01@XZ 10003de5 f i ILuaModuleManager.obj
 0001:00002df9       ??E?$_Tree_iterator@V?$_Tree_val@U?$_Tree_simple_types@U?$pair@QAUlua_State@@PAVILuaInterface@@@std@@@std@@@std@@@std@@QAEAAV01@XZ 10003df9 f i ILuaModuleManager.obj
 0001:00002e0d       ??0?$intrusive_ptr@Uthread_data_base@detail@boost@@@boost@@QAE@XZ 10003e0d f i nav.obj
 0001:00002e0d       ??0?$_Tree_unchecked_const_iterator@V?$_Tree_val@U?$_Tree_simple_types@U?$pair@QAUlua_State@@PAVILuaInterface@@@std@@@std@@@std@@U_Iterator_base0@2@@std@@QAE@XZ 10003e0d f i ILuaModuleManager.obj
 0001:00002e0d       ??0?$refcount_ptr@Uerror_info_container@exception_detail@boost@@@exception_detail@boost@@QAE@XZ 10003e0d f i main.obj
 0001:00002e1f       ??F?$_Tree_unchecked_const_iterator@V?$_Tree_val@U?$_Tree_simple_types@U?$pair@QAUlua_State@@PAVILuaInterface@@@std@@@std@@@std@@U_Iterator_base0@2@@std@@QAEAAV01@XZ 10003e1f f i ILuaModuleManager.obj
 0001:00002ee1       ??$construct@U?$pair@QAUlua_State@@PAVILuaInterface@@@std@@U?$pair@PAUlua_State@@PAVILuaInterface@@@2@@?$_Wrap_alloc@V?$allocator@U?$_Tree_node@U?$pair@QAUlua_State@@PAVILuaInterface@@@std@@PAX@std@@@std@@@std@@QAEXPAU?$pair@QAUlua_State@@PAVILuaInterface@@@1@$$QAU?$pair@PAUlua_State@@PAVILuaInterface@@@1@@Z 10003ee1 f i ILuaModuleManager.obj
 0001:00002f04       ??$_Insert_at@AAU?$pair@QAUlua_State@@PAVILuaInterface@@@std@@PAU?$_Tree_node@U?$pair@QAUlua_State@@PAVILuaInterface@@@std@@PAX@2@@?$_Tree@V?$_Tmap_traits@PAUlua_State@@PAVILuaInterface@@U?$less@PAUlua_State@@@std@@V?$allocator@U?$pair@QAUlua_State@@PAVILuaInterface@@@std@@@4@$0A@@std@@@std@@IAE?AV?$_Tree_iterator@V?$_Tree_val@U?$_Tree_simple_types@U?$pair@QAUlua_State@@PAVILuaInterface@@@std@@@std@@@std@@@1@_NPAU?$_Tree_node@U?$pair@QAUlua_State@@PAVILuaInterface@@@std@@PAX@1@AAU?$pair@QAUlua_State@@PAVILuaInterface@@@1@1@Z 10003f04 f i ILuaModuleManager.obj
 0001:00003272       ??$_Insert_nohint@AAU?$pair@QAUlua_State@@PAVILuaInterface@@@std@@PAU?$_Tree_node@U?$pair@QAUlua_State@@PAVILuaInterface@@@std@@PAX@2@@?$_Tree@V?$_Tmap_traits@PAUlua_State@@PAVILuaInterface@@U?$less@PAUlua_State@@@std@@V?$allocator@U?$pair@QAUlua_State@@PAVILuaInterface@@@std@@@4@$0A@@std@@@std@@IAE?AU?$pair@V?$_Tree_iterator@V?$_Tree_val@U?$_Tree_simple_types@U?$pair@QAUlua_State@@PAVILuaInterface@@@std@@@std@@@std@@@std@@_N@1@_NAAU?$pair@QAUlua_State@@PAVILuaInterface@@@1@PAU?$_Tree_node@U?$pair@QAUlua_State@@PAVILuaInterface@@@std@@PAX@1@@Z 10004272 f i ILuaModuleManager.obj
 0001:00003608       ??$construct@PAU?$_Tree_node@U?$pair@QAUlua_State@@PAVILuaInterface@@@std@@PAX@std@@AAPAU12@@?$allocator@U?$_Tree_node@U?$pair@QAUlua_State@@PAVILuaInterface@@@std@@PAX@std@@@std@@QAEXPAPAU?$_Tree_node@U?$pair@QAUlua_State@@PAVILuaInterface@@@std@@PAX@1@AAPAU21@@Z 10004608 f i ILuaModuleManager.obj
 0001:00003608       ??$construct@PAU?$_Tree_node@U?$pair@QBXUtss_data_node@detail@boost@@@std@@PAX@std@@AAPAU12@@?$allocator@U?$_Tree_node@U?$pair@QBXUtss_data_node@detail@boost@@@std@@PAX@std@@@std@@QAEXPAPAU?$_Tree_node@U?$pair@QBXUtss_data_node@detail@boost@@@std@@PAX@1@AAPAU21@@Z 10004608 f i nav.obj
 0001:00003608       ??$construct@PADAAPAD@?$allocator@D@std@@QAEXPAPADAAPAD@Z 10004608 f i ILuaObject.obj
 0001:0000367e       ?max_size@?$_Tree@V?$_Tmap_traits@PAUlua_State@@PAVILuaInterface@@U?$less@PAUlua_State@@@std@@V?$allocator@U?$pair@QAUlua_State@@PAVILuaInterface@@@std@@@4@$0A@@std@@@std@@QBEIXZ 1000467e f i ILuaModuleManager.obj
 0001:0000369b       ??F?$_Tree_iterator@V?$_Tree_val@U?$_Tree_simple_types@U?$pair@QAUlua_State@@PAVILuaInterface@@@std@@@std@@@std@@@std@@QAEAAV01@XZ 1000469b f i ILuaModuleManager.obj
 0001:000036af       ?max_size@?$_Wrap_alloc@V?$allocator@U?$_Tree_node@U?$pair@QAUlua_State@@PAVILuaInterface@@@std@@PAX@std@@@std@@@std@@QBEIXZ 100046af f i ILuaModuleManager.obj
 0001:000036c1       ?max_size@?$allocator_traits@V?$allocator@U?$_Tree_node@U?$pair@QAUlua_State@@PAVILuaInterface@@@std@@PAX@std@@@std@@@std@@SAIABV?$allocator@U?$_Tree_node@U?$pair@QAUlua_State@@PAVILuaInterface@@@std@@PAX@std@@@2@@Z 100046c1 f i ILuaModuleManager.obj
 0001:000036ce       ?max_size@?$allocator@U?$_Tree_node@U?$pair@QAUlua_State@@PAVILuaInterface@@@std@@PAX@std@@@std@@QBEIXZ 100046ce f i ILuaModuleManager.obj
 0001:000036dc       ??$construct@U?$pair@QAUlua_State@@PAVILuaInterface@@@std@@U?$pair@PAUlua_State@@PAVILuaInterface@@@2@@?$allocator_traits@V?$allocator@U?$_Tree_node@U?$pair@QAUlua_State@@PAVILuaInterface@@@std@@PAX@std@@@std@@@std@@SAXAAV?$allocator@U?$_Tree_node@U?$pair@QAUlua_State@@PAVILuaInterface@@@std@@PAX@std@@@1@PAU?$pair@QAUlua_State@@PAVILuaInterface@@@1@$$QAU?$pair@PAUlua_State@@PAVILuaInterface@@@1@@Z 100046dc f i ILuaModuleManager.obj
 0001:000036f6       ??$_Buynode_if_nil@AAU?$pair@QAUlua_State@@PAVILuaInterface@@@std@@@?$_Tree@V?$_Tmap_traits@PAUlua_State@@PAVILuaInterface@@U?$less@PAUlua_State@@@std@@V?$allocator@U?$pair@QAUlua_State@@PAVILuaInterface@@@std@@@4@$0A@@std@@@std@@IAEPAU?$_Tree_node@U?$pair@QAUlua_State@@PAVILuaInterface@@@std@@PAX@1@PAU21@AAU?$pair@QAUlua_State@@PAVILuaInterface@@@1@@Z 100046f6 f i ILuaModuleManager.obj
 0001:00003704       ??$?0AAV?$_Tree_iterator@V?$_Tree_val@U?$_Tree_simple_types@U?$pair@QAUlua_State@@PAVILuaInterface@@@std@@@std@@@std@@@std@@_N@?$pair@V?$_Tree_iterator@V?$_Tree_val@U?$_Tree_simple_types@U?$pair@QAUlua_State@@PAVILuaInterface@@@std@@@std@@@std@@@std@@_N@std@@QAE@AAV?$_Tree_iterator@V?$_Tree_val@U?$_Tree_simple_types@U?$pair@QAUlua_State@@PAVILuaInterface@@@std@@@std@@@std@@@1@$$QA_NPAPAX@Z 10004704 f i ILuaModuleManager.obj
 0001:00003704       ??$?0V?$_Tree_iterator@V?$_Tree_val@U?$_Tree_simple_types@U?$pair@QAUlua_State@@PAVILuaInterface@@@std@@@std@@@std@@@std@@_N@?$pair@V?$_Tree_iterator@V?$_Tree_val@U?$_Tree_simple_types@U?$pair@QAUlua_State@@PAVILuaInterface@@@std@@@std@@@std@@@std@@_N@std@@QAE@$$QAV?$_Tree_iterator@V?$_Tree_val@U?$_Tree_simple_types@U?$pair@QAUlua_State@@PAVILuaInterface@@@std@@@std@@@std@@@1@$$QA_NPAPAX@Z 10004704 f i ILuaModuleManager.obj
 0001:00003733       ??$?0V?$_Tree_iterator@V?$_Tree_val@U?$_Tree_simple_types@U?$pair@QAUlua_State@@PAVILuaInterface@@@std@@@std@@@std@@@std@@_N@?$pair@V?$_Tree_iterator@V?$_Tree_val@U?$_Tree_simple_types@U?$pair@QAUlua_State@@PAVILuaInterface@@@std@@@std@@@std@@@std@@_N@std@@QAE@$$QAU01@PAPAX@Z 10004733 f i ILuaModuleManager.obj
 0001:00003766       ??$construct@U?$pair@QAUlua_State@@PAVILuaInterface@@@std@@U?$pair@PAUlua_State@@PAVILuaInterface@@@2@@?$allocator@U?$_Tree_node@U?$pair@QAUlua_State@@PAVILuaInterface@@@std@@PAX@std@@@std@@QAEXPAU?$pair@QAUlua_State@@PAVILuaInterface@@@1@$$QAU?$pair@PAUlua_State@@PAVILuaInterface@@@1@@Z 10004766 f i ILuaModuleManager.obj
 0001:000037dd       ??$?0PAUlua_State@@PAVILuaInterface@@@?$pair@QAUlua_State@@PAVILuaInterface@@@std@@QAE@$$QAU?$pair@PAUlua_State@@PAVILuaInterface@@@1@PAPAX@Z 100047dd f i ILuaModuleManager.obj
 0001:00003810       ?length@?$char_traits@D@std@@SAIPBD@Z 10004810 f i ILuaObject.obj
 0001:00003858       ?copy@?$char_traits@D@std@@SAPADPADPBDI@Z 10004858 f i ILuaObject.obj
 0001:00003883       ?move@?$char_traits@D@std@@SAPADPADPBDI@Z 10004883 f i ILuaObject.obj
 0001:000038ae       ?assign@?$char_traits@D@std@@SAXAADABD@Z 100048ae f i ILuaObject.obj
 0001:000038bd       ??0handle_manager@win32@detail@boost@@QAE@PAX@Z 100048bd f i nav.obj
 0001:000038bd       ??0Iterator_t@?$CUtlMemory@U?$UtlLinkedListElem_t@UGroundSeedSpot@@H@@H@@QAE@H@Z 100048bd f i nav.obj
 0001:000038bd       ??0id@locale@std@@QAE@I@Z  100048bd f i ILuaObject.obj
 0001:000038bd       ??0?$mf3@XVNav@@PAUJobInfo_t@@PAVNode@@PAV3@@_mfi@boost@@QAE@P8Nav@@AEXPAUJobInfo_t@@PAVNode@@1@Z@Z 100048bd f i nav.obj
 0001:000038bd       ??0?$mf1@XVNav@@PA_N@_mfi@boost@@QAE@P8Nav@@AEXPA_N@Z@Z 100048bd f i nav.obj
 0001:000038bd       ??0?$int_adapter@I@date_time@boost@@QAE@I@Z 100048bd f i main.obj
 0001:000038bd       ??0Iterator_t@?$CUtlMemory@U?$UtlLinkedListElem_t@UAirSeedSpot@@H@@H@@QAE@H@Z 100048bd f i nav.obj
 0001:000038bd       ??0?$storage1@V?$value@PAVNav@@@_bi@boost@@@_bi@boost@@QAE@V?$value@PAVNav@@@12@@Z 100048bd f i nav.obj
 0001:000038d3       ??0error_category@std@@QAE@XZ 100048d3 f i ILuaObject.obj
 0001:000038e8       ??1error_category@std@@UAE@XZ 100048e8 f i ILuaObject.obj
 0001:000038fa       ??8error_category@std@@QBE_NABV01@@Z 100048fa f i ILuaObject.obj
 0001:0000391e       ??_Eerror_category@std@@UAEPAXI@Z 1000491e f i * CIL library *:* CIL module *
 0001:0000391e       ??_Gerror_category@std@@UAEPAXI@Z 1000491e f i ILuaObject.obj
 0001:00003945       ??0ILuaObject@@QAE@PAVILuaBase@Lua@GarrysMod@@H@Z 10004945 f i ILuaObject.obj
 0001:00003945       ??0error_condition@std@@QAE@HABVerror_category@1@@Z 10004945 f i ILuaObject.obj
 0001:00003945       ??0error_code@system@boost@@QAE@HABVerror_category@12@@Z 10004945 f i nav.obj
 0001:00003964       ??8error_condition@std@@QBE_NABV01@@Z 10004964 f i ILuaObject.obj
 0001:000039b7       ?default_error_condition@error_category@std@@UBE?AVerror_condition@2@H@Z 100049b7 f i ILuaObject.obj
 0001:000039d3       ?equivalent@error_category@std@@UBE_NHABVerror_condition@2@@Z 100049d3 f i ILuaObject.obj
 0001:000039fc       ?equivalent@error_category@std@@UBE_NABVerror_code@2@H@Z 100049fc f i ILuaObject.obj
 0001:00003a3d       ??0_Generic_error_category@std@@QAE@XZ 10004a3d f i ILuaObject.obj
 0001:00003a5a       ?name@_Generic_error_category@std@@UBEPBDXZ 10004a5a f i ILuaObject.obj
 0001:00003a68       ?message@_Generic_error_category@std@@UBE?AV?$basic_string@DU?$char_traits@D@std@@V?$allocator@D@2@@2@H@Z 10004a68 f i ILuaObject.obj
 0001:00003ab1       ??_E_Generic_error_category@std@@UAEPAXI@Z 10004ab1 f i * CIL library *:* CIL module *
 0001:00003ab1       ??_G_Generic_error_category@std@@UAEPAXI@Z 10004ab1 f i ILuaObject.obj
 0001:00003ad8       ??1_Generic_error_category@std@@UAE@XZ 10004ad8 f i ILuaObject.obj
 0001:00003ae9       ??0_Iostream_error_category@std@@QAE@XZ 10004ae9 f i ILuaObject.obj
 0001:00003b06       ?name@_Iostream_error_category@std@@UBEPBDXZ 10004b06 f i ILuaObject.obj
 0001:00003b14       ?message@_Iostream_error_category@std@@UBE?AV?$basic_string@DU?$char_traits@D@std@@V?$allocator@D@2@@2@H@Z 10004b14 f i ILuaObject.obj
 0001:00003b61       ??_E_System_error_category@std@@UAEPAXI@Z 10004b61 f i * CIL library *:* CIL module *
 0001:00003b61       ??_G_Iostream_error_category@std@@UAEPAXI@Z 10004b61 f i ILuaObject.obj
 0001:00003b61       ??_G_System_error_category@std@@UAEPAXI@Z 10004b61 f i ILuaObject.obj
 0001:00003b61       ??_E_Iostream_error_category@std@@UAEPAXI@Z 10004b61 f i * CIL library *:* CIL module *
 0001:00003b88       ??1_Iostream_error_category@std@@UAE@XZ 10004b88 f i ILuaObject.obj
 0001:00003b88       ??1_System_error_category@std@@UAE@XZ 10004b88 f i ILuaObject.obj
 0001:00003b99       ??0_System_error_category@std@@QAE@XZ 10004b99 f i ILuaObject.obj
 0001:00003bb6       ?name@_System_error_category@std@@UBEPBDXZ 10004bb6 f i ILuaObject.obj
 0001:00003bc4       ?message@_System_error_category@std@@UBE?AV?$basic_string@DU?$char_traits@D@std@@V?$allocator@D@2@@2@H@Z 10004bc4 f i ILuaObject.obj
 0001:00003c0d       ?default_error_condition@_System_error_category@std@@UBE?AVerror_condition@2@H@Z 10004c0d f i ILuaObject.obj
 0001:00003c51       ?generic_category@std@@YAABVerror_category@1@XZ 10004c51 f i ILuaObject.obj
 0001:00003c5b       ?system_category@std@@YAABVerror_category@1@XZ 10004c5b f i ILuaObject.obj
 0001:00003c65       ?ValidateGrowSize@?$CUtlMemory@PAUJobInfo_t@@H@@IAEXXZ 10004c65 f   main.obj
 0001:00003c65       ?ValidateGrowSize@?$CUtlMemory@U?$UtlLinkedListElem_t@UGroundSeedSpot@@H@@H@@IAEXXZ 10004c65 f   nav.obj
 0001:00003c65       ?ValidateGrowSize@?$CUtlMemory@PAVNode@@H@@IAEXXZ 10004c65 f   main.obj
 0001:00003c65       ??1ILuaObject@@QAE@XZ      10004c65 f   ILuaObject.obj
 0001:00003c65       ?_Orphan_all@_Container_base0@std@@QAEXXZ 10004c65 f   nav.obj
 0001:00003c65       ?ValidateGrowSize@?$CUtlMemory@U?$UtlLinkedListElem_t@UAirSeedSpot@@H@@H@@IAEXXZ 10004c65 f   nav.obj
 0001:00003c6e       ?UnReference@ILuaObject@@QAEXXZ 10004c6e f   ILuaObject.obj
 0001:00003cb6       ??_GILuaObject@@QAEPAXI@Z  10004cb6 f i ILuaObject.obj
 0001:00003cdd       ?SetMember@ILuaObject@@QAEXPBDPAV1@@Z 10004cdd f   ILuaObject.obj
 0001:00003d2e       ?SetMember@ILuaObject@@QAEXPBDN@Z 10004d2e f   ILuaObject.obj
 0001:00003d92       ?SetMember@ILuaObject@@QAEXPBDP6AHPAUlua_State@@@Z@Z 10004d92 f   ILuaObject.obj
 0001:00003df0       ?SetMember@ILuaObject@@QAEXNPAV1@@Z 10004df0 f   ILuaObject.obj
 0001:00003e48       ?SetMember@ILuaObject@@QAEXMPAV1@@Z 10004e48 f   ILuaObject.obj
 0001:00003e6a       ?GetMember@ILuaObject@@QAEPAV1@PBD@Z 10004e6a f   ILuaObject.obj
 0001:00003f1f       ?Push@ILuaObject@@QAEXXZ   10004f1f f   ILuaObject.obj
 0001:00003f40       ??0?$basic_string@DU?$char_traits@D@std@@V?$allocator@D@2@@std@@QAE@PBD@Z 10004f40 f i ILuaObject.obj
 0001:00003f77       ??1?$basic_string@DU?$char_traits@D@std@@V?$allocator@D@2@@std@@QAE@XZ 10004f77 f i ILuaObject.obj
 0001:00003f8c       ?assign@?$basic_string@DU?$char_traits@D@std@@V?$allocator@D@2@@std@@QAEAAV12@PBD@Z 10004f8c f i ILuaObject.obj
 0001:00003fac       ?size@?$basic_string@DU?$char_traits@D@std@@V?$allocator@D@2@@std@@QBEIXZ 10004fac f i ILuaObject.obj
 0001:00003fac       ?TellPut@CUtlBuffer@@QBEHXZ 10004fac f i nav.obj
 0001:00003fbb       ?_Tidy@?$basic_string@DU?$char_traits@D@std@@V?$allocator@D@2@@std@@QAEX_NI@Z 10004fbb f i ILuaObject.obj
 0001:0000404a       ??0?$_String_alloc@$0A@U?$_String_base_types@DV?$allocator@D@std@@@std@@@std@@QAE@ABV?$allocator@D@1@@Z 1000504a f i ILuaObject.obj
 0001:00004060       ?_Myptr@?$_String_val@U?$_Simple_types@D@std@@@std@@QBEPBDXZ 10005060 f i ILuaObject.obj
 0001:00004060       ?_Myptr@?$_String_val@U?$_Simple_types@D@std@@@std@@QAEPADXZ 10005060 f i ILuaObject.obj
 0001:0000408c       ?assign@?$basic_string@DU?$char_traits@D@std@@V?$allocator@D@2@@std@@QAEAAV12@PBDI@Z 1000508c f i ILuaObject.obj
 0001:00004100       ?_Eos@?$basic_string@DU?$char_traits@D@std@@V?$allocator@D@2@@std@@QAEXI@Z 10005100 f i ILuaObject.obj
 0001:00004130       ?_Xran@?$basic_string@DU?$char_traits@D@std@@V?$allocator@D@2@@std@@QBEXXZ 10005130 f i ILuaObject.obj
 0001:00004143       ??0?$_String_val@U?$_Simple_types@D@std@@@std@@QAE@XZ 10005143 f i ILuaObject.obj
 0001:0000415d       ?assign@?$basic_string@DU?$char_traits@D@std@@V?$allocator@D@2@@std@@QAEAAV12@ABV12@II@Z 1000515d f i ILuaObject.obj
 0001:00004202       ?_Grow@?$basic_string@DU?$char_traits@D@std@@V?$allocator@D@2@@std@@QAE_NI_N@Z 10005202 f i ILuaObject.obj
 0001:000042a1       ?_Inside@?$basic_string@DU?$char_traits@D@std@@V?$allocator@D@2@@std@@QAE_NPBD@Z 100052a1 f i ILuaObject.obj
 0001:000042da       ?_Xlen@?$basic_string@DU?$char_traits@D@std@@V?$allocator@D@2@@std@@QBEXXZ 100052da f i ILuaObject.obj
 0001:000042ed       ?erase@?$basic_string@DU?$char_traits@D@std@@V?$allocator@D@2@@std@@QAEAAV12@I@Z 100052ed f i ILuaObject.obj
 0001:00004319       ?erase@?$basic_string@DU?$char_traits@D@std@@V?$allocator@D@2@@std@@QAEAAV12@II@Z 10005319 f i ILuaObject.obj
 0001:0000439b       ?max_size@?$basic_string@DU?$char_traits@D@std@@V?$allocator@D@2@@std@@QBEIXZ 1000539b f i ILuaObject.obj
 0001:000043d5       ?_Copy@?$basic_string@DU?$char_traits@D@std@@V?$allocator@D@2@@std@@QAEXII@Z 100053d5 f i ILuaObject.obj
 0001:00004575       ?allocate@?$_Wrap_alloc@V?$allocator@D@std@@@std@@QAEPADI@Z 10005575 f i ILuaObject.obj
 0001:0000458b       ?max_size@?$_Wrap_alloc@V?$allocator@D@std@@@std@@QBEIXZ 1000558b f i ILuaObject.obj
 0001:0000459d       ?allocate@?$allocator@D@std@@QAEPADI@Z 1000559d f i ILuaObject.obj
 0001:000045b4       ?max_size@?$allocator_traits@V?$allocator@D@std@@@std@@SAIABV?$allocator@D@2@@Z 100055b4 f i ILuaObject.obj
 0001:000045c1       ?max_size@?$allocator@D@std@@QBEIXZ 100055c1 f i ILuaObject.obj
 0001:000045cd       ??$_Allocate@D@std@@YAPADIPAD@Z 100055cd f i ILuaObject.obj
 0001:000045ff       ??0Vector@@QAE@MMM@Z       100055ff f i main.obj
 0001:00004633       ??4Vector@@QAEAAV0@ABV0@@Z 10005633 f i main.obj
 0001:00004663       ?VectorSubtract@@YAXABVVector@@0AAV1@@Z 10005663 f i main.obj
 0001:000046ad       ?VectorLength@@YAMABVVector@@@Z 100056ad f i main.obj
 0001:000046f5       ?Length@Vector@@QBEMXZ     100056f5 f i main.obj
 0001:00004707       ?DistTo@Vector@@QBEMABV1@@Z 10005707 f i main.obj
 0001:00004736       ??0Vector4D@@QAE@MMMM@Z    10005736 f i main.obj
 0001:000047ac       ?min@?$numeric_limits@I@std@@SAIXZ 100057ac f i main.obj
 0001:000047b3       ?max@?$numeric_limits@I@std@@SAIXZ 100057b3 f i main.obj
 0001:000047b3       ?InvalidIndex@?$CUtlMemory@U?$UtlLinkedListElem_t@UAirSeedSpot@@H@@H@@SAHXZ 100057b3 f i nav.obj
 0001:000047b3       ?InvalidIndex@?$CUtlMemory@U?$UtlLinkedListElem_t@UGroundSeedSpot@@H@@H@@SAHXZ 100057b3 f i nav.obj
 0001:000047bb       ?min@?$numeric_limits@_J@std@@SA_JXZ 100057bb f i main.obj
 0001:000047c7       ?max@?$numeric_limits@_J@std@@SA_JXZ 100057c7 f i main.obj
 0001:000047d4       ??0logic_error@std@@QAE@PBD@Z 100057d4 f i main.obj
 0001:000047f7       ??_Glogic_error@std@@UAEPAXI@Z 100057f7 f i main.obj
 0001:000047f7       ??_Gruntime_error@std@@UAEPAXI@Z 100057f7 f i main.obj
 0001:000047f7       ??_Elogic_error@std@@UAEPAXI@Z 100057f7 f i * CIL library *:* CIL module *
 0001:000047f7       ??_Eruntime_error@std@@UAEPAXI@Z 100057f7 f i * CIL library *:* CIL module *
 0001:0000481e       ??1runtime_error@std@@UAE@XZ 1000581e f i main.obj
 0001:0000481e       ??1logic_error@std@@UAE@XZ 1000581e f i main.obj
 0001:0000482f       ??0out_of_range@std@@QAE@ABV?$basic_string@DU?$char_traits@D@std@@V?$allocator@D@2@@1@@Z 1000582f f i main.obj
 0001:00004857       ??_Gout_of_range@std@@UAEPAXI@Z 10005857 f i main.obj
 0001:00004857       ??_Eout_of_range@std@@UAEPAXI@Z 10005857 f i * CIL library *:* CIL module *
 0001:0000487e       ??1out_of_range@std@@UAE@XZ 1000587e f i main.obj
 0001:0000488f       ??0runtime_error@std@@QAE@PBD@Z 1000588f f i main.obj
 0001:000048b2       ??0runtime_error@std@@QAE@ABV01@@Z 100058b2 f i main.obj
 0001:000048d4       ??0exception@boost@@IAE@XZ 100058d4 f i main.obj
 0001:00004909       ??1exception@boost@@MAE@XZ 10005909 f i main.obj
 0001:00004926       ??1clone_base@exception_detail@boost@@UAE@XZ 10005926 f i main.obj
 0001:00004938       ??_Eclone_base@exception_detail@boost@@UAEPAXI@Z 10005938 f i * CIL library *:* CIL module *
 0001:00004938       ??_Gclone_base@exception_detail@boost@@UAEPAXI@Z 10005938 f i main.obj
 0001:0000495f       ?copy_boost_exception@exception_detail@boost@@YAXPAVexception@2@PBV32@@Z 1000595f f i main.obj
 0001:00004a23       ?gmtime@c_time@date_time@boost@@SAPAUtm@@PB_JPAU4@@Z 10005a23 f i main.obj
 0001:00004a98       ?get_system_time_as_file_time@winapi@date_time@boost@@YAXAAUFILETIME@123@@Z 10005a98 f i main.obj
 0001:00004aa6       ?as_number@time_resolution_traits_adapted64_impl@date_time@boost@@SA_JV?$int_adapter@_J@23@@Z 10005aa6 f i main.obj
 0001:00004ab3       ?is_adapted@time_resolution_traits_adapted64_impl@date_time@boost@@SA_NXZ 10005ab3 f i main.obj
 0001:00004aba       ??0bad_day_of_month@gregorian@boost@@QAE@XZ 10005aba f i main.obj
 0001:00004b39       ??0bad_day_of_month@gregorian@boost@@QAE@ABV?$basic_string@DU?$char_traits@D@std@@V?$allocator@D@2@@std@@@Z 10005b39 f i main.obj
 0001:00004b5b       ??_Gbad_month@gregorian@boost@@UAEPAXI@Z 10005b5b f i main.obj
 0001:00004b5b       ??_Gbad_year@gregorian@boost@@UAEPAXI@Z 10005b5b f i main.obj
 0001:00004b5b       ??_Ebad_year@gregorian@boost@@UAEPAXI@Z 10005b5b f i * CIL library *:* CIL module *
 0001:00004b5b       ??_Ebad_month@gregorian@boost@@UAEPAXI@Z 10005b5b f i * CIL library *:* CIL module *
 0001:00004b5b       ??_Gbad_day_of_month@gregorian@boost@@UAEPAXI@Z 10005b5b f i main.obj
 0001:00004b5b       ??_Ebad_day_of_month@gregorian@boost@@UAEPAXI@Z 10005b5b f i * CIL library *:* CIL module *
 0001:00004b82       ??1bad_month@gregorian@boost@@UAE@XZ 10005b82 f i main.obj
 0001:00004b82       ??1bad_year@gregorian@boost@@UAE@XZ 10005b82 f i main.obj
 0001:00004b82       ??1bad_day_of_month@gregorian@boost@@UAE@XZ 10005b82 f i main.obj
 0001:00004b93       ??0greg_day@gregorian@boost@@QAE@G@Z 10005b93 f i main.obj
 0001:00004bac       ??Bgreg_day@gregorian@boost@@QBEGXZ 10005bac f i main.obj
 0001:00004bac       ??Bgreg_month@gregorian@boost@@QBEGXZ 10005bac f i main.obj
 0001:00004bac       ??Bgreg_year@gregorian@boost@@QBEGXZ 10005bac f i main.obj
 0001:00004bbb       ??0bad_year@gregorian@boost@@QAE@XZ 10005bbb f i main.obj
 0001:00004c3a       ??0greg_year@gregorian@boost@@QAE@G@Z 10005c3a f i main.obj
 0001:00004c53       ??0bad_month@gregorian@boost@@QAE@XZ 10005c53 f i main.obj
 0001:00004cd2       ??0greg_month@gregorian@boost@@QAE@G@Z 10005cd2 f i main.obj
 0001:00004ceb       ??0date@gregorian@boost@@QAE@Vgreg_year@12@Vgreg_month@12@Vgreg_day@12@@Z 10005ceb f i main.obj
 0001:00004db6       ??0time_duration@posix_time@boost@@QAE@HHH_J@Z 10005db6 f i main.obj
 0001:00004ddb       ??0?$counted_time_rep@Vmillisec_posix_time_system_config@posix_time@boost@@@date_time@boost@@QAE@_J@Z 10005ddb f i main.obj
 0001:00004ddb       ??0time_duration@posix_time@boost@@IAE@V?$int_adapter@_J@date_time@2@@Z 10005ddb f i main.obj
 0001:00004df7       ??0ptime@posix_time@boost@@QAE@Vdate@gregorian@2@Vtime_duration@12@@Z 10005df7 f i main.obj
 0001:00004e17       ??0time_duration@posix_time@boost@@QAE@ABV012@@Z 10005e17 f i main.obj
 0001:00004e17       ??0ptime@posix_time@boost@@QAE@ABU?$counted_time_rep@Vmillisec_posix_time_system_config@posix_time@boost@@@date_time@2@@Z 10005e17 f i main.obj
 0001:00004e30       ?get_system_time@boost@@YA?AVptime@posix_time@1@XZ 10005e30 f i main.obj
 0001:00004e41       ?free_raw_heap_memory@detail@boost@@YAXPAX@Z 10005e41 f i main.obj
 0001:00004e58       ?intrusive_ptr_release@detail@boost@@YAXPAUthread_data_base@12@@Z 10005e58 f i main.obj
 0001:00004e76       ??0timeout@detail@boost@@QAE@_K@Z 10005e76 f i main.obj
 0001:00004eb2       ?pin_to_zero@detail@boost@@YA_K_J@Z 10005eb2 f i main.obj
 0001:00004ee4       ?interruptible_wait@this_thread@boost@@YAX_K@Z 10005ee4 f i main.obj
 0001:00004f03       ??1thread@boost@@QAE@XZ    10005f03 f i main.obj
 0001:00004f4e       _gmod13_open               10005f4e f   main.obj
 0001:00004f6a       _gmod13_close              10005f6a f   main.obj
 0001:00004f8d       ?NewVectorObject@@YAPAVILuaObject@@PAUlua_State@@AAVVector@@@Z 10005f8d f   main.obj
 0001:000050e4       ?GMOD_PushVector@@YAXPAUlua_State@@AAVVector@@@Z 100060e4 f   main.obj
 0001:0000511a       ?GMOD_GetVector@@YAAAVVector@@PAUlua_State@@H@Z 1000611a f   main.obj
 0001:0000511a       ?GetNode@@YAPAVNode@@PAUlua_State@@H@Z 1000611a f   main.obj
 0001:00005137       ?GetNav@@YAPAVNav@@PAUlua_State@@H@Z 10006137 f   main.obj
 0001:0000517c       ?PushNav@@YAXPAUlua_State@@PAVNav@@@Z 1000617c f   main.obj
 0001:000051eb       ?PushNode@@YAXPAUlua_State@@PAVNode@@@Z 100061eb f   main.obj
 0001:0000525a       ?nav_Create@@YAHPAUlua_State@@@Z 1000625a f   main.obj
 0001:00005305       ?nav_Poll@@YAHPAUlua_State@@@Z 10006305 f   main.obj
 0001:0000566f       ??_GJobInfo_t@@QAEPAXI@Z   1000666f f i main.obj
 0001:00005696       ??1JobInfo_t@@QAE@XZ       10006696 f i main.obj
 0001:000056e4       ?Nav_GetNodeByID@@YAHPAUlua_State@@@Z 100066e4 f   main.obj
 0001:00005766       ?Nav_GetNodeTotal@@YAHPAUlua_State@@@Z 10006766 f   main.obj
 0001:000057c3       ?Nav_GetNodes@@YAHPAUlua_State@@@Z 100067c3 f   main.obj
 0001:000058db       ?Nav_SetupMaxDistance@@YAHPAUlua_State@@@Z 100068db f   main.obj
 0001:0000596d       ?Nav_AddGroundSeed@@YAHPAUlua_State@@@Z 1000696d f   main.obj
 0001:000059ef       ?Nav_AddAirSeed@@YAHPAUlua_State@@@Z 100069ef f   main.obj
 0001:00005a4b       ?Nav_ClearGroundSeeds@@YAHPAUlua_State@@@Z 10006a4b f   main.obj
 0001:00005a81       ?Nav_ClearAirSeeds@@YAHPAUlua_State@@@Z 10006a81 f   main.obj
 0001:00005ab7       ?Nav_Generate@@YAHPAUlua_State@@@Z 10006ab7 f   main.obj
 0001:00005c28       ??0JobInfo_t@@QAE@XZ       10006c28 f i main.obj
 0001:00005c93       ?Nav_FullGeneration@@YAHPAUlua_State@@@Z 10006c93 f   main.obj
 0001:00005d2c       ?Nav_IsGenerated@@YAHPAUlua_State@@@Z 10006d2c f   main.obj
 0001:00005d7c       ?Nav_FindPath@@YAHPAUlua_State@@@Z 10006d7c f   main.obj
 0001:00005e96       ?Nav_FindPathImmediate@@YAHPAUlua_State@@@Z 10006e96 f   main.obj
 0001:00006095       ?Nav_FindPathHull@@YAHPAUlua_State@@@Z 10007095 f   main.obj
 0001:00006211       ?Nav_GetHeuristic@@YAHPAUlua_State@@@Z 10007211 f   main.obj
 0001:00006267       ?Nav_GetStart@@YAHPAUlua_State@@@Z 10007267 f   main.obj
 0001:000062a9       ?Nav_GetEnd@@YAHPAUlua_State@@@Z 100072a9 f   main.obj
 0001:000062eb       ?Nav_SetHeuristic@@YAHPAUlua_State@@@Z 100072eb f   main.obj
 0001:00006357       ?Nav_SetStart@@YAHPAUlua_State@@@Z 10007357 f   main.obj
 0001:000063b6       ?Nav_SetEnd@@YAHPAUlua_State@@@Z 100073b6 f   main.obj
 0001:00006415       ?Nav_GetNode@@YAHPAUlua_State@@@Z 10007415 f   main.obj
 0001:0000647d       ?Nav_GetClosestNode@@YAHPAUlua_State@@@Z 1000747d f   main.obj
 0001:000064e5       ?Nav_GetNodesInSphere@@YAHPAUlua_State@@@Z 100074e5 f   main.obj
 0001:00006691       ?Nav_Save@@YAHPAUlua_State@@@Z 10007691 f   main.obj
 0001:00006714       ?Nav_Load@@YAHPAUlua_State@@@Z 10007714 f   main.obj
 0001:00006797       ?Nav_GetDiagonal@@YAHPAUlua_State@@@Z 10007797 f   main.obj
 0001:000067e7       ?Nav_SetDiagonal@@YAHPAUlua_State@@@Z 100077e7 f   main.obj
 0001:00006838       ?Nav_GetGridSize@@YAHPAUlua_State@@@Z 10007838 f   main.obj
 0001:0000688e       ?Nav_SetGridSize@@YAHPAUlua_State@@@Z 1000788e f   main.obj
 0001:000068f5       ?Nav_GetMask@@YAHPAUlua_State@@@Z 100078f5 f   main.obj
 0001:0000694b       ?Nav_SetMask@@YAHPAUlua_State@@@Z 1000794b f   main.obj
 0001:000069b2       ?Nav_CreateNode@@YAHPAUlua_State@@@Z 100079b2 f   main.obj
 0001:00006a44       ?Nav_RemoveNode@@YAHPAUlua_State@@@Z 10007a44 f   main.obj
 0001:00006aa3       ?Node__eq@@YAHPAUlua_State@@@Z 10007aa3 f   main.obj
 0001:00006b34       ?Node_GetID@@YAHPAUlua_State@@@Z 10007b34 f   main.obj
 0001:00006b92       ?Node_GetPosition@@YAHPAUlua_State@@@Z 10007b92 f   main.obj
 0001:00006bcd       ?Node_GetNormal@@YAHPAUlua_State@@@Z 10007bcd f   main.obj
 0001:00006c0b       ?Node_IsDisabled@@YAHPAUlua_State@@@Z 10007c0b f   main.obj
 0001:00006c5b       ?Node_SetDisabled@@YAHPAUlua_State@@@Z 10007c5b f   main.obj
 0001:00006cc5       ?Node_GetConnections@@YAHPAUlua_State@@@Z 10007cc5 f   main.obj
 0001:00006dd1       ?Node_IsConnected@@YAHPAUlua_State@@@Z 10007dd1 f   main.obj
 0001:00006e96       ?Node_SetNormal@@YAHPAUlua_State@@@Z 10007e96 f   main.obj
 0001:00006ef2       ?Node_SetPosition@@YAHPAUlua_State@@@Z 10007ef2 f   main.obj
 0001:00006f4e       ?Node_ConnectTo@@YAHPAUlua_State@@@Z 10007f4e f   main.obj
 0001:0000702c       ?Node_RemoveConnection@@YAHPAUlua_State@@@Z 1000802c f   main.obj
 0001:000070c9       ?Init@@YAHPAUlua_State@@@Z 100080c9 f   main.obj
 0001:00007912       ?Shutdown@@YAHPAUlua_State@@@Z 10008912 f   main.obj
 0001:000079c7       ?c_str@?$basic_string@DU?$char_traits@D@std@@V?$allocator@D@2@@std@@QBEPBDXZ 100089c7 f i main.obj
 0001:000079d8       ??1?$refcount_ptr@Uerror_info_container@exception_detail@boost@@@exception_detail@boost@@QAE@XZ 100089d8 f i main.obj
 0001:000079e9       ??4?$refcount_ptr@Uerror_info_container@exception_detail@boost@@@exception_detail@boost@@QAEAAV012@ABV012@@Z 100089e9 f i main.obj
 0001:00007a04       ?as_number@?$int_adapter@_J@date_time@boost@@QBE_JXZ 10008a04 f i main.obj
 0001:00007a15       ??0?$constrained_value@V?$simple_exception_policy@G$00$0BP@Ubad_day_of_month@gregorian@boost@@@CV@boost@@@CV@boost@@QAE@G@Z 10008a15 f i main.obj
 0001:00007a39       ??0?$constrained_value@V?$simple_exception_policy@G$0FHI@$0CHBA@Ubad_year@gregorian@boost@@@CV@boost@@@CV@boost@@QAE@G@Z 10008a39 f i main.obj
 0001:00007a5d       ??0?$constrained_value@V?$simple_exception_policy@G$00$0M@Ubad_month@gregorian@boost@@@CV@boost@@@CV@boost@@QAE@G@Z 10008a5d f i main.obj
 0001:00007a81       ??0?$date@V0gregorian@boost@@Vgregorian_calendar@12@Vdate_duration@12@@date_time@boost@@QAE@Vgreg_year@gregorian@2@Vgreg_month@42@Vgreg_day@42@@Z 10008a81 f i main.obj
 0001:00007aae       ??0?$time_duration@V0posix_time@boost@@V?$time_resolution_traits@Utime_resolution_traits_adapted64_impl@date_time@boost@@$04$0PECEA@$05H@date_time@2@@date_time@boost@@QAE@HHH_J@Z 10008aae f i main.obj
 0001:00007add       ??0?$base_time@Vptime@posix_time@boost@@V?$counted_time_system@U?$counted_time_rep@Vmillisec_posix_time_system_config@posix_time@boost@@@date_time@boost@@@date_time@3@@date_time@boost@@QAE@ABU?$counted_time_rep@Vmillisec_posix_time_system_config@posix_time@boost@@@12@@Z 10008add f i main.obj
[...]
 0002:000107f0       __ehfuncinfo$?what@system_error@system@boost@@UBEPBDXZ 1003d7f0     * CIL library *:* CIL module *
 0002:00010814       __unwindtable$?what@system_error@system@boost@@UBEPBDXZ 1003d814     * CIL library *:* CIL module *
 0002:0001082c       __tryblocktable$?what@system_error@system@boost@@UBEPBDXZ 1003d82c     * CIL library *:* CIL module *
 0002:00010840       __catchsym$?what@system_error@system@boost@@UBEPBDXZ$3 1003d840     * CIL library *:* CIL module *
 0002:00010850       __ehfuncinfo$?GenerateQueue@Nav@@QAEXPAUJobInfo_t@@@Z 1003d850     * CIL library *:* CIL module *
 0002:00010850       __ehfuncinfo$?FindPathQueue@Nav@@QAEXPAUJobInfo_t@@@Z 1003d850     * CIL library *:* CIL module *
 0002:00010874       __unwindtable$?FindPathQueue@Nav@@QAEXPAUJobInfo_t@@@Z 1003d874     * CIL library *:* CIL module *
 0002:00010874       __unwindtable$?GenerateQueue@Nav@@QAEXPAUJobInfo_t@@@Z 1003d874     * CIL library *:* CIL module *
 0002:0001087c       __ehfuncinfo$?Load@Nav@@QAE_NPBD@Z 1003d87c     * CIL library *:* CIL module *
 0002:000108a0       __unwindtable$?Load@Nav@@QAE_NPBD@Z 1003d8a0     * CIL library *:* CIL module *
 0002:000108b8       __ehfuncinfo$?Save@Nav@@QAE_NPBD@Z 1003d8b8     * CIL library *:* CIL module *
 0002:000108dc       __unwindtable$?Save@Nav@@QAE_NPBD@Z 1003d8dc     * CIL library *:* CIL module *
 0002:000108e4       __ehfuncinfo$?AddNode@Nav@@QAEPAVNode@@ABVVector@@0W4NavDirType@@PAV2@@Z 1003d8e4     * CIL library *:* CIL module *
 0002:00010908       __unwindtable$?AddNode@Nav@@QAEPAVNode@@ABVVector@@0W4NavDirType@@PAV2@@Z 1003d908     * CIL library *:* CIL module *
 0002:00010910       __ehfuncinfo$??0Nav@@QAE@H@Z 1003d910     * CIL library *:* CIL module *
 0002:00010934       __unwindtable$??0Nav@@QAE@H@Z 1003d934     * CIL library *:* CIL module *
 0002:00010bb2       .idata$6                   1003dbb2     tier0:tier0.dll
 0002:00010c80       .idata$6                   1003dc80     kernel32:KERNEL32.dll
 0002:00011220       .edata                     1003e220     gmcl_navigation_win32.exp
 0002:00011248       rgpv                       1003e248     gmcl_navigation_win32.exp
 0002:00011254       rgszName                   1003e254     gmcl_navigation_win32.exp
 0002:00011260       rgwOrd                     1003e260     gmcl_navigation_win32.exp
 0002:00011266       szName                     1003e266     gmcl_navigation_win32.exp
 0002:00011280       $N00001                    1003e280     gmcl_navigation_win32.exp
 0002:00011290       $N00002                    1003e290     gmcl_navigation_win32.exp
 0002:0001129d       $N00003                    1003e29d     gmcl_navigation_win32.exp
 0003:00000020       _vec2_invalid              1003f020     mathlib:mathlib_base.obj
 0003:00000480       _vec2_invalid              1003f480     mathlib:color_conversion.obj
 0003:00000488       _vec2_invalid              1003f488     mathlib:sse.obj
 0003:00000490       _vec2_invalid              1003f490     mathlib:3dnow.obj
 0003:00000498       _s_pConversionArrays_StringCharConversion 1003f498     tier1:utlbuffer.obj
 0003:000004f0       _s_pConversionArrays_NoEscConversion 1003f4f0     tier1:utlbuffer.obj
 0003:000004f8       _vec2_invalid              1003f4f8     tier1:utlbuffer.obj
 0003:0000056c       _s_BackSlashMap            1003f56c     tier1:strtools.obj
 0003:00000578       _vec2_invalid              1003f578     tier1:strtools.obj
 0003:000005a0       _NAME_                     1003f5a0     LIBCMT:acos.obj
 0003:000005b0       _NAME_                     1003f5b0     LIBCMT:asin.obj
 0003:000005c8       POW_name                   1003f5c8     LIBCMT:pow.obj
 0003:000005e8       _errtable                  1003f5e8     LIBCMT:dosmap.obj
 0003:00000750       _ErrnoNoMem                1003f750     LIBCMT:dosmap.obj
 0003:00000754       _DoserrorNoMem             1003f754     LIBCMT:dosmap.obj
 0003:00000ba4       ?isPackaged@?1??__crtIsPackagedApp@@9@9 1003fba4     LIBCMT:winapisupp.obj
 0003:00000bd0       _newcw                     1003fbd0     LIBCMT:floor.obj
 0003:00000bdc       ___rgctypeflag             1003fbdc     LIBCMT:mbctype.obj
 0003:00000be0       ___rgcode_page_info        1003fbe0     LIBCMT:mbctype.obj
 0003:00001330       __ctype_loc_style          10040330     LIBCMT:wsetloca.obj
 0003:00001350       __locktable                10040350     LIBCMT:mlock.obj
 0003:000014b0       ?_names@?1??_get_fname@@9@9 100404b0     LIBCMT:fpexcept.obj
 0003:00001598       _over                      10040598     LIBCMT:fpctrl.obj
 0003:000015a4       _under                     100405a4     LIBCMT:fpctrl.obj
 0003:000015b0       ?__DAZ_ENABLED@?1??__set_fpsr_sse2@@9@9 100405b0     LIBCMT:fpctrl.obj
 0003:0000161c       _DoubleFormat              1004061c     LIBCMT:intrncvt.obj
 0003:00001634       _FloatFormat               10040634     LIBCMT:intrncvt.obj
 0003:00001a48       _Name                      10040a48     * CIL library *:* CIL module *
 0003:00001ad8       _Name                      10040ad8     * CIL library *:* CIL module *
 0003:00001b68       _Name                      10040b68     * CIL library *:* CIL module *
 0003:00001bf8       _Name                      10040bf8     * CIL library *:* CIL module *
 0003:00001c88       _Name                      10040c88     * CIL library *:* CIL module *
 0003:00001d18       _Name                      10040d18     * CIL library *:* CIL module *
 0003:00002740       _NAME_                     10041740     LIBCMT:sqrt.obj
 0003:00002b61       _s_b3DNowEnabled           10041b61     mathlib:mathlib_base.obj
 0003:00002b62       _s_bMMXEnabled             10041b62     mathlib:mathlib_base.obj
 0003:00002b63       _s_bSSEEnabled             10041b63     mathlib:mathlib_base.obj
 0003:00002b64       _s_bSSE2Enabled            10041b64     mathlib:mathlib_base.obj
 0003:00002b68       _vec2_origin               10041b68     mathlib:mathlib_base.obj
 0003:00002b88       _texturetolinear           10041b88     mathlib:color_conversion.obj
 0003:00003f88       _g_Mathlib_LinearToGamma   10042f88     mathlib:color_conversion.obj
 0003:00004388       _lineartotexture           10043388     mathlib:color_conversion.obj
 0003:00005388       _lineartoscreen            10044388     mathlib:color_conversion.obj
 0003:00006388       _g_Mathlib_GammaToLinear   10045388     mathlib:color_conversion.obj
 0003:0000a788       _texgammatable             10049788     mathlib:color_conversion.obj
 0003:0000a888       _vec2_origin               10049888     mathlib:color_conversion.obj
 0003:0000a890       _vec2_origin               10049890     mathlib:sse.obj
 0003:0000a898       _vec2_origin               10049898     mathlib:3dnow.obj
 0003:0000a8a8       _vec2_origin               100498a8     tier1:utlbuffer.obj
 0003:0000bbd0       _vec2_origin               1004abd0     tier1:strtools.obj
 0003:0000bbd8       ___proc_attached           1004abd8     LIBCMT:dllcrt0.obj
 0003:0000bbe8       _GS_ExceptionRecord        1004abe8     LIBCMT:gs_report.obj
 0003:0000bc38       _GS_ContextRecord          1004ac38     LIBCMT:gs_report.obj
 0003:0000bf04       _DebuggerWasPresent        1004af04     LIBCMT:gs_report.obj
 0003:0000bf58       ?outmsg@?8??_NMSG_WRITE@@9@9 1004af58     LIBCMT:crt0msg.obj
 0003:0000c584       ___type_info_root_node     1004b584     LIBCMT:typname.obj
 0003:0000c698       ?_pgmname@?1??_setargv@@9@9 1004b698     LIBCMT:stdargv.obj
 0003:0000c7a0       __pmatherr_set             1004b7a0     LIBCMT:libm_error.obj
 0003:0000c7bc       _fSystemSet                1004b7bc     LIBCMT:mbctype.obj
 0003:0000c7c4       ___enable_percent_n        1004b7c4     LIBCMT:printf.obj
 0003:0000c7d0       _lclcritsects              1004b7d0     LIBCMT:mlock.obj
 0003:0000c924       _g_pfnRtlGenRandom         1004b924     LIBCMT:rand_s.obj
 0003:0000c928       _ctrlc_action              1004b928     LIBCMT:winsig.obj
 0003:0000c92c       _ctrlbreak_action          1004b92c     LIBCMT:winsig.obj
 0003:0000c930       _abort_action              1004b930     LIBCMT:winsig.obj
 0003:0000c934       _term_action               1004b934     LIBCMT:winsig.obj
 0003:0000c938       _ConsoleCtrlHandler_Installed 1004b938     LIBCMT:winsig.obj
 0003:0000c948       ?pfnMessageBox@?1??__crtMessageBoxW@@9@9 1004b948     LIBCMT:crtmboxw.obj
 0003:0000c94c       ?pfnGetActiveWindow@?1??__crtMessageBoxW@@9@9 1004b94c     LIBCMT:crtmboxw.obj
 0003:0000c950       ?pfnGetLastActivePopup@?1??__crtMessageBoxW@@9@9 1004b950     LIBCMT:crtmboxw.obj
 0003:0000c954       ?pfnGetProcessWindowStation@?1??__crtMessageBoxW@@9@9 1004b954     LIBCMT:crtmboxw.obj
 0003:0000c958       ?pfnGetUserObjectInformation@?1??__crtMessageBoxW@@9@9 1004b958     LIBCMT:crtmboxw.obj
 0003:0000c95c       ___crtCallProc             1004b95c     LIBCMT:winapinls.obj
 0003:0000c988       _heap                      1004b988     LIBCMT:undname.obj
 0003:0000c9b0       __Tuple_alloc              1004b9b0     libcpmt:xthrow.obj
 0003:0000c9b1       _ignore                    1004b9b1     libcpmt:xthrow.obj
 0003:0000c9b2       _allocator_arg             1004b9b2     libcpmt:xthrow.obj
 0003:0000c9b3       _piecewise_construct       1004b9b3     libcpmt:xthrow.obj
 0003:0000c9b4       _allocator_arg             1004b9b4     libcpmt:syserror.obj
 0003:0000c9b5       _piecewise_construct       1004b9b5     libcpmt:syserror.obj
 0003:0000c9c0       __8                        1004b9c0     libboost_thread-vc110-mt-s-1_52:thread.obj
 0003:0000c9c1       __1                        1004b9c1     libboost_thread-vc110-mt-s-1_52:thread.obj
 0003:0000c9c2       __Tuple_alloc              1004b9c2     libboost_thread-vc110-mt-s-1_52:thread.obj
 0003:0000c9c3       __5                        1004b9c3     libboost_thread-vc110-mt-s-1_52:thread.obj
 0003:0000c9c4       __9                        1004b9c4     libboost_thread-vc110-mt-s-1_52:thread.obj
 0003:0000c9c5       __4                        1004b9c5     libboost_thread-vc110-mt-s-1_52:thread.obj
 0003:0000c9c6       __2                        1004b9c6     libboost_thread-vc110-mt-s-1_52:thread.obj
 0003:0000c9c7       __7                        1004b9c7     libboost_thread-vc110-mt-s-1_52:thread.obj
 0003:0000c9c8       _ignore                    1004b9c8     libboost_thread-vc110-mt-s-1_52:thread.obj
 0003:0000c9c9       __3                        1004b9c9     libboost_thread-vc110-mt-s-1_52:thread.obj
 0003:0000c9ca       _allocator_arg             1004b9ca     libboost_thread-vc110-mt-s-1_52:thread.obj
 0003:0000c9cb       _piecewise_construct       1004b9cb     libboost_thread-vc110-mt-s-1_52:thread.obj
 0003:0000c9cc       __6                        1004b9cc     libboost_thread-vc110-mt-s-1_52:thread.obj
 0003:0000c9cd       _piecewise_construct       1004b9cd     libboost_thread-vc110-mt-s-1_52:tss_pe.obj
 0003:0000c9d0       __Tuple_alloc              1004b9d0     libboost_system-vc110-mt-s-1_52:error_code.obj
 0003:0000c9d1       _ignore                    1004b9d1     libboost_system-vc110-mt-s-1_52:error_code.obj
 0003:0000c9d2       _allocator_arg             1004b9d2     libboost_system-vc110-mt-s-1_52:error_code.obj
 0003:0000c9d3       _piecewise_construct       1004b9d3     libboost_system-vc110-mt-s-1_52:error_code.obj
 0003:0000c9d4       _errno_ecat                1004b9d4     libboost_system-vc110-mt-s-1_52:error_code.obj
 0003:0000c9e0       _native_ecat               1004b9e0     libboost_system-vc110-mt-s-1_52:error_code.obj
 0003:0000c9e4       _posix_category            1004b9e4     libboost_system-vc110-mt-s-1_52:error_code.obj
 0003:0000c9e8       ?unknown_err@?1??message@generic_error_category@?A0xe218785f@@UBE?AV?$basic_string@DU?$char_traits@D@std@@V?$allocator@D@2@@std@@H@Z@4V45@A 1004b9e8     libboost_system-vc110-mt-s-1_52:error_code.obj
 0003:0000ca00       ?$S1@?1??message@generic_error_category@?A0xe218785f@@UBE?AV?$basic_string@DU?$char_traits@D@std@@V?$allocator@D@2@@std@@H@Z@4IA 1004ba00     libboost_system-vc110-mt-s-1_52:error_code.obj
 0003:0000ca04       ?system_category_const@?1??system_category@system@boost@@YAABVerror_category@23@XZ@4Vsystem_error_category@?A0xe218785f@@B 1004ba04     libboost_system-vc110-mt-s-1_52:error_code.obj
 0003:0000ca08       ?$S2@?1??system_category@system@boost@@YAABVerror_category@23@XZ@4IA 1004ba08     libboost_system-vc110-mt-s-1_52:error_code.obj
 0003:0000ca0c       ?generic_category_const@?1??generic_category@system@boost@@YAABVerror_category@23@XZ@4Vgeneric_error_category@?A0xe218785f@@B 1004ba0c     libboost_system-vc110-mt-s-1_52:error_code.obj
 0003:0000ca10       ?$S3@?1??generic_category@system@boost@@YAABVerror_category@23@XZ@4IA 1004ba10     libboost_system-vc110-mt-s-1_52:error_code.obj
 0003:0000ca14       ?s_roinit@?1??_initMTAoncurrentthread@@9@9 1004ba14     LIBCMT:threadex.obj
 0003:0000ca18       ?s_initialized@?1??_initMTAoncurrentthread@@9@9 1004ba18     LIBCMT:threadex.obj
 0003:0000ca1c       ?s_rouninit@?1??_uninitMTAoncurrentthread@@9@9 1004ba1c     LIBCMT:threadex.obj
 0003:0000ca20       ?s_initialized@?1??_uninitMTAoncurrentthread@@9@9 1004ba20     LIBCMT:threadex.obj
 0003:0000ca38       _vec2_origin               1004ba38     * CIL library *:* CIL module *
 0003:0000ca40       _vec2_invalid              1004ba40     * CIL library *:* CIL module *
 0003:0000ca48       _allocator_arg             1004ba48     * CIL library *:* CIL module *
 0003:0000ca49       _piecewise_construct       1004ba49     * CIL library *:* CIL module *
 0003:0000ca4a       _allocator_arg             1004ba4a     * CIL library *:* CIL module *
 0003:0000ca4b       _piecewise_construct       1004ba4b     * CIL library *:* CIL module *
 0003:0000ca4c       _vec2_origin               1004ba4c     * CIL library *:* CIL module *
 0003:0000ca54       _vec2_invalid              1004ba54     * CIL library *:* CIL module *
 0003:0000ca60       _vec2_origin               1004ba60     * CIL library *:* CIL module *
 0003:0000ca68       _vec2_invalid              1004ba68     * CIL library *:* CIL module *
 0003:0000ca70       __Tuple_alloc              1004ba70     * CIL library *:* CIL module *
 0003:0000ca71       _ignore                    1004ba71     * CIL library *:* CIL module *
 0003:0000ca72       _allocator_arg             1004ba72     * CIL library *:* CIL module *
 0003:0000ca73       __9                        1004ba73     * CIL library *:* CIL module *
 0003:0000ca74       _vec4_origin               1004ba74     * CIL library *:* CIL module *
 0003:0000ca84       _errno_ecat                1004ba84     * CIL library *:* CIL module *
 0003:0000ca90       _vec2_origin               1004ba90     * CIL library *:* CIL module *
 0003:0000ca98       __2                        1004ba98     * CIL library *:* CIL module *
 0003:0000ca99       __7                        1004ba99     * CIL library *:* CIL module *
 0003:0000ca9a       __5                        1004ba9a     * CIL library *:* CIL module *
 0003:0000ca9b       __8                        1004ba9b     * CIL library *:* CIL module *
 0003:0000ca9c       __1                        1004ba9c     * CIL library *:* CIL module *
 0003:0000ca9d       __4                        1004ba9d     * CIL library *:* CIL module *
 0003:0000ca9e       __3                        1004ba9e     * CIL library *:* CIL module *
 0003:0000ca9f       _piecewise_construct       1004ba9f     * CIL library *:* CIL module *
 0003:0000caa0       _vector_origin             1004baa0     * CIL library *:* CIL module *
 0003:0000caac       _native_ecat               1004baac     * CIL library *:* CIL module *
 0003:0000cab0       _vec4_invalid              1004bab0     * CIL library *:* CIL module *
 0003:0000cac0       _vec2_invalid              1004bac0     * CIL library *:* CIL module *
 0003:0000cac8       __6                        1004bac8     * CIL library *:* CIL module *
 0003:0000cac9       __Tuple_alloc              1004bac9     * CIL library *:* CIL module *
 0003:0000caca       _ignore                    1004baca     * CIL library *:* CIL module *
 0003:0000cacb       _allocator_arg             1004bacb     * CIL library *:* CIL module *
 0003:0000cae8       _posix_category            1004bae8     * CIL library *:* CIL module *
 0003:0000caec       _vec4_origin               1004baec     * CIL library *:* CIL module *
 0003:0000cafc       _errno_ecat                1004bafc     * CIL library *:* CIL module *
 0003:0000cb00       __9                        1004bb00     * CIL library *:* CIL module *
 0003:0000cb01       __2                        1004bb01     * CIL library *:* CIL module *
 0003:0000cb02       __7                        1004bb02     * CIL library *:* CIL module *
 0003:0000cb03       __5                        1004bb03     * CIL library *:* CIL module *
 0003:0000cb04       __8                        1004bb04     * CIL library *:* CIL module *
 0003:0000cb05       __1                        1004bb05     * CIL library *:* CIL module *
 0003:0000cb06       __4                        1004bb06     * CIL library *:* CIL module *
 0003:0000cb07       __3                        1004bb07     * CIL library *:* CIL module *
 0003:0000cb08       _vec2_origin               1004bb08     * CIL library *:* CIL module *
 0003:0000cb10       _vector_origin             1004bb10     * CIL library *:* CIL module *
 0003:0000cb1c       _native_ecat               1004bb1c     * CIL library *:* CIL module *
 0003:0000cb20       _vec4_invalid              1004bb20     * CIL library *:* CIL module *
 0003:0000cb30       _piecewise_construct       1004bb30     * CIL library *:* CIL module *
 0003:0000cb31       __6                        1004bb31     * CIL library *:* CIL module *
 0003:0000cb32       __Tuple_alloc              1004bb32     * CIL library *:* CIL module *
 0003:0000cb33       _ignore                    1004bb33     * CIL library *:* CIL module *
 0003:0000cb34       _vec2_invalid              1004bb34     * CIL library *:* CIL module *
 0003:0000cb3c       _posix_category            1004bb3c     * CIL library *:* CIL module *
 0003:0000cb40       _errno_ecat                1004bb40     * CIL library *:* CIL module *
 0003:0000cb44       _allocator_arg             1004bb44     * CIL library *:* CIL module *
 0003:0000cb45       _piecewise_construct       1004bb45     * CIL library *:* CIL module *
 0003:0000cb46       __9                        1004bb46     * CIL library *:* CIL module *
 0003:0000cb47       __2                        1004bb47     * CIL library *:* CIL module *
 0003:0000cb48       _vec2_origin               1004bb48     * CIL library *:* CIL module *
 0003:0000cb50       _native_ecat               1004bb50     * CIL library *:* CIL module *
 0003:0000cb54       _vec2_invalid              1004bb54     * CIL library *:* CIL module *
 0003:0000cb5c       __7                        1004bb5c     * CIL library *:* CIL module *
 0003:0000cb5d       __5                        1004bb5d     * CIL library *:* CIL module *
 0003:0000cb5e       __8                        1004bb5e     * CIL library *:* CIL module *
 0003:0000cb5f       __1                        1004bb5f     * CIL library *:* CIL module *
 0003:0000cb60       __4                        1004bb60     * CIL library *:* CIL module *
 0003:0000cb61       __3                        1004bb61     * CIL library *:* CIL module *
 0003:0000cb62       __6                        1004bb62     * CIL library *:* CIL module *
 0003:0000cb64       _posix_category            1004bb64     * CIL library *:* CIL module *
 0005:00000060       $R000000                   1004e060     * linker generated manifest res *
